2016-01-18 16:46:43 [scrapy] INFO: Scrapy 1.0.3 started (bot: jd)
2016-01-18 16:46:43 [scrapy] INFO: Optional features available: ssl, http11
2016-01-18 16:46:43 [scrapy] INFO: Overridden settings: {'NEWSPIDER_MODULE': 'jd.spiders', 'FEED_URI': 'jd.json', 'LOG_LEVEL': 'INFO', 'SPIDER_MODULES': ['jd.spiders'], 'BOT_NAME': 'jd', 'FEED_FORMAT': 'json', 'LOG_FILE': 'test.log'}
2016-01-18 16:46:43 [scrapy] INFO: Enabled extensions: CloseSpider, FeedExporter, TelnetConsole, LogStats, CoreStats, SpiderState
2016-01-18 16:46:43 [scrapy] INFO: Enabled downloader middlewares: HttpAuthMiddleware, DownloadTimeoutMiddleware, UserAgentMiddleware, RetryMiddleware, DefaultHeadersMiddleware, MetaRefreshMiddleware, HttpCompressionMiddleware, RedirectMiddleware, CookiesMiddleware, ChunkedTransferMiddleware, DownloaderStats
2016-01-18 16:46:43 [scrapy] INFO: Enabled spider middlewares: HttpErrorMiddleware, OffsiteMiddleware, RefererMiddleware, UrlLengthMiddleware, DepthMiddleware
2016-01-18 16:46:43 [scrapy] INFO: Enabled item pipelines: 
2016-01-18 16:46:43 [scrapy] INFO: Spider opened
2016-01-18 16:46:43 [scrapy] INFO: Crawled 0 pages (at 0 pages/min), scraped 0 items (at 0 items/min)
2016-01-18 16:46:46 [py.warnings] WARNING: E:\workspace\4.5_64_Learning\Crawler\jd\spiders\jd_spider.py:39: ScrapyDeprecationWarning: scrapy.selector.HtmlXPathSelector is deprecated, instantiate scrapy.Selector instead.
  hxs = HtmlXPathSelector(response)

2016-01-18 16:46:46 [py.warnings] WARNING: E:\workspace\4.5_64_Learning\Crawler\jd\spiders\jd_spider.py:41: ScrapyDeprecationWarning: Call to deprecated function select. Use .xpath() instead.
  pages_num = hxs.select("//*[@id='J_bottomPage']/span[2]/em[1]/b/text()").extract()[0]

2016-01-18 16:46:46 [py.warnings] WARNING: c:\python27\lib\site-packages\scrapy\selector\unified.py:108: ScrapyDeprecationWarning: scrapy.selector.HtmlXPathSelector is deprecated, instantiate scrapy.Selector instead.
  for x in result]

2016-01-18 16:46:46 [py.warnings] WARNING: E:\workspace\4.5_64_Learning\Crawler\jd\spiders\jd_spider.py:43: ScrapyDeprecationWarning: Call to deprecated function select. Use .xpath() instead.
  page_url = hxs.select("//*[@id='J_bottomPage']/span[1]/a[2]/@href").extract()[0]

2016-01-18 16:46:47 [jd] INFO: --------------------------
2016-01-18 16:46:47 [py.warnings] WARNING: E:\workspace\4.5_64_Learning\Crawler\jd\spiders\jd_spider.py:92: ScrapyDeprecationWarning: scrapy.selector.HtmlXPathSelector is deprecated, instantiate scrapy.Selector instead.
  hxs = HtmlXPathSelector(response)

2016-01-18 16:46:47 [jd] INFO: !!!!!!!!!!!!!!!!!!!!!!!!
2016-01-18 16:46:47 [jd] INFO: [u'<div class="gl-i-wrap">\n              <div class="gl-i-tab">\n                <div class="gl-i-tab-trigger">\n                  <span title="Java\u7f16\u7a0b\u601d\u60f3\uff08\u7b2c4\u7248\uff09" class="item selected">\u5355\u4ef6</span>\n                                      <span title="JAVA\u7f16\u7a0b\u601d\u60f3+\u7b97\u6cd5\u5bfc\u8bba\uff08\u4eac\u4e1c\u5957\u88c5\u51712\u518c\uff09" class="item">\u5957\u88c52\u4ef6</span>\n                                      <span title="C++ Primer\u4e2d\u6587\u7248 \u7b2c5\u7248+Java\u7f16\u7a0b\u601d\u60f3 \u7b2c4\u7248\uff08\u4eac\u4e1c\u5957\u88c5\u51712\u518c\uff09" class="item">\u5957\u88c52\u4ef6</span>\n                                  </div>\n                <div class="gl-i-tab-content">\n                                        <div class="tab-content-item tab-cnt-i-selected j-sku-item" data-sku="10058164" venderid="1000004052" jdzy_shop_id="1000004052" ts_venderid="">\n  <div class="p-img">\n    <a target="_blank" href="http://item.jd.com/10058164.html">\n                    <img width="200" height="200" data-img="1" src="//img14.360buyimg.com/n7/jfs/t2191/111/699154754/198998/32d7bfe0/5624b582Nbc01af5b.jpg">\n          </a>\n      </div>\n  <div class="p-price">\n    <strong class="J_price"><em></em><i></i></strong>\n    <div class="p-icons J-pro-icons">\n          </div>\n  </div>\n  <div class="p-name">\n    <a target="_blank" title="" href="http://item.jd.com/10058164.html">\n      <em>Java\u7f16\u7a0b\u601d\u60f3\uff08\u7b2c4\u7248\uff09</em>\n      <i class="promo-words"></i>\n    </a>\n  </div>\n      <div class="p-bookdetails">\n      <span class="p-bi-name">\n                  <span class="author_type_1" style="display: ;">\n                                                       [\u7f8e]                <a title="Bruce  Eckel" href="http://book.jd.com/writer/Bruce%20%20Eckel_1.html" target="_blank"> Bruce  Eckel </a>                                        \u8457          </span>\n                            <span class="author_type_2" style="display: none;">\n                                                                     <a title="\u9648\u660a\u9e4f" href="http://book.jd.com/writer/%E9%99%88%E6%98%8A%E9%B9%8F_1.html" target="_blank"> \u9648\u660a\u9e4f </a>                                        \u8bd1          </span>\n                        </span>\n      <em>|</em>      <span class="p-bi-store">\n                  <a title="\u673a\u68b0\u5de5\u4e1a\u51fa\u7248\u793e" href="http://book.jd.com/publish/%E6%9C%BA%E6%A2%B0%E5%B7%A5%E4%B8%9A%E5%87%BA%E7%89%88%E7%A4%BE_1.html" target="_blank">\u673a\u68b0\u5de5\u4e1a\u51fa\u7248\u793e</a>\n              </span>\n      <em>|</em>      <span class="p-bi-date">\n        2007-06      </span>\n    </div>\n        <div class="p-shop hide" data-score="4" data-reputation="0" data-shopid="" data-done="1"></div>\n    <div class="p-commit"><strong>\u5df2\u6709<a target="_blank" href="http://item.jd.com/10058164.html#comments-list">13284</a>\u4eba\u8bc4\u4ef7</strong></div>\n    <div class="p-shopnum">\n      <span class="curr-shop">\u4eac\u4e1c\u81ea\u8425</span>\n    </div>\n    <div class="p-operate">\n      <a class="p-o-btn focus J_focus" data-sku="10058164" href="javascript:;">\n        <i></i>\u5173\u6ce8\n      </a>\n      <a class="p-o-btn addcart" target="_blank" href="http://gate.jd.com/InitCart.aspx?pid=10058164&amp;pcount=1&amp;ptype=1">\n        <i></i>\u52a0\u5165\u8d2d\u7269\u8f66\n      </a>\n    </div>\n    <div class="p-stock" data-isdeliveryable="5" style="display: none;"></div>\n    <div class="p-service">\u7531 \u4eac\u4e1c \u53d1\u8d27</div>\n    <div class="p-summary">\n      <a href="http://item.jd.com/10058164.html#recommend-editor" target="_blank">\u66f4\u591a&gt;</a>\n    </div>\n    <div class="p-addtocart">\n      <a data-sku="10058164" href="http://gate.jd.com/InitCart.aspx?pid=10058164&amp;pcount=1&amp;ptype=1"><i></i>\u52a0\u5165\u8d2d\u7269\u8f66</a>\n    </div>\n  </div>\n                                        <div class="tab-content-item j-sku-item" data-sku="11311645" venderid="1000004052" jdzy_shop_id="1000004052" ts_venderid="">\n  <div class="p-img">\n    <a target="_blank" href="http://item.jd.com/11311645.html">\n                    <img width="200" height="200" data-img="1" src="//img10.360buyimg.com/n7/g14/M06/0D/12/rBEhVVIgPNgIAAAAAAK9Rjrq1cQAACppgNZ_cEAAr1e362.jpg">\n          </a>\n      </div>\n  <div class="p-price">\n    <strong class="J_price"><em></em><i></i></strong>\n    <div class="p-icons J-pro-icons">\n          </div>\n  </div>\n  <div class="p-name">\n    <a target="_blank" title="" href="http://item.jd.com/11311645.html">\n      <em>JAVA\u7f16\u7a0b\u601d\u60f3+\u7b97\u6cd5\u5bfc\u8bba\uff08\u4eac\u4e1c\u5957\u88c5\u51712\u518c\uff09</em>\n      <i class="promo-words"></i>\n    </a>\n  </div>\n      <div class="p-bookdetails">\n      <span class="p-bi-name">\n                  <span class="author_type_1" style="display: ;">\n                                                       [\u7f8e]                <a title="Bruce  Eckel" href="http://book.jd.com/writer/Bruce%20%20Eckel_1.html" target="_blank"> Bruce  Eckel </a>                                        \u8457          </span>\n                            <span class="author_type_2" style="display: none;">\n                                                                     <a title="\u9648\u660a\u9e4f" href="http://book.jd.com/writer/%E9%99%88%E6%98%8A%E9%B9%8F_1.html" target="_blank"> \u9648\u660a\u9e4f </a>                                        \u8bd1          </span>\n                        </span>\n      <em>|</em>      <span class="p-bi-store">\n                  <a title="\u673a\u68b0\u5de5\u4e1a\u51fa\u7248\u793e" href="http://book.jd.com/publish/%E6%9C%BA%E6%A2%B0%E5%B7%A5%E4%B8%9A%E5%87%BA%E7%89%88%E7%A4%BE_1.html" target="_blank">\u673a\u68b0\u5de5\u4e1a\u51fa\u7248\u793e</a>\n              </span>\n      <em>|</em>      <span class="p-bi-date">\n        2007-06      </span>\n    </div>\n        <div class="p-shop hide" data-score="4" data-reputation="0" data-shopid="" data-done="1"></div>\n    <div class="p-commit"><strong>\u5df2\u6709<a target="_blank" href="http://item.jd.com/11311645.html#comments-list">20731</a>\u4eba\u8bc4\u4ef7</strong></div>\n    <div class="p-shopnum">\n      <span class="curr-shop">\u4eac\u4e1c\u81ea\u8425</span>\n    </div>\n    <div class="p-operate">\n      <a class="p-o-btn focus J_focus" data-sku="11311645" href="javascript:;">\n        <i></i>\u5173\u6ce8\n      </a>\n      <a class="p-o-btn addcart" target="_blank" href="http://gate.jd.com/InitCart.aspx?pid=11311645&amp;pcount=1&amp;ptype=1">\n        <i></i>\u52a0\u5165\u8d2d\u7269\u8f66\n      </a>\n    </div>\n    <div class="p-stock" data-isdeliveryable="5" style="display: none;"></div>\n    <div class="p-service">\u7531 \u4eac\u4e1c \u53d1\u8d27</div>\n    <div class="p-summary">\n      <a href="http://item.jd.com/11311645.html#recommend-editor" target="_blank">\u66f4\u591a&gt;</a>\n    </div>\n    <div class="p-addtocart">\n      <a data-sku="11311645" href="http://gate.jd.com/InitCart.aspx?pid=11311645&amp;pcount=1&amp;ptype=1"><i></i>\u52a0\u5165\u8d2d\u7269\u8f66</a>\n    </div>\n  </div>\n                                        <div class="tab-content-item j-sku-item" data-sku="11339988" venderid="1000004052" jdzy_shop_id="1000004052" ts_venderid="">\n  <div class="p-img">\n    <a target="_blank" href="http://item.jd.com/11339988.html">\n                    <img width="200" height="200" data-img="1" src="//img13.360buyimg.com/n7/g13/M00/12/14/rBEhU1Jo0LUIAAAAAAIS0Hj-jkQAAEiWgOWcZAAAhLo476.jpg">\n          </a>\n      </div>\n  <div class="p-price">\n    <strong class="J_price"><em></em><i></i></strong>\n    <div class="p-icons J-pro-icons">\n          </div>\n  </div>\n  <div class="p-name">\n    <a target="_blank" title="" href="http://item.jd.com/11339988.html">\n      <em>C++ Primer\u4e2d\u6587\u7248 \u7b2c5\u7248+Java\u7f16\u7a0b\u601d\u60f3 \u7b2c4\u7248\uff08\u4eac\u4e1c\u5957\u88c5\u51712\u518c\uff09</em>\n      <i class="promo-words"></i>\n    </a>\n  </div>\n      <div class="p-bookdetails">\n      <span class="p-bi-name">\n                  <span class="author_type_1" style="display: ;">\n                                                       [\u7f8e]                <a title="Bruce  Eckel" href="http://book.jd.com/writer/Bruce%20%20Eckel_1.html" target="_blank"> Bruce  Eckel </a>                                        \u8457          </span>\n                            <span class="author_type_2" style="display: none;">\n                                                                     <a title="\u9648\u660a\u9e4f" href="http://book.jd.com/writer/%E9%99%88%E6%98%8A%E9%B9%8F_1.html" target="_blank"> \u9648\u660a\u9e4f </a>                                        \u8bd1          </span>\n                        </span>\n      <em>|</em>      <span class="p-bi-store">\n                  <a title="\u673a\u68b0\u5de5\u4e1a\u51fa\u7248\u793e" href="http://book.jd.com/publish/%E6%9C%BA%E6%A2%B0%E5%B7%A5%E4%B8%9A%E5%87%BA%E7%89%88%E7%A4%BE_1.html" target="_blank">\u673a\u68b0\u5de5\u4e1a\u51fa\u7248\u793e</a>\n              </span>\n      <em>|</em>      <span class="p-bi-date">\n        2007-06      </span>\n    </div>\n        <div class="p-shop hide" data-score="4" data-reputation="0" data-shopid="" data-done="1"></div>\n    <div class="p-commit"><strong>\u5df2\u6709<a target="_blank" href="http://item.jd.com/11339988.html#comments-list">20447</a>\u4eba\u8bc4\u4ef7</strong></div>\n    <div class="p-shopnum">\n      <span class="curr-shop">\u4eac\u4e1c\u81ea\u8425</span>\n    </div>\n    <div class="p-operate">\n      <a class="p-o-btn focus J_focus" data-sku="11339988" href="javascript:;">\n        <i></i>\u5173\u6ce8\n      </a>\n      <a class="p-o-btn addcart" target="_blank" href="http://gate.jd.com/InitCart.aspx?pid=11339988&amp;pcount=1&amp;ptype=1">\n        <i></i>\u52a0\u5165\u8d2d\u7269\u8f66\n      </a>\n    </div>\n    <div class="p-stock" data-isdeliveryable="5" style="display: none;"></div>\n    <div class="p-service">\u7531 \u4eac\u4e1c \u53d1\u8d27</div>\n    <div class="p-summary">\n      <a href="http://item.jd.com/11339988.html#recommend-editor" target="_blank">\u66f4\u591a&gt;</a>\n    </div>\n    <div class="p-addtocart">\n      <a data-sku="11339988" href="http://gate.jd.com/InitCart.aspx?pid=11339988&amp;pcount=1&amp;ptype=1"><i></i>\u52a0\u5165\u8d2d\u7269\u8f66</a>\n    </div>\n  </div>\n                                  </div>\n              </div>\n            </div>']
2016-01-18 16:46:47 [jd] INFO: !!!!!!!!!!!!!!!!!!!!!!!!
2016-01-18 16:46:47 [jd] INFO: !!!!!!!!!!!!!!!!!!!!!!!!
2016-01-18 16:46:47 [jd] INFO: [u'<div class="gl-i-wrap">\n              <div class="gl-i-tab">\n                <div class="gl-i-tab-trigger">\n                  <span title="Java\u7f16\u7a0b\u601d\u60f3\uff08\u7b2c4\u7248\uff09" class="item selected">\u5355\u4ef6</span>\n                                      <span title="JAVA\u7f16\u7a0b\u601d\u60f3+\u7b97\u6cd5\u5bfc\u8bba\uff08\u4eac\u4e1c\u5957\u88c5\u51712\u518c\uff09" class="item">\u5957\u88c52\u4ef6</span>\n                                      <span title="C++ Primer\u4e2d\u6587\u7248 \u7b2c5\u7248+Java\u7f16\u7a0b\u601d\u60f3 \u7b2c4\u7248\uff08\u4eac\u4e1c\u5957\u88c5\u51712\u518c\uff09" class="item">\u5957\u88c52\u4ef6</span>\n                                  </div>\n                <div class="gl-i-tab-content">\n                                        <div class="tab-content-item tab-cnt-i-selected j-sku-item" data-sku="10058164" venderid="1000004052" jdzy_shop_id="1000004052" ts_venderid="">\n  <div class="p-img">\n    <a target="_blank" href="http://item.jd.com/10058164.html">\n                    <img width="200" height="200" data-img="1" src="//img14.360buyimg.com/n7/jfs/t2191/111/699154754/198998/32d7bfe0/5624b582Nbc01af5b.jpg">\n          </a>\n      </div>\n  <div class="p-price">\n    <strong class="J_price"><em></em><i></i></strong>\n    <div class="p-icons J-pro-icons">\n          </div>\n  </div>\n  <div class="p-name">\n    <a target="_blank" title="" href="http://item.jd.com/10058164.html">\n      <em>Java\u7f16\u7a0b\u601d\u60f3\uff08\u7b2c4\u7248\uff09</em>\n      <i class="promo-words"></i>\n    </a>\n  </div>\n      <div class="p-bookdetails">\n      <span class="p-bi-name">\n                  <span class="author_type_1" style="display: ;">\n                                                       [\u7f8e]                <a title="Bruce  Eckel" href="http://book.jd.com/writer/Bruce%20%20Eckel_1.html" target="_blank"> Bruce  Eckel </a>                                        \u8457          </span>\n                            <span class="author_type_2" style="display: none;">\n                                                                     <a title="\u9648\u660a\u9e4f" href="http://book.jd.com/writer/%E9%99%88%E6%98%8A%E9%B9%8F_1.html" target="_blank"> \u9648\u660a\u9e4f </a>                                        \u8bd1          </span>\n                        </span>\n      <em>|</em>      <span class="p-bi-store">\n                  <a title="\u673a\u68b0\u5de5\u4e1a\u51fa\u7248\u793e" href="http://book.jd.com/publish/%E6%9C%BA%E6%A2%B0%E5%B7%A5%E4%B8%9A%E5%87%BA%E7%89%88%E7%A4%BE_1.html" target="_blank">\u673a\u68b0\u5de5\u4e1a\u51fa\u7248\u793e</a>\n              </span>\n      <em>|</em>      <span class="p-bi-date">\n        2007-06      </span>\n    </div>\n        <div class="p-shop hide" data-score="4" data-reputation="0" data-shopid="" data-done="1"></div>\n    <div class="p-commit"><strong>\u5df2\u6709<a target="_blank" href="http://item.jd.com/10058164.html#comments-list">13284</a>\u4eba\u8bc4\u4ef7</strong></div>\n    <div class="p-shopnum">\n      <span class="curr-shop">\u4eac\u4e1c\u81ea\u8425</span>\n    </div>\n    <div class="p-operate">\n      <a class="p-o-btn focus J_focus" data-sku="10058164" href="javascript:;">\n        <i></i>\u5173\u6ce8\n      </a>\n      <a class="p-o-btn addcart" target="_blank" href="http://gate.jd.com/InitCart.aspx?pid=10058164&amp;pcount=1&amp;ptype=1">\n        <i></i>\u52a0\u5165\u8d2d\u7269\u8f66\n      </a>\n    </div>\n    <div class="p-stock" data-isdeliveryable="5" style="display: none;"></div>\n    <div class="p-service">\u7531 \u4eac\u4e1c \u53d1\u8d27</div>\n    <div class="p-summary">\n      <a href="http://item.jd.com/10058164.html#recommend-editor" target="_blank">\u66f4\u591a&gt;</a>\n    </div>\n    <div class="p-addtocart">\n      <a data-sku="10058164" href="http://gate.jd.com/InitCart.aspx?pid=10058164&amp;pcount=1&amp;ptype=1"><i></i>\u52a0\u5165\u8d2d\u7269\u8f66</a>\n    </div>\n  </div>\n                                        <div class="tab-content-item j-sku-item" data-sku="11311645" venderid="1000004052" jdzy_shop_id="1000004052" ts_venderid="">\n  <div class="p-img">\n    <a target="_blank" href="http://item.jd.com/11311645.html">\n                    <img width="200" height="200" data-img="1" src="//img10.360buyimg.com/n7/g14/M06/0D/12/rBEhVVIgPNgIAAAAAAK9Rjrq1cQAACppgNZ_cEAAr1e362.jpg">\n          </a>\n      </div>\n  <div class="p-price">\n    <strong class="J_price"><em></em><i></i></strong>\n    <div class="p-icons J-pro-icons">\n          </div>\n  </div>\n  <div class="p-name">\n    <a target="_blank" title="" href="http://item.jd.com/11311645.html">\n      <em>JAVA\u7f16\u7a0b\u601d\u60f3+\u7b97\u6cd5\u5bfc\u8bba\uff08\u4eac\u4e1c\u5957\u88c5\u51712\u518c\uff09</em>\n      <i class="promo-words"></i>\n    </a>\n  </div>\n      <div class="p-bookdetails">\n      <span class="p-bi-name">\n                  <span class="author_type_1" style="display: ;">\n                                                       [\u7f8e]                <a title="Bruce  Eckel" href="http://book.jd.com/writer/Bruce%20%20Eckel_1.html" target="_blank"> Bruce  Eckel </a>                                        \u8457          </span>\n                            <span class="author_type_2" style="display: none;">\n                                                                     <a title="\u9648\u660a\u9e4f" href="http://book.jd.com/writer/%E9%99%88%E6%98%8A%E9%B9%8F_1.html" target="_blank"> \u9648\u660a\u9e4f </a>                                        \u8bd1          </span>\n                        </span>\n      <em>|</em>      <span class="p-bi-store">\n                  <a title="\u673a\u68b0\u5de5\u4e1a\u51fa\u7248\u793e" href="http://book.jd.com/publish/%E6%9C%BA%E6%A2%B0%E5%B7%A5%E4%B8%9A%E5%87%BA%E7%89%88%E7%A4%BE_1.html" target="_blank">\u673a\u68b0\u5de5\u4e1a\u51fa\u7248\u793e</a>\n              </span>\n      <em>|</em>      <span class="p-bi-date">\n        2007-06      </span>\n    </div>\n        <div class="p-shop hide" data-score="4" data-reputation="0" data-shopid="" data-done="1"></div>\n    <div class="p-commit"><strong>\u5df2\u6709<a target="_blank" href="http://item.jd.com/11311645.html#comments-list">20731</a>\u4eba\u8bc4\u4ef7</strong></div>\n    <div class="p-shopnum">\n      <span class="curr-shop">\u4eac\u4e1c\u81ea\u8425</span>\n    </div>\n    <div class="p-operate">\n      <a class="p-o-btn focus J_focus" data-sku="11311645" href="javascript:;">\n        <i></i>\u5173\u6ce8\n      </a>\n      <a class="p-o-btn addcart" target="_blank" href="http://gate.jd.com/InitCart.aspx?pid=11311645&amp;pcount=1&amp;ptype=1">\n        <i></i>\u52a0\u5165\u8d2d\u7269\u8f66\n      </a>\n    </div>\n    <div class="p-stock" data-isdeliveryable="5" style="display: none;"></div>\n    <div class="p-service">\u7531 \u4eac\u4e1c \u53d1\u8d27</div>\n    <div class="p-summary">\n      <a href="http://item.jd.com/11311645.html#recommend-editor" target="_blank">\u66f4\u591a&gt;</a>\n    </div>\n    <div class="p-addtocart">\n      <a data-sku="11311645" href="http://gate.jd.com/InitCart.aspx?pid=11311645&amp;pcount=1&amp;ptype=1"><i></i>\u52a0\u5165\u8d2d\u7269\u8f66</a>\n    </div>\n  </div>\n                                        <div class="tab-content-item j-sku-item" data-sku="11339988" venderid="1000004052" jdzy_shop_id="1000004052" ts_venderid="">\n  <div class="p-img">\n    <a target="_blank" href="http://item.jd.com/11339988.html">\n                    <img width="200" height="200" data-img="1" src="//img13.360buyimg.com/n7/g13/M00/12/14/rBEhU1Jo0LUIAAAAAAIS0Hj-jkQAAEiWgOWcZAAAhLo476.jpg">\n          </a>\n      </div>\n  <div class="p-price">\n    <strong class="J_price"><em></em><i></i></strong>\n    <div class="p-icons J-pro-icons">\n          </div>\n  </div>\n  <div class="p-name">\n    <a target="_blank" title="" href="http://item.jd.com/11339988.html">\n      <em>C++ Primer\u4e2d\u6587\u7248 \u7b2c5\u7248+Java\u7f16\u7a0b\u601d\u60f3 \u7b2c4\u7248\uff08\u4eac\u4e1c\u5957\u88c5\u51712\u518c\uff09</em>\n      <i class="promo-words"></i>\n    </a>\n  </div>\n      <div class="p-bookdetails">\n      <span class="p-bi-name">\n                  <span class="author_type_1" style="display: ;">\n                                                       [\u7f8e]                <a title="Bruce  Eckel" href="http://book.jd.com/writer/Bruce%20%20Eckel_1.html" target="_blank"> Bruce  Eckel </a>                                        \u8457          </span>\n                            <span class="author_type_2" style="display: none;">\n                                                                     <a title="\u9648\u660a\u9e4f" href="http://book.jd.com/writer/%E9%99%88%E6%98%8A%E9%B9%8F_1.html" target="_blank"> \u9648\u660a\u9e4f </a>                                        \u8bd1          </span>\n                        </span>\n      <em>|</em>      <span class="p-bi-store">\n                  <a title="\u673a\u68b0\u5de5\u4e1a\u51fa\u7248\u793e" href="http://book.jd.com/publish/%E6%9C%BA%E6%A2%B0%E5%B7%A5%E4%B8%9A%E5%87%BA%E7%89%88%E7%A4%BE_1.html" target="_blank">\u673a\u68b0\u5de5\u4e1a\u51fa\u7248\u793e</a>\n              </span>\n      <em>|</em>      <span class="p-bi-date">\n        2007-06      </span>\n    </div>\n        <div class="p-shop hide" data-score="4" data-reputation="0" data-shopid="" data-done="1"></div>\n    <div class="p-commit"><strong>\u5df2\u6709<a target="_blank" href="http://item.jd.com/11339988.html#comments-list">20447</a>\u4eba\u8bc4\u4ef7</strong></div>\n    <div class="p-shopnum">\n      <span class="curr-shop">\u4eac\u4e1c\u81ea\u8425</span>\n    </div>\n    <div class="p-operate">\n      <a class="p-o-btn focus J_focus" data-sku="11339988" href="javascript:;">\n        <i></i>\u5173\u6ce8\n      </a>\n      <a class="p-o-btn addcart" target="_blank" href="http://gate.jd.com/InitCart.aspx?pid=11339988&amp;pcount=1&amp;ptype=1">\n        <i></i>\u52a0\u5165\u8d2d\u7269\u8f66\n      </a>\n    </div>\n    <div class="p-stock" data-isdeliveryable="5" style="display: none;"></div>\n    <div class="p-service">\u7531 \u4eac\u4e1c \u53d1\u8d27</div>\n    <div class="p-summary">\n      <a href="http://item.jd.com/11339988.html#recommend-editor" target="_blank">\u66f4\u591a&gt;</a>\n    </div>\n    <div class="p-addtocart">\n      <a data-sku="11339988" href="http://gate.jd.com/InitCart.aspx?pid=11339988&amp;pcount=1&amp;ptype=1"><i></i>\u52a0\u5165\u8d2d\u7269\u8f66</a>\n    </div>\n  </div>\n                                  </div>\n              </div>\n            </div>']
2016-01-18 16:46:47 [jd] INFO: !!!!!!!!!!!!!!!!!!!!!!!!
2016-01-18 16:46:47 [jd] INFO: !!!!!!!!!!!!!!!!!!!!!!!!
2016-01-18 16:46:47 [jd] INFO: [u'<div class="gl-i-wrap">\n              <div class="gl-i-tab">\n                <div class="gl-i-tab-trigger">\n                  <span title="Java\u7f16\u7a0b\u601d\u60f3\uff08\u7b2c4\u7248\uff09" class="item selected">\u5355\u4ef6</span>\n                                      <span title="JAVA\u7f16\u7a0b\u601d\u60f3+\u7b97\u6cd5\u5bfc\u8bba\uff08\u4eac\u4e1c\u5957\u88c5\u51712\u518c\uff09" class="item">\u5957\u88c52\u4ef6</span>\n                                      <span title="C++ Primer\u4e2d\u6587\u7248 \u7b2c5\u7248+Java\u7f16\u7a0b\u601d\u60f3 \u7b2c4\u7248\uff08\u4eac\u4e1c\u5957\u88c5\u51712\u518c\uff09" class="item">\u5957\u88c52\u4ef6</span>\n                                  </div>\n                <div class="gl-i-tab-content">\n                                        <div class="tab-content-item tab-cnt-i-selected j-sku-item" data-sku="10058164" venderid="1000004052" jdzy_shop_id="1000004052" ts_venderid="">\n  <div class="p-img">\n    <a target="_blank" href="http://item.jd.com/10058164.html">\n                    <img width="200" height="200" data-img="1" src="//img14.360buyimg.com/n7/jfs/t2191/111/699154754/198998/32d7bfe0/5624b582Nbc01af5b.jpg">\n          </a>\n      </div>\n  <div class="p-price">\n    <strong class="J_price"><em></em><i></i></strong>\n    <div class="p-icons J-pro-icons">\n          </div>\n  </div>\n  <div class="p-name">\n    <a target="_blank" title="" href="http://item.jd.com/10058164.html">\n      <em>Java\u7f16\u7a0b\u601d\u60f3\uff08\u7b2c4\u7248\uff09</em>\n      <i class="promo-words"></i>\n    </a>\n  </div>\n      <div class="p-bookdetails">\n      <span class="p-bi-name">\n                  <span class="author_type_1" style="display: ;">\n                                                       [\u7f8e]                <a title="Bruce  Eckel" href="http://book.jd.com/writer/Bruce%20%20Eckel_1.html" target="_blank"> Bruce  Eckel </a>                                        \u8457          </span>\n                            <span class="author_type_2" style="display: none;">\n                                                                     <a title="\u9648\u660a\u9e4f" href="http://book.jd.com/writer/%E9%99%88%E6%98%8A%E9%B9%8F_1.html" target="_blank"> \u9648\u660a\u9e4f </a>                                        \u8bd1          </span>\n                        </span>\n      <em>|</em>      <span class="p-bi-store">\n                  <a title="\u673a\u68b0\u5de5\u4e1a\u51fa\u7248\u793e" href="http://book.jd.com/publish/%E6%9C%BA%E6%A2%B0%E5%B7%A5%E4%B8%9A%E5%87%BA%E7%89%88%E7%A4%BE_1.html" target="_blank">\u673a\u68b0\u5de5\u4e1a\u51fa\u7248\u793e</a>\n              </span>\n      <em>|</em>      <span class="p-bi-date">\n        2007-06      </span>\n    </div>\n        <div class="p-shop hide" data-score="4" data-reputation="0" data-shopid="" data-done="1"></div>\n    <div class="p-commit"><strong>\u5df2\u6709<a target="_blank" href="http://item.jd.com/10058164.html#comments-list">13284</a>\u4eba\u8bc4\u4ef7</strong></div>\n    <div class="p-shopnum">\n      <span class="curr-shop">\u4eac\u4e1c\u81ea\u8425</span>\n    </div>\n    <div class="p-operate">\n      <a class="p-o-btn focus J_focus" data-sku="10058164" href="javascript:;">\n        <i></i>\u5173\u6ce8\n      </a>\n      <a class="p-o-btn addcart" target="_blank" href="http://gate.jd.com/InitCart.aspx?pid=10058164&amp;pcount=1&amp;ptype=1">\n        <i></i>\u52a0\u5165\u8d2d\u7269\u8f66\n      </a>\n    </div>\n    <div class="p-stock" data-isdeliveryable="5" style="display: none;"></div>\n    <div class="p-service">\u7531 \u4eac\u4e1c \u53d1\u8d27</div>\n    <div class="p-summary">\n      <a href="http://item.jd.com/10058164.html#recommend-editor" target="_blank">\u66f4\u591a&gt;</a>\n    </div>\n    <div class="p-addtocart">\n      <a data-sku="10058164" href="http://gate.jd.com/InitCart.aspx?pid=10058164&amp;pcount=1&amp;ptype=1"><i></i>\u52a0\u5165\u8d2d\u7269\u8f66</a>\n    </div>\n  </div>\n                                        <div class="tab-content-item j-sku-item" data-sku="11311645" venderid="1000004052" jdzy_shop_id="1000004052" ts_venderid="">\n  <div class="p-img">\n    <a target="_blank" href="http://item.jd.com/11311645.html">\n                    <img width="200" height="200" data-img="1" src="//img10.360buyimg.com/n7/g14/M06/0D/12/rBEhVVIgPNgIAAAAAAK9Rjrq1cQAACppgNZ_cEAAr1e362.jpg">\n          </a>\n      </div>\n  <div class="p-price">\n    <strong class="J_price"><em></em><i></i></strong>\n    <div class="p-icons J-pro-icons">\n          </div>\n  </div>\n  <div class="p-name">\n    <a target="_blank" title="" href="http://item.jd.com/11311645.html">\n      <em>JAVA\u7f16\u7a0b\u601d\u60f3+\u7b97\u6cd5\u5bfc\u8bba\uff08\u4eac\u4e1c\u5957\u88c5\u51712\u518c\uff09</em>\n      <i class="promo-words"></i>\n    </a>\n  </div>\n      <div class="p-bookdetails">\n      <span class="p-bi-name">\n                  <span class="author_type_1" style="display: ;">\n                                                       [\u7f8e]                <a title="Bruce  Eckel" href="http://book.jd.com/writer/Bruce%20%20Eckel_1.html" target="_blank"> Bruce  Eckel </a>                                        \u8457          </span>\n                            <span class="author_type_2" style="display: none;">\n                                                                     <a title="\u9648\u660a\u9e4f" href="http://book.jd.com/writer/%E9%99%88%E6%98%8A%E9%B9%8F_1.html" target="_blank"> \u9648\u660a\u9e4f </a>                                        \u8bd1          </span>\n                        </span>\n      <em>|</em>      <span class="p-bi-store">\n                  <a title="\u673a\u68b0\u5de5\u4e1a\u51fa\u7248\u793e" href="http://book.jd.com/publish/%E6%9C%BA%E6%A2%B0%E5%B7%A5%E4%B8%9A%E5%87%BA%E7%89%88%E7%A4%BE_1.html" target="_blank">\u673a\u68b0\u5de5\u4e1a\u51fa\u7248\u793e</a>\n              </span>\n      <em>|</em>      <span class="p-bi-date">\n        2007-06      </span>\n    </div>\n        <div class="p-shop hide" data-score="4" data-reputation="0" data-shopid="" data-done="1"></div>\n    <div class="p-commit"><strong>\u5df2\u6709<a target="_blank" href="http://item.jd.com/11311645.html#comments-list">20731</a>\u4eba\u8bc4\u4ef7</strong></div>\n    <div class="p-shopnum">\n      <span class="curr-shop">\u4eac\u4e1c\u81ea\u8425</span>\n    </div>\n    <div class="p-operate">\n      <a class="p-o-btn focus J_focus" data-sku="11311645" href="javascript:;">\n        <i></i>\u5173\u6ce8\n      </a>\n      <a class="p-o-btn addcart" target="_blank" href="http://gate.jd.com/InitCart.aspx?pid=11311645&amp;pcount=1&amp;ptype=1">\n        <i></i>\u52a0\u5165\u8d2d\u7269\u8f66\n      </a>\n    </div>\n    <div class="p-stock" data-isdeliveryable="5" style="display: none;"></div>\n    <div class="p-service">\u7531 \u4eac\u4e1c \u53d1\u8d27</div>\n    <div class="p-summary">\n      <a href="http://item.jd.com/11311645.html#recommend-editor" target="_blank">\u66f4\u591a&gt;</a>\n    </div>\n    <div class="p-addtocart">\n      <a data-sku="11311645" href="http://gate.jd.com/InitCart.aspx?pid=11311645&amp;pcount=1&amp;ptype=1"><i></i>\u52a0\u5165\u8d2d\u7269\u8f66</a>\n    </div>\n  </div>\n                                        <div class="tab-content-item j-sku-item" data-sku="11339988" venderid="1000004052" jdzy_shop_id="1000004052" ts_venderid="">\n  <div class="p-img">\n    <a target="_blank" href="http://item.jd.com/11339988.html">\n                    <img width="200" height="200" data-img="1" src="//img13.360buyimg.com/n7/g13/M00/12/14/rBEhU1Jo0LUIAAAAAAIS0Hj-jkQAAEiWgOWcZAAAhLo476.jpg">\n          </a>\n      </div>\n  <div class="p-price">\n    <strong class="J_price"><em></em><i></i></strong>\n    <div class="p-icons J-pro-icons">\n          </div>\n  </div>\n  <div class="p-name">\n    <a target="_blank" title="" href="http://item.jd.com/11339988.html">\n      <em>C++ Primer\u4e2d\u6587\u7248 \u7b2c5\u7248+Java\u7f16\u7a0b\u601d\u60f3 \u7b2c4\u7248\uff08\u4eac\u4e1c\u5957\u88c5\u51712\u518c\uff09</em>\n      <i class="promo-words"></i>\n    </a>\n  </div>\n      <div class="p-bookdetails">\n      <span class="p-bi-name">\n                  <span class="author_type_1" style="display: ;">\n                                                       [\u7f8e]                <a title="Bruce  Eckel" href="http://book.jd.com/writer/Bruce%20%20Eckel_1.html" target="_blank"> Bruce  Eckel </a>                                        \u8457          </span>\n                            <span class="author_type_2" style="display: none;">\n                                                                     <a title="\u9648\u660a\u9e4f" href="http://book.jd.com/writer/%E9%99%88%E6%98%8A%E9%B9%8F_1.html" target="_blank"> \u9648\u660a\u9e4f </a>                                        \u8bd1          </span>\n                        </span>\n      <em>|</em>      <span class="p-bi-store">\n                  <a title="\u673a\u68b0\u5de5\u4e1a\u51fa\u7248\u793e" href="http://book.jd.com/publish/%E6%9C%BA%E6%A2%B0%E5%B7%A5%E4%B8%9A%E5%87%BA%E7%89%88%E7%A4%BE_1.html" target="_blank">\u673a\u68b0\u5de5\u4e1a\u51fa\u7248\u793e</a>\n              </span>\n      <em>|</em>      <span class="p-bi-date">\n        2007-06      </span>\n    </div>\n        <div class="p-shop hide" data-score="4" data-reputation="0" data-shopid="" data-done="1"></div>\n    <div class="p-commit"><strong>\u5df2\u6709<a target="_blank" href="http://item.jd.com/11339988.html#comments-list">20447</a>\u4eba\u8bc4\u4ef7</strong></div>\n    <div class="p-shopnum">\n      <span class="curr-shop">\u4eac\u4e1c\u81ea\u8425</span>\n    </div>\n    <div class="p-operate">\n      <a class="p-o-btn focus J_focus" data-sku="11339988" href="javascript:;">\n        <i></i>\u5173\u6ce8\n      </a>\n      <a class="p-o-btn addcart" target="_blank" href="http://gate.jd.com/InitCart.aspx?pid=11339988&amp;pcount=1&amp;ptype=1">\n        <i></i>\u52a0\u5165\u8d2d\u7269\u8f66\n      </a>\n    </div>\n    <div class="p-stock" data-isdeliveryable="5" style="display: none;"></div>\n    <div class="p-service">\u7531 \u4eac\u4e1c \u53d1\u8d27</div>\n    <div class="p-summary">\n      <a href="http://item.jd.com/11339988.html#recommend-editor" target="_blank">\u66f4\u591a&gt;</a>\n    </div>\n    <div class="p-addtocart">\n      <a data-sku="11339988" href="http://gate.jd.com/InitCart.aspx?pid=11339988&amp;pcount=1&amp;ptype=1"><i></i>\u52a0\u5165\u8d2d\u7269\u8f66</a>\n    </div>\n  </div>\n                                  </div>\n              </div>\n            </div>']
2016-01-18 16:46:47 [jd] INFO: !!!!!!!!!!!!!!!!!!!!!!!!
2016-01-18 16:46:47 [jd] INFO: !!!!!!!!!!!!!!!!!!!!!!!!
2016-01-18 16:46:47 [jd] INFO: [u'<div class="gl-i-wrap">\n              <div class="gl-i-tab">\n                <div class="gl-i-tab-trigger">\n                  <span title="Java\u7f16\u7a0b\u601d\u60f3\uff08\u7b2c4\u7248\uff09" class="item selected">\u5355\u4ef6</span>\n                                      <span title="JAVA\u7f16\u7a0b\u601d\u60f3+\u7b97\u6cd5\u5bfc\u8bba\uff08\u4eac\u4e1c\u5957\u88c5\u51712\u518c\uff09" class="item">\u5957\u88c52\u4ef6</span>\n                                      <span title="C++ Primer\u4e2d\u6587\u7248 \u7b2c5\u7248+Java\u7f16\u7a0b\u601d\u60f3 \u7b2c4\u7248\uff08\u4eac\u4e1c\u5957\u88c5\u51712\u518c\uff09" class="item">\u5957\u88c52\u4ef6</span>\n                                  </div>\n                <div class="gl-i-tab-content">\n                                        <div class="tab-content-item tab-cnt-i-selected j-sku-item" data-sku="10058164" venderid="1000004052" jdzy_shop_id="1000004052" ts_venderid="">\n  <div class="p-img">\n    <a target="_blank" href="http://item.jd.com/10058164.html">\n                    <img width="200" height="200" data-img="1" src="//img14.360buyimg.com/n7/jfs/t2191/111/699154754/198998/32d7bfe0/5624b582Nbc01af5b.jpg">\n          </a>\n      </div>\n  <div class="p-price">\n    <strong class="J_price"><em></em><i></i></strong>\n    <div class="p-icons J-pro-icons">\n          </div>\n  </div>\n  <div class="p-name">\n    <a target="_blank" title="" href="http://item.jd.com/10058164.html">\n      <em>Java\u7f16\u7a0b\u601d\u60f3\uff08\u7b2c4\u7248\uff09</em>\n      <i class="promo-words"></i>\n    </a>\n  </div>\n      <div class="p-bookdetails">\n      <span class="p-bi-name">\n                  <span class="author_type_1" style="display: ;">\n                                                       [\u7f8e]                <a title="Bruce  Eckel" href="http://book.jd.com/writer/Bruce%20%20Eckel_1.html" target="_blank"> Bruce  Eckel </a>                                        \u8457          </span>\n                            <span class="author_type_2" style="display: none;">\n                                                                     <a title="\u9648\u660a\u9e4f" href="http://book.jd.com/writer/%E9%99%88%E6%98%8A%E9%B9%8F_1.html" target="_blank"> \u9648\u660a\u9e4f </a>                                        \u8bd1          </span>\n                        </span>\n      <em>|</em>      <span class="p-bi-store">\n                  <a title="\u673a\u68b0\u5de5\u4e1a\u51fa\u7248\u793e" href="http://book.jd.com/publish/%E6%9C%BA%E6%A2%B0%E5%B7%A5%E4%B8%9A%E5%87%BA%E7%89%88%E7%A4%BE_1.html" target="_blank">\u673a\u68b0\u5de5\u4e1a\u51fa\u7248\u793e</a>\n              </span>\n      <em>|</em>      <span class="p-bi-date">\n        2007-06      </span>\n    </div>\n        <div class="p-shop hide" data-score="4" data-reputation="0" data-shopid="" data-done="1"></div>\n    <div class="p-commit"><strong>\u5df2\u6709<a target="_blank" href="http://item.jd.com/10058164.html#comments-list">13284</a>\u4eba\u8bc4\u4ef7</strong></div>\n    <div class="p-shopnum">\n      <span class="curr-shop">\u4eac\u4e1c\u81ea\u8425</span>\n    </div>\n    <div class="p-operate">\n      <a class="p-o-btn focus J_focus" data-sku="10058164" href="javascript:;">\n        <i></i>\u5173\u6ce8\n      </a>\n      <a class="p-o-btn addcart" target="_blank" href="http://gate.jd.com/InitCart.aspx?pid=10058164&amp;pcount=1&amp;ptype=1">\n        <i></i>\u52a0\u5165\u8d2d\u7269\u8f66\n      </a>\n    </div>\n    <div class="p-stock" data-isdeliveryable="5" style="display: none;"></div>\n    <div class="p-service">\u7531 \u4eac\u4e1c \u53d1\u8d27</div>\n    <div class="p-summary">\n      <a href="http://item.jd.com/10058164.html#recommend-editor" target="_blank">\u66f4\u591a&gt;</a>\n    </div>\n    <div class="p-addtocart">\n      <a data-sku="10058164" href="http://gate.jd.com/InitCart.aspx?pid=10058164&amp;pcount=1&amp;ptype=1"><i></i>\u52a0\u5165\u8d2d\u7269\u8f66</a>\n    </div>\n  </div>\n                                        <div class="tab-content-item j-sku-item" data-sku="11311645" venderid="1000004052" jdzy_shop_id="1000004052" ts_venderid="">\n  <div class="p-img">\n    <a target="_blank" href="http://item.jd.com/11311645.html">\n                    <img width="200" height="200" data-img="1" src="//img10.360buyimg.com/n7/g14/M06/0D/12/rBEhVVIgPNgIAAAAAAK9Rjrq1cQAACppgNZ_cEAAr1e362.jpg">\n          </a>\n      </div>\n  <div class="p-price">\n    <strong class="J_price"><em></em><i></i></strong>\n    <div class="p-icons J-pro-icons">\n          </div>\n  </div>\n  <div class="p-name">\n    <a target="_blank" title="" href="http://item.jd.com/11311645.html">\n      <em>JAVA\u7f16\u7a0b\u601d\u60f3+\u7b97\u6cd5\u5bfc\u8bba\uff08\u4eac\u4e1c\u5957\u88c5\u51712\u518c\uff09</em>\n      <i class="promo-words"></i>\n    </a>\n  </div>\n      <div class="p-bookdetails">\n      <span class="p-bi-name">\n                  <span class="author_type_1" style="display: ;">\n                                                       [\u7f8e]                <a title="Bruce  Eckel" href="http://book.jd.com/writer/Bruce%20%20Eckel_1.html" target="_blank"> Bruce  Eckel </a>                                        \u8457          </span>\n                            <span class="author_type_2" style="display: none;">\n                                                                     <a title="\u9648\u660a\u9e4f" href="http://book.jd.com/writer/%E9%99%88%E6%98%8A%E9%B9%8F_1.html" target="_blank"> \u9648\u660a\u9e4f </a>                                        \u8bd1          </span>\n                        </span>\n      <em>|</em>      <span class="p-bi-store">\n                  <a title="\u673a\u68b0\u5de5\u4e1a\u51fa\u7248\u793e" href="http://book.jd.com/publish/%E6%9C%BA%E6%A2%B0%E5%B7%A5%E4%B8%9A%E5%87%BA%E7%89%88%E7%A4%BE_1.html" target="_blank">\u673a\u68b0\u5de5\u4e1a\u51fa\u7248\u793e</a>\n              </span>\n      <em>|</em>      <span class="p-bi-date">\n        2007-06      </span>\n    </div>\n        <div class="p-shop hide" data-score="4" data-reputation="0" data-shopid="" data-done="1"></div>\n    <div class="p-commit"><strong>\u5df2\u6709<a target="_blank" href="http://item.jd.com/11311645.html#comments-list">20731</a>\u4eba\u8bc4\u4ef7</strong></div>\n    <div class="p-shopnum">\n      <span class="curr-shop">\u4eac\u4e1c\u81ea\u8425</span>\n    </div>\n    <div class="p-operate">\n      <a class="p-o-btn focus J_focus" data-sku="11311645" href="javascript:;">\n        <i></i>\u5173\u6ce8\n      </a>\n      <a class="p-o-btn addcart" target="_blank" href="http://gate.jd.com/InitCart.aspx?pid=11311645&amp;pcount=1&amp;ptype=1">\n        <i></i>\u52a0\u5165\u8d2d\u7269\u8f66\n      </a>\n    </div>\n    <div class="p-stock" data-isdeliveryable="5" style="display: none;"></div>\n    <div class="p-service">\u7531 \u4eac\u4e1c \u53d1\u8d27</div>\n    <div class="p-summary">\n      <a href="http://item.jd.com/11311645.html#recommend-editor" target="_blank">\u66f4\u591a&gt;</a>\n    </div>\n    <div class="p-addtocart">\n      <a data-sku="11311645" href="http://gate.jd.com/InitCart.aspx?pid=11311645&amp;pcount=1&amp;ptype=1"><i></i>\u52a0\u5165\u8d2d\u7269\u8f66</a>\n    </div>\n  </div>\n                                        <div class="tab-content-item j-sku-item" data-sku="11339988" venderid="1000004052" jdzy_shop_id="1000004052" ts_venderid="">\n  <div class="p-img">\n    <a target="_blank" href="http://item.jd.com/11339988.html">\n                    <img width="200" height="200" data-img="1" src="//img13.360buyimg.com/n7/g13/M00/12/14/rBEhU1Jo0LUIAAAAAAIS0Hj-jkQAAEiWgOWcZAAAhLo476.jpg">\n          </a>\n      </div>\n  <div class="p-price">\n    <strong class="J_price"><em></em><i></i></strong>\n    <div class="p-icons J-pro-icons">\n          </div>\n  </div>\n  <div class="p-name">\n    <a target="_blank" title="" href="http://item.jd.com/11339988.html">\n      <em>C++ Primer\u4e2d\u6587\u7248 \u7b2c5\u7248+Java\u7f16\u7a0b\u601d\u60f3 \u7b2c4\u7248\uff08\u4eac\u4e1c\u5957\u88c5\u51712\u518c\uff09</em>\n      <i class="promo-words"></i>\n    </a>\n  </div>\n      <div class="p-bookdetails">\n      <span class="p-bi-name">\n                  <span class="author_type_1" style="display: ;">\n                                                       [\u7f8e]                <a title="Bruce  Eckel" href="http://book.jd.com/writer/Bruce%20%20Eckel_1.html" target="_blank"> Bruce  Eckel </a>                                        \u8457          </span>\n                            <span class="author_type_2" style="display: none;">\n                                                                     <a title="\u9648\u660a\u9e4f" href="http://book.jd.com/writer/%E9%99%88%E6%98%8A%E9%B9%8F_1.html" target="_blank"> \u9648\u660a\u9e4f </a>                                        \u8bd1          </span>\n                        </span>\n      <em>|</em>      <span class="p-bi-store">\n                  <a title="\u673a\u68b0\u5de5\u4e1a\u51fa\u7248\u793e" href="http://book.jd.com/publish/%E6%9C%BA%E6%A2%B0%E5%B7%A5%E4%B8%9A%E5%87%BA%E7%89%88%E7%A4%BE_1.html" target="_blank">\u673a\u68b0\u5de5\u4e1a\u51fa\u7248\u793e</a>\n              </span>\n      <em>|</em>      <span class="p-bi-date">\n        2007-06      </span>\n    </div>\n        <div class="p-shop hide" data-score="4" data-reputation="0" data-shopid="" data-done="1"></div>\n    <div class="p-commit"><strong>\u5df2\u6709<a target="_blank" href="http://item.jd.com/11339988.html#comments-list">20447</a>\u4eba\u8bc4\u4ef7</strong></div>\n    <div class="p-shopnum">\n      <span class="curr-shop">\u4eac\u4e1c\u81ea\u8425</span>\n    </div>\n    <div class="p-operate">\n      <a class="p-o-btn focus J_focus" data-sku="11339988" href="javascript:;">\n        <i></i>\u5173\u6ce8\n      </a>\n      <a class="p-o-btn addcart" target="_blank" href="http://gate.jd.com/InitCart.aspx?pid=11339988&amp;pcount=1&amp;ptype=1">\n        <i></i>\u52a0\u5165\u8d2d\u7269\u8f66\n      </a>\n    </div>\n    <div class="p-stock" data-isdeliveryable="5" style="display: none;"></div>\n    <div class="p-service">\u7531 \u4eac\u4e1c \u53d1\u8d27</div>\n    <div class="p-summary">\n      <a href="http://item.jd.com/11339988.html#recommend-editor" target="_blank">\u66f4\u591a&gt;</a>\n    </div>\n    <div class="p-addtocart">\n      <a data-sku="11339988" href="http://gate.jd.com/InitCart.aspx?pid=11339988&amp;pcount=1&amp;ptype=1"><i></i>\u52a0\u5165\u8d2d\u7269\u8f66</a>\n    </div>\n  </div>\n                                  </div>\n              </div>\n            </div>']
2016-01-18 16:46:47 [jd] INFO: !!!!!!!!!!!!!!!!!!!!!!!!
2016-01-18 16:46:47 [jd] INFO: !!!!!!!!!!!!!!!!!!!!!!!!
2016-01-18 16:46:47 [jd] INFO: [u'<div class="gl-i-wrap">\n              <div class="gl-i-tab">\n                <div class="gl-i-tab-trigger">\n                  <span title="Java\u7f16\u7a0b\u601d\u60f3\uff08\u7b2c4\u7248\uff09" class="item selected">\u5355\u4ef6</span>\n                                      <span title="JAVA\u7f16\u7a0b\u601d\u60f3+\u7b97\u6cd5\u5bfc\u8bba\uff08\u4eac\u4e1c\u5957\u88c5\u51712\u518c\uff09" class="item">\u5957\u88c52\u4ef6</span>\n                                      <span title="C++ Primer\u4e2d\u6587\u7248 \u7b2c5\u7248+Java\u7f16\u7a0b\u601d\u60f3 \u7b2c4\u7248\uff08\u4eac\u4e1c\u5957\u88c5\u51712\u518c\uff09" class="item">\u5957\u88c52\u4ef6</span>\n                                  </div>\n                <div class="gl-i-tab-content">\n                                        <div class="tab-content-item tab-cnt-i-selected j-sku-item" data-sku="10058164" venderid="1000004052" jdzy_shop_id="1000004052" ts_venderid="">\n  <div class="p-img">\n    <a target="_blank" href="http://item.jd.com/10058164.html">\n                    <img width="200" height="200" data-img="1" src="//img14.360buyimg.com/n7/jfs/t2191/111/699154754/198998/32d7bfe0/5624b582Nbc01af5b.jpg">\n          </a>\n      </div>\n  <div class="p-price">\n    <strong class="J_price"><em></em><i></i></strong>\n    <div class="p-icons J-pro-icons">\n          </div>\n  </div>\n  <div class="p-name">\n    <a target="_blank" title="" href="http://item.jd.com/10058164.html">\n      <em>Java\u7f16\u7a0b\u601d\u60f3\uff08\u7b2c4\u7248\uff09</em>\n      <i class="promo-words"></i>\n    </a>\n  </div>\n      <div class="p-bookdetails">\n      <span class="p-bi-name">\n                  <span class="author_type_1" style="display: ;">\n                                                       [\u7f8e]                <a title="Bruce  Eckel" href="http://book.jd.com/writer/Bruce%20%20Eckel_1.html" target="_blank"> Bruce  Eckel </a>                                        \u8457          </span>\n                            <span class="author_type_2" style="display: none;">\n                                                                     <a title="\u9648\u660a\u9e4f" href="http://book.jd.com/writer/%E9%99%88%E6%98%8A%E9%B9%8F_1.html" target="_blank"> \u9648\u660a\u9e4f </a>                                        \u8bd1          </span>\n                        </span>\n      <em>|</em>      <span class="p-bi-store">\n                  <a title="\u673a\u68b0\u5de5\u4e1a\u51fa\u7248\u793e" href="http://book.jd.com/publish/%E6%9C%BA%E6%A2%B0%E5%B7%A5%E4%B8%9A%E5%87%BA%E7%89%88%E7%A4%BE_1.html" target="_blank">\u673a\u68b0\u5de5\u4e1a\u51fa\u7248\u793e</a>\n              </span>\n      <em>|</em>      <span class="p-bi-date">\n        2007-06      </span>\n    </div>\n        <div class="p-shop hide" data-score="4" data-reputation="0" data-shopid="" data-done="1"></div>\n    <div class="p-commit"><strong>\u5df2\u6709<a target="_blank" href="http://item.jd.com/10058164.html#comments-list">13284</a>\u4eba\u8bc4\u4ef7</strong></div>\n    <div class="p-shopnum">\n      <span class="curr-shop">\u4eac\u4e1c\u81ea\u8425</span>\n    </div>\n    <div class="p-operate">\n      <a class="p-o-btn focus J_focus" data-sku="10058164" href="javascript:;">\n        <i></i>\u5173\u6ce8\n      </a>\n      <a class="p-o-btn addcart" target="_blank" href="http://gate.jd.com/InitCart.aspx?pid=10058164&amp;pcount=1&amp;ptype=1">\n        <i></i>\u52a0\u5165\u8d2d\u7269\u8f66\n      </a>\n    </div>\n    <div class="p-stock" data-isdeliveryable="5" style="display: none;"></div>\n    <div class="p-service">\u7531 \u4eac\u4e1c \u53d1\u8d27</div>\n    <div class="p-summary">\n      <a href="http://item.jd.com/10058164.html#recommend-editor" target="_blank">\u66f4\u591a&gt;</a>\n    </div>\n    <div class="p-addtocart">\n      <a data-sku="10058164" href="http://gate.jd.com/InitCart.aspx?pid=10058164&amp;pcount=1&amp;ptype=1"><i></i>\u52a0\u5165\u8d2d\u7269\u8f66</a>\n    </div>\n  </div>\n                                        <div class="tab-content-item j-sku-item" data-sku="11311645" venderid="1000004052" jdzy_shop_id="1000004052" ts_venderid="">\n  <div class="p-img">\n    <a target="_blank" href="http://item.jd.com/11311645.html">\n                    <img width="200" height="200" data-img="1" src="//img10.360buyimg.com/n7/g14/M06/0D/12/rBEhVVIgPNgIAAAAAAK9Rjrq1cQAACppgNZ_cEAAr1e362.jpg">\n          </a>\n      </div>\n  <div class="p-price">\n    <strong class="J_price"><em></em><i></i></strong>\n    <div class="p-icons J-pro-icons">\n          </div>\n  </div>\n  <div class="p-name">\n    <a target="_blank" title="" href="http://item.jd.com/11311645.html">\n      <em>JAVA\u7f16\u7a0b\u601d\u60f3+\u7b97\u6cd5\u5bfc\u8bba\uff08\u4eac\u4e1c\u5957\u88c5\u51712\u518c\uff09</em>\n      <i class="promo-words"></i>\n    </a>\n  </div>\n      <div class="p-bookdetails">\n      <span class="p-bi-name">\n                  <span class="author_type_1" style="display: ;">\n                                                       [\u7f8e]                <a title="Bruce  Eckel" href="http://book.jd.com/writer/Bruce%20%20Eckel_1.html" target="_blank"> Bruce  Eckel </a>                                        \u8457          </span>\n                            <span class="author_type_2" style="display: none;">\n                                                                     <a title="\u9648\u660a\u9e4f" href="http://book.jd.com/writer/%E9%99%88%E6%98%8A%E9%B9%8F_1.html" target="_blank"> \u9648\u660a\u9e4f </a>                                        \u8bd1          </span>\n                        </span>\n      <em>|</em>      <span class="p-bi-store">\n                  <a title="\u673a\u68b0\u5de5\u4e1a\u51fa\u7248\u793e" href="http://book.jd.com/publish/%E6%9C%BA%E6%A2%B0%E5%B7%A5%E4%B8%9A%E5%87%BA%E7%89%88%E7%A4%BE_1.html" target="_blank">\u673a\u68b0\u5de5\u4e1a\u51fa\u7248\u793e</a>\n              </span>\n      <em>|</em>      <span class="p-bi-date">\n        2007-06      </span>\n    </div>\n        <div class="p-shop hide" data-score="4" data-reputation="0" data-shopid="" data-done="1"></div>\n    <div class="p-commit"><strong>\u5df2\u6709<a target="_blank" href="http://item.jd.com/11311645.html#comments-list">20731</a>\u4eba\u8bc4\u4ef7</strong></div>\n    <div class="p-shopnum">\n      <span class="curr-shop">\u4eac\u4e1c\u81ea\u8425</span>\n    </div>\n    <div class="p-operate">\n      <a class="p-o-btn focus J_focus" data-sku="11311645" href="javascript:;">\n        <i></i>\u5173\u6ce8\n      </a>\n      <a class="p-o-btn addcart" target="_blank" href="http://gate.jd.com/InitCart.aspx?pid=11311645&amp;pcount=1&amp;ptype=1">\n        <i></i>\u52a0\u5165\u8d2d\u7269\u8f66\n      </a>\n    </div>\n    <div class="p-stock" data-isdeliveryable="5" style="display: none;"></div>\n    <div class="p-service">\u7531 \u4eac\u4e1c \u53d1\u8d27</div>\n    <div class="p-summary">\n      <a href="http://item.jd.com/11311645.html#recommend-editor" target="_blank">\u66f4\u591a&gt;</a>\n    </div>\n    <div class="p-addtocart">\n      <a data-sku="11311645" href="http://gate.jd.com/InitCart.aspx?pid=11311645&amp;pcount=1&amp;ptype=1"><i></i>\u52a0\u5165\u8d2d\u7269\u8f66</a>\n    </div>\n  </div>\n                                        <div class="tab-content-item j-sku-item" data-sku="11339988" venderid="1000004052" jdzy_shop_id="1000004052" ts_venderid="">\n  <div class="p-img">\n    <a target="_blank" href="http://item.jd.com/11339988.html">\n                    <img width="200" height="200" data-img="1" src="//img13.360buyimg.com/n7/g13/M00/12/14/rBEhU1Jo0LUIAAAAAAIS0Hj-jkQAAEiWgOWcZAAAhLo476.jpg">\n          </a>\n      </div>\n  <div class="p-price">\n    <strong class="J_price"><em></em><i></i></strong>\n    <div class="p-icons J-pro-icons">\n          </div>\n  </div>\n  <div class="p-name">\n    <a target="_blank" title="" href="http://item.jd.com/11339988.html">\n      <em>C++ Primer\u4e2d\u6587\u7248 \u7b2c5\u7248+Java\u7f16\u7a0b\u601d\u60f3 \u7b2c4\u7248\uff08\u4eac\u4e1c\u5957\u88c5\u51712\u518c\uff09</em>\n      <i class="promo-words"></i>\n    </a>\n  </div>\n      <div class="p-bookdetails">\n      <span class="p-bi-name">\n                  <span class="author_type_1" style="display: ;">\n                                                       [\u7f8e]                <a title="Bruce  Eckel" href="http://book.jd.com/writer/Bruce%20%20Eckel_1.html" target="_blank"> Bruce  Eckel </a>                                        \u8457          </span>\n                            <span class="author_type_2" style="display: none;">\n                                                                     <a title="\u9648\u660a\u9e4f" href="http://book.jd.com/writer/%E9%99%88%E6%98%8A%E9%B9%8F_1.html" target="_blank"> \u9648\u660a\u9e4f </a>                                        \u8bd1          </span>\n                        </span>\n      <em>|</em>      <span class="p-bi-store">\n                  <a title="\u673a\u68b0\u5de5\u4e1a\u51fa\u7248\u793e" href="http://book.jd.com/publish/%E6%9C%BA%E6%A2%B0%E5%B7%A5%E4%B8%9A%E5%87%BA%E7%89%88%E7%A4%BE_1.html" target="_blank">\u673a\u68b0\u5de5\u4e1a\u51fa\u7248\u793e</a>\n              </span>\n      <em>|</em>      <span class="p-bi-date">\n        2007-06      </span>\n    </div>\n        <div class="p-shop hide" data-score="4" data-reputation="0" data-shopid="" data-done="1"></div>\n    <div class="p-commit"><strong>\u5df2\u6709<a target="_blank" href="http://item.jd.com/11339988.html#comments-list">20447</a>\u4eba\u8bc4\u4ef7</strong></div>\n    <div class="p-shopnum">\n      <span class="curr-shop">\u4eac\u4e1c\u81ea\u8425</span>\n    </div>\n    <div class="p-operate">\n      <a class="p-o-btn focus J_focus" data-sku="11339988" href="javascript:;">\n        <i></i>\u5173\u6ce8\n      </a>\n      <a class="p-o-btn addcart" target="_blank" href="http://gate.jd.com/InitCart.aspx?pid=11339988&amp;pcount=1&amp;ptype=1">\n        <i></i>\u52a0\u5165\u8d2d\u7269\u8f66\n      </a>\n    </div>\n    <div class="p-stock" data-isdeliveryable="5" style="display: none;"></div>\n    <div class="p-service">\u7531 \u4eac\u4e1c \u53d1\u8d27</div>\n    <div class="p-summary">\n      <a href="http://item.jd.com/11339988.html#recommend-editor" target="_blank">\u66f4\u591a&gt;</a>\n    </div>\n    <div class="p-addtocart">\n      <a data-sku="11339988" href="http://gate.jd.com/InitCart.aspx?pid=11339988&amp;pcount=1&amp;ptype=1"><i></i>\u52a0\u5165\u8d2d\u7269\u8f66</a>\n    </div>\n  </div>\n                                  </div>\n              </div>\n            </div>']
2016-01-18 16:46:47 [jd] INFO: !!!!!!!!!!!!!!!!!!!!!!!!
2016-01-18 16:46:47 [jd] INFO: !!!!!!!!!!!!!!!!!!!!!!!!
2016-01-18 16:46:47 [jd] INFO: [u'<div class="gl-i-wrap">\n              <div class="gl-i-tab">\n                <div class="gl-i-tab-trigger">\n                  <span title="Java\u7f16\u7a0b\u601d\u60f3\uff08\u7b2c4\u7248\uff09" class="item selected">\u5355\u4ef6</span>\n                                      <span title="JAVA\u7f16\u7a0b\u601d\u60f3+\u7b97\u6cd5\u5bfc\u8bba\uff08\u4eac\u4e1c\u5957\u88c5\u51712\u518c\uff09" class="item">\u5957\u88c52\u4ef6</span>\n                                      <span title="C++ Primer\u4e2d\u6587\u7248 \u7b2c5\u7248+Java\u7f16\u7a0b\u601d\u60f3 \u7b2c4\u7248\uff08\u4eac\u4e1c\u5957\u88c5\u51712\u518c\uff09" class="item">\u5957\u88c52\u4ef6</span>\n                                  </div>\n                <div class="gl-i-tab-content">\n                                        <div class="tab-content-item tab-cnt-i-selected j-sku-item" data-sku="10058164" venderid="1000004052" jdzy_shop_id="1000004052" ts_venderid="">\n  <div class="p-img">\n    <a target="_blank" href="http://item.jd.com/10058164.html">\n                    <img width="200" height="200" data-img="1" src="//img14.360buyimg.com/n7/jfs/t2191/111/699154754/198998/32d7bfe0/5624b582Nbc01af5b.jpg">\n          </a>\n      </div>\n  <div class="p-price">\n    <strong class="J_price"><em></em><i></i></strong>\n    <div class="p-icons J-pro-icons">\n          </div>\n  </div>\n  <div class="p-name">\n    <a target="_blank" title="" href="http://item.jd.com/10058164.html">\n      <em>Java\u7f16\u7a0b\u601d\u60f3\uff08\u7b2c4\u7248\uff09</em>\n      <i class="promo-words"></i>\n    </a>\n  </div>\n      <div class="p-bookdetails">\n      <span class="p-bi-name">\n                  <span class="author_type_1" style="display: ;">\n                                                       [\u7f8e]                <a title="Bruce  Eckel" href="http://book.jd.com/writer/Bruce%20%20Eckel_1.html" target="_blank"> Bruce  Eckel </a>                                        \u8457          </span>\n                            <span class="author_type_2" style="display: none;">\n                                                                     <a title="\u9648\u660a\u9e4f" href="http://book.jd.com/writer/%E9%99%88%E6%98%8A%E9%B9%8F_1.html" target="_blank"> \u9648\u660a\u9e4f </a>                                        \u8bd1          </span>\n                        </span>\n      <em>|</em>      <span class="p-bi-store">\n                  <a title="\u673a\u68b0\u5de5\u4e1a\u51fa\u7248\u793e" href="http://book.jd.com/publish/%E6%9C%BA%E6%A2%B0%E5%B7%A5%E4%B8%9A%E5%87%BA%E7%89%88%E7%A4%BE_1.html" target="_blank">\u673a\u68b0\u5de5\u4e1a\u51fa\u7248\u793e</a>\n              </span>\n      <em>|</em>      <span class="p-bi-date">\n        2007-06      </span>\n    </div>\n        <div class="p-shop hide" data-score="4" data-reputation="0" data-shopid="" data-done="1"></div>\n    <div class="p-commit"><strong>\u5df2\u6709<a target="_blank" href="http://item.jd.com/10058164.html#comments-list">13284</a>\u4eba\u8bc4\u4ef7</strong></div>\n    <div class="p-shopnum">\n      <span class="curr-shop">\u4eac\u4e1c\u81ea\u8425</span>\n    </div>\n    <div class="p-operate">\n      <a class="p-o-btn focus J_focus" data-sku="10058164" href="javascript:;">\n        <i></i>\u5173\u6ce8\n      </a>\n      <a class="p-o-btn addcart" target="_blank" href="http://gate.jd.com/InitCart.aspx?pid=10058164&amp;pcount=1&amp;ptype=1">\n        <i></i>\u52a0\u5165\u8d2d\u7269\u8f66\n      </a>\n    </div>\n    <div class="p-stock" data-isdeliveryable="5" style="display: none;"></div>\n    <div class="p-service">\u7531 \u4eac\u4e1c \u53d1\u8d27</div>\n    <div class="p-summary">\n      <a href="http://item.jd.com/10058164.html#recommend-editor" target="_blank">\u66f4\u591a&gt;</a>\n    </div>\n    <div class="p-addtocart">\n      <a data-sku="10058164" href="http://gate.jd.com/InitCart.aspx?pid=10058164&amp;pcount=1&amp;ptype=1"><i></i>\u52a0\u5165\u8d2d\u7269\u8f66</a>\n    </div>\n  </div>\n                                        <div class="tab-content-item j-sku-item" data-sku="11311645" venderid="1000004052" jdzy_shop_id="1000004052" ts_venderid="">\n  <div class="p-img">\n    <a target="_blank" href="http://item.jd.com/11311645.html">\n                    <img width="200" height="200" data-img="1" src="//img10.360buyimg.com/n7/g14/M06/0D/12/rBEhVVIgPNgIAAAAAAK9Rjrq1cQAACppgNZ_cEAAr1e362.jpg">\n          </a>\n      </div>\n  <div class="p-price">\n    <strong class="J_price"><em></em><i></i></strong>\n    <div class="p-icons J-pro-icons">\n          </div>\n  </div>\n  <div class="p-name">\n    <a target="_blank" title="" href="http://item.jd.com/11311645.html">\n      <em>JAVA\u7f16\u7a0b\u601d\u60f3+\u7b97\u6cd5\u5bfc\u8bba\uff08\u4eac\u4e1c\u5957\u88c5\u51712\u518c\uff09</em>\n      <i class="promo-words"></i>\n    </a>\n  </div>\n      <div class="p-bookdetails">\n      <span class="p-bi-name">\n                  <span class="author_type_1" style="display: ;">\n                                                       [\u7f8e]                <a title="Bruce  Eckel" href="http://book.jd.com/writer/Bruce%20%20Eckel_1.html" target="_blank"> Bruce  Eckel </a>                                        \u8457          </span>\n                            <span class="author_type_2" style="display: none;">\n                                                                     <a title="\u9648\u660a\u9e4f" href="http://book.jd.com/writer/%E9%99%88%E6%98%8A%E9%B9%8F_1.html" target="_blank"> \u9648\u660a\u9e4f </a>                                        \u8bd1          </span>\n                        </span>\n      <em>|</em>      <span class="p-bi-store">\n                  <a title="\u673a\u68b0\u5de5\u4e1a\u51fa\u7248\u793e" href="http://book.jd.com/publish/%E6%9C%BA%E6%A2%B0%E5%B7%A5%E4%B8%9A%E5%87%BA%E7%89%88%E7%A4%BE_1.html" target="_blank">\u673a\u68b0\u5de5\u4e1a\u51fa\u7248\u793e</a>\n              </span>\n      <em>|</em>      <span class="p-bi-date">\n        2007-06      </span>\n    </div>\n        <div class="p-shop hide" data-score="4" data-reputation="0" data-shopid="" data-done="1"></div>\n    <div class="p-commit"><strong>\u5df2\u6709<a target="_blank" href="http://item.jd.com/11311645.html#comments-list">20731</a>\u4eba\u8bc4\u4ef7</strong></div>\n    <div class="p-shopnum">\n      <span class="curr-shop">\u4eac\u4e1c\u81ea\u8425</span>\n    </div>\n    <div class="p-operate">\n      <a class="p-o-btn focus J_focus" data-sku="11311645" href="javascript:;">\n        <i></i>\u5173\u6ce8\n      </a>\n      <a class="p-o-btn addcart" target="_blank" href="http://gate.jd.com/InitCart.aspx?pid=11311645&amp;pcount=1&amp;ptype=1">\n        <i></i>\u52a0\u5165\u8d2d\u7269\u8f66\n      </a>\n    </div>\n    <div class="p-stock" data-isdeliveryable="5" style="display: none;"></div>\n    <div class="p-service">\u7531 \u4eac\u4e1c \u53d1\u8d27</div>\n    <div class="p-summary">\n      <a href="http://item.jd.com/11311645.html#recommend-editor" target="_blank">\u66f4\u591a&gt;</a>\n    </div>\n    <div class="p-addtocart">\n      <a data-sku="11311645" href="http://gate.jd.com/InitCart.aspx?pid=11311645&amp;pcount=1&amp;ptype=1"><i></i>\u52a0\u5165\u8d2d\u7269\u8f66</a>\n    </div>\n  </div>\n                                        <div class="tab-content-item j-sku-item" data-sku="11339988" venderid="1000004052" jdzy_shop_id="1000004052" ts_venderid="">\n  <div class="p-img">\n    <a target="_blank" href="http://item.jd.com/11339988.html">\n                    <img width="200" height="200" data-img="1" src="//img13.360buyimg.com/n7/g13/M00/12/14/rBEhU1Jo0LUIAAAAAAIS0Hj-jkQAAEiWgOWcZAAAhLo476.jpg">\n          </a>\n      </div>\n  <div class="p-price">\n    <strong class="J_price"><em></em><i></i></strong>\n    <div class="p-icons J-pro-icons">\n          </div>\n  </div>\n  <div class="p-name">\n    <a target="_blank" title="" href="http://item.jd.com/11339988.html">\n      <em>C++ Primer\u4e2d\u6587\u7248 \u7b2c5\u7248+Java\u7f16\u7a0b\u601d\u60f3 \u7b2c4\u7248\uff08\u4eac\u4e1c\u5957\u88c5\u51712\u518c\uff09</em>\n      <i class="promo-words"></i>\n    </a>\n  </div>\n      <div class="p-bookdetails">\n      <span class="p-bi-name">\n                  <span class="author_type_1" style="display: ;">\n                                                       [\u7f8e]                <a title="Bruce  Eckel" href="http://book.jd.com/writer/Bruce%20%20Eckel_1.html" target="_blank"> Bruce  Eckel </a>                                        \u8457          </span>\n                            <span class="author_type_2" style="display: none;">\n                                                                     <a title="\u9648\u660a\u9e4f" href="http://book.jd.com/writer/%E9%99%88%E6%98%8A%E9%B9%8F_1.html" target="_blank"> \u9648\u660a\u9e4f </a>                                        \u8bd1          </span>\n                        </span>\n      <em>|</em>      <span class="p-bi-store">\n                  <a title="\u673a\u68b0\u5de5\u4e1a\u51fa\u7248\u793e" href="http://book.jd.com/publish/%E6%9C%BA%E6%A2%B0%E5%B7%A5%E4%B8%9A%E5%87%BA%E7%89%88%E7%A4%BE_1.html" target="_blank">\u673a\u68b0\u5de5\u4e1a\u51fa\u7248\u793e</a>\n              </span>\n      <em>|</em>      <span class="p-bi-date">\n        2007-06      </span>\n    </div>\n        <div class="p-shop hide" data-score="4" data-reputation="0" data-shopid="" data-done="1"></div>\n    <div class="p-commit"><strong>\u5df2\u6709<a target="_blank" href="http://item.jd.com/11339988.html#comments-list">20447</a>\u4eba\u8bc4\u4ef7</strong></div>\n    <div class="p-shopnum">\n      <span class="curr-shop">\u4eac\u4e1c\u81ea\u8425</span>\n    </div>\n    <div class="p-operate">\n      <a class="p-o-btn focus J_focus" data-sku="11339988" href="javascript:;">\n        <i></i>\u5173\u6ce8\n      </a>\n      <a class="p-o-btn addcart" target="_blank" href="http://gate.jd.com/InitCart.aspx?pid=11339988&amp;pcount=1&amp;ptype=1">\n        <i></i>\u52a0\u5165\u8d2d\u7269\u8f66\n      </a>\n    </div>\n    <div class="p-stock" data-isdeliveryable="5" style="display: none;"></div>\n    <div class="p-service">\u7531 \u4eac\u4e1c \u53d1\u8d27</div>\n    <div class="p-summary">\n      <a href="http://item.jd.com/11339988.html#recommend-editor" target="_blank">\u66f4\u591a&gt;</a>\n    </div>\n    <div class="p-addtocart">\n      <a data-sku="11339988" href="http://gate.jd.com/InitCart.aspx?pid=11339988&amp;pcount=1&amp;ptype=1"><i></i>\u52a0\u5165\u8d2d\u7269\u8f66</a>\n    </div>\n  </div>\n                                  </div>\n              </div>\n            </div>']
2016-01-18 16:46:47 [jd] INFO: !!!!!!!!!!!!!!!!!!!!!!!!
2016-01-18 16:46:47 [jd] INFO: !!!!!!!!!!!!!!!!!!!!!!!!
2016-01-18 16:46:47 [jd] INFO: [u'<div class="gl-i-wrap">\n              <div class="gl-i-tab">\n                <div class="gl-i-tab-trigger">\n                  <span title="\u6df1\u5165\u7406\u89e3Java\u865a\u62df\u673a\uff1aJVM\u9ad8\u7ea7\u7279\u6027\u4e0e\u6700\u4f73\u5b9e\u8df5\uff08\u7b2c2\u7248\uff09" class="item selected">\u5355\u4ef6</span>\n                                      <span title="Java\u865a\u62df\u673a\u5957\u88c5\uff08\u4eac\u4e1c\u5957\u88c5\u51712\u518c\uff09" class="item">\u5957\u88c52\u4ef6</span>\n                                      <span title="\u6df1\u5165\u7406\u89e3Java\u9ad8\u7ea7\u4e3b\u9898\uff1a\u6df1\u5165\u7406\u89e3Java\u865a\u62df\u673a+\u6df1\u5165\u7406\u89e3OSGi\uff08\u4eac\u4e1c\u5957\u88c5\u51712\u518c\uff09" class="item">\u5957\u88c52\u4ef6</span>\n                                      <span title="Java\u9ad8\u7ea7\u4e3b\u9898\uff1aJava\u5b89\u5168\u7f16\u7801\u6807\u51c6+\u6df1\u5165\u7406\u89e3Java\u865a\u62df\u673a\uff08\u7b2c2\u7248\uff09\uff08\u4eac\u4e1c\u5957\u88c5\u51712\u518c\uff09" class="item">\u5957\u88c52\u4ef6</span>\n                                  </div>\n                <div class="gl-i-tab-content">\n                                        <div class="tab-content-item tab-cnt-i-selected j-sku-item" data-sku="11252778" venderid="1000004052" jdzy_shop_id="1000004052" ts_venderid="">\n  <div class="p-img">\n    <a target="_blank" href="http://item.jd.com/11252778.html">\n                    <img width="200" height="200" data-img="1" src="//img13.360buyimg.com/n7/g12/M00/0D/11/rBEQYFGsb1UIAAAAAAOWsjOfTaEAACpKQBilzYAA5bK952.jpg">\n          </a>\n      </div>\n  <div class="p-price">\n    <strong class="J_price"><em></em><i></i></strong>\n    <div class="p-icons J-pro-icons">\n          </div>\n  </div>\n  <div class="p-name">\n    <a target="_blank" title="" href="http://item.jd.com/11252778.html">\n      <em>\u6df1\u5165\u7406\u89e3Java\u865a\u62df\u673a\uff1aJVM\u9ad8\u7ea7\u7279\u6027\u4e0e\u6700\u4f73\u5b9e\u8df5\uff08\u7b2c2\u7248\uff09</em>\n      <i class="promo-words"></i>\n    </a>\n  </div>\n      <div class="p-bookdetails">\n      <span class="p-bi-name">\n                  <span class="author_type_1" style="display: ;">\n                                                                     <a title="\u5468\u5fd7\u660e" href="http://book.jd.com/writer/%E5%91%A8%E5%BF%97%E6%98%8E_1.html" target="_blank"> \u5468\u5fd7\u660e </a>                                        \u8457          </span>\n                        </span>\n      <em>|</em>      <span class="p-bi-store">\n                  <a title="\u673a\u68b0\u5de5\u4e1a\u51fa\u7248\u793e" href="http://book.jd.com/publish/%E6%9C%BA%E6%A2%B0%E5%B7%A5%E4%B8%9A%E5%87%BA%E7%89%88%E7%A4%BE_1.html" target="_blank">\u673a\u68b0\u5de5\u4e1a\u51fa\u7248\u793e</a>\n              </span>\n      <em>|</em>      <span class="p-bi-date">\n        2013-05      </span>\n    </div>\n        <div class="p-shop hide" data-score="4" data-reputation="0" data-shopid="" data-done="1"></div>\n    <div class="p-commit"><strong>\u5df2\u6709<a target="_blank" href="http://item.jd.com/11252778.html#comments-list">3308</a>\u4eba\u8bc4\u4ef7</strong></div>\n    <div class="p-shopnum">\n      <span class="curr-shop">\u4eac\u4e1c\u81ea\u8425</span>\n    </div>\n    <div class="p-operate">\n      <a class="p-o-btn focus J_focus" data-sku="11252778" href="javascript:;">\n        <i></i>\u5173\u6ce8\n      </a>\n      <a class="p-o-btn addcart" target="_blank" href="http://gate.jd.com/InitCart.aspx?pid=11252778&amp;pcount=1&amp;ptype=1">\n        <i></i>\u52a0\u5165\u8d2d\u7269\u8f66\n      </a>\n    </div>\n    <div class="p-stock" data-isdeliveryable="5" style="display: none;"></div>\n    <div class="p-service">\u7531 \u4eac\u4e1c \u53d1\u8d27</div>\n    <div class="p-summary">\n      <a href="http://item.jd.com/11252778.html#recommend-editor" target="_blank">\u66f4\u591a&gt;</a>\n    </div>\n    <div class="p-addtocart">\n      <a data-sku="11252778" href="http://gate.jd.com/InitCart.aspx?pid=11252778&amp;pcount=1&amp;ptype=1"><i></i>\u52a0\u5165\u8d2d\u7269\u8f66</a>\n    </div>\n  </div>\n                                        <div class="tab-content-item j-sku-item" data-sku="11311997" venderid="1000004052" jdzy_shop_id="1000004052" ts_venderid="">\n  <div class="p-img">\n    <a target="_blank" href="http://item.jd.com/11311997.html">\n                    <img width="200" height="200" data-img="1" src="//img12.360buyimg.com/n7/g14/M03/0E/0D/rBEhVVIm1nQIAAAAAAcwEUzMuNoAAC0FQForAwABzAp321.jpg">\n          </a>\n      </div>\n  <div class="p-price">\n    <strong class="J_price"><em></em><i></i></strong>\n    <div class="p-icons J-pro-icons">\n          </div>\n  </div>\n  <div class="p-name">\n    <a target="_blank" title="" href="http://item.jd.com/11311997.html">\n      <em>Java\u865a\u62df\u673a\u5957\u88c5\uff08\u4eac\u4e1c\u5957\u88c5\u51712\u518c\uff09</em>\n      <i class="promo-words"></i>\n    </a>\n  </div>\n      <div class="p-bookdetails">\n      <span class="p-bi-name">\n                  <span class="author_type_1" style="display: ;">\n                                                                     <a title="\u5468\u5fd7\u660e" href="http://book.jd.com/writer/%E5%91%A8%E5%BF%97%E6%98%8E_1.html" target="_blank"> \u5468\u5fd7\u660e </a>                                        \u8457          </span>\n                        </span>\n      <em>|</em>      <span class="p-bi-store">\n                  <a title="\u673a\u68b0\u5de5\u4e1a\u51fa\u7248\u793e" href="http://book.jd.com/publish/%E6%9C%BA%E6%A2%B0%E5%B7%A5%E4%B8%9A%E5%87%BA%E7%89%88%E7%A4%BE_1.html" target="_blank">\u673a\u68b0\u5de5\u4e1a\u51fa\u7248\u793e</a>\n              </span>\n      <em>|</em>      <span class="p-bi-date">\n        2013-05      </span>\n    </div>\n        <div class="p-shop hide" data-score="4" data-reputation="0" data-shopid="" data-done="1"></div>\n    <div class="p-commit"><strong>\u5df2\u6709<a target="_blank" href="http://item.jd.com/11311997.html#comments-list">3514</a>\u4eba\u8bc4\u4ef7</strong></div>\n    <div class="p-shopnum">\n      <span class="curr-shop">\u4eac\u4e1c\u81ea\u8425</span>\n    </div>\n    <div class="p-operate">\n      <a class="p-o-btn focus J_focus" data-sku="11311997" href="javascript:;">\n        <i></i>\u5173\u6ce8\n      </a>\n      <a class="p-o-btn addcart" target="_blank" href="http://gate.jd.com/InitCart.aspx?pid=11311997&amp;pcount=1&amp;ptype=1">\n        <i></i>\u52a0\u5165\u8d2d\u7269\u8f66\n      </a>\n    </div>\n    <div class="p-stock" data-isdeliveryable="5" style="display: none;"></div>\n    <div class="p-service">\u7531 \u4eac\u4e1c \u53d1\u8d27</div>\n    <div class="p-summary">\n      <a href="http://item.jd.com/11311997.html#recommend-editor" target="_blank">\u66f4\u591a&gt;</a>\n    </div>\n    <div class="p-addtocart">\n      <a data-sku="11311997" href="http://gate.jd.com/InitCart.aspx?pid=11311997&amp;pcount=1&amp;ptype=1"><i></i>\u52a0\u5165\u8d2d\u7269\u8f66</a>\n    </div>\n  </div>\n                                        <div class="tab-content-item j-sku-item" data-sku="11312105" venderid="1000004052" jdzy_shop_id="1000004052" ts_venderid="">\n  <div class="p-img">\n    <a target="_blank" href="http://item.jd.com/11312105.html">\n                    <img width="200" height="200" data-img="1" src="//img10.360buyimg.com/n7/g14/M03/0E/0D/rBEhV1Im1n8IAAAAAAeBcl1YVuMAAC0FgBtWzQAB4GK355.jpg">\n          </a>\n      </div>\n  <div class="p-price">\n    <strong class="J_price"><em></em><i></i></strong>\n    <div class="p-icons J-pro-icons">\n          </div>\n  </div>\n  <div class="p-name">\n    <a target="_blank" title="" href="http://item.jd.com/11312105.html">\n      <em>\u6df1\u5165\u7406\u89e3Java\u9ad8\u7ea7\u4e3b\u9898\uff1a\u6df1\u5165\u7406\u89e3Java\u865a\u62df\u673a+\u6df1\u5165\u7406\u89e3OSGi\uff08\u4eac\u4e1c\u5957\u88c5\u51712\u518c\uff09</em>\n      <i class="promo-words"></i>\n    </a>\n  </div>\n      <div class="p-bookdetails">\n      <span class="p-bi-name">\n                  <span class="author_type_1" style="display: ;">\n                                                                     <a title="\u5468\u5fd7\u660e" href="http://book.jd.com/writer/%E5%91%A8%E5%BF%97%E6%98%8E_1.html" target="_blank"> \u5468\u5fd7\u660e </a>                                        \u8457          </span>\n                        </span>\n      <em>|</em>      <span class="p-bi-store">\n                  <a title="\u673a\u68b0\u5de5\u4e1a\u51fa\u7248\u793e" href="http://book.jd.com/publish/%E6%9C%BA%E6%A2%B0%E5%B7%A5%E4%B8%9A%E5%87%BA%E7%89%88%E7%A4%BE_1.html" target="_blank">\u673a\u68b0\u5de5\u4e1a\u51fa\u7248\u793e</a>\n              </span>\n      <em>|</em>      <span class="p-bi-date">\n        2013-05      </span>\n    </div>\n        <div class="p-shop hide" data-score="4" data-reputation="0" data-shopid="" data-done="1"></div>\n    <div class="p-commit"><strong>\u5df2\u6709<a target="_blank" href="http://item.jd.com/11312105.html#comments-list">3600</a>\u4eba\u8bc4\u4ef7</strong></div>\n    <div class="p-shopnum">\n      <span class="curr-shop">\u4eac\u4e1c\u81ea\u8425</span>\n    </div>\n    <div class="p-operate">\n      <a class="p-o-btn focus J_focus" data-sku="11312105" href="javascript:;">\n        <i></i>\u5173\u6ce8\n      </a>\n      <a class="p-o-btn addcart" target="_blank" href="http://gate.jd.com/InitCart.aspx?pid=11312105&amp;pcount=1&amp;ptype=1">\n        <i></i>\u52a0\u5165\u8d2d\u7269\u8f66\n      </a>\n    </div>\n    <div class="p-stock" data-isdeliveryable="5" style="display: none;"></div>\n    <div class="p-service">\u7531 \u4eac\u4e1c \u53d1\u8d27</div>\n    <div class="p-summary">\n      <a href="http://item.jd.com/11312105.html#recommend-editor" target="_blank">\u66f4\u591a&gt;</a>\n    </div>\n    <div class="p-addtocart">\n      <a data-sku="11312105" href="http://gate.jd.com/InitCart.aspx?pid=11312105&amp;pcount=1&amp;ptype=1"><i></i>\u52a0\u5165\u8d2d\u7269\u8f66</a>\n    </div>\n  </div>\n                                        <div class="tab-content-item j-sku-item" data-sku="11312110" venderid="1000004052" jdzy_shop_id="1000004052" ts_venderid="">\n  <div class="p-img">\n    <a target="_blank" href="http://item.jd.com/11312110.html">\n                    <img width="200" height="200" data-img="1" src="//img10.360buyimg.com/n7/g14/M03/0E/0D/rBEhV1Im1n8IAAAAAAcHltD_3_8AAC0FgC-1WoABweu831.jpg">\n          </a>\n      </div>\n  <div class="p-price">\n    <strong class="J_price"><em></em><i></i></strong>\n    <div class="p-icons J-pro-icons">\n          </div>\n  </div>\n  <div class="p-name">\n    <a target="_blank" title="" href="http://item.jd.com/11312110.html">\n      <em>Java\u9ad8\u7ea7\u4e3b\u9898\uff1aJava\u5b89\u5168\u7f16\u7801\u6807\u51c6+\u6df1\u5165\u7406\u89e3Java\u865a\u62df\u673a\uff08\u7b2c2\u7248\uff09\uff08\u4eac\u4e1c\u5957\u88c5\u51712\u518c\uff09</em>\n      <i class="promo-words"></i>\n    </a>\n  </div>\n      <div class="p-bookdetails">\n      <span class="p-bi-name">\n                  <span class="author_type_1" style="display: ;">\n                                                                     <a title="\u5468\u5fd7\u660e" href="http://book.jd.com/writer/%E5%91%A8%E5%BF%97%E6%98%8E_1.html" target="_blank"> \u5468\u5fd7\u660e </a>                                        \u8457          </span>\n                        </span>\n      <em>|</em>      <span class="p-bi-store">\n                  <a title="\u673a\u68b0\u5de5\u4e1a\u51fa\u7248\u793e" href="http://book.jd.com/publish/%E6%9C%BA%E6%A2%B0%E5%B7%A5%E4%B8%9A%E5%87%BA%E7%89%88%E7%A4%BE_1.html" target="_blank">\u673a\u68b0\u5de5\u4e1a\u51fa\u7248\u793e</a>\n              </span>\n      <em>|</em>      <span class="p-bi-date">\n        2013-05      </span>\n    </div>\n        <div class="p-shop hide" data-score="4" data-reputation="0" data-shopid="" data-done="1"></div>\n    <div class="p-commit"><strong>\u5df2\u6709<a target="_blank" href="http://item.jd.com/11312110.html#comments-list">3392</a>\u4eba\u8bc4\u4ef7</strong></div>\n    <div class="p-shopnum">\n      <span class="curr-shop">\u4eac\u4e1c\u81ea\u8425</span>\n    </div>\n    <div class="p-operate">\n      <a class="p-o-btn focus J_focus" data-sku="11312110" href="javascript:;">\n        <i></i>\u5173\u6ce8\n      </a>\n      <a class="p-o-btn addcart" target="_blank" href="http://gate.jd.com/InitCart.aspx?pid=11312110&amp;pcount=1&amp;ptype=1">\n        <i></i>\u52a0\u5165\u8d2d\u7269\u8f66\n      </a>\n    </div>\n    <div class="p-stock" data-isdeliveryable="5" style="display: none;"></div>\n    <div class="p-service">\u7531 \u4eac\u4e1c \u53d1\u8d27</div>\n    <div class="p-summary">\n      <a href="http://item.jd.com/11312110.html#recommend-editor" target="_blank">\u66f4\u591a&gt;</a>\n    </div>\n    <div class="p-addtocart">\n      <a data-sku="11312110" href="http://gate.jd.com/InitCart.aspx?pid=11312110&amp;pcount=1&amp;ptype=1"><i></i>\u52a0\u5165\u8d2d\u7269\u8f66</a>\n    </div>\n  </div>\n                                  </div>\n              </div>\n            </div>']
2016-01-18 16:46:47 [jd] INFO: !!!!!!!!!!!!!!!!!!!!!!!!
2016-01-18 16:46:47 [jd] INFO: !!!!!!!!!!!!!!!!!!!!!!!!
2016-01-18 16:46:47 [jd] INFO: [u'<div class="gl-i-wrap">\n              <div class="gl-i-tab">\n                <div class="gl-i-tab-trigger">\n                  <span title="\u6df1\u5165\u7406\u89e3Java\u865a\u62df\u673a\uff1aJVM\u9ad8\u7ea7\u7279\u6027\u4e0e\u6700\u4f73\u5b9e\u8df5\uff08\u7b2c2\u7248\uff09" class="item selected">\u5355\u4ef6</span>\n                                      <span title="Java\u865a\u62df\u673a\u5957\u88c5\uff08\u4eac\u4e1c\u5957\u88c5\u51712\u518c\uff09" class="item">\u5957\u88c52\u4ef6</span>\n                                      <span title="\u6df1\u5165\u7406\u89e3Java\u9ad8\u7ea7\u4e3b\u9898\uff1a\u6df1\u5165\u7406\u89e3Java\u865a\u62df\u673a+\u6df1\u5165\u7406\u89e3OSGi\uff08\u4eac\u4e1c\u5957\u88c5\u51712\u518c\uff09" class="item">\u5957\u88c52\u4ef6</span>\n                                      <span title="Java\u9ad8\u7ea7\u4e3b\u9898\uff1aJava\u5b89\u5168\u7f16\u7801\u6807\u51c6+\u6df1\u5165\u7406\u89e3Java\u865a\u62df\u673a\uff08\u7b2c2\u7248\uff09\uff08\u4eac\u4e1c\u5957\u88c5\u51712\u518c\uff09" class="item">\u5957\u88c52\u4ef6</span>\n                                  </div>\n                <div class="gl-i-tab-content">\n                                        <div class="tab-content-item tab-cnt-i-selected j-sku-item" data-sku="11252778" venderid="1000004052" jdzy_shop_id="1000004052" ts_venderid="">\n  <div class="p-img">\n    <a target="_blank" href="http://item.jd.com/11252778.html">\n                    <img width="200" height="200" data-img="1" src="//img13.360buyimg.com/n7/g12/M00/0D/11/rBEQYFGsb1UIAAAAAAOWsjOfTaEAACpKQBilzYAA5bK952.jpg">\n          </a>\n      </div>\n  <div class="p-price">\n    <strong class="J_price"><em></em><i></i></strong>\n    <div class="p-icons J-pro-icons">\n          </div>\n  </div>\n  <div class="p-name">\n    <a target="_blank" title="" href="http://item.jd.com/11252778.html">\n      <em>\u6df1\u5165\u7406\u89e3Java\u865a\u62df\u673a\uff1aJVM\u9ad8\u7ea7\u7279\u6027\u4e0e\u6700\u4f73\u5b9e\u8df5\uff08\u7b2c2\u7248\uff09</em>\n      <i class="promo-words"></i>\n    </a>\n  </div>\n      <div class="p-bookdetails">\n      <span class="p-bi-name">\n                  <span class="author_type_1" style="display: ;">\n                                                                     <a title="\u5468\u5fd7\u660e" href="http://book.jd.com/writer/%E5%91%A8%E5%BF%97%E6%98%8E_1.html" target="_blank"> \u5468\u5fd7\u660e </a>                                        \u8457          </span>\n                        </span>\n      <em>|</em>      <span class="p-bi-store">\n                  <a title="\u673a\u68b0\u5de5\u4e1a\u51fa\u7248\u793e" href="http://book.jd.com/publish/%E6%9C%BA%E6%A2%B0%E5%B7%A5%E4%B8%9A%E5%87%BA%E7%89%88%E7%A4%BE_1.html" target="_blank">\u673a\u68b0\u5de5\u4e1a\u51fa\u7248\u793e</a>\n              </span>\n      <em>|</em>      <span class="p-bi-date">\n        2013-05      </span>\n    </div>\n        <div class="p-shop hide" data-score="4" data-reputation="0" data-shopid="" data-done="1"></div>\n    <div class="p-commit"><strong>\u5df2\u6709<a target="_blank" href="http://item.jd.com/11252778.html#comments-list">3308</a>\u4eba\u8bc4\u4ef7</strong></div>\n    <div class="p-shopnum">\n      <span class="curr-shop">\u4eac\u4e1c\u81ea\u8425</span>\n    </div>\n    <div class="p-operate">\n      <a class="p-o-btn focus J_focus" data-sku="11252778" href="javascript:;">\n        <i></i>\u5173\u6ce8\n      </a>\n      <a class="p-o-btn addcart" target="_blank" href="http://gate.jd.com/InitCart.aspx?pid=11252778&amp;pcount=1&amp;ptype=1">\n        <i></i>\u52a0\u5165\u8d2d\u7269\u8f66\n      </a>\n    </div>\n    <div class="p-stock" data-isdeliveryable="5" style="display: none;"></div>\n    <div class="p-service">\u7531 \u4eac\u4e1c \u53d1\u8d27</div>\n    <div class="p-summary">\n      <a href="http://item.jd.com/11252778.html#recommend-editor" target="_blank">\u66f4\u591a&gt;</a>\n    </div>\n    <div class="p-addtocart">\n      <a data-sku="11252778" href="http://gate.jd.com/InitCart.aspx?pid=11252778&amp;pcount=1&amp;ptype=1"><i></i>\u52a0\u5165\u8d2d\u7269\u8f66</a>\n    </div>\n  </div>\n                                        <div class="tab-content-item j-sku-item" data-sku="11311997" venderid="1000004052" jdzy_shop_id="1000004052" ts_venderid="">\n  <div class="p-img">\n    <a target="_blank" href="http://item.jd.com/11311997.html">\n                    <img width="200" height="200" data-img="1" src="//img12.360buyimg.com/n7/g14/M03/0E/0D/rBEhVVIm1nQIAAAAAAcwEUzMuNoAAC0FQForAwABzAp321.jpg">\n          </a>\n      </div>\n  <div class="p-price">\n    <strong class="J_price"><em></em><i></i></strong>\n    <div class="p-icons J-pro-icons">\n          </div>\n  </div>\n  <div class="p-name">\n    <a target="_blank" title="" href="http://item.jd.com/11311997.html">\n      <em>Java\u865a\u62df\u673a\u5957\u88c5\uff08\u4eac\u4e1c\u5957\u88c5\u51712\u518c\uff09</em>\n      <i class="promo-words"></i>\n    </a>\n  </div>\n      <div class="p-bookdetails">\n      <span class="p-bi-name">\n                  <span class="author_type_1" style="display: ;">\n                                                                     <a title="\u5468\u5fd7\u660e" href="http://book.jd.com/writer/%E5%91%A8%E5%BF%97%E6%98%8E_1.html" target="_blank"> \u5468\u5fd7\u660e </a>                                        \u8457          </span>\n                        </span>\n      <em>|</em>      <span class="p-bi-store">\n                  <a title="\u673a\u68b0\u5de5\u4e1a\u51fa\u7248\u793e" href="http://book.jd.com/publish/%E6%9C%BA%E6%A2%B0%E5%B7%A5%E4%B8%9A%E5%87%BA%E7%89%88%E7%A4%BE_1.html" target="_blank">\u673a\u68b0\u5de5\u4e1a\u51fa\u7248\u793e</a>\n              </span>\n      <em>|</em>      <span class="p-bi-date">\n        2013-05      </span>\n    </div>\n        <div class="p-shop hide" data-score="4" data-reputation="0" data-shopid="" data-done="1"></div>\n    <div class="p-commit"><strong>\u5df2\u6709<a target="_blank" href="http://item.jd.com/11311997.html#comments-list">3514</a>\u4eba\u8bc4\u4ef7</strong></div>\n    <div class="p-shopnum">\n      <span class="curr-shop">\u4eac\u4e1c\u81ea\u8425</span>\n    </div>\n    <div class="p-operate">\n      <a class="p-o-btn focus J_focus" data-sku="11311997" href="javascript:;">\n        <i></i>\u5173\u6ce8\n      </a>\n      <a class="p-o-btn addcart" target="_blank" href="http://gate.jd.com/InitCart.aspx?pid=11311997&amp;pcount=1&amp;ptype=1">\n        <i></i>\u52a0\u5165\u8d2d\u7269\u8f66\n      </a>\n    </div>\n    <div class="p-stock" data-isdeliveryable="5" style="display: none;"></div>\n    <div class="p-service">\u7531 \u4eac\u4e1c \u53d1\u8d27</div>\n    <div class="p-summary">\n      <a href="http://item.jd.com/11311997.html#recommend-editor" target="_blank">\u66f4\u591a&gt;</a>\n    </div>\n    <div class="p-addtocart">\n      <a data-sku="11311997" href="http://gate.jd.com/InitCart.aspx?pid=11311997&amp;pcount=1&amp;ptype=1"><i></i>\u52a0\u5165\u8d2d\u7269\u8f66</a>\n    </div>\n  </div>\n                                        <div class="tab-content-item j-sku-item" data-sku="11312105" venderid="1000004052" jdzy_shop_id="1000004052" ts_venderid="">\n  <div class="p-img">\n    <a target="_blank" href="http://item.jd.com/11312105.html">\n                    <img width="200" height="200" data-img="1" src="//img10.360buyimg.com/n7/g14/M03/0E/0D/rBEhV1Im1n8IAAAAAAeBcl1YVuMAAC0FgBtWzQAB4GK355.jpg">\n          </a>\n      </div>\n  <div class="p-price">\n    <strong class="J_price"><em></em><i></i></strong>\n    <div class="p-icons J-pro-icons">\n          </div>\n  </div>\n  <div class="p-name">\n    <a target="_blank" title="" href="http://item.jd.com/11312105.html">\n      <em>\u6df1\u5165\u7406\u89e3Java\u9ad8\u7ea7\u4e3b\u9898\uff1a\u6df1\u5165\u7406\u89e3Java\u865a\u62df\u673a+\u6df1\u5165\u7406\u89e3OSGi\uff08\u4eac\u4e1c\u5957\u88c5\u51712\u518c\uff09</em>\n      <i class="promo-words"></i>\n    </a>\n  </div>\n      <div class="p-bookdetails">\n      <span class="p-bi-name">\n                  <span class="author_type_1" style="display: ;">\n                                                                     <a title="\u5468\u5fd7\u660e" href="http://book.jd.com/writer/%E5%91%A8%E5%BF%97%E6%98%8E_1.html" target="_blank"> \u5468\u5fd7\u660e </a>                                        \u8457          </span>\n                        </span>\n      <em>|</em>      <span class="p-bi-store">\n                  <a title="\u673a\u68b0\u5de5\u4e1a\u51fa\u7248\u793e" href="http://book.jd.com/publish/%E6%9C%BA%E6%A2%B0%E5%B7%A5%E4%B8%9A%E5%87%BA%E7%89%88%E7%A4%BE_1.html" target="_blank">\u673a\u68b0\u5de5\u4e1a\u51fa\u7248\u793e</a>\n              </span>\n      <em>|</em>      <span class="p-bi-date">\n        2013-05      </span>\n    </div>\n        <div class="p-shop hide" data-score="4" data-reputation="0" data-shopid="" data-done="1"></div>\n    <div class="p-commit"><strong>\u5df2\u6709<a target="_blank" href="http://item.jd.com/11312105.html#comments-list">3600</a>\u4eba\u8bc4\u4ef7</strong></div>\n    <div class="p-shopnum">\n      <span class="curr-shop">\u4eac\u4e1c\u81ea\u8425</span>\n    </div>\n    <div class="p-operate">\n      <a class="p-o-btn focus J_focus" data-sku="11312105" href="javascript:;">\n        <i></i>\u5173\u6ce8\n      </a>\n      <a class="p-o-btn addcart" target="_blank" href="http://gate.jd.com/InitCart.aspx?pid=11312105&amp;pcount=1&amp;ptype=1">\n        <i></i>\u52a0\u5165\u8d2d\u7269\u8f66\n      </a>\n    </div>\n    <div class="p-stock" data-isdeliveryable="5" style="display: none;"></div>\n    <div class="p-service">\u7531 \u4eac\u4e1c \u53d1\u8d27</div>\n    <div class="p-summary">\n      <a href="http://item.jd.com/11312105.html#recommend-editor" target="_blank">\u66f4\u591a&gt;</a>\n    </div>\n    <div class="p-addtocart">\n      <a data-sku="11312105" href="http://gate.jd.com/InitCart.aspx?pid=11312105&amp;pcount=1&amp;ptype=1"><i></i>\u52a0\u5165\u8d2d\u7269\u8f66</a>\n    </div>\n  </div>\n                                        <div class="tab-content-item j-sku-item" data-sku="11312110" venderid="1000004052" jdzy_shop_id="1000004052" ts_venderid="">\n  <div class="p-img">\n    <a target="_blank" href="http://item.jd.com/11312110.html">\n                    <img width="200" height="200" data-img="1" src="//img10.360buyimg.com/n7/g14/M03/0E/0D/rBEhV1Im1n8IAAAAAAcHltD_3_8AAC0FgC-1WoABweu831.jpg">\n          </a>\n      </div>\n  <div class="p-price">\n    <strong class="J_price"><em></em><i></i></strong>\n    <div class="p-icons J-pro-icons">\n          </div>\n  </div>\n  <div class="p-name">\n    <a target="_blank" title="" href="http://item.jd.com/11312110.html">\n      <em>Java\u9ad8\u7ea7\u4e3b\u9898\uff1aJava\u5b89\u5168\u7f16\u7801\u6807\u51c6+\u6df1\u5165\u7406\u89e3Java\u865a\u62df\u673a\uff08\u7b2c2\u7248\uff09\uff08\u4eac\u4e1c\u5957\u88c5\u51712\u518c\uff09</em>\n      <i class="promo-words"></i>\n    </a>\n  </div>\n      <div class="p-bookdetails">\n      <span class="p-bi-name">\n                  <span class="author_type_1" style="display: ;">\n                                                                     <a title="\u5468\u5fd7\u660e" href="http://book.jd.com/writer/%E5%91%A8%E5%BF%97%E6%98%8E_1.html" target="_blank"> \u5468\u5fd7\u660e </a>                                        \u8457          </span>\n                        </span>\n      <em>|</em>      <span class="p-bi-store">\n                  <a title="\u673a\u68b0\u5de5\u4e1a\u51fa\u7248\u793e" href="http://book.jd.com/publish/%E6%9C%BA%E6%A2%B0%E5%B7%A5%E4%B8%9A%E5%87%BA%E7%89%88%E7%A4%BE_1.html" target="_blank">\u673a\u68b0\u5de5\u4e1a\u51fa\u7248\u793e</a>\n              </span>\n      <em>|</em>      <span class="p-bi-date">\n        2013-05      </span>\n    </div>\n        <div class="p-shop hide" data-score="4" data-reputation="0" data-shopid="" data-done="1"></div>\n    <div class="p-commit"><strong>\u5df2\u6709<a target="_blank" href="http://item.jd.com/11312110.html#comments-list">3392</a>\u4eba\u8bc4\u4ef7</strong></div>\n    <div class="p-shopnum">\n      <span class="curr-shop">\u4eac\u4e1c\u81ea\u8425</span>\n    </div>\n    <div class="p-operate">\n      <a class="p-o-btn focus J_focus" data-sku="11312110" href="javascript:;">\n        <i></i>\u5173\u6ce8\n      </a>\n      <a class="p-o-btn addcart" target="_blank" href="http://gate.jd.com/InitCart.aspx?pid=11312110&amp;pcount=1&amp;ptype=1">\n        <i></i>\u52a0\u5165\u8d2d\u7269\u8f66\n      </a>\n    </div>\n    <div class="p-stock" data-isdeliveryable="5" style="display: none;"></div>\n    <div class="p-service">\u7531 \u4eac\u4e1c \u53d1\u8d27</div>\n    <div class="p-summary">\n      <a href="http://item.jd.com/11312110.html#recommend-editor" target="_blank">\u66f4\u591a&gt;</a>\n    </div>\n    <div class="p-addtocart">\n      <a data-sku="11312110" href="http://gate.jd.com/InitCart.aspx?pid=11312110&amp;pcount=1&amp;ptype=1"><i></i>\u52a0\u5165\u8d2d\u7269\u8f66</a>\n    </div>\n  </div>\n                                  </div>\n              </div>\n            </div>']
2016-01-18 16:46:47 [jd] INFO: !!!!!!!!!!!!!!!!!!!!!!!!
2016-01-18 16:46:47 [jd] INFO: !!!!!!!!!!!!!!!!!!!!!!!!
2016-01-18 16:46:47 [jd] INFO: [u'<div class="gl-i-wrap">\n              <div class="gl-i-tab">\n                <div class="gl-i-tab-trigger">\n                  <span title="\u6df1\u5165\u7406\u89e3Java\u865a\u62df\u673a\uff1aJVM\u9ad8\u7ea7\u7279\u6027\u4e0e\u6700\u4f73\u5b9e\u8df5\uff08\u7b2c2\u7248\uff09" class="item selected">\u5355\u4ef6</span>\n                                      <span title="Java\u865a\u62df\u673a\u5957\u88c5\uff08\u4eac\u4e1c\u5957\u88c5\u51712\u518c\uff09" class="item">\u5957\u88c52\u4ef6</span>\n                                      <span title="\u6df1\u5165\u7406\u89e3Java\u9ad8\u7ea7\u4e3b\u9898\uff1a\u6df1\u5165\u7406\u89e3Java\u865a\u62df\u673a+\u6df1\u5165\u7406\u89e3OSGi\uff08\u4eac\u4e1c\u5957\u88c5\u51712\u518c\uff09" class="item">\u5957\u88c52\u4ef6</span>\n                                      <span title="Java\u9ad8\u7ea7\u4e3b\u9898\uff1aJava\u5b89\u5168\u7f16\u7801\u6807\u51c6+\u6df1\u5165\u7406\u89e3Java\u865a\u62df\u673a\uff08\u7b2c2\u7248\uff09\uff08\u4eac\u4e1c\u5957\u88c5\u51712\u518c\uff09" class="item">\u5957\u88c52\u4ef6</span>\n                                  </div>\n                <div class="gl-i-tab-content">\n                                        <div class="tab-content-item tab-cnt-i-selected j-sku-item" data-sku="11252778" venderid="1000004052" jdzy_shop_id="1000004052" ts_venderid="">\n  <div class="p-img">\n    <a target="_blank" href="http://item.jd.com/11252778.html">\n                    <img width="200" height="200" data-img="1" src="//img13.360buyimg.com/n7/g12/M00/0D/11/rBEQYFGsb1UIAAAAAAOWsjOfTaEAACpKQBilzYAA5bK952.jpg">\n          </a>\n      </div>\n  <div class="p-price">\n    <strong class="J_price"><em></em><i></i></strong>\n    <div class="p-icons J-pro-icons">\n          </div>\n  </div>\n  <div class="p-name">\n    <a target="_blank" title="" href="http://item.jd.com/11252778.html">\n      <em>\u6df1\u5165\u7406\u89e3Java\u865a\u62df\u673a\uff1aJVM\u9ad8\u7ea7\u7279\u6027\u4e0e\u6700\u4f73\u5b9e\u8df5\uff08\u7b2c2\u7248\uff09</em>\n      <i class="promo-words"></i>\n    </a>\n  </div>\n      <div class="p-bookdetails">\n      <span class="p-bi-name">\n                  <span class="author_type_1" style="display: ;">\n                                                                     <a title="\u5468\u5fd7\u660e" href="http://book.jd.com/writer/%E5%91%A8%E5%BF%97%E6%98%8E_1.html" target="_blank"> \u5468\u5fd7\u660e </a>                                        \u8457          </span>\n                        </span>\n      <em>|</em>      <span class="p-bi-store">\n                  <a title="\u673a\u68b0\u5de5\u4e1a\u51fa\u7248\u793e" href="http://book.jd.com/publish/%E6%9C%BA%E6%A2%B0%E5%B7%A5%E4%B8%9A%E5%87%BA%E7%89%88%E7%A4%BE_1.html" target="_blank">\u673a\u68b0\u5de5\u4e1a\u51fa\u7248\u793e</a>\n              </span>\n      <em>|</em>      <span class="p-bi-date">\n        2013-05      </span>\n    </div>\n        <div class="p-shop hide" data-score="4" data-reputation="0" data-shopid="" data-done="1"></div>\n    <div class="p-commit"><strong>\u5df2\u6709<a target="_blank" href="http://item.jd.com/11252778.html#comments-list">3308</a>\u4eba\u8bc4\u4ef7</strong></div>\n    <div class="p-shopnum">\n      <span class="curr-shop">\u4eac\u4e1c\u81ea\u8425</span>\n    </div>\n    <div class="p-operate">\n      <a class="p-o-btn focus J_focus" data-sku="11252778" href="javascript:;">\n        <i></i>\u5173\u6ce8\n      </a>\n      <a class="p-o-btn addcart" target="_blank" href="http://gate.jd.com/InitCart.aspx?pid=11252778&amp;pcount=1&amp;ptype=1">\n        <i></i>\u52a0\u5165\u8d2d\u7269\u8f66\n      </a>\n    </div>\n    <div class="p-stock" data-isdeliveryable="5" style="display: none;"></div>\n    <div class="p-service">\u7531 \u4eac\u4e1c \u53d1\u8d27</div>\n    <div class="p-summary">\n      <a href="http://item.jd.com/11252778.html#recommend-editor" target="_blank">\u66f4\u591a&gt;</a>\n    </div>\n    <div class="p-addtocart">\n      <a data-sku="11252778" href="http://gate.jd.com/InitCart.aspx?pid=11252778&amp;pcount=1&amp;ptype=1"><i></i>\u52a0\u5165\u8d2d\u7269\u8f66</a>\n    </div>\n  </div>\n                                        <div class="tab-content-item j-sku-item" data-sku="11311997" venderid="1000004052" jdzy_shop_id="1000004052" ts_venderid="">\n  <div class="p-img">\n    <a target="_blank" href="http://item.jd.com/11311997.html">\n                    <img width="200" height="200" data-img="1" src="//img12.360buyimg.com/n7/g14/M03/0E/0D/rBEhVVIm1nQIAAAAAAcwEUzMuNoAAC0FQForAwABzAp321.jpg">\n          </a>\n      </div>\n  <div class="p-price">\n    <strong class="J_price"><em></em><i></i></strong>\n    <div class="p-icons J-pro-icons">\n          </div>\n  </div>\n  <div class="p-name">\n    <a target="_blank" title="" href="http://item.jd.com/11311997.html">\n      <em>Java\u865a\u62df\u673a\u5957\u88c5\uff08\u4eac\u4e1c\u5957\u88c5\u51712\u518c\uff09</em>\n      <i class="promo-words"></i>\n    </a>\n  </div>\n      <div class="p-bookdetails">\n      <span class="p-bi-name">\n                  <span class="author_type_1" style="display: ;">\n                                                                     <a title="\u5468\u5fd7\u660e" href="http://book.jd.com/writer/%E5%91%A8%E5%BF%97%E6%98%8E_1.html" target="_blank"> \u5468\u5fd7\u660e </a>                                        \u8457          </span>\n                        </span>\n      <em>|</em>      <span class="p-bi-store">\n                  <a title="\u673a\u68b0\u5de5\u4e1a\u51fa\u7248\u793e" href="http://book.jd.com/publish/%E6%9C%BA%E6%A2%B0%E5%B7%A5%E4%B8%9A%E5%87%BA%E7%89%88%E7%A4%BE_1.html" target="_blank">\u673a\u68b0\u5de5\u4e1a\u51fa\u7248\u793e</a>\n              </span>\n      <em>|</em>      <span class="p-bi-date">\n        2013-05      </span>\n    </div>\n        <div class="p-shop hide" data-score="4" data-reputation="0" data-shopid="" data-done="1"></div>\n    <div class="p-commit"><strong>\u5df2\u6709<a target="_blank" href="http://item.jd.com/11311997.html#comments-list">3514</a>\u4eba\u8bc4\u4ef7</strong></div>\n    <div class="p-shopnum">\n      <span class="curr-shop">\u4eac\u4e1c\u81ea\u8425</span>\n    </div>\n    <div class="p-operate">\n      <a class="p-o-btn focus J_focus" data-sku="11311997" href="javascript:;">\n        <i></i>\u5173\u6ce8\n      </a>\n      <a class="p-o-btn addcart" target="_blank" href="http://gate.jd.com/InitCart.aspx?pid=11311997&amp;pcount=1&amp;ptype=1">\n        <i></i>\u52a0\u5165\u8d2d\u7269\u8f66\n      </a>\n    </div>\n    <div class="p-stock" data-isdeliveryable="5" style="display: none;"></div>\n    <div class="p-service">\u7531 \u4eac\u4e1c \u53d1\u8d27</div>\n    <div class="p-summary">\n      <a href="http://item.jd.com/11311997.html#recommend-editor" target="_blank">\u66f4\u591a&gt;</a>\n    </div>\n    <div class="p-addtocart">\n      <a data-sku="11311997" href="http://gate.jd.com/InitCart.aspx?pid=11311997&amp;pcount=1&amp;ptype=1"><i></i>\u52a0\u5165\u8d2d\u7269\u8f66</a>\n    </div>\n  </div>\n                                        <div class="tab-content-item j-sku-item" data-sku="11312105" venderid="1000004052" jdzy_shop_id="1000004052" ts_venderid="">\n  <div class="p-img">\n    <a target="_blank" href="http://item.jd.com/11312105.html">\n                    <img width="200" height="200" data-img="1" src="//img10.360buyimg.com/n7/g14/M03/0E/0D/rBEhV1Im1n8IAAAAAAeBcl1YVuMAAC0FgBtWzQAB4GK355.jpg">\n          </a>\n      </div>\n  <div class="p-price">\n    <strong class="J_price"><em></em><i></i></strong>\n    <div class="p-icons J-pro-icons">\n          </div>\n  </div>\n  <div class="p-name">\n    <a target="_blank" title="" href="http://item.jd.com/11312105.html">\n      <em>\u6df1\u5165\u7406\u89e3Java\u9ad8\u7ea7\u4e3b\u9898\uff1a\u6df1\u5165\u7406\u89e3Java\u865a\u62df\u673a+\u6df1\u5165\u7406\u89e3OSGi\uff08\u4eac\u4e1c\u5957\u88c5\u51712\u518c\uff09</em>\n      <i class="promo-words"></i>\n    </a>\n  </div>\n      <div class="p-bookdetails">\n      <span class="p-bi-name">\n                  <span class="author_type_1" style="display: ;">\n                                                                     <a title="\u5468\u5fd7\u660e" href="http://book.jd.com/writer/%E5%91%A8%E5%BF%97%E6%98%8E_1.html" target="_blank"> \u5468\u5fd7\u660e </a>                                        \u8457          </span>\n                        </span>\n      <em>|</em>      <span class="p-bi-store">\n                  <a title="\u673a\u68b0\u5de5\u4e1a\u51fa\u7248\u793e" href="http://book.jd.com/publish/%E6%9C%BA%E6%A2%B0%E5%B7%A5%E4%B8%9A%E5%87%BA%E7%89%88%E7%A4%BE_1.html" target="_blank">\u673a\u68b0\u5de5\u4e1a\u51fa\u7248\u793e</a>\n              </span>\n      <em>|</em>      <span class="p-bi-date">\n        2013-05      </span>\n    </div>\n        <div class="p-shop hide" data-score="4" data-reputation="0" data-shopid="" data-done="1"></div>\n    <div class="p-commit"><strong>\u5df2\u6709<a target="_blank" href="http://item.jd.com/11312105.html#comments-list">3600</a>\u4eba\u8bc4\u4ef7</strong></div>\n    <div class="p-shopnum">\n      <span class="curr-shop">\u4eac\u4e1c\u81ea\u8425</span>\n    </div>\n    <div class="p-operate">\n      <a class="p-o-btn focus J_focus" data-sku="11312105" href="javascript:;">\n        <i></i>\u5173\u6ce8\n      </a>\n      <a class="p-o-btn addcart" target="_blank" href="http://gate.jd.com/InitCart.aspx?pid=11312105&amp;pcount=1&amp;ptype=1">\n        <i></i>\u52a0\u5165\u8d2d\u7269\u8f66\n      </a>\n    </div>\n    <div class="p-stock" data-isdeliveryable="5" style="display: none;"></div>\n    <div class="p-service">\u7531 \u4eac\u4e1c \u53d1\u8d27</div>\n    <div class="p-summary">\n      <a href="http://item.jd.com/11312105.html#recommend-editor" target="_blank">\u66f4\u591a&gt;</a>\n    </div>\n    <div class="p-addtocart">\n      <a data-sku="11312105" href="http://gate.jd.com/InitCart.aspx?pid=11312105&amp;pcount=1&amp;ptype=1"><i></i>\u52a0\u5165\u8d2d\u7269\u8f66</a>\n    </div>\n  </div>\n                                        <div class="tab-content-item j-sku-item" data-sku="11312110" venderid="1000004052" jdzy_shop_id="1000004052" ts_venderid="">\n  <div class="p-img">\n    <a target="_blank" href="http://item.jd.com/11312110.html">\n                    <img width="200" height="200" data-img="1" src="//img10.360buyimg.com/n7/g14/M03/0E/0D/rBEhV1Im1n8IAAAAAAcHltD_3_8AAC0FgC-1WoABweu831.jpg">\n          </a>\n      </div>\n  <div class="p-price">\n    <strong class="J_price"><em></em><i></i></strong>\n    <div class="p-icons J-pro-icons">\n          </div>\n  </div>\n  <div class="p-name">\n    <a target="_blank" title="" href="http://item.jd.com/11312110.html">\n      <em>Java\u9ad8\u7ea7\u4e3b\u9898\uff1aJava\u5b89\u5168\u7f16\u7801\u6807\u51c6+\u6df1\u5165\u7406\u89e3Java\u865a\u62df\u673a\uff08\u7b2c2\u7248\uff09\uff08\u4eac\u4e1c\u5957\u88c5\u51712\u518c\uff09</em>\n      <i class="promo-words"></i>\n    </a>\n  </div>\n      <div class="p-bookdetails">\n      <span class="p-bi-name">\n                  <span class="author_type_1" style="display: ;">\n                                                                     <a title="\u5468\u5fd7\u660e" href="http://book.jd.com/writer/%E5%91%A8%E5%BF%97%E6%98%8E_1.html" target="_blank"> \u5468\u5fd7\u660e </a>                                        \u8457          </span>\n                        </span>\n      <em>|</em>      <span class="p-bi-store">\n                  <a title="\u673a\u68b0\u5de5\u4e1a\u51fa\u7248\u793e" href="http://book.jd.com/publish/%E6%9C%BA%E6%A2%B0%E5%B7%A5%E4%B8%9A%E5%87%BA%E7%89%88%E7%A4%BE_1.html" target="_blank">\u673a\u68b0\u5de5\u4e1a\u51fa\u7248\u793e</a>\n              </span>\n      <em>|</em>      <span class="p-bi-date">\n        2013-05      </span>\n    </div>\n        <div class="p-shop hide" data-score="4" data-reputation="0" data-shopid="" data-done="1"></div>\n    <div class="p-commit"><strong>\u5df2\u6709<a target="_blank" href="http://item.jd.com/11312110.html#comments-list">3392</a>\u4eba\u8bc4\u4ef7</strong></div>\n    <div class="p-shopnum">\n      <span class="curr-shop">\u4eac\u4e1c\u81ea\u8425</span>\n    </div>\n    <div class="p-operate">\n      <a class="p-o-btn focus J_focus" data-sku="11312110" href="javascript:;">\n        <i></i>\u5173\u6ce8\n      </a>\n      <a class="p-o-btn addcart" target="_blank" href="http://gate.jd.com/InitCart.aspx?pid=11312110&amp;pcount=1&amp;ptype=1">\n        <i></i>\u52a0\u5165\u8d2d\u7269\u8f66\n      </a>\n    </div>\n    <div class="p-stock" data-isdeliveryable="5" style="display: none;"></div>\n    <div class="p-service">\u7531 \u4eac\u4e1c \u53d1\u8d27</div>\n    <div class="p-summary">\n      <a href="http://item.jd.com/11312110.html#recommend-editor" target="_blank">\u66f4\u591a&gt;</a>\n    </div>\n    <div class="p-addtocart">\n      <a data-sku="11312110" href="http://gate.jd.com/InitCart.aspx?pid=11312110&amp;pcount=1&amp;ptype=1"><i></i>\u52a0\u5165\u8d2d\u7269\u8f66</a>\n    </div>\n  </div>\n                                  </div>\n              </div>\n            </div>']
2016-01-18 16:46:47 [jd] INFO: !!!!!!!!!!!!!!!!!!!!!!!!
2016-01-18 16:46:47 [jd] INFO: !!!!!!!!!!!!!!!!!!!!!!!!
2016-01-18 16:46:47 [jd] INFO: [u'<div class="gl-i-wrap">\n              <div class="gl-i-tab">\n                <div class="gl-i-tab-trigger">\n                  <span title="\u6df1\u5165\u7406\u89e3Java\u865a\u62df\u673a\uff1aJVM\u9ad8\u7ea7\u7279\u6027\u4e0e\u6700\u4f73\u5b9e\u8df5\uff08\u7b2c2\u7248\uff09" class="item selected">\u5355\u4ef6</span>\n                                      <span title="Java\u865a\u62df\u673a\u5957\u88c5\uff08\u4eac\u4e1c\u5957\u88c5\u51712\u518c\uff09" class="item">\u5957\u88c52\u4ef6</span>\n                                      <span title="\u6df1\u5165\u7406\u89e3Java\u9ad8\u7ea7\u4e3b\u9898\uff1a\u6df1\u5165\u7406\u89e3Java\u865a\u62df\u673a+\u6df1\u5165\u7406\u89e3OSGi\uff08\u4eac\u4e1c\u5957\u88c5\u51712\u518c\uff09" class="item">\u5957\u88c52\u4ef6</span>\n                                      <span title="Java\u9ad8\u7ea7\u4e3b\u9898\uff1aJava\u5b89\u5168\u7f16\u7801\u6807\u51c6+\u6df1\u5165\u7406\u89e3Java\u865a\u62df\u673a\uff08\u7b2c2\u7248\uff09\uff08\u4eac\u4e1c\u5957\u88c5\u51712\u518c\uff09" class="item">\u5957\u88c52\u4ef6</span>\n                                  </div>\n                <div class="gl-i-tab-content">\n                                        <div class="tab-content-item tab-cnt-i-selected j-sku-item" data-sku="11252778" venderid="1000004052" jdzy_shop_id="1000004052" ts_venderid="">\n  <div class="p-img">\n    <a target="_blank" href="http://item.jd.com/11252778.html">\n                    <img width="200" height="200" data-img="1" src="//img13.360buyimg.com/n7/g12/M00/0D/11/rBEQYFGsb1UIAAAAAAOWsjOfTaEAACpKQBilzYAA5bK952.jpg">\n          </a>\n      </div>\n  <div class="p-price">\n    <strong class="J_price"><em></em><i></i></strong>\n    <div class="p-icons J-pro-icons">\n          </div>\n  </div>\n  <div class="p-name">\n    <a target="_blank" title="" href="http://item.jd.com/11252778.html">\n      <em>\u6df1\u5165\u7406\u89e3Java\u865a\u62df\u673a\uff1aJVM\u9ad8\u7ea7\u7279\u6027\u4e0e\u6700\u4f73\u5b9e\u8df5\uff08\u7b2c2\u7248\uff09</em>\n      <i class="promo-words"></i>\n    </a>\n  </div>\n      <div class="p-bookdetails">\n      <span class="p-bi-name">\n                  <span class="author_type_1" style="display: ;">\n                                                                     <a title="\u5468\u5fd7\u660e" href="http://book.jd.com/writer/%E5%91%A8%E5%BF%97%E6%98%8E_1.html" target="_blank"> \u5468\u5fd7\u660e </a>                                        \u8457          </span>\n                        </span>\n      <em>|</em>      <span class="p-bi-store">\n                  <a title="\u673a\u68b0\u5de5\u4e1a\u51fa\u7248\u793e" href="http://book.jd.com/publish/%E6%9C%BA%E6%A2%B0%E5%B7%A5%E4%B8%9A%E5%87%BA%E7%89%88%E7%A4%BE_1.html" target="_blank">\u673a\u68b0\u5de5\u4e1a\u51fa\u7248\u793e</a>\n              </span>\n      <em>|</em>      <span class="p-bi-date">\n        2013-05      </span>\n    </div>\n        <div class="p-shop hide" data-score="4" data-reputation="0" data-shopid="" data-done="1"></div>\n    <div class="p-commit"><strong>\u5df2\u6709<a target="_blank" href="http://item.jd.com/11252778.html#comments-list">3308</a>\u4eba\u8bc4\u4ef7</strong></div>\n    <div class="p-shopnum">\n      <span class="curr-shop">\u4eac\u4e1c\u81ea\u8425</span>\n    </div>\n    <div class="p-operate">\n      <a class="p-o-btn focus J_focus" data-sku="11252778" href="javascript:;">\n        <i></i>\u5173\u6ce8\n      </a>\n      <a class="p-o-btn addcart" target="_blank" href="http://gate.jd.com/InitCart.aspx?pid=11252778&amp;pcount=1&amp;ptype=1">\n        <i></i>\u52a0\u5165\u8d2d\u7269\u8f66\n      </a>\n    </div>\n    <div class="p-stock" data-isdeliveryable="5" style="display: none;"></div>\n    <div class="p-service">\u7531 \u4eac\u4e1c \u53d1\u8d27</div>\n    <div class="p-summary">\n      <a href="http://item.jd.com/11252778.html#recommend-editor" target="_blank">\u66f4\u591a&gt;</a>\n    </div>\n    <div class="p-addtocart">\n      <a data-sku="11252778" href="http://gate.jd.com/InitCart.aspx?pid=11252778&amp;pcount=1&amp;ptype=1"><i></i>\u52a0\u5165\u8d2d\u7269\u8f66</a>\n    </div>\n  </div>\n                                        <div class="tab-content-item j-sku-item" data-sku="11311997" venderid="1000004052" jdzy_shop_id="1000004052" ts_venderid="">\n  <div class="p-img">\n    <a target="_blank" href="http://item.jd.com/11311997.html">\n                    <img width="200" height="200" data-img="1" src="//img12.360buyimg.com/n7/g14/M03/0E/0D/rBEhVVIm1nQIAAAAAAcwEUzMuNoAAC0FQForAwABzAp321.jpg">\n          </a>\n      </div>\n  <div class="p-price">\n    <strong class="J_price"><em></em><i></i></strong>\n    <div class="p-icons J-pro-icons">\n          </div>\n  </div>\n  <div class="p-name">\n    <a target="_blank" title="" href="http://item.jd.com/11311997.html">\n      <em>Java\u865a\u62df\u673a\u5957\u88c5\uff08\u4eac\u4e1c\u5957\u88c5\u51712\u518c\uff09</em>\n      <i class="promo-words"></i>\n    </a>\n  </div>\n      <div class="p-bookdetails">\n      <span class="p-bi-name">\n                  <span class="author_type_1" style="display: ;">\n                                                                     <a title="\u5468\u5fd7\u660e" href="http://book.jd.com/writer/%E5%91%A8%E5%BF%97%E6%98%8E_1.html" target="_blank"> \u5468\u5fd7\u660e </a>                                        \u8457          </span>\n                        </span>\n      <em>|</em>      <span class="p-bi-store">\n                  <a title="\u673a\u68b0\u5de5\u4e1a\u51fa\u7248\u793e" href="http://book.jd.com/publish/%E6%9C%BA%E6%A2%B0%E5%B7%A5%E4%B8%9A%E5%87%BA%E7%89%88%E7%A4%BE_1.html" target="_blank">\u673a\u68b0\u5de5\u4e1a\u51fa\u7248\u793e</a>\n              </span>\n      <em>|</em>      <span class="p-bi-date">\n        2013-05      </span>\n    </div>\n        <div class="p-shop hide" data-score="4" data-reputation="0" data-shopid="" data-done="1"></div>\n    <div class="p-commit"><strong>\u5df2\u6709<a target="_blank" href="http://item.jd.com/11311997.html#comments-list">3514</a>\u4eba\u8bc4\u4ef7</strong></div>\n    <div class="p-shopnum">\n      <span class="curr-shop">\u4eac\u4e1c\u81ea\u8425</span>\n    </div>\n    <div class="p-operate">\n      <a class="p-o-btn focus J_focus" data-sku="11311997" href="javascript:;">\n        <i></i>\u5173\u6ce8\n      </a>\n      <a class="p-o-btn addcart" target="_blank" href="http://gate.jd.com/InitCart.aspx?pid=11311997&amp;pcount=1&amp;ptype=1">\n        <i></i>\u52a0\u5165\u8d2d\u7269\u8f66\n      </a>\n    </div>\n    <div class="p-stock" data-isdeliveryable="5" style="display: none;"></div>\n    <div class="p-service">\u7531 \u4eac\u4e1c \u53d1\u8d27</div>\n    <div class="p-summary">\n      <a href="http://item.jd.com/11311997.html#recommend-editor" target="_blank">\u66f4\u591a&gt;</a>\n    </div>\n    <div class="p-addtocart">\n      <a data-sku="11311997" href="http://gate.jd.com/InitCart.aspx?pid=11311997&amp;pcount=1&amp;ptype=1"><i></i>\u52a0\u5165\u8d2d\u7269\u8f66</a>\n    </div>\n  </div>\n                                        <div class="tab-content-item j-sku-item" data-sku="11312105" venderid="1000004052" jdzy_shop_id="1000004052" ts_venderid="">\n  <div class="p-img">\n    <a target="_blank" href="http://item.jd.com/11312105.html">\n                    <img width="200" height="200" data-img="1" src="//img10.360buyimg.com/n7/g14/M03/0E/0D/rBEhV1Im1n8IAAAAAAeBcl1YVuMAAC0FgBtWzQAB4GK355.jpg">\n          </a>\n      </div>\n  <div class="p-price">\n    <strong class="J_price"><em></em><i></i></strong>\n    <div class="p-icons J-pro-icons">\n          </div>\n  </div>\n  <div class="p-name">\n    <a target="_blank" title="" href="http://item.jd.com/11312105.html">\n      <em>\u6df1\u5165\u7406\u89e3Java\u9ad8\u7ea7\u4e3b\u9898\uff1a\u6df1\u5165\u7406\u89e3Java\u865a\u62df\u673a+\u6df1\u5165\u7406\u89e3OSGi\uff08\u4eac\u4e1c\u5957\u88c5\u51712\u518c\uff09</em>\n      <i class="promo-words"></i>\n    </a>\n  </div>\n      <div class="p-bookdetails">\n      <span class="p-bi-name">\n                  <span class="author_type_1" style="display: ;">\n                                                                     <a title="\u5468\u5fd7\u660e" href="http://book.jd.com/writer/%E5%91%A8%E5%BF%97%E6%98%8E_1.html" target="_blank"> \u5468\u5fd7\u660e </a>                                        \u8457          </span>\n                        </span>\n      <em>|</em>      <span class="p-bi-store">\n                  <a title="\u673a\u68b0\u5de5\u4e1a\u51fa\u7248\u793e" href="http://book.jd.com/publish/%E6%9C%BA%E6%A2%B0%E5%B7%A5%E4%B8%9A%E5%87%BA%E7%89%88%E7%A4%BE_1.html" target="_blank">\u673a\u68b0\u5de5\u4e1a\u51fa\u7248\u793e</a>\n              </span>\n      <em>|</em>      <span class="p-bi-date">\n        2013-05      </span>\n    </div>\n        <div class="p-shop hide" data-score="4" data-reputation="0" data-shopid="" data-done="1"></div>\n    <div class="p-commit"><strong>\u5df2\u6709<a target="_blank" href="http://item.jd.com/11312105.html#comments-list">3600</a>\u4eba\u8bc4\u4ef7</strong></div>\n    <div class="p-shopnum">\n      <span class="curr-shop">\u4eac\u4e1c\u81ea\u8425</span>\n    </div>\n    <div class="p-operate">\n      <a class="p-o-btn focus J_focus" data-sku="11312105" href="javascript:;">\n        <i></i>\u5173\u6ce8\n      </a>\n      <a class="p-o-btn addcart" target="_blank" href="http://gate.jd.com/InitCart.aspx?pid=11312105&amp;pcount=1&amp;ptype=1">\n        <i></i>\u52a0\u5165\u8d2d\u7269\u8f66\n      </a>\n    </div>\n    <div class="p-stock" data-isdeliveryable="5" style="display: none;"></div>\n    <div class="p-service">\u7531 \u4eac\u4e1c \u53d1\u8d27</div>\n    <div class="p-summary">\n      <a href="http://item.jd.com/11312105.html#recommend-editor" target="_blank">\u66f4\u591a&gt;</a>\n    </div>\n    <div class="p-addtocart">\n      <a data-sku="11312105" href="http://gate.jd.com/InitCart.aspx?pid=11312105&amp;pcount=1&amp;ptype=1"><i></i>\u52a0\u5165\u8d2d\u7269\u8f66</a>\n    </div>\n  </div>\n                                        <div class="tab-content-item j-sku-item" data-sku="11312110" venderid="1000004052" jdzy_shop_id="1000004052" ts_venderid="">\n  <div class="p-img">\n    <a target="_blank" href="http://item.jd.com/11312110.html">\n                    <img width="200" height="200" data-img="1" src="//img10.360buyimg.com/n7/g14/M03/0E/0D/rBEhV1Im1n8IAAAAAAcHltD_3_8AAC0FgC-1WoABweu831.jpg">\n          </a>\n      </div>\n  <div class="p-price">\n    <strong class="J_price"><em></em><i></i></strong>\n    <div class="p-icons J-pro-icons">\n          </div>\n  </div>\n  <div class="p-name">\n    <a target="_blank" title="" href="http://item.jd.com/11312110.html">\n      <em>Java\u9ad8\u7ea7\u4e3b\u9898\uff1aJava\u5b89\u5168\u7f16\u7801\u6807\u51c6+\u6df1\u5165\u7406\u89e3Java\u865a\u62df\u673a\uff08\u7b2c2\u7248\uff09\uff08\u4eac\u4e1c\u5957\u88c5\u51712\u518c\uff09</em>\n      <i class="promo-words"></i>\n    </a>\n  </div>\n      <div class="p-bookdetails">\n      <span class="p-bi-name">\n                  <span class="author_type_1" style="display: ;">\n                                                                     <a title="\u5468\u5fd7\u660e" href="http://book.jd.com/writer/%E5%91%A8%E5%BF%97%E6%98%8E_1.html" target="_blank"> \u5468\u5fd7\u660e </a>                                        \u8457          </span>\n                        </span>\n      <em>|</em>      <span class="p-bi-store">\n                  <a title="\u673a\u68b0\u5de5\u4e1a\u51fa\u7248\u793e" href="http://book.jd.com/publish/%E6%9C%BA%E6%A2%B0%E5%B7%A5%E4%B8%9A%E5%87%BA%E7%89%88%E7%A4%BE_1.html" target="_blank">\u673a\u68b0\u5de5\u4e1a\u51fa\u7248\u793e</a>\n              </span>\n      <em>|</em>      <span class="p-bi-date">\n        2013-05      </span>\n    </div>\n        <div class="p-shop hide" data-score="4" data-reputation="0" data-shopid="" data-done="1"></div>\n    <div class="p-commit"><strong>\u5df2\u6709<a target="_blank" href="http://item.jd.com/11312110.html#comments-list">3392</a>\u4eba\u8bc4\u4ef7</strong></div>\n    <div class="p-shopnum">\n      <span class="curr-shop">\u4eac\u4e1c\u81ea\u8425</span>\n    </div>\n    <div class="p-operate">\n      <a class="p-o-btn focus J_focus" data-sku="11312110" href="javascript:;">\n        <i></i>\u5173\u6ce8\n      </a>\n      <a class="p-o-btn addcart" target="_blank" href="http://gate.jd.com/InitCart.aspx?pid=11312110&amp;pcount=1&amp;ptype=1">\n        <i></i>\u52a0\u5165\u8d2d\u7269\u8f66\n      </a>\n    </div>\n    <div class="p-stock" data-isdeliveryable="5" style="display: none;"></div>\n    <div class="p-service">\u7531 \u4eac\u4e1c \u53d1\u8d27</div>\n    <div class="p-summary">\n      <a href="http://item.jd.com/11312110.html#recommend-editor" target="_blank">\u66f4\u591a&gt;</a>\n    </div>\n    <div class="p-addtocart">\n      <a data-sku="11312110" href="http://gate.jd.com/InitCart.aspx?pid=11312110&amp;pcount=1&amp;ptype=1"><i></i>\u52a0\u5165\u8d2d\u7269\u8f66</a>\n    </div>\n  </div>\n                                  </div>\n              </div>\n            </div>']
2016-01-18 16:46:47 [jd] INFO: !!!!!!!!!!!!!!!!!!!!!!!!
2016-01-18 16:46:47 [jd] INFO: !!!!!!!!!!!!!!!!!!!!!!!!
2016-01-18 16:46:47 [jd] INFO: [u'<div class="gl-i-wrap">\n              <div class="gl-i-tab">\n                <div class="gl-i-tab-trigger">\n                  <span title="\u6df1\u5165\u7406\u89e3Java\u865a\u62df\u673a\uff1aJVM\u9ad8\u7ea7\u7279\u6027\u4e0e\u6700\u4f73\u5b9e\u8df5\uff08\u7b2c2\u7248\uff09" class="item selected">\u5355\u4ef6</span>\n                                      <span title="Java\u865a\u62df\u673a\u5957\u88c5\uff08\u4eac\u4e1c\u5957\u88c5\u51712\u518c\uff09" class="item">\u5957\u88c52\u4ef6</span>\n                                      <span title="\u6df1\u5165\u7406\u89e3Java\u9ad8\u7ea7\u4e3b\u9898\uff1a\u6df1\u5165\u7406\u89e3Java\u865a\u62df\u673a+\u6df1\u5165\u7406\u89e3OSGi\uff08\u4eac\u4e1c\u5957\u88c5\u51712\u518c\uff09" class="item">\u5957\u88c52\u4ef6</span>\n                                      <span title="Java\u9ad8\u7ea7\u4e3b\u9898\uff1aJava\u5b89\u5168\u7f16\u7801\u6807\u51c6+\u6df1\u5165\u7406\u89e3Java\u865a\u62df\u673a\uff08\u7b2c2\u7248\uff09\uff08\u4eac\u4e1c\u5957\u88c5\u51712\u518c\uff09" class="item">\u5957\u88c52\u4ef6</span>\n                                  </div>\n                <div class="gl-i-tab-content">\n                                        <div class="tab-content-item tab-cnt-i-selected j-sku-item" data-sku="11252778" venderid="1000004052" jdzy_shop_id="1000004052" ts_venderid="">\n  <div class="p-img">\n    <a target="_blank" href="http://item.jd.com/11252778.html">\n                    <img width="200" height="200" data-img="1" src="//img13.360buyimg.com/n7/g12/M00/0D/11/rBEQYFGsb1UIAAAAAAOWsjOfTaEAACpKQBilzYAA5bK952.jpg">\n          </a>\n      </div>\n  <div class="p-price">\n    <strong class="J_price"><em></em><i></i></strong>\n    <div class="p-icons J-pro-icons">\n          </div>\n  </div>\n  <div class="p-name">\n    <a target="_blank" title="" href="http://item.jd.com/11252778.html">\n      <em>\u6df1\u5165\u7406\u89e3Java\u865a\u62df\u673a\uff1aJVM\u9ad8\u7ea7\u7279\u6027\u4e0e\u6700\u4f73\u5b9e\u8df5\uff08\u7b2c2\u7248\uff09</em>\n      <i class="promo-words"></i>\n    </a>\n  </div>\n      <div class="p-bookdetails">\n      <span class="p-bi-name">\n                  <span class="author_type_1" style="display: ;">\n                                                                     <a title="\u5468\u5fd7\u660e" href="http://book.jd.com/writer/%E5%91%A8%E5%BF%97%E6%98%8E_1.html" target="_blank"> \u5468\u5fd7\u660e </a>                                        \u8457          </span>\n                        </span>\n      <em>|</em>      <span class="p-bi-store">\n                  <a title="\u673a\u68b0\u5de5\u4e1a\u51fa\u7248\u793e" href="http://book.jd.com/publish/%E6%9C%BA%E6%A2%B0%E5%B7%A5%E4%B8%9A%E5%87%BA%E7%89%88%E7%A4%BE_1.html" target="_blank">\u673a\u68b0\u5de5\u4e1a\u51fa\u7248\u793e</a>\n              </span>\n      <em>|</em>      <span class="p-bi-date">\n        2013-05      </span>\n    </div>\n        <div class="p-shop hide" data-score="4" data-reputation="0" data-shopid="" data-done="1"></div>\n    <div class="p-commit"><strong>\u5df2\u6709<a target="_blank" href="http://item.jd.com/11252778.html#comments-list">3308</a>\u4eba\u8bc4\u4ef7</strong></div>\n    <div class="p-shopnum">\n      <span class="curr-shop">\u4eac\u4e1c\u81ea\u8425</span>\n    </div>\n    <div class="p-operate">\n      <a class="p-o-btn focus J_focus" data-sku="11252778" href="javascript:;">\n        <i></i>\u5173\u6ce8\n      </a>\n      <a class="p-o-btn addcart" target="_blank" href="http://gate.jd.com/InitCart.aspx?pid=11252778&amp;pcount=1&amp;ptype=1">\n        <i></i>\u52a0\u5165\u8d2d\u7269\u8f66\n      </a>\n    </div>\n    <div class="p-stock" data-isdeliveryable="5" style="display: none;"></div>\n    <div class="p-service">\u7531 \u4eac\u4e1c \u53d1\u8d27</div>\n    <div class="p-summary">\n      <a href="http://item.jd.com/11252778.html#recommend-editor" target="_blank">\u66f4\u591a&gt;</a>\n    </div>\n    <div class="p-addtocart">\n      <a data-sku="11252778" href="http://gate.jd.com/InitCart.aspx?pid=11252778&amp;pcount=1&amp;ptype=1"><i></i>\u52a0\u5165\u8d2d\u7269\u8f66</a>\n    </div>\n  </div>\n                                        <div class="tab-content-item j-sku-item" data-sku="11311997" venderid="1000004052" jdzy_shop_id="1000004052" ts_venderid="">\n  <div class="p-img">\n    <a target="_blank" href="http://item.jd.com/11311997.html">\n                    <img width="200" height="200" data-img="1" src="//img12.360buyimg.com/n7/g14/M03/0E/0D/rBEhVVIm1nQIAAAAAAcwEUzMuNoAAC0FQForAwABzAp321.jpg">\n          </a>\n      </div>\n  <div class="p-price">\n    <strong class="J_price"><em></em><i></i></strong>\n    <div class="p-icons J-pro-icons">\n          </div>\n  </div>\n  <div class="p-name">\n    <a target="_blank" title="" href="http://item.jd.com/11311997.html">\n      <em>Java\u865a\u62df\u673a\u5957\u88c5\uff08\u4eac\u4e1c\u5957\u88c5\u51712\u518c\uff09</em>\n      <i class="promo-words"></i>\n    </a>\n  </div>\n      <div class="p-bookdetails">\n      <span class="p-bi-name">\n                  <span class="author_type_1" style="display: ;">\n                                                                     <a title="\u5468\u5fd7\u660e" href="http://book.jd.com/writer/%E5%91%A8%E5%BF%97%E6%98%8E_1.html" target="_blank"> \u5468\u5fd7\u660e </a>                                        \u8457          </span>\n                        </span>\n      <em>|</em>      <span class="p-bi-store">\n                  <a title="\u673a\u68b0\u5de5\u4e1a\u51fa\u7248\u793e" href="http://book.jd.com/publish/%E6%9C%BA%E6%A2%B0%E5%B7%A5%E4%B8%9A%E5%87%BA%E7%89%88%E7%A4%BE_1.html" target="_blank">\u673a\u68b0\u5de5\u4e1a\u51fa\u7248\u793e</a>\n              </span>\n      <em>|</em>      <span class="p-bi-date">\n        2013-05      </span>\n    </div>\n        <div class="p-shop hide" data-score="4" data-reputation="0" data-shopid="" data-done="1"></div>\n    <div class="p-commit"><strong>\u5df2\u6709<a target="_blank" href="http://item.jd.com/11311997.html#comments-list">3514</a>\u4eba\u8bc4\u4ef7</strong></div>\n    <div class="p-shopnum">\n      <span class="curr-shop">\u4eac\u4e1c\u81ea\u8425</span>\n    </div>\n    <div class="p-operate">\n      <a class="p-o-btn focus J_focus" data-sku="11311997" href="javascript:;">\n        <i></i>\u5173\u6ce8\n      </a>\n      <a class="p-o-btn addcart" target="_blank" href="http://gate.jd.com/InitCart.aspx?pid=11311997&amp;pcount=1&amp;ptype=1">\n        <i></i>\u52a0\u5165\u8d2d\u7269\u8f66\n      </a>\n    </div>\n    <div class="p-stock" data-isdeliveryable="5" style="display: none;"></div>\n    <div class="p-service">\u7531 \u4eac\u4e1c \u53d1\u8d27</div>\n    <div class="p-summary">\n      <a href="http://item.jd.com/11311997.html#recommend-editor" target="_blank">\u66f4\u591a&gt;</a>\n    </div>\n    <div class="p-addtocart">\n      <a data-sku="11311997" href="http://gate.jd.com/InitCart.aspx?pid=11311997&amp;pcount=1&amp;ptype=1"><i></i>\u52a0\u5165\u8d2d\u7269\u8f66</a>\n    </div>\n  </div>\n                                        <div class="tab-content-item j-sku-item" data-sku="11312105" venderid="1000004052" jdzy_shop_id="1000004052" ts_venderid="">\n  <div class="p-img">\n    <a target="_blank" href="http://item.jd.com/11312105.html">\n                    <img width="200" height="200" data-img="1" src="//img10.360buyimg.com/n7/g14/M03/0E/0D/rBEhV1Im1n8IAAAAAAeBcl1YVuMAAC0FgBtWzQAB4GK355.jpg">\n          </a>\n      </div>\n  <div class="p-price">\n    <strong class="J_price"><em></em><i></i></strong>\n    <div class="p-icons J-pro-icons">\n          </div>\n  </div>\n  <div class="p-name">\n    <a target="_blank" title="" href="http://item.jd.com/11312105.html">\n      <em>\u6df1\u5165\u7406\u89e3Java\u9ad8\u7ea7\u4e3b\u9898\uff1a\u6df1\u5165\u7406\u89e3Java\u865a\u62df\u673a+\u6df1\u5165\u7406\u89e3OSGi\uff08\u4eac\u4e1c\u5957\u88c5\u51712\u518c\uff09</em>\n      <i class="promo-words"></i>\n    </a>\n  </div>\n      <div class="p-bookdetails">\n      <span class="p-bi-name">\n                  <span class="author_type_1" style="display: ;">\n                                                                     <a title="\u5468\u5fd7\u660e" href="http://book.jd.com/writer/%E5%91%A8%E5%BF%97%E6%98%8E_1.html" target="_blank"> \u5468\u5fd7\u660e </a>                                        \u8457          </span>\n                        </span>\n      <em>|</em>      <span class="p-bi-store">\n                  <a title="\u673a\u68b0\u5de5\u4e1a\u51fa\u7248\u793e" href="http://book.jd.com/publish/%E6%9C%BA%E6%A2%B0%E5%B7%A5%E4%B8%9A%E5%87%BA%E7%89%88%E7%A4%BE_1.html" target="_blank">\u673a\u68b0\u5de5\u4e1a\u51fa\u7248\u793e</a>\n              </span>\n      <em>|</em>      <span class="p-bi-date">\n        2013-05      </span>\n    </div>\n        <div class="p-shop hide" data-score="4" data-reputation="0" data-shopid="" data-done="1"></div>\n    <div class="p-commit"><strong>\u5df2\u6709<a target="_blank" href="http://item.jd.com/11312105.html#comments-list">3600</a>\u4eba\u8bc4\u4ef7</strong></div>\n    <div class="p-shopnum">\n      <span class="curr-shop">\u4eac\u4e1c\u81ea\u8425</span>\n    </div>\n    <div class="p-operate">\n      <a class="p-o-btn focus J_focus" data-sku="11312105" href="javascript:;">\n        <i></i>\u5173\u6ce8\n      </a>\n      <a class="p-o-btn addcart" target="_blank" href="http://gate.jd.com/InitCart.aspx?pid=11312105&amp;pcount=1&amp;ptype=1">\n        <i></i>\u52a0\u5165\u8d2d\u7269\u8f66\n      </a>\n    </div>\n    <div class="p-stock" data-isdeliveryable="5" style="display: none;"></div>\n    <div class="p-service">\u7531 \u4eac\u4e1c \u53d1\u8d27</div>\n    <div class="p-summary">\n      <a href="http://item.jd.com/11312105.html#recommend-editor" target="_blank">\u66f4\u591a&gt;</a>\n    </div>\n    <div class="p-addtocart">\n      <a data-sku="11312105" href="http://gate.jd.com/InitCart.aspx?pid=11312105&amp;pcount=1&amp;ptype=1"><i></i>\u52a0\u5165\u8d2d\u7269\u8f66</a>\n    </div>\n  </div>\n                                        <div class="tab-content-item j-sku-item" data-sku="11312110" venderid="1000004052" jdzy_shop_id="1000004052" ts_venderid="">\n  <div class="p-img">\n    <a target="_blank" href="http://item.jd.com/11312110.html">\n                    <img width="200" height="200" data-img="1" src="//img10.360buyimg.com/n7/g14/M03/0E/0D/rBEhV1Im1n8IAAAAAAcHltD_3_8AAC0FgC-1WoABweu831.jpg">\n          </a>\n      </div>\n  <div class="p-price">\n    <strong class="J_price"><em></em><i></i></strong>\n    <div class="p-icons J-pro-icons">\n          </div>\n  </div>\n  <div class="p-name">\n    <a target="_blank" title="" href="http://item.jd.com/11312110.html">\n      <em>Java\u9ad8\u7ea7\u4e3b\u9898\uff1aJava\u5b89\u5168\u7f16\u7801\u6807\u51c6+\u6df1\u5165\u7406\u89e3Java\u865a\u62df\u673a\uff08\u7b2c2\u7248\uff09\uff08\u4eac\u4e1c\u5957\u88c5\u51712\u518c\uff09</em>\n      <i class="promo-words"></i>\n    </a>\n  </div>\n      <div class="p-bookdetails">\n      <span class="p-bi-name">\n                  <span class="author_type_1" style="display: ;">\n                                                                     <a title="\u5468\u5fd7\u660e" href="http://book.jd.com/writer/%E5%91%A8%E5%BF%97%E6%98%8E_1.html" target="_blank"> \u5468\u5fd7\u660e </a>                                        \u8457          </span>\n                        </span>\n      <em>|</em>      <span class="p-bi-store">\n                  <a title="\u673a\u68b0\u5de5\u4e1a\u51fa\u7248\u793e" href="http://book.jd.com/publish/%E6%9C%BA%E6%A2%B0%E5%B7%A5%E4%B8%9A%E5%87%BA%E7%89%88%E7%A4%BE_1.html" target="_blank">\u673a\u68b0\u5de5\u4e1a\u51fa\u7248\u793e</a>\n              </span>\n      <em>|</em>      <span class="p-bi-date">\n        2013-05      </span>\n    </div>\n        <div class="p-shop hide" data-score="4" data-reputation="0" data-shopid="" data-done="1"></div>\n    <div class="p-commit"><strong>\u5df2\u6709<a target="_blank" href="http://item.jd.com/11312110.html#comments-list">3392</a>\u4eba\u8bc4\u4ef7</strong></div>\n    <div class="p-shopnum">\n      <span class="curr-shop">\u4eac\u4e1c\u81ea\u8425</span>\n    </div>\n    <div class="p-operate">\n      <a class="p-o-btn focus J_focus" data-sku="11312110" href="javascript:;">\n        <i></i>\u5173\u6ce8\n      </a>\n      <a class="p-o-btn addcart" target="_blank" href="http://gate.jd.com/InitCart.aspx?pid=11312110&amp;pcount=1&amp;ptype=1">\n        <i></i>\u52a0\u5165\u8d2d\u7269\u8f66\n      </a>\n    </div>\n    <div class="p-stock" data-isdeliveryable="5" style="display: none;"></div>\n    <div class="p-service">\u7531 \u4eac\u4e1c \u53d1\u8d27</div>\n    <div class="p-summary">\n      <a href="http://item.jd.com/11312110.html#recommend-editor" target="_blank">\u66f4\u591a&gt;</a>\n    </div>\n    <div class="p-addtocart">\n      <a data-sku="11312110" href="http://gate.jd.com/InitCart.aspx?pid=11312110&amp;pcount=1&amp;ptype=1"><i></i>\u52a0\u5165\u8d2d\u7269\u8f66</a>\n    </div>\n  </div>\n                                  </div>\n              </div>\n            </div>']
2016-01-18 16:46:47 [jd] INFO: !!!!!!!!!!!!!!!!!!!!!!!!
2016-01-18 16:46:47 [jd] INFO: !!!!!!!!!!!!!!!!!!!!!!!!
2016-01-18 16:46:47 [jd] INFO: [u'<div class="gl-i-wrap">\n              <div class="gl-i-tab">\n                <div class="gl-i-tab-trigger">\n                  <span title="\u6df1\u5165\u7406\u89e3Java\u865a\u62df\u673a\uff1aJVM\u9ad8\u7ea7\u7279\u6027\u4e0e\u6700\u4f73\u5b9e\u8df5\uff08\u7b2c2\u7248\uff09" class="item selected">\u5355\u4ef6</span>\n                                      <span title="Java\u865a\u62df\u673a\u5957\u88c5\uff08\u4eac\u4e1c\u5957\u88c5\u51712\u518c\uff09" class="item">\u5957\u88c52\u4ef6</span>\n                                      <span title="\u6df1\u5165\u7406\u89e3Java\u9ad8\u7ea7\u4e3b\u9898\uff1a\u6df1\u5165\u7406\u89e3Java\u865a\u62df\u673a+\u6df1\u5165\u7406\u89e3OSGi\uff08\u4eac\u4e1c\u5957\u88c5\u51712\u518c\uff09" class="item">\u5957\u88c52\u4ef6</span>\n                                      <span title="Java\u9ad8\u7ea7\u4e3b\u9898\uff1aJava\u5b89\u5168\u7f16\u7801\u6807\u51c6+\u6df1\u5165\u7406\u89e3Java\u865a\u62df\u673a\uff08\u7b2c2\u7248\uff09\uff08\u4eac\u4e1c\u5957\u88c5\u51712\u518c\uff09" class="item">\u5957\u88c52\u4ef6</span>\n                                  </div>\n                <div class="gl-i-tab-content">\n                                        <div class="tab-content-item tab-cnt-i-selected j-sku-item" data-sku="11252778" venderid="1000004052" jdzy_shop_id="1000004052" ts_venderid="">\n  <div class="p-img">\n    <a target="_blank" href="http://item.jd.com/11252778.html">\n                    <img width="200" height="200" data-img="1" src="//img13.360buyimg.com/n7/g12/M00/0D/11/rBEQYFGsb1UIAAAAAAOWsjOfTaEAACpKQBilzYAA5bK952.jpg">\n          </a>\n      </div>\n  <div class="p-price">\n    <strong class="J_price"><em></em><i></i></strong>\n    <div class="p-icons J-pro-icons">\n          </div>\n  </div>\n  <div class="p-name">\n    <a target="_blank" title="" href="http://item.jd.com/11252778.html">\n      <em>\u6df1\u5165\u7406\u89e3Java\u865a\u62df\u673a\uff1aJVM\u9ad8\u7ea7\u7279\u6027\u4e0e\u6700\u4f73\u5b9e\u8df5\uff08\u7b2c2\u7248\uff09</em>\n      <i class="promo-words"></i>\n    </a>\n  </div>\n      <div class="p-bookdetails">\n      <span class="p-bi-name">\n                  <span class="author_type_1" style="display: ;">\n                                                                     <a title="\u5468\u5fd7\u660e" href="http://book.jd.com/writer/%E5%91%A8%E5%BF%97%E6%98%8E_1.html" target="_blank"> \u5468\u5fd7\u660e </a>                                        \u8457          </span>\n                        </span>\n      <em>|</em>      <span class="p-bi-store">\n                  <a title="\u673a\u68b0\u5de5\u4e1a\u51fa\u7248\u793e" href="http://book.jd.com/publish/%E6%9C%BA%E6%A2%B0%E5%B7%A5%E4%B8%9A%E5%87%BA%E7%89%88%E7%A4%BE_1.html" target="_blank">\u673a\u68b0\u5de5\u4e1a\u51fa\u7248\u793e</a>\n              </span>\n      <em>|</em>      <span class="p-bi-date">\n        2013-05      </span>\n    </div>\n        <div class="p-shop hide" data-score="4" data-reputation="0" data-shopid="" data-done="1"></div>\n    <div class="p-commit"><strong>\u5df2\u6709<a target="_blank" href="http://item.jd.com/11252778.html#comments-list">3308</a>\u4eba\u8bc4\u4ef7</strong></div>\n    <div class="p-shopnum">\n      <span class="curr-shop">\u4eac\u4e1c\u81ea\u8425</span>\n    </div>\n    <div class="p-operate">\n      <a class="p-o-btn focus J_focus" data-sku="11252778" href="javascript:;">\n        <i></i>\u5173\u6ce8\n      </a>\n      <a class="p-o-btn addcart" target="_blank" href="http://gate.jd.com/InitCart.aspx?pid=11252778&amp;pcount=1&amp;ptype=1">\n        <i></i>\u52a0\u5165\u8d2d\u7269\u8f66\n      </a>\n    </div>\n    <div class="p-stock" data-isdeliveryable="5" style="display: none;"></div>\n    <div class="p-service">\u7531 \u4eac\u4e1c \u53d1\u8d27</div>\n    <div class="p-summary">\n      <a href="http://item.jd.com/11252778.html#recommend-editor" target="_blank">\u66f4\u591a&gt;</a>\n    </div>\n    <div class="p-addtocart">\n      <a data-sku="11252778" href="http://gate.jd.com/InitCart.aspx?pid=11252778&amp;pcount=1&amp;ptype=1"><i></i>\u52a0\u5165\u8d2d\u7269\u8f66</a>\n    </div>\n  </div>\n                                        <div class="tab-content-item j-sku-item" data-sku="11311997" venderid="1000004052" jdzy_shop_id="1000004052" ts_venderid="">\n  <div class="p-img">\n    <a target="_blank" href="http://item.jd.com/11311997.html">\n                    <img width="200" height="200" data-img="1" src="//img12.360buyimg.com/n7/g14/M03/0E/0D/rBEhVVIm1nQIAAAAAAcwEUzMuNoAAC0FQForAwABzAp321.jpg">\n          </a>\n      </div>\n  <div class="p-price">\n    <strong class="J_price"><em></em><i></i></strong>\n    <div class="p-icons J-pro-icons">\n          </div>\n  </div>\n  <div class="p-name">\n    <a target="_blank" title="" href="http://item.jd.com/11311997.html">\n      <em>Java\u865a\u62df\u673a\u5957\u88c5\uff08\u4eac\u4e1c\u5957\u88c5\u51712\u518c\uff09</em>\n      <i class="promo-words"></i>\n    </a>\n  </div>\n      <div class="p-bookdetails">\n      <span class="p-bi-name">\n                  <span class="author_type_1" style="display: ;">\n                                                                     <a title="\u5468\u5fd7\u660e" href="http://book.jd.com/writer/%E5%91%A8%E5%BF%97%E6%98%8E_1.html" target="_blank"> \u5468\u5fd7\u660e </a>                                        \u8457          </span>\n                        </span>\n      <em>|</em>      <span class="p-bi-store">\n                  <a title="\u673a\u68b0\u5de5\u4e1a\u51fa\u7248\u793e" href="http://book.jd.com/publish/%E6%9C%BA%E6%A2%B0%E5%B7%A5%E4%B8%9A%E5%87%BA%E7%89%88%E7%A4%BE_1.html" target="_blank">\u673a\u68b0\u5de5\u4e1a\u51fa\u7248\u793e</a>\n              </span>\n      <em>|</em>      <span class="p-bi-date">\n        2013-05      </span>\n    </div>\n        <div class="p-shop hide" data-score="4" data-reputation="0" data-shopid="" data-done="1"></div>\n    <div class="p-commit"><strong>\u5df2\u6709<a target="_blank" href="http://item.jd.com/11311997.html#comments-list">3514</a>\u4eba\u8bc4\u4ef7</strong></div>\n    <div class="p-shopnum">\n      <span class="curr-shop">\u4eac\u4e1c\u81ea\u8425</span>\n    </div>\n    <div class="p-operate">\n      <a class="p-o-btn focus J_focus" data-sku="11311997" href="javascript:;">\n        <i></i>\u5173\u6ce8\n      </a>\n      <a class="p-o-btn addcart" target="_blank" href="http://gate.jd.com/InitCart.aspx?pid=11311997&amp;pcount=1&amp;ptype=1">\n        <i></i>\u52a0\u5165\u8d2d\u7269\u8f66\n      </a>\n    </div>\n    <div class="p-stock" data-isdeliveryable="5" style="display: none;"></div>\n    <div class="p-service">\u7531 \u4eac\u4e1c \u53d1\u8d27</div>\n    <div class="p-summary">\n      <a href="http://item.jd.com/11311997.html#recommend-editor" target="_blank">\u66f4\u591a&gt;</a>\n    </div>\n    <div class="p-addtocart">\n      <a data-sku="11311997" href="http://gate.jd.com/InitCart.aspx?pid=11311997&amp;pcount=1&amp;ptype=1"><i></i>\u52a0\u5165\u8d2d\u7269\u8f66</a>\n    </div>\n  </div>\n                                        <div class="tab-content-item j-sku-item" data-sku="11312105" venderid="1000004052" jdzy_shop_id="1000004052" ts_venderid="">\n  <div class="p-img">\n    <a target="_blank" href="http://item.jd.com/11312105.html">\n                    <img width="200" height="200" data-img="1" src="//img10.360buyimg.com/n7/g14/M03/0E/0D/rBEhV1Im1n8IAAAAAAeBcl1YVuMAAC0FgBtWzQAB4GK355.jpg">\n          </a>\n      </div>\n  <div class="p-price">\n    <strong class="J_price"><em></em><i></i></strong>\n    <div class="p-icons J-pro-icons">\n          </div>\n  </div>\n  <div class="p-name">\n    <a target="_blank" title="" href="http://item.jd.com/11312105.html">\n      <em>\u6df1\u5165\u7406\u89e3Java\u9ad8\u7ea7\u4e3b\u9898\uff1a\u6df1\u5165\u7406\u89e3Java\u865a\u62df\u673a+\u6df1\u5165\u7406\u89e3OSGi\uff08\u4eac\u4e1c\u5957\u88c5\u51712\u518c\uff09</em>\n      <i class="promo-words"></i>\n    </a>\n  </div>\n      <div class="p-bookdetails">\n      <span class="p-bi-name">\n                  <span class="author_type_1" style="display: ;">\n                                                                     <a title="\u5468\u5fd7\u660e" href="http://book.jd.com/writer/%E5%91%A8%E5%BF%97%E6%98%8E_1.html" target="_blank"> \u5468\u5fd7\u660e </a>                                        \u8457          </span>\n                        </span>\n      <em>|</em>      <span class="p-bi-store">\n                  <a title="\u673a\u68b0\u5de5\u4e1a\u51fa\u7248\u793e" href="http://book.jd.com/publish/%E6%9C%BA%E6%A2%B0%E5%B7%A5%E4%B8%9A%E5%87%BA%E7%89%88%E7%A4%BE_1.html" target="_blank">\u673a\u68b0\u5de5\u4e1a\u51fa\u7248\u793e</a>\n              </span>\n      <em>|</em>      <span class="p-bi-date">\n        2013-05      </span>\n    </div>\n        <div class="p-shop hide" data-score="4" data-reputation="0" data-shopid="" data-done="1"></div>\n    <div class="p-commit"><strong>\u5df2\u6709<a target="_blank" href="http://item.jd.com/11312105.html#comments-list">3600</a>\u4eba\u8bc4\u4ef7</strong></div>\n    <div class="p-shopnum">\n      <span class="curr-shop">\u4eac\u4e1c\u81ea\u8425</span>\n    </div>\n    <div class="p-operate">\n      <a class="p-o-btn focus J_focus" data-sku="11312105" href="javascript:;">\n        <i></i>\u5173\u6ce8\n      </a>\n      <a class="p-o-btn addcart" target="_blank" href="http://gate.jd.com/InitCart.aspx?pid=11312105&amp;pcount=1&amp;ptype=1">\n        <i></i>\u52a0\u5165\u8d2d\u7269\u8f66\n      </a>\n    </div>\n    <div class="p-stock" data-isdeliveryable="5" style="display: none;"></div>\n    <div class="p-service">\u7531 \u4eac\u4e1c \u53d1\u8d27</div>\n    <div class="p-summary">\n      <a href="http://item.jd.com/11312105.html#recommend-editor" target="_blank">\u66f4\u591a&gt;</a>\n    </div>\n    <div class="p-addtocart">\n      <a data-sku="11312105" href="http://gate.jd.com/InitCart.aspx?pid=11312105&amp;pcount=1&amp;ptype=1"><i></i>\u52a0\u5165\u8d2d\u7269\u8f66</a>\n    </div>\n  </div>\n                                        <div class="tab-content-item j-sku-item" data-sku="11312110" venderid="1000004052" jdzy_shop_id="1000004052" ts_venderid="">\n  <div class="p-img">\n    <a target="_blank" href="http://item.jd.com/11312110.html">\n                    <img width="200" height="200" data-img="1" src="//img10.360buyimg.com/n7/g14/M03/0E/0D/rBEhV1Im1n8IAAAAAAcHltD_3_8AAC0FgC-1WoABweu831.jpg">\n          </a>\n      </div>\n  <div class="p-price">\n    <strong class="J_price"><em></em><i></i></strong>\n    <div class="p-icons J-pro-icons">\n          </div>\n  </div>\n  <div class="p-name">\n    <a target="_blank" title="" href="http://item.jd.com/11312110.html">\n      <em>Java\u9ad8\u7ea7\u4e3b\u9898\uff1aJava\u5b89\u5168\u7f16\u7801\u6807\u51c6+\u6df1\u5165\u7406\u89e3Java\u865a\u62df\u673a\uff08\u7b2c2\u7248\uff09\uff08\u4eac\u4e1c\u5957\u88c5\u51712\u518c\uff09</em>\n      <i class="promo-words"></i>\n    </a>\n  </div>\n      <div class="p-bookdetails">\n      <span class="p-bi-name">\n                  <span class="author_type_1" style="display: ;">\n                                                                     <a title="\u5468\u5fd7\u660e" href="http://book.jd.com/writer/%E5%91%A8%E5%BF%97%E6%98%8E_1.html" target="_blank"> \u5468\u5fd7\u660e </a>                                        \u8457          </span>\n                        </span>\n      <em>|</em>      <span class="p-bi-store">\n                  <a title="\u673a\u68b0\u5de5\u4e1a\u51fa\u7248\u793e" href="http://book.jd.com/publish/%E6%9C%BA%E6%A2%B0%E5%B7%A5%E4%B8%9A%E5%87%BA%E7%89%88%E7%A4%BE_1.html" target="_blank">\u673a\u68b0\u5de5\u4e1a\u51fa\u7248\u793e</a>\n              </span>\n      <em>|</em>      <span class="p-bi-date">\n        2013-05      </span>\n    </div>\n        <div class="p-shop hide" data-score="4" data-reputation="0" data-shopid="" data-done="1"></div>\n    <div class="p-commit"><strong>\u5df2\u6709<a target="_blank" href="http://item.jd.com/11312110.html#comments-list">3392</a>\u4eba\u8bc4\u4ef7</strong></div>\n    <div class="p-shopnum">\n      <span class="curr-shop">\u4eac\u4e1c\u81ea\u8425</span>\n    </div>\n    <div class="p-operate">\n      <a class="p-o-btn focus J_focus" data-sku="11312110" href="javascript:;">\n        <i></i>\u5173\u6ce8\n      </a>\n      <a class="p-o-btn addcart" target="_blank" href="http://gate.jd.com/InitCart.aspx?pid=11312110&amp;pcount=1&amp;ptype=1">\n        <i></i>\u52a0\u5165\u8d2d\u7269\u8f66\n      </a>\n    </div>\n    <div class="p-stock" data-isdeliveryable="5" style="display: none;"></div>\n    <div class="p-service">\u7531 \u4eac\u4e1c \u53d1\u8d27</div>\n    <div class="p-summary">\n      <a href="http://item.jd.com/11312110.html#recommend-editor" target="_blank">\u66f4\u591a&gt;</a>\n    </div>\n    <div class="p-addtocart">\n      <a data-sku="11312110" href="http://gate.jd.com/InitCart.aspx?pid=11312110&amp;pcount=1&amp;ptype=1"><i></i>\u52a0\u5165\u8d2d\u7269\u8f66</a>\n    </div>\n  </div>\n                                  </div>\n              </div>\n            </div>']
2016-01-18 16:46:47 [jd] INFO: !!!!!!!!!!!!!!!!!!!!!!!!
2016-01-18 16:46:47 [jd] INFO: --------------------------
2016-01-18 16:46:47 [jd] INFO: --------------------------
2016-01-18 16:46:47 [jd] INFO: --------------------------
2016-01-18 16:46:47 [jd] INFO: --------------------------
2016-01-18 16:46:47 [jd] INFO: --------------------------
2016-01-18 16:46:47 [jd] INFO: !!!!!!!!!!!!!!!!!!!!!!!!
2016-01-18 16:46:47 [jd] INFO: [u'<div class="gl-i-wrap">\n              <div class="gl-i-tab">\n                <div class="gl-i-tab-trigger">\n                  <span title="Sun\u516c\u53f8\u6838\u5fc3\u6280\u672f\u4e1b\u4e66\uff1aJAVA\u6838\u5fc3\u6280\u672f\uff08\u53771\uff09\uff1a\u57fa\u7840\u77e5\u8bc6\uff08\u539f\u4e66\u7b2c8\u7248\uff09" class="item selected">\u5355\u4ef6</span>\n                                      <span title="JAVA\u6838\u5fc3\u6280\u672f\uff1a\u53771+\u53772\uff08\u539f\u4e66\u7b2c8\u7248\uff09\uff08\u4eac\u4e1c\u5957\u88c5\u51712\u518c\uff09" class="item">\u5957\u88c52\u4ef6</span>\n                                  </div>\n                <div class="gl-i-tab-content">\n                                        <div class="tab-content-item tab-cnt-i-selected j-sku-item" data-sku="10058538" venderid="0" jdzy_shop_id="0" ts_venderid="">\n  <div class="p-img">\n    <a target="_blank" href="http://item.jd.com/10058538.html">\n                    <img width="200" height="200" data-img="1" src="//img13.360buyimg.com/n7/15919/a5f8ab1b-2e13-4449-a2cc-34a06b43cf37.jpg">\n          </a>\n      </div>\n  <div class="p-price">\n    <strong class="J_price"><em></em><i></i></strong>\n    <div class="p-icons J-pro-icons">\n          </div>\n  </div>\n  <div class="p-name">\n    <a target="_blank" title="" href="http://item.jd.com/10058538.html">\n      <em>Sun\u516c\u53f8\u6838\u5fc3\u6280\u672f\u4e1b\u4e66\uff1aJAVA\u6838\u5fc3\u6280\u672f\uff08\u53771\uff09\uff1a\u57fa\u7840\u77e5\u8bc6\uff08\u539f\u4e66\u7b2c8\u7248\uff09</em>\n      <i class="promo-words"></i>\n    </a>\n  </div>\n      <div class="p-bookdetails">\n      <span class="p-bi-name">\n                  <span class="author_type_1" style="display: ;">\n                                                       [\u7f8e]                <a title="\u660a\u65af\u7279\u66fc" href="http://book.jd.com/writer/%E6%98%8A%E6%96%AF%E7%89%B9%E6%9B%BC_1.html" target="_blank"> \u660a\u65af\u7279\u66fc </a>                                                        \uff0c                             <a title="Gary Comell" href="http://book.jd.com/writer/Gary%20Comell_1.html" target="_blank"> Gary Comell </a>                                        \u8457          </span>\n                            <span class="author_type_2" style="display: none;">\n                                                                     <a title="\u53f6\u4e43\u6587" href="http://book.jd.com/writer/%E5%8F%B6%E4%B9%83%E6%96%87_1.html" target="_blank"> \u53f6\u4e43\u6587 </a>                                                        \uff0c                             <a title="\u909d\u52b2\u7b60" href="http://book.jd.com/writer/%E9%82%9D%E5%8A%B2%E7%AD%A0_1.html" target="_blank"> \u909d\u52b2\u7b60 </a>                                           \u7b49            \u8bd1          </span>\n                        </span>\n      <em>|</em>      <span class="p-bi-store">\n                  <a title="\u673a\u68b0\u5de5\u4e1a\u51fa\u7248\u793e" href="http://book.jd.com/publish/%E6%9C%BA%E6%A2%B0%E5%B7%A5%E4%B8%9A%E5%87%BA%E7%89%88%E7%A4%BE_1.html" target="_blank">\u673a\u68b0\u5de5\u4e1a\u51fa\u7248\u793e</a>\n              </span>\n      <em>|</em>      <span class="p-bi-date">\n        2008-06      </span>\n    </div>\n        <div class="p-shop hide" data-score="4" data-reputation="0" data-shopid="" data-done="1"></div>\n    <div class="p-commit"><strong>\u5df2\u6709<a target="_blank" href="http://item.jd.com/10058538.html#comments-list">2623</a>\u4eba\u8bc4\u4ef7</strong></div>\n    <div class="p-shopnum">\n      <span class="curr-shop">\u4eac\u4e1c\u81ea\u8425</span>\n    </div>\n    <div class="p-operate">\n      <a class="p-o-btn focus J_focus" data-sku="10058538" href="javascript:;">\n        <i></i>\u5173\u6ce8\n      </a>\n      <a class="p-o-btn addcart" target="_blank" href="http://gate.jd.com/InitCart.aspx?pid=10058538&amp;pcount=1&amp;ptype=1">\n        <i></i>\u52a0\u5165\u8d2d\u7269\u8f66\n      </a>\n    </div>\n    <div class="p-stock" data-isdeliveryable="5" style="display: none;"></div>\n    <div class="p-service">\u7531 \u4eac\u4e1c \u53d1\u8d27</div>\n    <div class="p-summary">\n      <a href="http://item.jd.com/10058538.html#recommend-editor" target="_blank">\u66f4\u591a&gt;</a>\n    </div>\n    <div class="p-addtocart">\n      <a data-sku="10058538" href="http://gate.jd.com/InitCart.aspx?pid=10058538&amp;pcount=1&amp;ptype=1"><i></i>\u52a0\u5165\u8d2d\u7269\u8f66</a>\n    </div>\n  </div>\n                                        <div class="tab-content-item j-sku-item" data-sku="11230276" venderid="0" jdzy_shop_id="0" ts_venderid="">\n  <div class="p-img">\n    <a target="_blank" href="http://item.jd.com/11230276.html">\n                    <img width="200" height="200" data-img="1" src="//img11.360buyimg.com/n7/g14/M05/0D/15/rBEhVVIhQfAIAAAAAAUNgeOfL54AACrGAEBIPUABQ2Z482.jpg">\n          </a>\n      </div>\n  <div class="p-price">\n    <strong class="J_price"><em></em><i></i></strong>\n    <div class="p-icons J-pro-icons">\n          </div>\n  </div>\n  <div class="p-name">\n    <a target="_blank" title="" href="http://item.jd.com/11230276.html">\n      <em>JAVA\u6838\u5fc3\u6280\u672f\uff1a\u53771+\u53772\uff08\u539f\u4e66\u7b2c8\u7248\uff09\uff08\u4eac\u4e1c\u5957\u88c5\u51712\u518c\uff09</em>\n      <i class="promo-words"></i>\n    </a>\n  </div>\n      <div class="p-bookdetails">\n      <span class="p-bi-name">\n                  <span class="author_type_1" style="display: ;">\n                                                       [\u7f8e]                <a title="\u660a\u65af\u7279\u66fc" href="http://book.jd.com/writer/%E6%98%8A%E6%96%AF%E7%89%B9%E6%9B%BC_1.html" target="_blank"> \u660a\u65af\u7279\u66fc </a>                                                        \uff0c                             <a title="Gary Comell" href="http://book.jd.com/writer/Gary%20Comell_1.html" target="_blank"> Gary Comell </a>                                        \u8457          </span>\n                            <span class="author_type_2" style="display: none;">\n                                                                     <a title="\u53f6\u4e43\u6587" href="http://book.jd.com/writer/%E5%8F%B6%E4%B9%83%E6%96%87_1.html" target="_blank"> \u53f6\u4e43\u6587 </a>                                                        \uff0c                             <a title="\u909d\u52b2\u7b60" href="http://book.jd.com/writer/%E9%82%9D%E5%8A%B2%E7%AD%A0_1.html" target="_blank"> \u909d\u52b2\u7b60 </a>                                           \u7b49            \u8bd1          </span>\n                        </span>\n      <em>|</em>      <span class="p-bi-store">\n                  <a title="\u673a\u68b0\u5de5\u4e1a\u51fa\u7248\u793e" href="http://book.jd.com/publish/%E6%9C%BA%E6%A2%B0%E5%B7%A5%E4%B8%9A%E5%87%BA%E7%89%88%E7%A4%BE_1.html" target="_blank">\u673a\u68b0\u5de5\u4e1a\u51fa\u7248\u793e</a>\n              </span>\n      <em>|</em>      <span class="p-bi-date">\n        2008-06      </span>\n    </div>\n        <div class="p-shop hide" data-score="4" data-reputation="0" data-shopid="" data-done="1"></div>\n    <div class="p-commit"><strong>\u5df2\u6709<a target="_blank" href="http://item.jd.com/11230276.html#comments-list">4419</a>\u4eba\u8bc4\u4ef7</strong></div>\n    <div class="p-shopnum">\n      <span class="curr-shop">\u4eac\u4e1c\u81ea\u8425</span>\n    </div>\n    <div class="p-operate">\n      <a class="p-o-btn focus J_focus" data-sku="11230276" href="javascript:;">\n        <i></i>\u5173\u6ce8\n      </a>\n      <a class="p-o-btn addcart" target="_blank" href="http://gate.jd.com/InitCart.aspx?pid=11230276&amp;pcount=1&amp;ptype=1">\n        <i></i>\u52a0\u5165\u8d2d\u7269\u8f66\n      </a>\n    </div>\n    <div class="p-stock" data-isdeliveryable="5" style="display: none;"></div>\n    <div class="p-service">\u7531 \u4eac\u4e1c \u53d1\u8d27</div>\n    <div class="p-summary">\n      <a href="http://item.jd.com/11230276.html#recommend-editor" target="_blank">\u66f4\u591a&gt;</a>\n    </div>\n    <div class="p-addtocart">\n      <a data-sku="11230276" href="http://gate.jd.com/InitCart.aspx?pid=11230276&amp;pcount=1&amp;ptype=1"><i></i>\u52a0\u5165\u8d2d\u7269\u8f66</a>\n    </div>\n  </div>\n                                  </div>\n              </div>\n            </div>']
2016-01-18 16:46:47 [jd] INFO: !!!!!!!!!!!!!!!!!!!!!!!!
2016-01-18 16:46:47 [jd] INFO: !!!!!!!!!!!!!!!!!!!!!!!!
2016-01-18 16:46:47 [jd] INFO: [u'<div class="gl-i-wrap">\n              <div class="gl-i-tab">\n                <div class="gl-i-tab-trigger">\n                  <span title="Sun\u516c\u53f8\u6838\u5fc3\u6280\u672f\u4e1b\u4e66\uff1aJAVA\u6838\u5fc3\u6280\u672f\uff08\u53771\uff09\uff1a\u57fa\u7840\u77e5\u8bc6\uff08\u539f\u4e66\u7b2c8\u7248\uff09" class="item selected">\u5355\u4ef6</span>\n                                      <span title="JAVA\u6838\u5fc3\u6280\u672f\uff1a\u53771+\u53772\uff08\u539f\u4e66\u7b2c8\u7248\uff09\uff08\u4eac\u4e1c\u5957\u88c5\u51712\u518c\uff09" class="item">\u5957\u88c52\u4ef6</span>\n                                  </div>\n                <div class="gl-i-tab-content">\n                                        <div class="tab-content-item tab-cnt-i-selected j-sku-item" data-sku="10058538" venderid="0" jdzy_shop_id="0" ts_venderid="">\n  <div class="p-img">\n    <a target="_blank" href="http://item.jd.com/10058538.html">\n                    <img width="200" height="200" data-img="1" src="//img13.360buyimg.com/n7/15919/a5f8ab1b-2e13-4449-a2cc-34a06b43cf37.jpg">\n          </a>\n      </div>\n  <div class="p-price">\n    <strong class="J_price"><em></em><i></i></strong>\n    <div class="p-icons J-pro-icons">\n          </div>\n  </div>\n  <div class="p-name">\n    <a target="_blank" title="" href="http://item.jd.com/10058538.html">\n      <em>Sun\u516c\u53f8\u6838\u5fc3\u6280\u672f\u4e1b\u4e66\uff1aJAVA\u6838\u5fc3\u6280\u672f\uff08\u53771\uff09\uff1a\u57fa\u7840\u77e5\u8bc6\uff08\u539f\u4e66\u7b2c8\u7248\uff09</em>\n      <i class="promo-words"></i>\n    </a>\n  </div>\n      <div class="p-bookdetails">\n      <span class="p-bi-name">\n                  <span class="author_type_1" style="display: ;">\n                                                       [\u7f8e]                <a title="\u660a\u65af\u7279\u66fc" href="http://book.jd.com/writer/%E6%98%8A%E6%96%AF%E7%89%B9%E6%9B%BC_1.html" target="_blank"> \u660a\u65af\u7279\u66fc </a>                                                        \uff0c                             <a title="Gary Comell" href="http://book.jd.com/writer/Gary%20Comell_1.html" target="_blank"> Gary Comell </a>                                        \u8457          </span>\n                            <span class="author_type_2" style="display: none;">\n                                                                     <a title="\u53f6\u4e43\u6587" href="http://book.jd.com/writer/%E5%8F%B6%E4%B9%83%E6%96%87_1.html" target="_blank"> \u53f6\u4e43\u6587 </a>                                                        \uff0c                             <a title="\u909d\u52b2\u7b60" href="http://book.jd.com/writer/%E9%82%9D%E5%8A%B2%E7%AD%A0_1.html" target="_blank"> \u909d\u52b2\u7b60 </a>                                           \u7b49            \u8bd1          </span>\n                        </span>\n      <em>|</em>      <span class="p-bi-store">\n                  <a title="\u673a\u68b0\u5de5\u4e1a\u51fa\u7248\u793e" href="http://book.jd.com/publish/%E6%9C%BA%E6%A2%B0%E5%B7%A5%E4%B8%9A%E5%87%BA%E7%89%88%E7%A4%BE_1.html" target="_blank">\u673a\u68b0\u5de5\u4e1a\u51fa\u7248\u793e</a>\n              </span>\n      <em>|</em>      <span class="p-bi-date">\n        2008-06      </span>\n    </div>\n        <div class="p-shop hide" data-score="4" data-reputation="0" data-shopid="" data-done="1"></div>\n    <div class="p-commit"><strong>\u5df2\u6709<a target="_blank" href="http://item.jd.com/10058538.html#comments-list">2623</a>\u4eba\u8bc4\u4ef7</strong></div>\n    <div class="p-shopnum">\n      <span class="curr-shop">\u4eac\u4e1c\u81ea\u8425</span>\n    </div>\n    <div class="p-operate">\n      <a class="p-o-btn focus J_focus" data-sku="10058538" href="javascript:;">\n        <i></i>\u5173\u6ce8\n      </a>\n      <a class="p-o-btn addcart" target="_blank" href="http://gate.jd.com/InitCart.aspx?pid=10058538&amp;pcount=1&amp;ptype=1">\n        <i></i>\u52a0\u5165\u8d2d\u7269\u8f66\n      </a>\n    </div>\n    <div class="p-stock" data-isdeliveryable="5" style="display: none;"></div>\n    <div class="p-service">\u7531 \u4eac\u4e1c \u53d1\u8d27</div>\n    <div class="p-summary">\n      <a href="http://item.jd.com/10058538.html#recommend-editor" target="_blank">\u66f4\u591a&gt;</a>\n    </div>\n    <div class="p-addtocart">\n      <a data-sku="10058538" href="http://gate.jd.com/InitCart.aspx?pid=10058538&amp;pcount=1&amp;ptype=1"><i></i>\u52a0\u5165\u8d2d\u7269\u8f66</a>\n    </div>\n  </div>\n                                        <div class="tab-content-item j-sku-item" data-sku="11230276" venderid="0" jdzy_shop_id="0" ts_venderid="">\n  <div class="p-img">\n    <a target="_blank" href="http://item.jd.com/11230276.html">\n                    <img width="200" height="200" data-img="1" src="//img11.360buyimg.com/n7/g14/M05/0D/15/rBEhVVIhQfAIAAAAAAUNgeOfL54AACrGAEBIPUABQ2Z482.jpg">\n          </a>\n      </div>\n  <div class="p-price">\n    <strong class="J_price"><em></em><i></i></strong>\n    <div class="p-icons J-pro-icons">\n          </div>\n  </div>\n  <div class="p-name">\n    <a target="_blank" title="" href="http://item.jd.com/11230276.html">\n      <em>JAVA\u6838\u5fc3\u6280\u672f\uff1a\u53771+\u53772\uff08\u539f\u4e66\u7b2c8\u7248\uff09\uff08\u4eac\u4e1c\u5957\u88c5\u51712\u518c\uff09</em>\n      <i class="promo-words"></i>\n    </a>\n  </div>\n      <div class="p-bookdetails">\n      <span class="p-bi-name">\n                  <span class="author_type_1" style="display: ;">\n                                                       [\u7f8e]                <a title="\u660a\u65af\u7279\u66fc" href="http://book.jd.com/writer/%E6%98%8A%E6%96%AF%E7%89%B9%E6%9B%BC_1.html" target="_blank"> \u660a\u65af\u7279\u66fc </a>                                                        \uff0c                             <a title="Gary Comell" href="http://book.jd.com/writer/Gary%20Comell_1.html" target="_blank"> Gary Comell </a>                                        \u8457          </span>\n                            <span class="author_type_2" style="display: none;">\n                                                                     <a title="\u53f6\u4e43\u6587" href="http://book.jd.com/writer/%E5%8F%B6%E4%B9%83%E6%96%87_1.html" target="_blank"> \u53f6\u4e43\u6587 </a>                                                        \uff0c                             <a title="\u909d\u52b2\u7b60" href="http://book.jd.com/writer/%E9%82%9D%E5%8A%B2%E7%AD%A0_1.html" target="_blank"> \u909d\u52b2\u7b60 </a>                                           \u7b49            \u8bd1          </span>\n                        </span>\n      <em>|</em>      <span class="p-bi-store">\n                  <a title="\u673a\u68b0\u5de5\u4e1a\u51fa\u7248\u793e" href="http://book.jd.com/publish/%E6%9C%BA%E6%A2%B0%E5%B7%A5%E4%B8%9A%E5%87%BA%E7%89%88%E7%A4%BE_1.html" target="_blank">\u673a\u68b0\u5de5\u4e1a\u51fa\u7248\u793e</a>\n              </span>\n      <em>|</em>      <span class="p-bi-date">\n        2008-06      </span>\n    </div>\n        <div class="p-shop hide" data-score="4" data-reputation="0" data-shopid="" data-done="1"></div>\n    <div class="p-commit"><strong>\u5df2\u6709<a target="_blank" href="http://item.jd.com/11230276.html#comments-list">4419</a>\u4eba\u8bc4\u4ef7</strong></div>\n    <div class="p-shopnum">\n      <span class="curr-shop">\u4eac\u4e1c\u81ea\u8425</span>\n    </div>\n    <div class="p-operate">\n      <a class="p-o-btn focus J_focus" data-sku="11230276" href="javascript:;">\n        <i></i>\u5173\u6ce8\n      </a>\n      <a class="p-o-btn addcart" target="_blank" href="http://gate.jd.com/InitCart.aspx?pid=11230276&amp;pcount=1&amp;ptype=1">\n        <i></i>\u52a0\u5165\u8d2d\u7269\u8f66\n      </a>\n    </div>\n    <div class="p-stock" data-isdeliveryable="5" style="display: none;"></div>\n    <div class="p-service">\u7531 \u4eac\u4e1c \u53d1\u8d27</div>\n    <div class="p-summary">\n      <a href="http://item.jd.com/11230276.html#recommend-editor" target="_blank">\u66f4\u591a&gt;</a>\n    </div>\n    <div class="p-addtocart">\n      <a data-sku="11230276" href="http://gate.jd.com/InitCart.aspx?pid=11230276&amp;pcount=1&amp;ptype=1"><i></i>\u52a0\u5165\u8d2d\u7269\u8f66</a>\n    </div>\n  </div>\n                                  </div>\n              </div>\n            </div>']
2016-01-18 16:46:47 [jd] INFO: !!!!!!!!!!!!!!!!!!!!!!!!
2016-01-18 16:46:47 [jd] INFO: !!!!!!!!!!!!!!!!!!!!!!!!
2016-01-18 16:46:47 [jd] INFO: [u'<div class="gl-i-wrap">\n              <div class="gl-i-tab">\n                <div class="gl-i-tab-trigger">\n                  <span title="Sun\u516c\u53f8\u6838\u5fc3\u6280\u672f\u4e1b\u4e66\uff1aJAVA\u6838\u5fc3\u6280\u672f\uff08\u53771\uff09\uff1a\u57fa\u7840\u77e5\u8bc6\uff08\u539f\u4e66\u7b2c8\u7248\uff09" class="item selected">\u5355\u4ef6</span>\n                                      <span title="JAVA\u6838\u5fc3\u6280\u672f\uff1a\u53771+\u53772\uff08\u539f\u4e66\u7b2c8\u7248\uff09\uff08\u4eac\u4e1c\u5957\u88c5\u51712\u518c\uff09" class="item">\u5957\u88c52\u4ef6</span>\n                                  </div>\n                <div class="gl-i-tab-content">\n                                        <div class="tab-content-item tab-cnt-i-selected j-sku-item" data-sku="10058538" venderid="0" jdzy_shop_id="0" ts_venderid="">\n  <div class="p-img">\n    <a target="_blank" href="http://item.jd.com/10058538.html">\n                    <img width="200" height="200" data-img="1" src="//img13.360buyimg.com/n7/15919/a5f8ab1b-2e13-4449-a2cc-34a06b43cf37.jpg">\n          </a>\n      </div>\n  <div class="p-price">\n    <strong class="J_price"><em></em><i></i></strong>\n    <div class="p-icons J-pro-icons">\n          </div>\n  </div>\n  <div class="p-name">\n    <a target="_blank" title="" href="http://item.jd.com/10058538.html">\n      <em>Sun\u516c\u53f8\u6838\u5fc3\u6280\u672f\u4e1b\u4e66\uff1aJAVA\u6838\u5fc3\u6280\u672f\uff08\u53771\uff09\uff1a\u57fa\u7840\u77e5\u8bc6\uff08\u539f\u4e66\u7b2c8\u7248\uff09</em>\n      <i class="promo-words"></i>\n    </a>\n  </div>\n      <div class="p-bookdetails">\n      <span class="p-bi-name">\n                  <span class="author_type_1" style="display: ;">\n                                                       [\u7f8e]                <a title="\u660a\u65af\u7279\u66fc" href="http://book.jd.com/writer/%E6%98%8A%E6%96%AF%E7%89%B9%E6%9B%BC_1.html" target="_blank"> \u660a\u65af\u7279\u66fc </a>                                                        \uff0c                             <a title="Gary Comell" href="http://book.jd.com/writer/Gary%20Comell_1.html" target="_blank"> Gary Comell </a>                                        \u8457          </span>\n                            <span class="author_type_2" style="display: none;">\n                                                                     <a title="\u53f6\u4e43\u6587" href="http://book.jd.com/writer/%E5%8F%B6%E4%B9%83%E6%96%87_1.html" target="_blank"> \u53f6\u4e43\u6587 </a>                                                        \uff0c                             <a title="\u909d\u52b2\u7b60" href="http://book.jd.com/writer/%E9%82%9D%E5%8A%B2%E7%AD%A0_1.html" target="_blank"> \u909d\u52b2\u7b60 </a>                                           \u7b49            \u8bd1          </span>\n                        </span>\n      <em>|</em>      <span class="p-bi-store">\n                  <a title="\u673a\u68b0\u5de5\u4e1a\u51fa\u7248\u793e" href="http://book.jd.com/publish/%E6%9C%BA%E6%A2%B0%E5%B7%A5%E4%B8%9A%E5%87%BA%E7%89%88%E7%A4%BE_1.html" target="_blank">\u673a\u68b0\u5de5\u4e1a\u51fa\u7248\u793e</a>\n              </span>\n      <em>|</em>      <span class="p-bi-date">\n        2008-06      </span>\n    </div>\n        <div class="p-shop hide" data-score="4" data-reputation="0" data-shopid="" data-done="1"></div>\n    <div class="p-commit"><strong>\u5df2\u6709<a target="_blank" href="http://item.jd.com/10058538.html#comments-list">2623</a>\u4eba\u8bc4\u4ef7</strong></div>\n    <div class="p-shopnum">\n      <span class="curr-shop">\u4eac\u4e1c\u81ea\u8425</span>\n    </div>\n    <div class="p-operate">\n      <a class="p-o-btn focus J_focus" data-sku="10058538" href="javascript:;">\n        <i></i>\u5173\u6ce8\n      </a>\n      <a class="p-o-btn addcart" target="_blank" href="http://gate.jd.com/InitCart.aspx?pid=10058538&amp;pcount=1&amp;ptype=1">\n        <i></i>\u52a0\u5165\u8d2d\u7269\u8f66\n      </a>\n    </div>\n    <div class="p-stock" data-isdeliveryable="5" style="display: none;"></div>\n    <div class="p-service">\u7531 \u4eac\u4e1c \u53d1\u8d27</div>\n    <div class="p-summary">\n      <a href="http://item.jd.com/10058538.html#recommend-editor" target="_blank">\u66f4\u591a&gt;</a>\n    </div>\n    <div class="p-addtocart">\n      <a data-sku="10058538" href="http://gate.jd.com/InitCart.aspx?pid=10058538&amp;pcount=1&amp;ptype=1"><i></i>\u52a0\u5165\u8d2d\u7269\u8f66</a>\n    </div>\n  </div>\n                                        <div class="tab-content-item j-sku-item" data-sku="11230276" venderid="0" jdzy_shop_id="0" ts_venderid="">\n  <div class="p-img">\n    <a target="_blank" href="http://item.jd.com/11230276.html">\n                    <img width="200" height="200" data-img="1" src="//img11.360buyimg.com/n7/g14/M05/0D/15/rBEhVVIhQfAIAAAAAAUNgeOfL54AACrGAEBIPUABQ2Z482.jpg">\n          </a>\n      </div>\n  <div class="p-price">\n    <strong class="J_price"><em></em><i></i></strong>\n    <div class="p-icons J-pro-icons">\n          </div>\n  </div>\n  <div class="p-name">\n    <a target="_blank" title="" href="http://item.jd.com/11230276.html">\n      <em>JAVA\u6838\u5fc3\u6280\u672f\uff1a\u53771+\u53772\uff08\u539f\u4e66\u7b2c8\u7248\uff09\uff08\u4eac\u4e1c\u5957\u88c5\u51712\u518c\uff09</em>\n      <i class="promo-words"></i>\n    </a>\n  </div>\n      <div class="p-bookdetails">\n      <span class="p-bi-name">\n                  <span class="author_type_1" style="display: ;">\n                                                       [\u7f8e]                <a title="\u660a\u65af\u7279\u66fc" href="http://book.jd.com/writer/%E6%98%8A%E6%96%AF%E7%89%B9%E6%9B%BC_1.html" target="_blank"> \u660a\u65af\u7279\u66fc </a>                                                        \uff0c                             <a title="Gary Comell" href="http://book.jd.com/writer/Gary%20Comell_1.html" target="_blank"> Gary Comell </a>                                        \u8457          </span>\n                            <span class="author_type_2" style="display: none;">\n                                                                     <a title="\u53f6\u4e43\u6587" href="http://book.jd.com/writer/%E5%8F%B6%E4%B9%83%E6%96%87_1.html" target="_blank"> \u53f6\u4e43\u6587 </a>                                                        \uff0c                             <a title="\u909d\u52b2\u7b60" href="http://book.jd.com/writer/%E9%82%9D%E5%8A%B2%E7%AD%A0_1.html" target="_blank"> \u909d\u52b2\u7b60 </a>                                           \u7b49            \u8bd1          </span>\n                        </span>\n      <em>|</em>      <span class="p-bi-store">\n                  <a title="\u673a\u68b0\u5de5\u4e1a\u51fa\u7248\u793e" href="http://book.jd.com/publish/%E6%9C%BA%E6%A2%B0%E5%B7%A5%E4%B8%9A%E5%87%BA%E7%89%88%E7%A4%BE_1.html" target="_blank">\u673a\u68b0\u5de5\u4e1a\u51fa\u7248\u793e</a>\n              </span>\n      <em>|</em>      <span class="p-bi-date">\n        2008-06      </span>\n    </div>\n        <div class="p-shop hide" data-score="4" data-reputation="0" data-shopid="" data-done="1"></div>\n    <div class="p-commit"><strong>\u5df2\u6709<a target="_blank" href="http://item.jd.com/11230276.html#comments-list">4419</a>\u4eba\u8bc4\u4ef7</strong></div>\n    <div class="p-shopnum">\n      <span class="curr-shop">\u4eac\u4e1c\u81ea\u8425</span>\n    </div>\n    <div class="p-operate">\n      <a class="p-o-btn focus J_focus" data-sku="11230276" href="javascript:;">\n        <i></i>\u5173\u6ce8\n      </a>\n      <a class="p-o-btn addcart" target="_blank" href="http://gate.jd.com/InitCart.aspx?pid=11230276&amp;pcount=1&amp;ptype=1">\n        <i></i>\u52a0\u5165\u8d2d\u7269\u8f66\n      </a>\n    </div>\n    <div class="p-stock" data-isdeliveryable="5" style="display: none;"></div>\n    <div class="p-service">\u7531 \u4eac\u4e1c \u53d1\u8d27</div>\n    <div class="p-summary">\n      <a href="http://item.jd.com/11230276.html#recommend-editor" target="_blank">\u66f4\u591a&gt;</a>\n    </div>\n    <div class="p-addtocart">\n      <a data-sku="11230276" href="http://gate.jd.com/InitCart.aspx?pid=11230276&amp;pcount=1&amp;ptype=1"><i></i>\u52a0\u5165\u8d2d\u7269\u8f66</a>\n    </div>\n  </div>\n                                  </div>\n              </div>\n            </div>']
2016-01-18 16:46:47 [jd] INFO: !!!!!!!!!!!!!!!!!!!!!!!!
2016-01-18 16:46:47 [jd] INFO: !!!!!!!!!!!!!!!!!!!!!!!!
2016-01-18 16:46:47 [jd] INFO: [u'<div class="gl-i-wrap">\n              <div class="gl-i-tab">\n                <div class="gl-i-tab-trigger">\n                  <span title="Sun\u516c\u53f8\u6838\u5fc3\u6280\u672f\u4e1b\u4e66\uff1aJAVA\u6838\u5fc3\u6280\u672f\uff08\u53771\uff09\uff1a\u57fa\u7840\u77e5\u8bc6\uff08\u539f\u4e66\u7b2c8\u7248\uff09" class="item selected">\u5355\u4ef6</span>\n                                      <span title="JAVA\u6838\u5fc3\u6280\u672f\uff1a\u53771+\u53772\uff08\u539f\u4e66\u7b2c8\u7248\uff09\uff08\u4eac\u4e1c\u5957\u88c5\u51712\u518c\uff09" class="item">\u5957\u88c52\u4ef6</span>\n                                  </div>\n                <div class="gl-i-tab-content">\n                                        <div class="tab-content-item tab-cnt-i-selected j-sku-item" data-sku="10058538" venderid="0" jdzy_shop_id="0" ts_venderid="">\n  <div class="p-img">\n    <a target="_blank" href="http://item.jd.com/10058538.html">\n                    <img width="200" height="200" data-img="1" src="//img13.360buyimg.com/n7/15919/a5f8ab1b-2e13-4449-a2cc-34a06b43cf37.jpg">\n          </a>\n      </div>\n  <div class="p-price">\n    <strong class="J_price"><em></em><i></i></strong>\n    <div class="p-icons J-pro-icons">\n          </div>\n  </div>\n  <div class="p-name">\n    <a target="_blank" title="" href="http://item.jd.com/10058538.html">\n      <em>Sun\u516c\u53f8\u6838\u5fc3\u6280\u672f\u4e1b\u4e66\uff1aJAVA\u6838\u5fc3\u6280\u672f\uff08\u53771\uff09\uff1a\u57fa\u7840\u77e5\u8bc6\uff08\u539f\u4e66\u7b2c8\u7248\uff09</em>\n      <i class="promo-words"></i>\n    </a>\n  </div>\n      <div class="p-bookdetails">\n      <span class="p-bi-name">\n                  <span class="author_type_1" style="display: ;">\n                                                       [\u7f8e]                <a title="\u660a\u65af\u7279\u66fc" href="http://book.jd.com/writer/%E6%98%8A%E6%96%AF%E7%89%B9%E6%9B%BC_1.html" target="_blank"> \u660a\u65af\u7279\u66fc </a>                                                        \uff0c                             <a title="Gary Comell" href="http://book.jd.com/writer/Gary%20Comell_1.html" target="_blank"> Gary Comell </a>                                        \u8457          </span>\n                            <span class="author_type_2" style="display: none;">\n                                                                     <a title="\u53f6\u4e43\u6587" href="http://book.jd.com/writer/%E5%8F%B6%E4%B9%83%E6%96%87_1.html" target="_blank"> \u53f6\u4e43\u6587 </a>                                                        \uff0c                             <a title="\u909d\u52b2\u7b60" href="http://book.jd.com/writer/%E9%82%9D%E5%8A%B2%E7%AD%A0_1.html" target="_blank"> \u909d\u52b2\u7b60 </a>                                           \u7b49            \u8bd1          </span>\n                        </span>\n      <em>|</em>      <span class="p-bi-store">\n                  <a title="\u673a\u68b0\u5de5\u4e1a\u51fa\u7248\u793e" href="http://book.jd.com/publish/%E6%9C%BA%E6%A2%B0%E5%B7%A5%E4%B8%9A%E5%87%BA%E7%89%88%E7%A4%BE_1.html" target="_blank">\u673a\u68b0\u5de5\u4e1a\u51fa\u7248\u793e</a>\n              </span>\n      <em>|</em>      <span class="p-bi-date">\n        2008-06      </span>\n    </div>\n        <div class="p-shop hide" data-score="4" data-reputation="0" data-shopid="" data-done="1"></div>\n    <div class="p-commit"><strong>\u5df2\u6709<a target="_blank" href="http://item.jd.com/10058538.html#comments-list">2623</a>\u4eba\u8bc4\u4ef7</strong></div>\n    <div class="p-shopnum">\n      <span class="curr-shop">\u4eac\u4e1c\u81ea\u8425</span>\n    </div>\n    <div class="p-operate">\n      <a class="p-o-btn focus J_focus" data-sku="10058538" href="javascript:;">\n        <i></i>\u5173\u6ce8\n      </a>\n      <a class="p-o-btn addcart" target="_blank" href="http://gate.jd.com/InitCart.aspx?pid=10058538&amp;pcount=1&amp;ptype=1">\n        <i></i>\u52a0\u5165\u8d2d\u7269\u8f66\n      </a>\n    </div>\n    <div class="p-stock" data-isdeliveryable="5" style="display: none;"></div>\n    <div class="p-service">\u7531 \u4eac\u4e1c \u53d1\u8d27</div>\n    <div class="p-summary">\n      <a href="http://item.jd.com/10058538.html#recommend-editor" target="_blank">\u66f4\u591a&gt;</a>\n    </div>\n    <div class="p-addtocart">\n      <a data-sku="10058538" href="http://gate.jd.com/InitCart.aspx?pid=10058538&amp;pcount=1&amp;ptype=1"><i></i>\u52a0\u5165\u8d2d\u7269\u8f66</a>\n    </div>\n  </div>\n                                        <div class="tab-content-item j-sku-item" data-sku="11230276" venderid="0" jdzy_shop_id="0" ts_venderid="">\n  <div class="p-img">\n    <a target="_blank" href="http://item.jd.com/11230276.html">\n                    <img width="200" height="200" data-img="1" src="//img11.360buyimg.com/n7/g14/M05/0D/15/rBEhVVIhQfAIAAAAAAUNgeOfL54AACrGAEBIPUABQ2Z482.jpg">\n          </a>\n      </div>\n  <div class="p-price">\n    <strong class="J_price"><em></em><i></i></strong>\n    <div class="p-icons J-pro-icons">\n          </div>\n  </div>\n  <div class="p-name">\n    <a target="_blank" title="" href="http://item.jd.com/11230276.html">\n      <em>JAVA\u6838\u5fc3\u6280\u672f\uff1a\u53771+\u53772\uff08\u539f\u4e66\u7b2c8\u7248\uff09\uff08\u4eac\u4e1c\u5957\u88c5\u51712\u518c\uff09</em>\n      <i class="promo-words"></i>\n    </a>\n  </div>\n      <div class="p-bookdetails">\n      <span class="p-bi-name">\n                  <span class="author_type_1" style="display: ;">\n                                                       [\u7f8e]                <a title="\u660a\u65af\u7279\u66fc" href="http://book.jd.com/writer/%E6%98%8A%E6%96%AF%E7%89%B9%E6%9B%BC_1.html" target="_blank"> \u660a\u65af\u7279\u66fc </a>                                                        \uff0c                             <a title="Gary Comell" href="http://book.jd.com/writer/Gary%20Comell_1.html" target="_blank"> Gary Comell </a>                                        \u8457          </span>\n                            <span class="author_type_2" style="display: none;">\n                                                                     <a title="\u53f6\u4e43\u6587" href="http://book.jd.com/writer/%E5%8F%B6%E4%B9%83%E6%96%87_1.html" target="_blank"> \u53f6\u4e43\u6587 </a>                                                        \uff0c                             <a title="\u909d\u52b2\u7b60" href="http://book.jd.com/writer/%E9%82%9D%E5%8A%B2%E7%AD%A0_1.html" target="_blank"> \u909d\u52b2\u7b60 </a>                                           \u7b49            \u8bd1          </span>\n                        </span>\n      <em>|</em>      <span class="p-bi-store">\n                  <a title="\u673a\u68b0\u5de5\u4e1a\u51fa\u7248\u793e" href="http://book.jd.com/publish/%E6%9C%BA%E6%A2%B0%E5%B7%A5%E4%B8%9A%E5%87%BA%E7%89%88%E7%A4%BE_1.html" target="_blank">\u673a\u68b0\u5de5\u4e1a\u51fa\u7248\u793e</a>\n              </span>\n      <em>|</em>      <span class="p-bi-date">\n        2008-06      </span>\n    </div>\n        <div class="p-shop hide" data-score="4" data-reputation="0" data-shopid="" data-done="1"></div>\n    <div class="p-commit"><strong>\u5df2\u6709<a target="_blank" href="http://item.jd.com/11230276.html#comments-list">4419</a>\u4eba\u8bc4\u4ef7</strong></div>\n    <div class="p-shopnum">\n      <span class="curr-shop">\u4eac\u4e1c\u81ea\u8425</span>\n    </div>\n    <div class="p-operate">\n      <a class="p-o-btn focus J_focus" data-sku="11230276" href="javascript:;">\n        <i></i>\u5173\u6ce8\n      </a>\n      <a class="p-o-btn addcart" target="_blank" href="http://gate.jd.com/InitCart.aspx?pid=11230276&amp;pcount=1&amp;ptype=1">\n        <i></i>\u52a0\u5165\u8d2d\u7269\u8f66\n      </a>\n    </div>\n    <div class="p-stock" data-isdeliveryable="5" style="display: none;"></div>\n    <div class="p-service">\u7531 \u4eac\u4e1c \u53d1\u8d27</div>\n    <div class="p-summary">\n      <a href="http://item.jd.com/11230276.html#recommend-editor" target="_blank">\u66f4\u591a&gt;</a>\n    </div>\n    <div class="p-addtocart">\n      <a data-sku="11230276" href="http://gate.jd.com/InitCart.aspx?pid=11230276&amp;pcount=1&amp;ptype=1"><i></i>\u52a0\u5165\u8d2d\u7269\u8f66</a>\n    </div>\n  </div>\n                                  </div>\n              </div>\n            </div>']
2016-01-18 16:46:47 [jd] INFO: !!!!!!!!!!!!!!!!!!!!!!!!
2016-01-18 16:46:47 [jd] INFO: !!!!!!!!!!!!!!!!!!!!!!!!
2016-01-18 16:46:47 [jd] INFO: [u'<div class="gl-i-wrap">\n              <div class="gl-i-tab">\n                <div class="gl-i-tab-trigger">\n                  <span title="Sun\u516c\u53f8\u6838\u5fc3\u6280\u672f\u4e1b\u4e66\uff1aJAVA\u6838\u5fc3\u6280\u672f\uff08\u53771\uff09\uff1a\u57fa\u7840\u77e5\u8bc6\uff08\u539f\u4e66\u7b2c8\u7248\uff09" class="item selected">\u5355\u4ef6</span>\n                                      <span title="JAVA\u6838\u5fc3\u6280\u672f\uff1a\u53771+\u53772\uff08\u539f\u4e66\u7b2c8\u7248\uff09\uff08\u4eac\u4e1c\u5957\u88c5\u51712\u518c\uff09" class="item">\u5957\u88c52\u4ef6</span>\n                                  </div>\n                <div class="gl-i-tab-content">\n                                        <div class="tab-content-item tab-cnt-i-selected j-sku-item" data-sku="10058538" venderid="0" jdzy_shop_id="0" ts_venderid="">\n  <div class="p-img">\n    <a target="_blank" href="http://item.jd.com/10058538.html">\n                    <img width="200" height="200" data-img="1" src="//img13.360buyimg.com/n7/15919/a5f8ab1b-2e13-4449-a2cc-34a06b43cf37.jpg">\n          </a>\n      </div>\n  <div class="p-price">\n    <strong class="J_price"><em></em><i></i></strong>\n    <div class="p-icons J-pro-icons">\n          </div>\n  </div>\n  <div class="p-name">\n    <a target="_blank" title="" href="http://item.jd.com/10058538.html">\n      <em>Sun\u516c\u53f8\u6838\u5fc3\u6280\u672f\u4e1b\u4e66\uff1aJAVA\u6838\u5fc3\u6280\u672f\uff08\u53771\uff09\uff1a\u57fa\u7840\u77e5\u8bc6\uff08\u539f\u4e66\u7b2c8\u7248\uff09</em>\n      <i class="promo-words"></i>\n    </a>\n  </div>\n      <div class="p-bookdetails">\n      <span class="p-bi-name">\n                  <span class="author_type_1" style="display: ;">\n                                                       [\u7f8e]                <a title="\u660a\u65af\u7279\u66fc" href="http://book.jd.com/writer/%E6%98%8A%E6%96%AF%E7%89%B9%E6%9B%BC_1.html" target="_blank"> \u660a\u65af\u7279\u66fc </a>                                                        \uff0c                             <a title="Gary Comell" href="http://book.jd.com/writer/Gary%20Comell_1.html" target="_blank"> Gary Comell </a>                                        \u8457          </span>\n                            <span class="author_type_2" style="display: none;">\n                                                                     <a title="\u53f6\u4e43\u6587" href="http://book.jd.com/writer/%E5%8F%B6%E4%B9%83%E6%96%87_1.html" target="_blank"> \u53f6\u4e43\u6587 </a>                                                        \uff0c                             <a title="\u909d\u52b2\u7b60" href="http://book.jd.com/writer/%E9%82%9D%E5%8A%B2%E7%AD%A0_1.html" target="_blank"> \u909d\u52b2\u7b60 </a>                                           \u7b49            \u8bd1          </span>\n                        </span>\n      <em>|</em>      <span class="p-bi-store">\n                  <a title="\u673a\u68b0\u5de5\u4e1a\u51fa\u7248\u793e" href="http://book.jd.com/publish/%E6%9C%BA%E6%A2%B0%E5%B7%A5%E4%B8%9A%E5%87%BA%E7%89%88%E7%A4%BE_1.html" target="_blank">\u673a\u68b0\u5de5\u4e1a\u51fa\u7248\u793e</a>\n              </span>\n      <em>|</em>      <span class="p-bi-date">\n        2008-06      </span>\n    </div>\n        <div class="p-shop hide" data-score="4" data-reputation="0" data-shopid="" data-done="1"></div>\n    <div class="p-commit"><strong>\u5df2\u6709<a target="_blank" href="http://item.jd.com/10058538.html#comments-list">2623</a>\u4eba\u8bc4\u4ef7</strong></div>\n    <div class="p-shopnum">\n      <span class="curr-shop">\u4eac\u4e1c\u81ea\u8425</span>\n    </div>\n    <div class="p-operate">\n      <a class="p-o-btn focus J_focus" data-sku="10058538" href="javascript:;">\n        <i></i>\u5173\u6ce8\n      </a>\n      <a class="p-o-btn addcart" target="_blank" href="http://gate.jd.com/InitCart.aspx?pid=10058538&amp;pcount=1&amp;ptype=1">\n        <i></i>\u52a0\u5165\u8d2d\u7269\u8f66\n      </a>\n    </div>\n    <div class="p-stock" data-isdeliveryable="5" style="display: none;"></div>\n    <div class="p-service">\u7531 \u4eac\u4e1c \u53d1\u8d27</div>\n    <div class="p-summary">\n      <a href="http://item.jd.com/10058538.html#recommend-editor" target="_blank">\u66f4\u591a&gt;</a>\n    </div>\n    <div class="p-addtocart">\n      <a data-sku="10058538" href="http://gate.jd.com/InitCart.aspx?pid=10058538&amp;pcount=1&amp;ptype=1"><i></i>\u52a0\u5165\u8d2d\u7269\u8f66</a>\n    </div>\n  </div>\n                                        <div class="tab-content-item j-sku-item" data-sku="11230276" venderid="0" jdzy_shop_id="0" ts_venderid="">\n  <div class="p-img">\n    <a target="_blank" href="http://item.jd.com/11230276.html">\n                    <img width="200" height="200" data-img="1" src="//img11.360buyimg.com/n7/g14/M05/0D/15/rBEhVVIhQfAIAAAAAAUNgeOfL54AACrGAEBIPUABQ2Z482.jpg">\n          </a>\n      </div>\n  <div class="p-price">\n    <strong class="J_price"><em></em><i></i></strong>\n    <div class="p-icons J-pro-icons">\n          </div>\n  </div>\n  <div class="p-name">\n    <a target="_blank" title="" href="http://item.jd.com/11230276.html">\n      <em>JAVA\u6838\u5fc3\u6280\u672f\uff1a\u53771+\u53772\uff08\u539f\u4e66\u7b2c8\u7248\uff09\uff08\u4eac\u4e1c\u5957\u88c5\u51712\u518c\uff09</em>\n      <i class="promo-words"></i>\n    </a>\n  </div>\n      <div class="p-bookdetails">\n      <span class="p-bi-name">\n                  <span class="author_type_1" style="display: ;">\n                                                       [\u7f8e]                <a title="\u660a\u65af\u7279\u66fc" href="http://book.jd.com/writer/%E6%98%8A%E6%96%AF%E7%89%B9%E6%9B%BC_1.html" target="_blank"> \u660a\u65af\u7279\u66fc </a>                                                        \uff0c                             <a title="Gary Comell" href="http://book.jd.com/writer/Gary%20Comell_1.html" target="_blank"> Gary Comell </a>                                        \u8457          </span>\n                            <span class="author_type_2" style="display: none;">\n                                                                     <a title="\u53f6\u4e43\u6587" href="http://book.jd.com/writer/%E5%8F%B6%E4%B9%83%E6%96%87_1.html" target="_blank"> \u53f6\u4e43\u6587 </a>                                                        \uff0c                             <a title="\u909d\u52b2\u7b60" href="http://book.jd.com/writer/%E9%82%9D%E5%8A%B2%E7%AD%A0_1.html" target="_blank"> \u909d\u52b2\u7b60 </a>                                           \u7b49            \u8bd1          </span>\n                        </span>\n      <em>|</em>      <span class="p-bi-store">\n                  <a title="\u673a\u68b0\u5de5\u4e1a\u51fa\u7248\u793e" href="http://book.jd.com/publish/%E6%9C%BA%E6%A2%B0%E5%B7%A5%E4%B8%9A%E5%87%BA%E7%89%88%E7%A4%BE_1.html" target="_blank">\u673a\u68b0\u5de5\u4e1a\u51fa\u7248\u793e</a>\n              </span>\n      <em>|</em>      <span class="p-bi-date">\n        2008-06      </span>\n    </div>\n        <div class="p-shop hide" data-score="4" data-reputation="0" data-shopid="" data-done="1"></div>\n    <div class="p-commit"><strong>\u5df2\u6709<a target="_blank" href="http://item.jd.com/11230276.html#comments-list">4419</a>\u4eba\u8bc4\u4ef7</strong></div>\n    <div class="p-shopnum">\n      <span class="curr-shop">\u4eac\u4e1c\u81ea\u8425</span>\n    </div>\n    <div class="p-operate">\n      <a class="p-o-btn focus J_focus" data-sku="11230276" href="javascript:;">\n        <i></i>\u5173\u6ce8\n      </a>\n      <a class="p-o-btn addcart" target="_blank" href="http://gate.jd.com/InitCart.aspx?pid=11230276&amp;pcount=1&amp;ptype=1">\n        <i></i>\u52a0\u5165\u8d2d\u7269\u8f66\n      </a>\n    </div>\n    <div class="p-stock" data-isdeliveryable="5" style="display: none;"></div>\n    <div class="p-service">\u7531 \u4eac\u4e1c \u53d1\u8d27</div>\n    <div class="p-summary">\n      <a href="http://item.jd.com/11230276.html#recommend-editor" target="_blank">\u66f4\u591a&gt;</a>\n    </div>\n    <div class="p-addtocart">\n      <a data-sku="11230276" href="http://gate.jd.com/InitCart.aspx?pid=11230276&amp;pcount=1&amp;ptype=1"><i></i>\u52a0\u5165\u8d2d\u7269\u8f66</a>\n    </div>\n  </div>\n                                  </div>\n              </div>\n            </div>']
2016-01-18 16:46:47 [jd] INFO: !!!!!!!!!!!!!!!!!!!!!!!!
2016-01-18 16:46:47 [jd] INFO: !!!!!!!!!!!!!!!!!!!!!!!!
2016-01-18 16:46:47 [jd] INFO: [u'<div class="gl-i-wrap">\n              <div class="gl-i-tab">\n                <div class="gl-i-tab-trigger">\n                  <span title="Sun\u516c\u53f8\u6838\u5fc3\u6280\u672f\u4e1b\u4e66\uff1aJAVA\u6838\u5fc3\u6280\u672f\uff08\u53771\uff09\uff1a\u57fa\u7840\u77e5\u8bc6\uff08\u539f\u4e66\u7b2c8\u7248\uff09" class="item selected">\u5355\u4ef6</span>\n                                      <span title="JAVA\u6838\u5fc3\u6280\u672f\uff1a\u53771+\u53772\uff08\u539f\u4e66\u7b2c8\u7248\uff09\uff08\u4eac\u4e1c\u5957\u88c5\u51712\u518c\uff09" class="item">\u5957\u88c52\u4ef6</span>\n                                  </div>\n                <div class="gl-i-tab-content">\n                                        <div class="tab-content-item tab-cnt-i-selected j-sku-item" data-sku="10058538" venderid="0" jdzy_shop_id="0" ts_venderid="">\n  <div class="p-img">\n    <a target="_blank" href="http://item.jd.com/10058538.html">\n                    <img width="200" height="200" data-img="1" src="//img13.360buyimg.com/n7/15919/a5f8ab1b-2e13-4449-a2cc-34a06b43cf37.jpg">\n          </a>\n      </div>\n  <div class="p-price">\n    <strong class="J_price"><em></em><i></i></strong>\n    <div class="p-icons J-pro-icons">\n          </div>\n  </div>\n  <div class="p-name">\n    <a target="_blank" title="" href="http://item.jd.com/10058538.html">\n      <em>Sun\u516c\u53f8\u6838\u5fc3\u6280\u672f\u4e1b\u4e66\uff1aJAVA\u6838\u5fc3\u6280\u672f\uff08\u53771\uff09\uff1a\u57fa\u7840\u77e5\u8bc6\uff08\u539f\u4e66\u7b2c8\u7248\uff09</em>\n      <i class="promo-words"></i>\n    </a>\n  </div>\n      <div class="p-bookdetails">\n      <span class="p-bi-name">\n                  <span class="author_type_1" style="display: ;">\n                                                       [\u7f8e]                <a title="\u660a\u65af\u7279\u66fc" href="http://book.jd.com/writer/%E6%98%8A%E6%96%AF%E7%89%B9%E6%9B%BC_1.html" target="_blank"> \u660a\u65af\u7279\u66fc </a>                                                        \uff0c                             <a title="Gary Comell" href="http://book.jd.com/writer/Gary%20Comell_1.html" target="_blank"> Gary Comell </a>                                        \u8457          </span>\n                            <span class="author_type_2" style="display: none;">\n                                                                     <a title="\u53f6\u4e43\u6587" href="http://book.jd.com/writer/%E5%8F%B6%E4%B9%83%E6%96%87_1.html" target="_blank"> \u53f6\u4e43\u6587 </a>                                                        \uff0c                             <a title="\u909d\u52b2\u7b60" href="http://book.jd.com/writer/%E9%82%9D%E5%8A%B2%E7%AD%A0_1.html" target="_blank"> \u909d\u52b2\u7b60 </a>                                           \u7b49            \u8bd1          </span>\n                        </span>\n      <em>|</em>      <span class="p-bi-store">\n                  <a title="\u673a\u68b0\u5de5\u4e1a\u51fa\u7248\u793e" href="http://book.jd.com/publish/%E6%9C%BA%E6%A2%B0%E5%B7%A5%E4%B8%9A%E5%87%BA%E7%89%88%E7%A4%BE_1.html" target="_blank">\u673a\u68b0\u5de5\u4e1a\u51fa\u7248\u793e</a>\n              </span>\n      <em>|</em>      <span class="p-bi-date">\n        2008-06      </span>\n    </div>\n        <div class="p-shop hide" data-score="4" data-reputation="0" data-shopid="" data-done="1"></div>\n    <div class="p-commit"><strong>\u5df2\u6709<a target="_blank" href="http://item.jd.com/10058538.html#comments-list">2623</a>\u4eba\u8bc4\u4ef7</strong></div>\n    <div class="p-shopnum">\n      <span class="curr-shop">\u4eac\u4e1c\u81ea\u8425</span>\n    </div>\n    <div class="p-operate">\n      <a class="p-o-btn focus J_focus" data-sku="10058538" href="javascript:;">\n        <i></i>\u5173\u6ce8\n      </a>\n      <a class="p-o-btn addcart" target="_blank" href="http://gate.jd.com/InitCart.aspx?pid=10058538&amp;pcount=1&amp;ptype=1">\n        <i></i>\u52a0\u5165\u8d2d\u7269\u8f66\n      </a>\n    </div>\n    <div class="p-stock" data-isdeliveryable="5" style="display: none;"></div>\n    <div class="p-service">\u7531 \u4eac\u4e1c \u53d1\u8d27</div>\n    <div class="p-summary">\n      <a href="http://item.jd.com/10058538.html#recommend-editor" target="_blank">\u66f4\u591a&gt;</a>\n    </div>\n    <div class="p-addtocart">\n      <a data-sku="10058538" href="http://gate.jd.com/InitCart.aspx?pid=10058538&amp;pcount=1&amp;ptype=1"><i></i>\u52a0\u5165\u8d2d\u7269\u8f66</a>\n    </div>\n  </div>\n                                        <div class="tab-content-item j-sku-item" data-sku="11230276" venderid="0" jdzy_shop_id="0" ts_venderid="">\n  <div class="p-img">\n    <a target="_blank" href="http://item.jd.com/11230276.html">\n                    <img width="200" height="200" data-img="1" src="//img11.360buyimg.com/n7/g14/M05/0D/15/rBEhVVIhQfAIAAAAAAUNgeOfL54AACrGAEBIPUABQ2Z482.jpg">\n          </a>\n      </div>\n  <div class="p-price">\n    <strong class="J_price"><em></em><i></i></strong>\n    <div class="p-icons J-pro-icons">\n          </div>\n  </div>\n  <div class="p-name">\n    <a target="_blank" title="" href="http://item.jd.com/11230276.html">\n      <em>JAVA\u6838\u5fc3\u6280\u672f\uff1a\u53771+\u53772\uff08\u539f\u4e66\u7b2c8\u7248\uff09\uff08\u4eac\u4e1c\u5957\u88c5\u51712\u518c\uff09</em>\n      <i class="promo-words"></i>\n    </a>\n  </div>\n      <div class="p-bookdetails">\n      <span class="p-bi-name">\n                  <span class="author_type_1" style="display: ;">\n                                                       [\u7f8e]                <a title="\u660a\u65af\u7279\u66fc" href="http://book.jd.com/writer/%E6%98%8A%E6%96%AF%E7%89%B9%E6%9B%BC_1.html" target="_blank"> \u660a\u65af\u7279\u66fc </a>                                                        \uff0c                             <a title="Gary Comell" href="http://book.jd.com/writer/Gary%20Comell_1.html" target="_blank"> Gary Comell </a>                                        \u8457          </span>\n                            <span class="author_type_2" style="display: none;">\n                                                                     <a title="\u53f6\u4e43\u6587" href="http://book.jd.com/writer/%E5%8F%B6%E4%B9%83%E6%96%87_1.html" target="_blank"> \u53f6\u4e43\u6587 </a>                                                        \uff0c                             <a title="\u909d\u52b2\u7b60" href="http://book.jd.com/writer/%E9%82%9D%E5%8A%B2%E7%AD%A0_1.html" target="_blank"> \u909d\u52b2\u7b60 </a>                                           \u7b49            \u8bd1          </span>\n                        </span>\n      <em>|</em>      <span class="p-bi-store">\n                  <a title="\u673a\u68b0\u5de5\u4e1a\u51fa\u7248\u793e" href="http://book.jd.com/publish/%E6%9C%BA%E6%A2%B0%E5%B7%A5%E4%B8%9A%E5%87%BA%E7%89%88%E7%A4%BE_1.html" target="_blank">\u673a\u68b0\u5de5\u4e1a\u51fa\u7248\u793e</a>\n              </span>\n      <em>|</em>      <span class="p-bi-date">\n        2008-06      </span>\n    </div>\n        <div class="p-shop hide" data-score="4" data-reputation="0" data-shopid="" data-done="1"></div>\n    <div class="p-commit"><strong>\u5df2\u6709<a target="_blank" href="http://item.jd.com/11230276.html#comments-list">4419</a>\u4eba\u8bc4\u4ef7</strong></div>\n    <div class="p-shopnum">\n      <span class="curr-shop">\u4eac\u4e1c\u81ea\u8425</span>\n    </div>\n    <div class="p-operate">\n      <a class="p-o-btn focus J_focus" data-sku="11230276" href="javascript:;">\n        <i></i>\u5173\u6ce8\n      </a>\n      <a class="p-o-btn addcart" target="_blank" href="http://gate.jd.com/InitCart.aspx?pid=11230276&amp;pcount=1&amp;ptype=1">\n        <i></i>\u52a0\u5165\u8d2d\u7269\u8f66\n      </a>\n    </div>\n    <div class="p-stock" data-isdeliveryable="5" style="display: none;"></div>\n    <div class="p-service">\u7531 \u4eac\u4e1c \u53d1\u8d27</div>\n    <div class="p-summary">\n      <a href="http://item.jd.com/11230276.html#recommend-editor" target="_blank">\u66f4\u591a&gt;</a>\n    </div>\n    <div class="p-addtocart">\n      <a data-sku="11230276" href="http://gate.jd.com/InitCart.aspx?pid=11230276&amp;pcount=1&amp;ptype=1"><i></i>\u52a0\u5165\u8d2d\u7269\u8f66</a>\n    </div>\n  </div>\n                                  </div>\n              </div>\n            </div>']
2016-01-18 16:46:47 [jd] INFO: !!!!!!!!!!!!!!!!!!!!!!!!
2016-01-18 16:46:47 [jd] INFO: !!!!!!!!!!!!!!!!!!!!!!!!
2016-01-18 16:46:47 [jd] INFO: [u'<div class="gl-i-wrap">\n              <div class="gl-i-tab">\n                <div class="gl-i-tab-trigger">\n                  <span title="O\'Reilly\uff1a\u5b66\u4e60OpenCV\uff08\u4e2d\u6587\u7248\uff09" class="item selected">\u5355\u4ef6</span>\n                                      <span title="O\'Reilly\uff1a\u6570\u636e\u4e4b\u9b45\uff08\u4eac\u4e1c\u5957\u88c5\u51713\u518c\uff09" class="item">\u5957\u88c53\u4ef6</span>\n                                  </div>\n                <div class="gl-i-tab-content">\n                                        <div class="tab-content-item tab-cnt-i-selected j-sku-item" data-sku="10080298" venderid="1000004111" jdzy_shop_id="1000004111" ts_venderid="">\n  <div class="p-img">\n    <a target="_blank" href="http://item.jd.com/10080298.html">\n                    <img width="200" height="200" data-img="1" data-lazy-img="//img13.360buyimg.com/n7/jfs/t1438/301/113414529/248440/5f293254/555bff7aNf7cd14ef.jpg">\n          </a>\n      </div>\n  <div class="p-price">\n    <strong class="J_price"><em></em><i></i></strong>\n    <div class="p-icons J-pro-icons">\n          </div>\n  </div>\n  <div class="p-name">\n    <a target="_blank" title="" href="http://item.jd.com/10080298.html">\n      <em>O\'Reilly\uff1a\u5b66\u4e60OpenCV\uff08\u4e2d\u6587\u7248\uff09</em>\n      <i class="promo-words"></i>\n    </a>\n  </div>\n      <div class="p-bookdetails">\n      <span class="p-bi-name">\n                  <span class="author_type_1" style="display: ;">\n                                                       [\u7f8e]                <a title="\u5e03\u62c9\u5fb7\u65af\u57fa" href="http://book.jd.com/writer/%E5%B8%83%E6%8B%89%E5%BE%B7%E6%96%AF%E5%9F%BA_1.html" target="_blank"> \u5e03\u62c9\u5fb7\u65af\u57fa </a>                                                        \uff0c               [\u7f8e]                <a title="\u514b\u52d2" href="http://book.jd.com/writer/%E5%85%8B%E5%8B%92_1.html" target="_blank"> \u514b\u52d2 </a>                                        \u8457          </span>\n                            <span class="author_type_2" style="display: none;">\n                                                                     <a title="\u4e8e\u4ed5\u742a" href="http://book.jd.com/writer/%E4%BA%8E%E4%BB%95%E7%90%AA_1.html" target="_blank"> \u4e8e\u4ed5\u742a </a>                                                        \uff0c                             <a title="\u5218\u745e\u796f" href="http://book.jd.com/writer/%E5%88%98%E7%91%9E%E7%A5%AF_1.html" target="_blank"> \u5218\u745e\u796f </a>                                        \u8bd1          </span>\n                        </span>\n      <em>|</em>      <span class="p-bi-store">\n                  <a title="\u6e05\u534e\u5927\u5b66\u51fa\u7248\u793e" href="http://book.jd.com/publish/%E6%B8%85%E5%8D%8E%E5%A4%A7%E5%AD%A6%E5%87%BA%E7%89%88%E7%A4%BE_1.html" target="_blank">\u6e05\u534e\u5927\u5b66\u51fa\u7248\u793e</a>\n              </span>\n      <em>|</em>      <span class="p-bi-date">\n        2009-10      </span>\n    </div>\n        <div class="p-shop hide" data-score="4" data-reputation="0" data-shopid="" data-done="1"></div>\n    <div class="p-commit"><strong>\u5df2\u6709<a target="_blank" href="http://item.jd.com/10080298.html#comments-list">1400</a>\u4eba\u8bc4\u4ef7</strong></div>\n    <div class="p-shopnum">\n      <span class="curr-shop">\u4eac\u4e1c\u81ea\u8425</span>\n    </div>\n    <div class="p-operate">\n      <a class="p-o-btn focus J_focus" data-sku="10080298" href="javascript:;">\n        <i></i>\u5173\u6ce8\n      </a>\n      <a class="p-o-btn addcart" target="_blank" href="http://gate.jd.com/InitCart.aspx?pid=10080298&amp;pcount=1&amp;ptype=1">\n        <i></i>\u52a0\u5165\u8d2d\u7269\u8f66\n      </a>\n    </div>\n    <div class="p-stock" data-isdeliveryable="5" style="display: none;"></div>\n    <div class="p-service">\u7531 \u4eac\u4e1c \u53d1\u8d27</div>\n    <div class="p-summary">\n      <a href="http://item.jd.com/10080298.html#recommend-editor" target="_blank">\u66f4\u591a&gt;</a>\n    </div>\n    <div class="p-addtocart">\n      <a data-sku="10080298" href="http://gate.jd.com/InitCart.aspx?pid=10080298&amp;pcount=1&amp;ptype=1"><i></i>\u52a0\u5165\u8d2d\u7269\u8f66</a>\n    </div>\n  </div>\n                                        <div class="tab-content-item j-sku-item" data-sku="11322663" venderid="1000004111" jdzy_shop_id="1000004111" ts_venderid="">\n  <div class="p-img">\n    <a target="_blank" href="http://item.jd.com/11322663.html">\n                    <img width="200" height="200" data-img="1" data-lazy-img="//img13.360buyimg.com/n7/g13/M06/0C/06/rBEhUlI5JEcIAAAAAALbze1MS64AADRoQKQLZoAAtvl748.jpg">\n          </a>\n      </div>\n  <div class="p-price">\n    <strong class="J_price"><em></em><i></i></strong>\n    <div class="p-icons J-pro-icons">\n          </div>\n  </div>\n  <div class="p-name">\n    <a target="_blank" title="" href="http://item.jd.com/11322663.html">\n      <em>O\'Reilly\uff1a\u6570\u636e\u4e4b\u9b45\uff08\u4eac\u4e1c\u5957\u88c5\u51713\u518c\uff09</em>\n      <i class="promo-words"></i>\n    </a>\n  </div>\n      <div class="p-bookdetails">\n      <span class="p-bi-name">\n                  <span class="author_type_1" style="display: ;">\n                                                       [\u7f8e]                <a title="\u5e03\u62c9\u5fb7\u65af\u57fa" href="http://book.jd.com/writer/%E5%B8%83%E6%8B%89%E5%BE%B7%E6%96%AF%E5%9F%BA_1.html" target="_blank"> \u5e03\u62c9\u5fb7\u65af\u57fa </a>                                                        \uff0c               [\u7f8e]                <a title="\u514b\u52d2" href="http://book.jd.com/writer/%E5%85%8B%E5%8B%92_1.html" target="_blank"> \u514b\u52d2 </a>                                        \u8457          </span>\n                            <span class="author_type_2" style="display: none;">\n                                                                     <a title="\u4e8e\u4ed5\u742a" href="http://book.jd.com/writer/%E4%BA%8E%E4%BB%95%E7%90%AA_1.html" target="_blank"> \u4e8e\u4ed5\u742a </a>                                                        \uff0c                             <a title="\u5218\u745e\u796f" href="http://book.jd.com/writer/%E5%88%98%E7%91%9E%E7%A5%AF_1.html" target="_blank"> \u5218\u745e\u796f </a>                                        \u8bd1          </span>\n                        </span>\n      <em>|</em>      <span class="p-bi-store">\n                  <a title="\u6e05\u534e\u5927\u5b66\u51fa\u7248\u793e" href="http://book.jd.com/publish/%E6%B8%85%E5%8D%8E%E5%A4%A7%E5%AD%A6%E5%87%BA%E7%89%88%E7%A4%BE_1.html" target="_blank">\u6e05\u534e\u5927\u5b66\u51fa\u7248\u793e</a>\n              </span>\n      <em>|</em>      <span class="p-bi-date">\n        2009-10      </span>\n    </div>\n        <div class="p-shop hide" data-score="4" data-reputation="0" data-shopid="" data-done="1"></div>\n    <div class="p-commit"><strong>\u5df2\u6709<a target="_blank" href="http://item.jd.com/11322663.html#comments-list">4484</a>\u4eba\u8bc4\u4ef7</strong></div>\n    <div class="p-shopnum">\n      <span class="curr-shop">\u4eac\u4e1c\u81ea\u8425</span>\n    </div>\n    <div class="p-operate">\n      <a class="p-o-btn focus J_focus" data-sku="11322663" href="javascript:;">\n        <i></i>\u5173\u6ce8\n      </a>\n      <a class="p-o-btn addcart" target="_blank" href="http://gate.jd.com/InitCart.aspx?pid=11322663&amp;pcount=1&amp;ptype=1">\n        <i></i>\u52a0\u5165\u8d2d\u7269\u8f66\n      </a>\n    </div>\n    <div class="p-stock" data-isdeliveryable="5" style="display: none;"></div>\n    <div class="p-service">\u7531 \u4eac\u4e1c \u53d1\u8d27</div>\n    <div class="p-summary">\n      <a href="http://item.jd.com/11322663.html#recommend-editor" target="_blank">\u66f4\u591a&gt;</a>\n    </div>\n    <div class="p-addtocart">\n      <a data-sku="11322663" href="http://gate.jd.com/InitCart.aspx?pid=11322663&amp;pcount=1&amp;ptype=1"><i></i>\u52a0\u5165\u8d2d\u7269\u8f66</a>\n    </div>\n  </div>\n                                  </div>\n              </div>\n            </div>']
2016-01-18 16:46:47 [jd] INFO: !!!!!!!!!!!!!!!!!!!!!!!!
2016-01-18 16:46:47 [jd] INFO: !!!!!!!!!!!!!!!!!!!!!!!!
2016-01-18 16:46:47 [jd] INFO: [u'<div class="gl-i-wrap">\n              <div class="gl-i-tab">\n                <div class="gl-i-tab-trigger">\n                  <span title="O\'Reilly\uff1a\u5b66\u4e60OpenCV\uff08\u4e2d\u6587\u7248\uff09" class="item selected">\u5355\u4ef6</span>\n                                      <span title="O\'Reilly\uff1a\u6570\u636e\u4e4b\u9b45\uff08\u4eac\u4e1c\u5957\u88c5\u51713\u518c\uff09" class="item">\u5957\u88c53\u4ef6</span>\n                                  </div>\n                <div class="gl-i-tab-content">\n                                        <div class="tab-content-item tab-cnt-i-selected j-sku-item" data-sku="10080298" venderid="1000004111" jdzy_shop_id="1000004111" ts_venderid="">\n  <div class="p-img">\n    <a target="_blank" href="http://item.jd.com/10080298.html">\n                    <img width="200" height="200" data-img="1" data-lazy-img="//img13.360buyimg.com/n7/jfs/t1438/301/113414529/248440/5f293254/555bff7aNf7cd14ef.jpg">\n          </a>\n      </div>\n  <div class="p-price">\n    <strong class="J_price"><em></em><i></i></strong>\n    <div class="p-icons J-pro-icons">\n          </div>\n  </div>\n  <div class="p-name">\n    <a target="_blank" title="" href="http://item.jd.com/10080298.html">\n      <em>O\'Reilly\uff1a\u5b66\u4e60OpenCV\uff08\u4e2d\u6587\u7248\uff09</em>\n      <i class="promo-words"></i>\n    </a>\n  </div>\n      <div class="p-bookdetails">\n      <span class="p-bi-name">\n                  <span class="author_type_1" style="display: ;">\n                                                       [\u7f8e]                <a title="\u5e03\u62c9\u5fb7\u65af\u57fa" href="http://book.jd.com/writer/%E5%B8%83%E6%8B%89%E5%BE%B7%E6%96%AF%E5%9F%BA_1.html" target="_blank"> \u5e03\u62c9\u5fb7\u65af\u57fa </a>                                                        \uff0c               [\u7f8e]                <a title="\u514b\u52d2" href="http://book.jd.com/writer/%E5%85%8B%E5%8B%92_1.html" target="_blank"> \u514b\u52d2 </a>                                        \u8457          </span>\n                            <span class="author_type_2" style="display: none;">\n                                                                     <a title="\u4e8e\u4ed5\u742a" href="http://book.jd.com/writer/%E4%BA%8E%E4%BB%95%E7%90%AA_1.html" target="_blank"> \u4e8e\u4ed5\u742a </a>                                                        \uff0c                             <a title="\u5218\u745e\u796f" href="http://book.jd.com/writer/%E5%88%98%E7%91%9E%E7%A5%AF_1.html" target="_blank"> \u5218\u745e\u796f </a>                                        \u8bd1          </span>\n                        </span>\n      <em>|</em>      <span class="p-bi-store">\n                  <a title="\u6e05\u534e\u5927\u5b66\u51fa\u7248\u793e" href="http://book.jd.com/publish/%E6%B8%85%E5%8D%8E%E5%A4%A7%E5%AD%A6%E5%87%BA%E7%89%88%E7%A4%BE_1.html" target="_blank">\u6e05\u534e\u5927\u5b66\u51fa\u7248\u793e</a>\n              </span>\n      <em>|</em>      <span class="p-bi-date">\n        2009-10      </span>\n    </div>\n        <div class="p-shop hide" data-score="4" data-reputation="0" data-shopid="" data-done="1"></div>\n    <div class="p-commit"><strong>\u5df2\u6709<a target="_blank" href="http://item.jd.com/10080298.html#comments-list">1400</a>\u4eba\u8bc4\u4ef7</strong></div>\n    <div class="p-shopnum">\n      <span class="curr-shop">\u4eac\u4e1c\u81ea\u8425</span>\n    </div>\n    <div class="p-operate">\n      <a class="p-o-btn focus J_focus" data-sku="10080298" href="javascript:;">\n        <i></i>\u5173\u6ce8\n      </a>\n      <a class="p-o-btn addcart" target="_blank" href="http://gate.jd.com/InitCart.aspx?pid=10080298&amp;pcount=1&amp;ptype=1">\n        <i></i>\u52a0\u5165\u8d2d\u7269\u8f66\n      </a>\n    </div>\n    <div class="p-stock" data-isdeliveryable="5" style="display: none;"></div>\n    <div class="p-service">\u7531 \u4eac\u4e1c \u53d1\u8d27</div>\n    <div class="p-summary">\n      <a href="http://item.jd.com/10080298.html#recommend-editor" target="_blank">\u66f4\u591a&gt;</a>\n    </div>\n    <div class="p-addtocart">\n      <a data-sku="10080298" href="http://gate.jd.com/InitCart.aspx?pid=10080298&amp;pcount=1&amp;ptype=1"><i></i>\u52a0\u5165\u8d2d\u7269\u8f66</a>\n    </div>\n  </div>\n                                        <div class="tab-content-item j-sku-item" data-sku="11322663" venderid="1000004111" jdzy_shop_id="1000004111" ts_venderid="">\n  <div class="p-img">\n    <a target="_blank" href="http://item.jd.com/11322663.html">\n                    <img width="200" height="200" data-img="1" data-lazy-img="//img13.360buyimg.com/n7/g13/M06/0C/06/rBEhUlI5JEcIAAAAAALbze1MS64AADRoQKQLZoAAtvl748.jpg">\n          </a>\n      </div>\n  <div class="p-price">\n    <strong class="J_price"><em></em><i></i></strong>\n    <div class="p-icons J-pro-icons">\n          </div>\n  </div>\n  <div class="p-name">\n    <a target="_blank" title="" href="http://item.jd.com/11322663.html">\n      <em>O\'Reilly\uff1a\u6570\u636e\u4e4b\u9b45\uff08\u4eac\u4e1c\u5957\u88c5\u51713\u518c\uff09</em>\n      <i class="promo-words"></i>\n    </a>\n  </div>\n      <div class="p-bookdetails">\n      <span class="p-bi-name">\n                  <span class="author_type_1" style="display: ;">\n                                                       [\u7f8e]                <a title="\u5e03\u62c9\u5fb7\u65af\u57fa" href="http://book.jd.com/writer/%E5%B8%83%E6%8B%89%E5%BE%B7%E6%96%AF%E5%9F%BA_1.html" target="_blank"> \u5e03\u62c9\u5fb7\u65af\u57fa </a>                                                        \uff0c               [\u7f8e]                <a title="\u514b\u52d2" href="http://book.jd.com/writer/%E5%85%8B%E5%8B%92_1.html" target="_blank"> \u514b\u52d2 </a>                                        \u8457          </span>\n                            <span class="author_type_2" style="display: none;">\n                                                                     <a title="\u4e8e\u4ed5\u742a" href="http://book.jd.com/writer/%E4%BA%8E%E4%BB%95%E7%90%AA_1.html" target="_blank"> \u4e8e\u4ed5\u742a </a>                                                        \uff0c                             <a title="\u5218\u745e\u796f" href="http://book.jd.com/writer/%E5%88%98%E7%91%9E%E7%A5%AF_1.html" target="_blank"> \u5218\u745e\u796f </a>                                        \u8bd1          </span>\n                        </span>\n      <em>|</em>      <span class="p-bi-store">\n                  <a title="\u6e05\u534e\u5927\u5b66\u51fa\u7248\u793e" href="http://book.jd.com/publish/%E6%B8%85%E5%8D%8E%E5%A4%A7%E5%AD%A6%E5%87%BA%E7%89%88%E7%A4%BE_1.html" target="_blank">\u6e05\u534e\u5927\u5b66\u51fa\u7248\u793e</a>\n              </span>\n      <em>|</em>      <span class="p-bi-date">\n        2009-10      </span>\n    </div>\n        <div class="p-shop hide" data-score="4" data-reputation="0" data-shopid="" data-done="1"></div>\n    <div class="p-commit"><strong>\u5df2\u6709<a target="_blank" href="http://item.jd.com/11322663.html#comments-list">4484</a>\u4eba\u8bc4\u4ef7</strong></div>\n    <div class="p-shopnum">\n      <span class="curr-shop">\u4eac\u4e1c\u81ea\u8425</span>\n    </div>\n    <div class="p-operate">\n      <a class="p-o-btn focus J_focus" data-sku="11322663" href="javascript:;">\n        <i></i>\u5173\u6ce8\n      </a>\n      <a class="p-o-btn addcart" target="_blank" href="http://gate.jd.com/InitCart.aspx?pid=11322663&amp;pcount=1&amp;ptype=1">\n        <i></i>\u52a0\u5165\u8d2d\u7269\u8f66\n      </a>\n    </div>\n    <div class="p-stock" data-isdeliveryable="5" style="display: none;"></div>\n    <div class="p-service">\u7531 \u4eac\u4e1c \u53d1\u8d27</div>\n    <div class="p-summary">\n      <a href="http://item.jd.com/11322663.html#recommend-editor" target="_blank">\u66f4\u591a&gt;</a>\n    </div>\n    <div class="p-addtocart">\n      <a data-sku="11322663" href="http://gate.jd.com/InitCart.aspx?pid=11322663&amp;pcount=1&amp;ptype=1"><i></i>\u52a0\u5165\u8d2d\u7269\u8f66</a>\n    </div>\n  </div>\n                                  </div>\n              </div>\n            </div>']
2016-01-18 16:46:47 [jd] INFO: !!!!!!!!!!!!!!!!!!!!!!!!
2016-01-18 16:46:47 [jd] INFO: !!!!!!!!!!!!!!!!!!!!!!!!
2016-01-18 16:46:47 [jd] INFO: [u'<div class="gl-i-wrap">\n              <div class="gl-i-tab">\n                <div class="gl-i-tab-trigger">\n                  <span title="O\'Reilly\uff1a\u5b66\u4e60OpenCV\uff08\u4e2d\u6587\u7248\uff09" class="item selected">\u5355\u4ef6</span>\n                                      <span title="O\'Reilly\uff1a\u6570\u636e\u4e4b\u9b45\uff08\u4eac\u4e1c\u5957\u88c5\u51713\u518c\uff09" class="item">\u5957\u88c53\u4ef6</span>\n                                  </div>\n                <div class="gl-i-tab-content">\n                                        <div class="tab-content-item tab-cnt-i-selected j-sku-item" data-sku="10080298" venderid="1000004111" jdzy_shop_id="1000004111" ts_venderid="">\n  <div class="p-img">\n    <a target="_blank" href="http://item.jd.com/10080298.html">\n                    <img width="200" height="200" data-img="1" data-lazy-img="//img13.360buyimg.com/n7/jfs/t1438/301/113414529/248440/5f293254/555bff7aNf7cd14ef.jpg">\n          </a>\n      </div>\n  <div class="p-price">\n    <strong class="J_price"><em></em><i></i></strong>\n    <div class="p-icons J-pro-icons">\n          </div>\n  </div>\n  <div class="p-name">\n    <a target="_blank" title="" href="http://item.jd.com/10080298.html">\n      <em>O\'Reilly\uff1a\u5b66\u4e60OpenCV\uff08\u4e2d\u6587\u7248\uff09</em>\n      <i class="promo-words"></i>\n    </a>\n  </div>\n      <div class="p-bookdetails">\n      <span class="p-bi-name">\n                  <span class="author_type_1" style="display: ;">\n                                                       [\u7f8e]                <a title="\u5e03\u62c9\u5fb7\u65af\u57fa" href="http://book.jd.com/writer/%E5%B8%83%E6%8B%89%E5%BE%B7%E6%96%AF%E5%9F%BA_1.html" target="_blank"> \u5e03\u62c9\u5fb7\u65af\u57fa </a>                                                        \uff0c               [\u7f8e]                <a title="\u514b\u52d2" href="http://book.jd.com/writer/%E5%85%8B%E5%8B%92_1.html" target="_blank"> \u514b\u52d2 </a>                                        \u8457          </span>\n                            <span class="author_type_2" style="display: none;">\n                                                                     <a title="\u4e8e\u4ed5\u742a" href="http://book.jd.com/writer/%E4%BA%8E%E4%BB%95%E7%90%AA_1.html" target="_blank"> \u4e8e\u4ed5\u742a </a>                                                        \uff0c                             <a title="\u5218\u745e\u796f" href="http://book.jd.com/writer/%E5%88%98%E7%91%9E%E7%A5%AF_1.html" target="_blank"> \u5218\u745e\u796f </a>                                        \u8bd1          </span>\n                        </span>\n      <em>|</em>      <span class="p-bi-store">\n                  <a title="\u6e05\u534e\u5927\u5b66\u51fa\u7248\u793e" href="http://book.jd.com/publish/%E6%B8%85%E5%8D%8E%E5%A4%A7%E5%AD%A6%E5%87%BA%E7%89%88%E7%A4%BE_1.html" target="_blank">\u6e05\u534e\u5927\u5b66\u51fa\u7248\u793e</a>\n              </span>\n      <em>|</em>      <span class="p-bi-date">\n        2009-10      </span>\n    </div>\n        <div class="p-shop hide" data-score="4" data-reputation="0" data-shopid="" data-done="1"></div>\n    <div class="p-commit"><strong>\u5df2\u6709<a target="_blank" href="http://item.jd.com/10080298.html#comments-list">1400</a>\u4eba\u8bc4\u4ef7</strong></div>\n    <div class="p-shopnum">\n      <span class="curr-shop">\u4eac\u4e1c\u81ea\u8425</span>\n    </div>\n    <div class="p-operate">\n      <a class="p-o-btn focus J_focus" data-sku="10080298" href="javascript:;">\n        <i></i>\u5173\u6ce8\n      </a>\n      <a class="p-o-btn addcart" target="_blank" href="http://gate.jd.com/InitCart.aspx?pid=10080298&amp;pcount=1&amp;ptype=1">\n        <i></i>\u52a0\u5165\u8d2d\u7269\u8f66\n      </a>\n    </div>\n    <div class="p-stock" data-isdeliveryable="5" style="display: none;"></div>\n    <div class="p-service">\u7531 \u4eac\u4e1c \u53d1\u8d27</div>\n    <div class="p-summary">\n      <a href="http://item.jd.com/10080298.html#recommend-editor" target="_blank">\u66f4\u591a&gt;</a>\n    </div>\n    <div class="p-addtocart">\n      <a data-sku="10080298" href="http://gate.jd.com/InitCart.aspx?pid=10080298&amp;pcount=1&amp;ptype=1"><i></i>\u52a0\u5165\u8d2d\u7269\u8f66</a>\n    </div>\n  </div>\n                                        <div class="tab-content-item j-sku-item" data-sku="11322663" venderid="1000004111" jdzy_shop_id="1000004111" ts_venderid="">\n  <div class="p-img">\n    <a target="_blank" href="http://item.jd.com/11322663.html">\n                    <img width="200" height="200" data-img="1" data-lazy-img="//img13.360buyimg.com/n7/g13/M06/0C/06/rBEhUlI5JEcIAAAAAALbze1MS64AADRoQKQLZoAAtvl748.jpg">\n          </a>\n      </div>\n  <div class="p-price">\n    <strong class="J_price"><em></em><i></i></strong>\n    <div class="p-icons J-pro-icons">\n          </div>\n  </div>\n  <div class="p-name">\n    <a target="_blank" title="" href="http://item.jd.com/11322663.html">\n      <em>O\'Reilly\uff1a\u6570\u636e\u4e4b\u9b45\uff08\u4eac\u4e1c\u5957\u88c5\u51713\u518c\uff09</em>\n      <i class="promo-words"></i>\n    </a>\n  </div>\n      <div class="p-bookdetails">\n      <span class="p-bi-name">\n                  <span class="author_type_1" style="display: ;">\n                                                       [\u7f8e]                <a title="\u5e03\u62c9\u5fb7\u65af\u57fa" href="http://book.jd.com/writer/%E5%B8%83%E6%8B%89%E5%BE%B7%E6%96%AF%E5%9F%BA_1.html" target="_blank"> \u5e03\u62c9\u5fb7\u65af\u57fa </a>                                                        \uff0c               [\u7f8e]                <a title="\u514b\u52d2" href="http://book.jd.com/writer/%E5%85%8B%E5%8B%92_1.html" target="_blank"> \u514b\u52d2 </a>                                        \u8457          </span>\n                            <span class="author_type_2" style="display: none;">\n                                                                     <a title="\u4e8e\u4ed5\u742a" href="http://book.jd.com/writer/%E4%BA%8E%E4%BB%95%E7%90%AA_1.html" target="_blank"> \u4e8e\u4ed5\u742a </a>                                                        \uff0c                             <a title="\u5218\u745e\u796f" href="http://book.jd.com/writer/%E5%88%98%E7%91%9E%E7%A5%AF_1.html" target="_blank"> \u5218\u745e\u796f </a>                                        \u8bd1          </span>\n                        </span>\n      <em>|</em>      <span class="p-bi-store">\n                  <a title="\u6e05\u534e\u5927\u5b66\u51fa\u7248\u793e" href="http://book.jd.com/publish/%E6%B8%85%E5%8D%8E%E5%A4%A7%E5%AD%A6%E5%87%BA%E7%89%88%E7%A4%BE_1.html" target="_blank">\u6e05\u534e\u5927\u5b66\u51fa\u7248\u793e</a>\n              </span>\n      <em>|</em>      <span class="p-bi-date">\n        2009-10      </span>\n    </div>\n        <div class="p-shop hide" data-score="4" data-reputation="0" data-shopid="" data-done="1"></div>\n    <div class="p-commit"><strong>\u5df2\u6709<a target="_blank" href="http://item.jd.com/11322663.html#comments-list">4484</a>\u4eba\u8bc4\u4ef7</strong></div>\n    <div class="p-shopnum">\n      <span class="curr-shop">\u4eac\u4e1c\u81ea\u8425</span>\n    </div>\n    <div class="p-operate">\n      <a class="p-o-btn focus J_focus" data-sku="11322663" href="javascript:;">\n        <i></i>\u5173\u6ce8\n      </a>\n      <a class="p-o-btn addcart" target="_blank" href="http://gate.jd.com/InitCart.aspx?pid=11322663&amp;pcount=1&amp;ptype=1">\n        <i></i>\u52a0\u5165\u8d2d\u7269\u8f66\n      </a>\n    </div>\n    <div class="p-stock" data-isdeliveryable="5" style="display: none;"></div>\n    <div class="p-service">\u7531 \u4eac\u4e1c \u53d1\u8d27</div>\n    <div class="p-summary">\n      <a href="http://item.jd.com/11322663.html#recommend-editor" target="_blank">\u66f4\u591a&gt;</a>\n    </div>\n    <div class="p-addtocart">\n      <a data-sku="11322663" href="http://gate.jd.com/InitCart.aspx?pid=11322663&amp;pcount=1&amp;ptype=1"><i></i>\u52a0\u5165\u8d2d\u7269\u8f66</a>\n    </div>\n  </div>\n                                  </div>\n              </div>\n            </div>']
2016-01-18 16:46:47 [jd] INFO: !!!!!!!!!!!!!!!!!!!!!!!!
2016-01-18 16:46:47 [jd] INFO: !!!!!!!!!!!!!!!!!!!!!!!!
2016-01-18 16:46:47 [jd] INFO: [u'<div class="gl-i-wrap">\n              <div class="gl-i-tab">\n                <div class="gl-i-tab-trigger">\n                  <span title="O\'Reilly\uff1a\u5b66\u4e60OpenCV\uff08\u4e2d\u6587\u7248\uff09" class="item selected">\u5355\u4ef6</span>\n                                      <span title="O\'Reilly\uff1a\u6570\u636e\u4e4b\u9b45\uff08\u4eac\u4e1c\u5957\u88c5\u51713\u518c\uff09" class="item">\u5957\u88c53\u4ef6</span>\n                                  </div>\n                <div class="gl-i-tab-content">\n                                        <div class="tab-content-item tab-cnt-i-selected j-sku-item" data-sku="10080298" venderid="1000004111" jdzy_shop_id="1000004111" ts_venderid="">\n  <div class="p-img">\n    <a target="_blank" href="http://item.jd.com/10080298.html">\n                    <img width="200" height="200" data-img="1" data-lazy-img="//img13.360buyimg.com/n7/jfs/t1438/301/113414529/248440/5f293254/555bff7aNf7cd14ef.jpg">\n          </a>\n      </div>\n  <div class="p-price">\n    <strong class="J_price"><em></em><i></i></strong>\n    <div class="p-icons J-pro-icons">\n          </div>\n  </div>\n  <div class="p-name">\n    <a target="_blank" title="" href="http://item.jd.com/10080298.html">\n      <em>O\'Reilly\uff1a\u5b66\u4e60OpenCV\uff08\u4e2d\u6587\u7248\uff09</em>\n      <i class="promo-words"></i>\n    </a>\n  </div>\n      <div class="p-bookdetails">\n      <span class="p-bi-name">\n                  <span class="author_type_1" style="display: ;">\n                                                       [\u7f8e]                <a title="\u5e03\u62c9\u5fb7\u65af\u57fa" href="http://book.jd.com/writer/%E5%B8%83%E6%8B%89%E5%BE%B7%E6%96%AF%E5%9F%BA_1.html" target="_blank"> \u5e03\u62c9\u5fb7\u65af\u57fa </a>                                                        \uff0c               [\u7f8e]                <a title="\u514b\u52d2" href="http://book.jd.com/writer/%E5%85%8B%E5%8B%92_1.html" target="_blank"> \u514b\u52d2 </a>                                        \u8457          </span>\n                            <span class="author_type_2" style="display: none;">\n                                                                     <a title="\u4e8e\u4ed5\u742a" href="http://book.jd.com/writer/%E4%BA%8E%E4%BB%95%E7%90%AA_1.html" target="_blank"> \u4e8e\u4ed5\u742a </a>                                                        \uff0c                             <a title="\u5218\u745e\u796f" href="http://book.jd.com/writer/%E5%88%98%E7%91%9E%E7%A5%AF_1.html" target="_blank"> \u5218\u745e\u796f </a>                                        \u8bd1          </span>\n                        </span>\n      <em>|</em>      <span class="p-bi-store">\n                  <a title="\u6e05\u534e\u5927\u5b66\u51fa\u7248\u793e" href="http://book.jd.com/publish/%E6%B8%85%E5%8D%8E%E5%A4%A7%E5%AD%A6%E5%87%BA%E7%89%88%E7%A4%BE_1.html" target="_blank">\u6e05\u534e\u5927\u5b66\u51fa\u7248\u793e</a>\n              </span>\n      <em>|</em>      <span class="p-bi-date">\n        2009-10      </span>\n    </div>\n        <div class="p-shop hide" data-score="4" data-reputation="0" data-shopid="" data-done="1"></div>\n    <div class="p-commit"><strong>\u5df2\u6709<a target="_blank" href="http://item.jd.com/10080298.html#comments-list">1400</a>\u4eba\u8bc4\u4ef7</strong></div>\n    <div class="p-shopnum">\n      <span class="curr-shop">\u4eac\u4e1c\u81ea\u8425</span>\n    </div>\n    <div class="p-operate">\n      <a class="p-o-btn focus J_focus" data-sku="10080298" href="javascript:;">\n        <i></i>\u5173\u6ce8\n      </a>\n      <a class="p-o-btn addcart" target="_blank" href="http://gate.jd.com/InitCart.aspx?pid=10080298&amp;pcount=1&amp;ptype=1">\n        <i></i>\u52a0\u5165\u8d2d\u7269\u8f66\n      </a>\n    </div>\n    <div class="p-stock" data-isdeliveryable="5" style="display: none;"></div>\n    <div class="p-service">\u7531 \u4eac\u4e1c \u53d1\u8d27</div>\n    <div class="p-summary">\n      <a href="http://item.jd.com/10080298.html#recommend-editor" target="_blank">\u66f4\u591a&gt;</a>\n    </div>\n    <div class="p-addtocart">\n      <a data-sku="10080298" href="http://gate.jd.com/InitCart.aspx?pid=10080298&amp;pcount=1&amp;ptype=1"><i></i>\u52a0\u5165\u8d2d\u7269\u8f66</a>\n    </div>\n  </div>\n                                        <div class="tab-content-item j-sku-item" data-sku="11322663" venderid="1000004111" jdzy_shop_id="1000004111" ts_venderid="">\n  <div class="p-img">\n    <a target="_blank" href="http://item.jd.com/11322663.html">\n                    <img width="200" height="200" data-img="1" data-lazy-img="//img13.360buyimg.com/n7/g13/M06/0C/06/rBEhUlI5JEcIAAAAAALbze1MS64AADRoQKQLZoAAtvl748.jpg">\n          </a>\n      </div>\n  <div class="p-price">\n    <strong class="J_price"><em></em><i></i></strong>\n    <div class="p-icons J-pro-icons">\n          </div>\n  </div>\n  <div class="p-name">\n    <a target="_blank" title="" href="http://item.jd.com/11322663.html">\n      <em>O\'Reilly\uff1a\u6570\u636e\u4e4b\u9b45\uff08\u4eac\u4e1c\u5957\u88c5\u51713\u518c\uff09</em>\n      <i class="promo-words"></i>\n    </a>\n  </div>\n      <div class="p-bookdetails">\n      <span class="p-bi-name">\n                  <span class="author_type_1" style="display: ;">\n                                                       [\u7f8e]                <a title="\u5e03\u62c9\u5fb7\u65af\u57fa" href="http://book.jd.com/writer/%E5%B8%83%E6%8B%89%E5%BE%B7%E6%96%AF%E5%9F%BA_1.html" target="_blank"> \u5e03\u62c9\u5fb7\u65af\u57fa </a>                                                        \uff0c               [\u7f8e]                <a title="\u514b\u52d2" href="http://book.jd.com/writer/%E5%85%8B%E5%8B%92_1.html" target="_blank"> \u514b\u52d2 </a>                                        \u8457          </span>\n                            <span class="author_type_2" style="display: none;">\n                                                                     <a title="\u4e8e\u4ed5\u742a" href="http://book.jd.com/writer/%E4%BA%8E%E4%BB%95%E7%90%AA_1.html" target="_blank"> \u4e8e\u4ed5\u742a </a>                                                        \uff0c                             <a title="\u5218\u745e\u796f" href="http://book.jd.com/writer/%E5%88%98%E7%91%9E%E7%A5%AF_1.html" target="_blank"> \u5218\u745e\u796f </a>                                        \u8bd1          </span>\n                        </span>\n      <em>|</em>      <span class="p-bi-store">\n                  <a title="\u6e05\u534e\u5927\u5b66\u51fa\u7248\u793e" href="http://book.jd.com/publish/%E6%B8%85%E5%8D%8E%E5%A4%A7%E5%AD%A6%E5%87%BA%E7%89%88%E7%A4%BE_1.html" target="_blank">\u6e05\u534e\u5927\u5b66\u51fa\u7248\u793e</a>\n              </span>\n      <em>|</em>      <span class="p-bi-date">\n        2009-10      </span>\n    </div>\n        <div class="p-shop hide" data-score="4" data-reputation="0" data-shopid="" data-done="1"></div>\n    <div class="p-commit"><strong>\u5df2\u6709<a target="_blank" href="http://item.jd.com/11322663.html#comments-list">4484</a>\u4eba\u8bc4\u4ef7</strong></div>\n    <div class="p-shopnum">\n      <span class="curr-shop">\u4eac\u4e1c\u81ea\u8425</span>\n    </div>\n    <div class="p-operate">\n      <a class="p-o-btn focus J_focus" data-sku="11322663" href="javascript:;">\n        <i></i>\u5173\u6ce8\n      </a>\n      <a class="p-o-btn addcart" target="_blank" href="http://gate.jd.com/InitCart.aspx?pid=11322663&amp;pcount=1&amp;ptype=1">\n        <i></i>\u52a0\u5165\u8d2d\u7269\u8f66\n      </a>\n    </div>\n    <div class="p-stock" data-isdeliveryable="5" style="display: none;"></div>\n    <div class="p-service">\u7531 \u4eac\u4e1c \u53d1\u8d27</div>\n    <div class="p-summary">\n      <a href="http://item.jd.com/11322663.html#recommend-editor" target="_blank">\u66f4\u591a&gt;</a>\n    </div>\n    <div class="p-addtocart">\n      <a data-sku="11322663" href="http://gate.jd.com/InitCart.aspx?pid=11322663&amp;pcount=1&amp;ptype=1"><i></i>\u52a0\u5165\u8d2d\u7269\u8f66</a>\n    </div>\n  </div>\n                                  </div>\n              </div>\n            </div>']
2016-01-18 16:46:47 [jd] INFO: !!!!!!!!!!!!!!!!!!!!!!!!
2016-01-18 16:46:47 [jd] INFO: !!!!!!!!!!!!!!!!!!!!!!!!
2016-01-18 16:46:47 [jd] INFO: [u'<div class="gl-i-wrap">\n              <div class="gl-i-tab">\n                <div class="gl-i-tab-trigger">\n                  <span title="O\'Reilly\uff1a\u5b66\u4e60OpenCV\uff08\u4e2d\u6587\u7248\uff09" class="item selected">\u5355\u4ef6</span>\n                                      <span title="O\'Reilly\uff1a\u6570\u636e\u4e4b\u9b45\uff08\u4eac\u4e1c\u5957\u88c5\u51713\u518c\uff09" class="item">\u5957\u88c53\u4ef6</span>\n                                  </div>\n                <div class="gl-i-tab-content">\n                                        <div class="tab-content-item tab-cnt-i-selected j-sku-item" data-sku="10080298" venderid="1000004111" jdzy_shop_id="1000004111" ts_venderid="">\n  <div class="p-img">\n    <a target="_blank" href="http://item.jd.com/10080298.html">\n                    <img width="200" height="200" data-img="1" data-lazy-img="//img13.360buyimg.com/n7/jfs/t1438/301/113414529/248440/5f293254/555bff7aNf7cd14ef.jpg">\n          </a>\n      </div>\n  <div class="p-price">\n    <strong class="J_price"><em></em><i></i></strong>\n    <div class="p-icons J-pro-icons">\n          </div>\n  </div>\n  <div class="p-name">\n    <a target="_blank" title="" href="http://item.jd.com/10080298.html">\n      <em>O\'Reilly\uff1a\u5b66\u4e60OpenCV\uff08\u4e2d\u6587\u7248\uff09</em>\n      <i class="promo-words"></i>\n    </a>\n  </div>\n      <div class="p-bookdetails">\n      <span class="p-bi-name">\n                  <span class="author_type_1" style="display: ;">\n                                                       [\u7f8e]                <a title="\u5e03\u62c9\u5fb7\u65af\u57fa" href="http://book.jd.com/writer/%E5%B8%83%E6%8B%89%E5%BE%B7%E6%96%AF%E5%9F%BA_1.html" target="_blank"> \u5e03\u62c9\u5fb7\u65af\u57fa </a>                                                        \uff0c               [\u7f8e]                <a title="\u514b\u52d2" href="http://book.jd.com/writer/%E5%85%8B%E5%8B%92_1.html" target="_blank"> \u514b\u52d2 </a>                                        \u8457          </span>\n                            <span class="author_type_2" style="display: none;">\n                                                                     <a title="\u4e8e\u4ed5\u742a" href="http://book.jd.com/writer/%E4%BA%8E%E4%BB%95%E7%90%AA_1.html" target="_blank"> \u4e8e\u4ed5\u742a </a>                                                        \uff0c                             <a title="\u5218\u745e\u796f" href="http://book.jd.com/writer/%E5%88%98%E7%91%9E%E7%A5%AF_1.html" target="_blank"> \u5218\u745e\u796f </a>                                        \u8bd1          </span>\n                        </span>\n      <em>|</em>      <span class="p-bi-store">\n                  <a title="\u6e05\u534e\u5927\u5b66\u51fa\u7248\u793e" href="http://book.jd.com/publish/%E6%B8%85%E5%8D%8E%E5%A4%A7%E5%AD%A6%E5%87%BA%E7%89%88%E7%A4%BE_1.html" target="_blank">\u6e05\u534e\u5927\u5b66\u51fa\u7248\u793e</a>\n              </span>\n      <em>|</em>      <span class="p-bi-date">\n        2009-10      </span>\n    </div>\n        <div class="p-shop hide" data-score="4" data-reputation="0" data-shopid="" data-done="1"></div>\n    <div class="p-commit"><strong>\u5df2\u6709<a target="_blank" href="http://item.jd.com/10080298.html#comments-list">1400</a>\u4eba\u8bc4\u4ef7</strong></div>\n    <div class="p-shopnum">\n      <span class="curr-shop">\u4eac\u4e1c\u81ea\u8425</span>\n    </div>\n    <div class="p-operate">\n      <a class="p-o-btn focus J_focus" data-sku="10080298" href="javascript:;">\n        <i></i>\u5173\u6ce8\n      </a>\n      <a class="p-o-btn addcart" target="_blank" href="http://gate.jd.com/InitCart.aspx?pid=10080298&amp;pcount=1&amp;ptype=1">\n        <i></i>\u52a0\u5165\u8d2d\u7269\u8f66\n      </a>\n    </div>\n    <div class="p-stock" data-isdeliveryable="5" style="display: none;"></div>\n    <div class="p-service">\u7531 \u4eac\u4e1c \u53d1\u8d27</div>\n    <div class="p-summary">\n      <a href="http://item.jd.com/10080298.html#recommend-editor" target="_blank">\u66f4\u591a&gt;</a>\n    </div>\n    <div class="p-addtocart">\n      <a data-sku="10080298" href="http://gate.jd.com/InitCart.aspx?pid=10080298&amp;pcount=1&amp;ptype=1"><i></i>\u52a0\u5165\u8d2d\u7269\u8f66</a>\n    </div>\n  </div>\n                                        <div class="tab-content-item j-sku-item" data-sku="11322663" venderid="1000004111" jdzy_shop_id="1000004111" ts_venderid="">\n  <div class="p-img">\n    <a target="_blank" href="http://item.jd.com/11322663.html">\n                    <img width="200" height="200" data-img="1" data-lazy-img="//img13.360buyimg.com/n7/g13/M06/0C/06/rBEhUlI5JEcIAAAAAALbze1MS64AADRoQKQLZoAAtvl748.jpg">\n          </a>\n      </div>\n  <div class="p-price">\n    <strong class="J_price"><em></em><i></i></strong>\n    <div class="p-icons J-pro-icons">\n          </div>\n  </div>\n  <div class="p-name">\n    <a target="_blank" title="" href="http://item.jd.com/11322663.html">\n      <em>O\'Reilly\uff1a\u6570\u636e\u4e4b\u9b45\uff08\u4eac\u4e1c\u5957\u88c5\u51713\u518c\uff09</em>\n      <i class="promo-words"></i>\n    </a>\n  </div>\n      <div class="p-bookdetails">\n      <span class="p-bi-name">\n                  <span class="author_type_1" style="display: ;">\n                                                       [\u7f8e]                <a title="\u5e03\u62c9\u5fb7\u65af\u57fa" href="http://book.jd.com/writer/%E5%B8%83%E6%8B%89%E5%BE%B7%E6%96%AF%E5%9F%BA_1.html" target="_blank"> \u5e03\u62c9\u5fb7\u65af\u57fa </a>                                                        \uff0c               [\u7f8e]                <a title="\u514b\u52d2" href="http://book.jd.com/writer/%E5%85%8B%E5%8B%92_1.html" target="_blank"> \u514b\u52d2 </a>                                        \u8457          </span>\n                            <span class="author_type_2" style="display: none;">\n                                                                     <a title="\u4e8e\u4ed5\u742a" href="http://book.jd.com/writer/%E4%BA%8E%E4%BB%95%E7%90%AA_1.html" target="_blank"> \u4e8e\u4ed5\u742a </a>                                                        \uff0c                             <a title="\u5218\u745e\u796f" href="http://book.jd.com/writer/%E5%88%98%E7%91%9E%E7%A5%AF_1.html" target="_blank"> \u5218\u745e\u796f </a>                                        \u8bd1          </span>\n                        </span>\n      <em>|</em>      <span class="p-bi-store">\n                  <a title="\u6e05\u534e\u5927\u5b66\u51fa\u7248\u793e" href="http://book.jd.com/publish/%E6%B8%85%E5%8D%8E%E5%A4%A7%E5%AD%A6%E5%87%BA%E7%89%88%E7%A4%BE_1.html" target="_blank">\u6e05\u534e\u5927\u5b66\u51fa\u7248\u793e</a>\n              </span>\n      <em>|</em>      <span class="p-bi-date">\n        2009-10      </span>\n    </div>\n        <div class="p-shop hide" data-score="4" data-reputation="0" data-shopid="" data-done="1"></div>\n    <div class="p-commit"><strong>\u5df2\u6709<a target="_blank" href="http://item.jd.com/11322663.html#comments-list">4484</a>\u4eba\u8bc4\u4ef7</strong></div>\n    <div class="p-shopnum">\n      <span class="curr-shop">\u4eac\u4e1c\u81ea\u8425</span>\n    </div>\n    <div class="p-operate">\n      <a class="p-o-btn focus J_focus" data-sku="11322663" href="javascript:;">\n        <i></i>\u5173\u6ce8\n      </a>\n      <a class="p-o-btn addcart" target="_blank" href="http://gate.jd.com/InitCart.aspx?pid=11322663&amp;pcount=1&amp;ptype=1">\n        <i></i>\u52a0\u5165\u8d2d\u7269\u8f66\n      </a>\n    </div>\n    <div class="p-stock" data-isdeliveryable="5" style="display: none;"></div>\n    <div class="p-service">\u7531 \u4eac\u4e1c \u53d1\u8d27</div>\n    <div class="p-summary">\n      <a href="http://item.jd.com/11322663.html#recommend-editor" target="_blank">\u66f4\u591a&gt;</a>\n    </div>\n    <div class="p-addtocart">\n      <a data-sku="11322663" href="http://gate.jd.com/InitCart.aspx?pid=11322663&amp;pcount=1&amp;ptype=1"><i></i>\u52a0\u5165\u8d2d\u7269\u8f66</a>\n    </div>\n  </div>\n                                  </div>\n              </div>\n            </div>']
2016-01-18 16:46:47 [jd] INFO: !!!!!!!!!!!!!!!!!!!!!!!!
2016-01-18 16:46:47 [jd] INFO: !!!!!!!!!!!!!!!!!!!!!!!!
2016-01-18 16:46:47 [jd] INFO: [u'<div class="gl-i-wrap">\n              <div class="gl-i-tab">\n                <div class="gl-i-tab-trigger">\n                  <span title="O\'Reilly\uff1a\u5b66\u4e60OpenCV\uff08\u4e2d\u6587\u7248\uff09" class="item selected">\u5355\u4ef6</span>\n                                      <span title="O\'Reilly\uff1a\u6570\u636e\u4e4b\u9b45\uff08\u4eac\u4e1c\u5957\u88c5\u51713\u518c\uff09" class="item">\u5957\u88c53\u4ef6</span>\n                                  </div>\n                <div class="gl-i-tab-content">\n                                        <div class="tab-content-item tab-cnt-i-selected j-sku-item" data-sku="10080298" venderid="1000004111" jdzy_shop_id="1000004111" ts_venderid="">\n  <div class="p-img">\n    <a target="_blank" href="http://item.jd.com/10080298.html">\n                    <img width="200" height="200" data-img="1" data-lazy-img="//img13.360buyimg.com/n7/jfs/t1438/301/113414529/248440/5f293254/555bff7aNf7cd14ef.jpg">\n          </a>\n      </div>\n  <div class="p-price">\n    <strong class="J_price"><em></em><i></i></strong>\n    <div class="p-icons J-pro-icons">\n          </div>\n  </div>\n  <div class="p-name">\n    <a target="_blank" title="" href="http://item.jd.com/10080298.html">\n      <em>O\'Reilly\uff1a\u5b66\u4e60OpenCV\uff08\u4e2d\u6587\u7248\uff09</em>\n      <i class="promo-words"></i>\n    </a>\n  </div>\n      <div class="p-bookdetails">\n      <span class="p-bi-name">\n                  <span class="author_type_1" style="display: ;">\n                                                       [\u7f8e]                <a title="\u5e03\u62c9\u5fb7\u65af\u57fa" href="http://book.jd.com/writer/%E5%B8%83%E6%8B%89%E5%BE%B7%E6%96%AF%E5%9F%BA_1.html" target="_blank"> \u5e03\u62c9\u5fb7\u65af\u57fa </a>                                                        \uff0c               [\u7f8e]                <a title="\u514b\u52d2" href="http://book.jd.com/writer/%E5%85%8B%E5%8B%92_1.html" target="_blank"> \u514b\u52d2 </a>                                        \u8457          </span>\n                            <span class="author_type_2" style="display: none;">\n                                                                     <a title="\u4e8e\u4ed5\u742a" href="http://book.jd.com/writer/%E4%BA%8E%E4%BB%95%E7%90%AA_1.html" target="_blank"> \u4e8e\u4ed5\u742a </a>                                                        \uff0c                             <a title="\u5218\u745e\u796f" href="http://book.jd.com/writer/%E5%88%98%E7%91%9E%E7%A5%AF_1.html" target="_blank"> \u5218\u745e\u796f </a>                                        \u8bd1          </span>\n                        </span>\n      <em>|</em>      <span class="p-bi-store">\n                  <a title="\u6e05\u534e\u5927\u5b66\u51fa\u7248\u793e" href="http://book.jd.com/publish/%E6%B8%85%E5%8D%8E%E5%A4%A7%E5%AD%A6%E5%87%BA%E7%89%88%E7%A4%BE_1.html" target="_blank">\u6e05\u534e\u5927\u5b66\u51fa\u7248\u793e</a>\n              </span>\n      <em>|</em>      <span class="p-bi-date">\n        2009-10      </span>\n    </div>\n        <div class="p-shop hide" data-score="4" data-reputation="0" data-shopid="" data-done="1"></div>\n    <div class="p-commit"><strong>\u5df2\u6709<a target="_blank" href="http://item.jd.com/10080298.html#comments-list">1400</a>\u4eba\u8bc4\u4ef7</strong></div>\n    <div class="p-shopnum">\n      <span class="curr-shop">\u4eac\u4e1c\u81ea\u8425</span>\n    </div>\n    <div class="p-operate">\n      <a class="p-o-btn focus J_focus" data-sku="10080298" href="javascript:;">\n        <i></i>\u5173\u6ce8\n      </a>\n      <a class="p-o-btn addcart" target="_blank" href="http://gate.jd.com/InitCart.aspx?pid=10080298&amp;pcount=1&amp;ptype=1">\n        <i></i>\u52a0\u5165\u8d2d\u7269\u8f66\n      </a>\n    </div>\n    <div class="p-stock" data-isdeliveryable="5" style="display: none;"></div>\n    <div class="p-service">\u7531 \u4eac\u4e1c \u53d1\u8d27</div>\n    <div class="p-summary">\n      <a href="http://item.jd.com/10080298.html#recommend-editor" target="_blank">\u66f4\u591a&gt;</a>\n    </div>\n    <div class="p-addtocart">\n      <a data-sku="10080298" href="http://gate.jd.com/InitCart.aspx?pid=10080298&amp;pcount=1&amp;ptype=1"><i></i>\u52a0\u5165\u8d2d\u7269\u8f66</a>\n    </div>\n  </div>\n                                        <div class="tab-content-item j-sku-item" data-sku="11322663" venderid="1000004111" jdzy_shop_id="1000004111" ts_venderid="">\n  <div class="p-img">\n    <a target="_blank" href="http://item.jd.com/11322663.html">\n                    <img width="200" height="200" data-img="1" data-lazy-img="//img13.360buyimg.com/n7/g13/M06/0C/06/rBEhUlI5JEcIAAAAAALbze1MS64AADRoQKQLZoAAtvl748.jpg">\n          </a>\n      </div>\n  <div class="p-price">\n    <strong class="J_price"><em></em><i></i></strong>\n    <div class="p-icons J-pro-icons">\n          </div>\n  </div>\n  <div class="p-name">\n    <a target="_blank" title="" href="http://item.jd.com/11322663.html">\n      <em>O\'Reilly\uff1a\u6570\u636e\u4e4b\u9b45\uff08\u4eac\u4e1c\u5957\u88c5\u51713\u518c\uff09</em>\n      <i class="promo-words"></i>\n    </a>\n  </div>\n      <div class="p-bookdetails">\n      <span class="p-bi-name">\n                  <span class="author_type_1" style="display: ;">\n                                                       [\u7f8e]                <a title="\u5e03\u62c9\u5fb7\u65af\u57fa" href="http://book.jd.com/writer/%E5%B8%83%E6%8B%89%E5%BE%B7%E6%96%AF%E5%9F%BA_1.html" target="_blank"> \u5e03\u62c9\u5fb7\u65af\u57fa </a>                                                        \uff0c               [\u7f8e]                <a title="\u514b\u52d2" href="http://book.jd.com/writer/%E5%85%8B%E5%8B%92_1.html" target="_blank"> \u514b\u52d2 </a>                                        \u8457          </span>\n                            <span class="author_type_2" style="display: none;">\n                                                                     <a title="\u4e8e\u4ed5\u742a" href="http://book.jd.com/writer/%E4%BA%8E%E4%BB%95%E7%90%AA_1.html" target="_blank"> \u4e8e\u4ed5\u742a </a>                                                        \uff0c                             <a title="\u5218\u745e\u796f" href="http://book.jd.com/writer/%E5%88%98%E7%91%9E%E7%A5%AF_1.html" target="_blank"> \u5218\u745e\u796f </a>                                        \u8bd1          </span>\n                        </span>\n      <em>|</em>      <span class="p-bi-store">\n                  <a title="\u6e05\u534e\u5927\u5b66\u51fa\u7248\u793e" href="http://book.jd.com/publish/%E6%B8%85%E5%8D%8E%E5%A4%A7%E5%AD%A6%E5%87%BA%E7%89%88%E7%A4%BE_1.html" target="_blank">\u6e05\u534e\u5927\u5b66\u51fa\u7248\u793e</a>\n              </span>\n      <em>|</em>      <span class="p-bi-date">\n        2009-10      </span>\n    </div>\n        <div class="p-shop hide" data-score="4" data-reputation="0" data-shopid="" data-done="1"></div>\n    <div class="p-commit"><strong>\u5df2\u6709<a target="_blank" href="http://item.jd.com/11322663.html#comments-list">4484</a>\u4eba\u8bc4\u4ef7</strong></div>\n    <div class="p-shopnum">\n      <span class="curr-shop">\u4eac\u4e1c\u81ea\u8425</span>\n    </div>\n    <div class="p-operate">\n      <a class="p-o-btn focus J_focus" data-sku="11322663" href="javascript:;">\n        <i></i>\u5173\u6ce8\n      </a>\n      <a class="p-o-btn addcart" target="_blank" href="http://gate.jd.com/InitCart.aspx?pid=11322663&amp;pcount=1&amp;ptype=1">\n        <i></i>\u52a0\u5165\u8d2d\u7269\u8f66\n      </a>\n    </div>\n    <div class="p-stock" data-isdeliveryable="5" style="display: none;"></div>\n    <div class="p-service">\u7531 \u4eac\u4e1c \u53d1\u8d27</div>\n    <div class="p-summary">\n      <a href="http://item.jd.com/11322663.html#recommend-editor" target="_blank">\u66f4\u591a&gt;</a>\n    </div>\n    <div class="p-addtocart">\n      <a data-sku="11322663" href="http://gate.jd.com/InitCart.aspx?pid=11322663&amp;pcount=1&amp;ptype=1"><i></i>\u52a0\u5165\u8d2d\u7269\u8f66</a>\n    </div>\n  </div>\n                                  </div>\n              </div>\n            </div>']
2016-01-18 16:46:47 [jd] INFO: !!!!!!!!!!!!!!!!!!!!!!!!
2016-01-18 16:46:47 [jd] INFO: !!!!!!!!!!!!!!!!!!!!!!!!
2016-01-18 16:46:47 [jd] INFO: [u'<div class="gl-i-wrap j-sku-item" data-sku="1028096295" venderid="40964" jdzy_shop_id="38566" ts_venderid="1028096295">\n  <div class="p-img">\n    <a target="_blank" href="http://item.jd.com/1028096295.html">\n                    <img width="200" height="200" data-img="1" data-lazy-img="//img10.360buyimg.com/n7/g15/M07/00/0A/rBEhWFHpfg4IAAAAAAscl4G0ItwAABMdQHOdowACxyv807.jpg">\n          </a>\n      </div>\n  <div class="p-price">\n    <strong class="J_price"><em></em><i></i></strong>\n    <div class="p-icons J-pro-icons">\n          </div>\n  </div>\n  <div class="p-name">\n    <a target="_blank" title="" href="http://item.jd.com/1028096295.html">\n      <em>\u6570\u5b57\u56fe\u50cf\u5904\u7406(\u7b2c3\u7248)/\u56fd\u5916\u7535\u5b50\u4e0e\u901a\u4fe1\u6559\u6750\u7cfb\u5217</em>\n      <i class="promo-words"></i>\n    </a>\n  </div>\n      <div class="p-bookdetails">\n      <span class="p-bi-name">\n              </span>\n            <span class="p-bi-store">\n                  <a title="\u7535\u5b50\u5de5\u4e1a" href="http://book.jd.com/publish/%E7%94%B5%E5%AD%90%E5%B7%A5%E4%B8%9A_1.html" target="_blank">\u7535\u5b50\u5de5\u4e1a</a>\n              </span>\n      <em>|</em>      <span class="p-bi-date">\n        2011-06      </span>\n    </div>\n        <div class="p-shop hide" data-score="4" data-reputation="0" data-shopid="" data-done="1"></div>\n    <div class="p-commit"><strong>\u5df2\u6709<a target="_blank" href="http://item.jd.com/1028096295.html#comments-list">51</a>\u4eba\u8bc4\u4ef7</strong></div>\n    <div class="p-shopnum">\n      <span class="curr-shop">\u4eac\u4e1c\u81ea\u8425</span>\n    </div>\n    <div class="p-operate">\n      <a class="p-o-btn focus J_focus" data-sku="1028096295" href="javascript:;">\n        <i></i>\u5173\u6ce8\n      </a>\n      <a class="p-o-btn addcart" target="_blank" href="http://gate.jd.com/InitCart.aspx?pid=1028096295&amp;pcount=1&amp;ptype=1">\n        <i></i>\u52a0\u5165\u8d2d\u7269\u8f66\n      </a>\n    </div>\n    <div class="p-stock" data-isdeliveryable="5" style="display: none;"></div>\n    <div class="p-service">\u7531 \u4eac\u4e1c \u53d1\u8d27</div>\n    <div class="p-summary">\n      <a href="http://item.jd.com/1028096295.html#recommend-editor" target="_blank">\u66f4\u591a&gt;</a>\n    </div>\n    <div class="p-addtocart">\n      <a data-sku="1028096295" href="http://gate.jd.com/InitCart.aspx?pid=1028096295&amp;pcount=1&amp;ptype=1"><i></i>\u52a0\u5165\u8d2d\u7269\u8f66</a>\n    </div>\n  </div>']
2016-01-18 16:46:47 [jd] INFO: !!!!!!!!!!!!!!!!!!!!!!!!
2016-01-18 16:46:47 [jd] INFO: !!!!!!!!!!!!!!!!!!!!!!!!
2016-01-18 16:46:47 [jd] INFO: [u'<div class="gl-i-wrap j-sku-item" data-sku="1558306770" venderid="51031" jdzy_shop_id="47718" ts_venderid="1558306770">\n  <div class="p-img">\n    <a target="_blank" href="http://item.jd.com/1558306770.html">\n                    <img width="200" height="200" data-img="1" data-lazy-img="//img10.360buyimg.com/n7/jfs/t1141/355/884984753/210185/396391f/5552aa86Ne0273fa1.jpg">\n          </a>\n      </div>\n  <div class="p-price">\n    <strong class="J_price"><em></em><i></i></strong>\n    <div class="p-icons J-pro-icons">\n          </div>\n  </div>\n  <div class="p-name">\n    <a target="_blank" title="" href="http://item.jd.com/1558306770.html">\n      <em>Java\u8bed\u8a00\u7a0b\u5e8f\u8bbe\u8ba1\uff1a\u57fa\u7840\u7bc7\uff08\u539f\u4e66\u7b2c8\u7248\uff09java\u7a0b\u5e8f\u8bbe\u8ba1\u6559\u7a0b\u6559\u6750\u4e66\u7c4d \u7f8e\u56fd\u5f15\u8fdb\u7248</em>\n      <i class="promo-words"></i>\n    </a>\n  </div>\n      <div class="p-bookdetails">\n      <span class="p-bi-name">\n              </span>\n            <span class="p-bi-store">\n                  <a title="\u673a\u68b0\u5de5\u4e1a\u51fa\u7248\u793e" href="http://book.jd.com/publish/%E6%9C%BA%E6%A2%B0%E5%B7%A5%E4%B8%9A%E5%87%BA%E7%89%88%E7%A4%BE_1.html" target="_blank">\u673a\u68b0\u5de5\u4e1a\u51fa\u7248\u793e</a>\n              </span>\n      <em>|</em>      <span class="p-bi-date">\n        2014-12      </span>\n    </div>\n        <div class="p-shop hide" data-score="4" data-reputation="0" data-shopid="" data-done="1"></div>\n    <div class="p-commit"><strong>\u5df2\u6709<a target="_blank" href="http://item.jd.com/1558306770.html#comments-list">0</a>\u4eba\u8bc4\u4ef7</strong></div>\n    <div class="p-shopnum">\n      <span class="curr-shop">\u4eac\u4e1c\u81ea\u8425</span>\n    </div>\n    <div class="p-operate">\n      <a class="p-o-btn focus J_focus" data-sku="1558306770" href="javascript:;">\n        <i></i>\u5173\u6ce8\n      </a>\n      <a class="p-o-btn addcart" target="_blank" href="http://gate.jd.com/InitCart.aspx?pid=1558306770&amp;pcount=1&amp;ptype=1">\n        <i></i>\u52a0\u5165\u8d2d\u7269\u8f66\n      </a>\n    </div>\n    <div class="p-stock" data-isdeliveryable="5" style="display: none;"></div>\n    <div class="p-service">\u7531 \u4eac\u4e1c \u53d1\u8d27</div>\n    <div class="p-summary">\n      <a href="http://item.jd.com/1558306770.html#recommend-editor" target="_blank">\u66f4\u591a&gt;</a>\n    </div>\n    <div class="p-addtocart">\n      <a data-sku="1558306770" href="http://gate.jd.com/InitCart.aspx?pid=1558306770&amp;pcount=1&amp;ptype=1"><i></i>\u52a0\u5165\u8d2d\u7269\u8f66</a>\n    </div>\n  </div>']
2016-01-18 16:46:47 [jd] INFO: !!!!!!!!!!!!!!!!!!!!!!!!
2016-01-18 16:46:47 [jd] INFO: !!!!!!!!!!!!!!!!!!!!!!!!
2016-01-18 16:46:47 [jd] INFO: [u'<div class="gl-i-wrap j-sku-item" data-sku="1496315187" venderid="40964" jdzy_shop_id="38566" ts_venderid="1496315187">\n  <div class="p-img">\n    <a target="_blank" href="http://item.jd.com/1496315187.html">\n                    <img width="200" height="200" data-img="1" data-lazy-img="//img12.360buyimg.com/n7/jfs/t910/141/272738443/127408/65466f10/55127359N65d0d501.jpg">\n          </a>\n      </div>\n  <div class="p-price">\n    <strong class="J_price"><em></em><i></i></strong>\n    <div class="p-icons J-pro-icons">\n          </div>\n  </div>\n  <div class="p-name">\n    <a target="_blank" title="" href="http://item.jd.com/1496315187.html">\n      <em>Java\u7279\u79cd\u5175  \u9644\u5149\u76d8\u4e0a</em>\n      <i class="promo-words"></i>\n    </a>\n  </div>\n      <div class="p-bookdetails">\n      <span class="p-bi-name">\n              </span>\n            <span class="p-bi-store">\n                  <a title="\u7535\u5b50\u5de5\u4e1a\u51fa\u7248\u793e" href="http://book.jd.com/publish/%E7%94%B5%E5%AD%90%E5%B7%A5%E4%B8%9A%E5%87%BA%E7%89%88%E7%A4%BE_1.html" target="_blank">\u7535\u5b50\u5de5\u4e1a\u51fa\u7248\u793e</a>\n              </span>\n      <em>|</em>      <span class="p-bi-date">\n        2014-12      </span>\n    </div>\n        <div class="p-shop hide" data-score="4" data-reputation="0" data-shopid="" data-done="1"></div>\n    <div class="p-commit"><strong>\u5df2\u6709<a target="_blank" href="http://item.jd.com/1496315187.html#comments-list">4</a>\u4eba\u8bc4\u4ef7</strong></div>\n    <div class="p-shopnum">\n      <span class="curr-shop">\u4eac\u4e1c\u81ea\u8425</span>\n    </div>\n    <div class="p-operate">\n      <a class="p-o-btn focus J_focus" data-sku="1496315187" href="javascript:;">\n        <i></i>\u5173\u6ce8\n      </a>\n      <a class="p-o-btn addcart" target="_blank" href="http://gate.jd.com/InitCart.aspx?pid=1496315187&amp;pcount=1&amp;ptype=1">\n        <i></i>\u52a0\u5165\u8d2d\u7269\u8f66\n      </a>\n    </div>\n    <div class="p-stock" data-isdeliveryable="5" style="display: none;"></div>\n    <div class="p-service">\u7531 \u4eac\u4e1c \u53d1\u8d27</div>\n    <div class="p-summary">\n      <a href="http://item.jd.com/1496315187.html#recommend-editor" target="_blank">\u66f4\u591a&gt;</a>\n    </div>\n    <div class="p-addtocart">\n      <a data-sku="1496315187" href="http://gate.jd.com/InitCart.aspx?pid=1496315187&amp;pcount=1&amp;ptype=1"><i></i>\u52a0\u5165\u8d2d\u7269\u8f66</a>\n    </div>\n  </div>']
2016-01-18 16:46:47 [jd] INFO: !!!!!!!!!!!!!!!!!!!!!!!!
2016-01-18 16:46:47 [jd] INFO: !!!!!!!!!!!!!!!!!!!!!!!!
2016-01-18 16:46:47 [jd] INFO: [u'<div class="gl-i-wrap">\n              <div class="gl-i-tab">\n                <div class="gl-i-tab-trigger">\n                  <span title="\u534e\u7ae0\u7a0b\u5e8f\u5458\u4e66\u5e93\uff1aJava\u5b89\u5168\u7f16\u7801\u6807\u51c6" class="item selected">\u5355\u4ef6</span>\n                                      <span title="Java\u9ad8\u7ea7\u4e3b\u9898\uff1aJava\u5b89\u5168\u7f16\u7801\u6807\u51c6+\u6df1\u5165\u7406\u89e3Java\u865a\u62df\u673a\uff08\u7b2c2\u7248\uff09\uff08\u4eac\u4e1c\u5957\u88c5\u51712\u518c\uff09" class="item">\u5957\u88c52\u4ef6</span>\n                                  </div>\n                <div class="gl-i-tab-content">\n                                        <div class="tab-content-item tab-cnt-i-selected j-sku-item" data-sku="11265553" venderid="1000004052" jdzy_shop_id="1000004052" ts_venderid="">\n  <div class="p-img">\n    <a target="_blank" href="http://item.jd.com/11265553.html">\n                    <img width="200" height="200" data-img="1" data-lazy-img="//img13.360buyimg.com/n7/g13/M04/03/04/rBEhU1HNZ0wIAAAAAAGWVCkV0p0AAAnWwLDFMgAAZZs672.jpg">\n          </a>\n      </div>\n  <div class="p-price">\n    <strong class="J_price"><em></em><i></i></strong>\n    <div class="p-icons J-pro-icons">\n          </div>\n  </div>\n  <div class="p-name">\n    <a target="_blank" title="" href="http://item.jd.com/11265553.html">\n      <em>\u534e\u7ae0\u7a0b\u5e8f\u5458\u4e66\u5e93\uff1aJava\u5b89\u5168\u7f16\u7801\u6807\u51c6</em>\n      <i class="promo-words"></i>\n    </a>\n  </div>\n      <div class="p-bookdetails">\n      <span class="p-bi-name">\n                  <span class="author_type_1" style="display: ;">\n                                                                     <a title="Fred Long" href="http://book.jd.com/writer/Fred%20Long_1.html" target="_blank"> Fred Long </a>                                                        \uff0c                             <a title="Dhruv Mohindra" href="http://book.jd.com/writer/Dhruv%20Mohindra_1.html" target="_blank"> Dhruv Mohindra </a>                                           \u7b49            \u8457          </span>\n                            <span class="author_type_2" style="display: none;">\n                                                                     <a title="\u8ba1\u6587\u67ef" href="http://book.jd.com/writer/%E8%AE%A1%E6%96%87%E6%9F%AF_1.html" target="_blank"> \u8ba1\u6587\u67ef </a>                                                        \uff0c                             <a title="\u6768\u6653\u6625" href="http://book.jd.com/writer/%E6%9D%A8%E6%99%93%E6%98%A5_1.html" target="_blank"> \u6768\u6653\u6625 </a>                                        \u8bd1          </span>\n                        </span>\n      <em>|</em>      <span class="p-bi-store">\n                  <a title="\u673a\u68b0\u5de5\u4e1a\u51fa\u7248\u793e" href="http://book.jd.com/publish/%E6%9C%BA%E6%A2%B0%E5%B7%A5%E4%B8%9A%E5%87%BA%E7%89%88%E7%A4%BE_1.html" target="_blank">\u673a\u68b0\u5de5\u4e1a\u51fa\u7248\u793e</a>\n              </span>\n      <em>|</em>      <span class="p-bi-date">\n        2013-06      </span>\n    </div>\n        <div class="p-shop hide" data-score="4" data-reputation="0" data-shopid="" data-done="1"></div>\n    <div class="p-commit"><strong>\u5df2\u6709<a target="_blank" href="http://item.jd.com/11265553.html#comments-list">84</a>\u4eba\u8bc4\u4ef7</strong></div>\n    <div class="p-shopnum">\n      <span class="curr-shop">\u4eac\u4e1c\u81ea\u8425</span>\n    </div>\n    <div class="p-operate">\n      <a class="p-o-btn focus J_focus" data-sku="11265553" href="javascript:;">\n        <i></i>\u5173\u6ce8\n      </a>\n      <a class="p-o-btn addcart" target="_blank" href="http://gate.jd.com/InitCart.aspx?pid=11265553&amp;pcount=1&amp;ptype=1">\n        <i></i>\u52a0\u5165\u8d2d\u7269\u8f66\n      </a>\n    </div>\n    <div class="p-stock" data-isdeliveryable="5" style="display: none;"></div>\n    <div class="p-service">\u7531 \u4eac\u4e1c \u53d1\u8d27</div>\n    <div class="p-summary">\n      <a href="http://item.jd.com/11265553.html#recommend-editor" target="_blank">\u66f4\u591a&gt;</a>\n    </div>\n    <div class="p-addtocart">\n      <a data-sku="11265553" href="http://gate.jd.com/InitCart.aspx?pid=11265553&amp;pcount=1&amp;ptype=1"><i></i>\u52a0\u5165\u8d2d\u7269\u8f66</a>\n    </div>\n  </div>\n                                        <div class="tab-content-item j-sku-item" data-sku="11312110" venderid="1000004052" jdzy_shop_id="1000004052" ts_venderid="">\n  <div class="p-img">\n    <a target="_blank" href="http://item.jd.com/11312110.html">\n                    <img width="200" height="200" data-img="1" data-lazy-img="//img10.360buyimg.com/n7/g14/M03/0E/0D/rBEhV1Im1n8IAAAAAAcHltD_3_8AAC0FgC-1WoABweu831.jpg">\n          </a>\n      </div>\n  <div class="p-price">\n    <strong class="J_price"><em></em><i></i></strong>\n    <div class="p-icons J-pro-icons">\n          </div>\n  </div>\n  <div class="p-name">\n    <a target="_blank" title="" href="http://item.jd.com/11312110.html">\n      <em>Java\u9ad8\u7ea7\u4e3b\u9898\uff1aJava\u5b89\u5168\u7f16\u7801\u6807\u51c6+\u6df1\u5165\u7406\u89e3Java\u865a\u62df\u673a\uff08\u7b2c2\u7248\uff09\uff08\u4eac\u4e1c\u5957\u88c5\u51712\u518c\uff09</em>\n      <i class="promo-words"></i>\n    </a>\n  </div>\n      <div class="p-bookdetails">\n      <span class="p-bi-name">\n                  <span class="author_type_1" style="display: ;">\n                                                                     <a title="Fred Long" href="http://book.jd.com/writer/Fred%20Long_1.html" target="_blank"> Fred Long </a>                                                        \uff0c                             <a title="Dhruv Mohindra" href="http://book.jd.com/writer/Dhruv%20Mohindra_1.html" target="_blank"> Dhruv Mohindra </a>                                           \u7b49            \u8457          </span>\n                            <span class="author_type_2" style="display: none;">\n                                                                     <a title="\u8ba1\u6587\u67ef" href="http://book.jd.com/writer/%E8%AE%A1%E6%96%87%E6%9F%AF_1.html" target="_blank"> \u8ba1\u6587\u67ef </a>                                                        \uff0c                             <a title="\u6768\u6653\u6625" href="http://book.jd.com/writer/%E6%9D%A8%E6%99%93%E6%98%A5_1.html" target="_blank"> \u6768\u6653\u6625 </a>                                        \u8bd1          </span>\n                        </span>\n      <em>|</em>      <span class="p-bi-store">\n                  <a title="\u673a\u68b0\u5de5\u4e1a\u51fa\u7248\u793e" href="http://book.jd.com/publish/%E6%9C%BA%E6%A2%B0%E5%B7%A5%E4%B8%9A%E5%87%BA%E7%89%88%E7%A4%BE_1.html" target="_blank">\u673a\u68b0\u5de5\u4e1a\u51fa\u7248\u793e</a>\n              </span>\n      <em>|</em>      <span class="p-bi-date">\n        2013-06      </span>\n    </div>\n        <div class="p-shop hide" data-score="4" data-reputation="0" data-shopid="" data-done="1"></div>\n    <div class="p-commit"><strong>\u5df2\u6709<a target="_blank" href="http://item.jd.com/11312110.html#comments-list">3392</a>\u4eba\u8bc4\u4ef7</strong></div>\n    <div class="p-shopnum">\n      <span class="curr-shop">\u4eac\u4e1c\u81ea\u8425</span>\n    </div>\n    <div class="p-operate">\n      <a class="p-o-btn focus J_focus" data-sku="11312110" href="javascript:;">\n        <i></i>\u5173\u6ce8\n      </a>\n      <a class="p-o-btn addcart" target="_blank" href="http://gate.jd.com/InitCart.aspx?pid=11312110&amp;pcount=1&amp;ptype=1">\n        <i></i>\u52a0\u5165\u8d2d\u7269\u8f66\n      </a>\n    </div>\n    <div class="p-stock" data-isdeliveryable="5" style="display: none;"></div>\n    <div class="p-service">\u7531 \u4eac\u4e1c \u53d1\u8d27</div>\n    <div class="p-summary">\n      <a href="http://item.jd.com/11312110.html#recommend-editor" target="_blank">\u66f4\u591a&gt;</a>\n    </div>\n    <div class="p-addtocart">\n      <a data-sku="11312110" href="http://gate.jd.com/InitCart.aspx?pid=11312110&amp;pcount=1&amp;ptype=1"><i></i>\u52a0\u5165\u8d2d\u7269\u8f66</a>\n    </div>\n  </div>\n                                  </div>\n              </div>\n            </div>']
2016-01-18 16:46:47 [jd] INFO: !!!!!!!!!!!!!!!!!!!!!!!!
2016-01-18 16:46:47 [jd] INFO: !!!!!!!!!!!!!!!!!!!!!!!!
2016-01-18 16:46:47 [jd] INFO: [u'<div class="gl-i-wrap">\n              <div class="gl-i-tab">\n                <div class="gl-i-tab-trigger">\n                  <span title="\u534e\u7ae0\u7a0b\u5e8f\u5458\u4e66\u5e93\uff1aJava\u5b89\u5168\u7f16\u7801\u6807\u51c6" class="item selected">\u5355\u4ef6</span>\n                                      <span title="Java\u9ad8\u7ea7\u4e3b\u9898\uff1aJava\u5b89\u5168\u7f16\u7801\u6807\u51c6+\u6df1\u5165\u7406\u89e3Java\u865a\u62df\u673a\uff08\u7b2c2\u7248\uff09\uff08\u4eac\u4e1c\u5957\u88c5\u51712\u518c\uff09" class="item">\u5957\u88c52\u4ef6</span>\n                                  </div>\n                <div class="gl-i-tab-content">\n                                        <div class="tab-content-item tab-cnt-i-selected j-sku-item" data-sku="11265553" venderid="1000004052" jdzy_shop_id="1000004052" ts_venderid="">\n  <div class="p-img">\n    <a target="_blank" href="http://item.jd.com/11265553.html">\n                    <img width="200" height="200" data-img="1" data-lazy-img="//img13.360buyimg.com/n7/g13/M04/03/04/rBEhU1HNZ0wIAAAAAAGWVCkV0p0AAAnWwLDFMgAAZZs672.jpg">\n          </a>\n      </div>\n  <div class="p-price">\n    <strong class="J_price"><em></em><i></i></strong>\n    <div class="p-icons J-pro-icons">\n          </div>\n  </div>\n  <div class="p-name">\n    <a target="_blank" title="" href="http://item.jd.com/11265553.html">\n      <em>\u534e\u7ae0\u7a0b\u5e8f\u5458\u4e66\u5e93\uff1aJava\u5b89\u5168\u7f16\u7801\u6807\u51c6</em>\n      <i class="promo-words"></i>\n    </a>\n  </div>\n      <div class="p-bookdetails">\n      <span class="p-bi-name">\n                  <span class="author_type_1" style="display: ;">\n                                                                     <a title="Fred Long" href="http://book.jd.com/writer/Fred%20Long_1.html" target="_blank"> Fred Long </a>                                                        \uff0c                             <a title="Dhruv Mohindra" href="http://book.jd.com/writer/Dhruv%20Mohindra_1.html" target="_blank"> Dhruv Mohindra </a>                                           \u7b49            \u8457          </span>\n                            <span class="author_type_2" style="display: none;">\n                                                                     <a title="\u8ba1\u6587\u67ef" href="http://book.jd.com/writer/%E8%AE%A1%E6%96%87%E6%9F%AF_1.html" target="_blank"> \u8ba1\u6587\u67ef </a>                                                        \uff0c                             <a title="\u6768\u6653\u6625" href="http://book.jd.com/writer/%E6%9D%A8%E6%99%93%E6%98%A5_1.html" target="_blank"> \u6768\u6653\u6625 </a>                                        \u8bd1          </span>\n                        </span>\n      <em>|</em>      <span class="p-bi-store">\n                  <a title="\u673a\u68b0\u5de5\u4e1a\u51fa\u7248\u793e" href="http://book.jd.com/publish/%E6%9C%BA%E6%A2%B0%E5%B7%A5%E4%B8%9A%E5%87%BA%E7%89%88%E7%A4%BE_1.html" target="_blank">\u673a\u68b0\u5de5\u4e1a\u51fa\u7248\u793e</a>\n              </span>\n      <em>|</em>      <span class="p-bi-date">\n        2013-06      </span>\n    </div>\n        <div class="p-shop hide" data-score="4" data-reputation="0" data-shopid="" data-done="1"></div>\n    <div class="p-commit"><strong>\u5df2\u6709<a target="_blank" href="http://item.jd.com/11265553.html#comments-list">84</a>\u4eba\u8bc4\u4ef7</strong></div>\n    <div class="p-shopnum">\n      <span class="curr-shop">\u4eac\u4e1c\u81ea\u8425</span>\n    </div>\n    <div class="p-operate">\n      <a class="p-o-btn focus J_focus" data-sku="11265553" href="javascript:;">\n        <i></i>\u5173\u6ce8\n      </a>\n      <a class="p-o-btn addcart" target="_blank" href="http://gate.jd.com/InitCart.aspx?pid=11265553&amp;pcount=1&amp;ptype=1">\n        <i></i>\u52a0\u5165\u8d2d\u7269\u8f66\n      </a>\n    </div>\n    <div class="p-stock" data-isdeliveryable="5" style="display: none;"></div>\n    <div class="p-service">\u7531 \u4eac\u4e1c \u53d1\u8d27</div>\n    <div class="p-summary">\n      <a href="http://item.jd.com/11265553.html#recommend-editor" target="_blank">\u66f4\u591a&gt;</a>\n    </div>\n    <div class="p-addtocart">\n      <a data-sku="11265553" href="http://gate.jd.com/InitCart.aspx?pid=11265553&amp;pcount=1&amp;ptype=1"><i></i>\u52a0\u5165\u8d2d\u7269\u8f66</a>\n    </div>\n  </div>\n                                        <div class="tab-content-item j-sku-item" data-sku="11312110" venderid="1000004052" jdzy_shop_id="1000004052" ts_venderid="">\n  <div class="p-img">\n    <a target="_blank" href="http://item.jd.com/11312110.html">\n                    <img width="200" height="200" data-img="1" data-lazy-img="//img10.360buyimg.com/n7/g14/M03/0E/0D/rBEhV1Im1n8IAAAAAAcHltD_3_8AAC0FgC-1WoABweu831.jpg">\n          </a>\n      </div>\n  <div class="p-price">\n    <strong class="J_price"><em></em><i></i></strong>\n    <div class="p-icons J-pro-icons">\n          </div>\n  </div>\n  <div class="p-name">\n    <a target="_blank" title="" href="http://item.jd.com/11312110.html">\n      <em>Java\u9ad8\u7ea7\u4e3b\u9898\uff1aJava\u5b89\u5168\u7f16\u7801\u6807\u51c6+\u6df1\u5165\u7406\u89e3Java\u865a\u62df\u673a\uff08\u7b2c2\u7248\uff09\uff08\u4eac\u4e1c\u5957\u88c5\u51712\u518c\uff09</em>\n      <i class="promo-words"></i>\n    </a>\n  </div>\n      <div class="p-bookdetails">\n      <span class="p-bi-name">\n                  <span class="author_type_1" style="display: ;">\n                                                                     <a title="Fred Long" href="http://book.jd.com/writer/Fred%20Long_1.html" target="_blank"> Fred Long </a>                                                        \uff0c                             <a title="Dhruv Mohindra" href="http://book.jd.com/writer/Dhruv%20Mohindra_1.html" target="_blank"> Dhruv Mohindra </a>                                           \u7b49            \u8457          </span>\n                            <span class="author_type_2" style="display: none;">\n                                                                     <a title="\u8ba1\u6587\u67ef" href="http://book.jd.com/writer/%E8%AE%A1%E6%96%87%E6%9F%AF_1.html" target="_blank"> \u8ba1\u6587\u67ef </a>                                                        \uff0c                             <a title="\u6768\u6653\u6625" href="http://book.jd.com/writer/%E6%9D%A8%E6%99%93%E6%98%A5_1.html" target="_blank"> \u6768\u6653\u6625 </a>                                        \u8bd1          </span>\n                        </span>\n      <em>|</em>      <span class="p-bi-store">\n                  <a title="\u673a\u68b0\u5de5\u4e1a\u51fa\u7248\u793e" href="http://book.jd.com/publish/%E6%9C%BA%E6%A2%B0%E5%B7%A5%E4%B8%9A%E5%87%BA%E7%89%88%E7%A4%BE_1.html" target="_blank">\u673a\u68b0\u5de5\u4e1a\u51fa\u7248\u793e</a>\n              </span>\n      <em>|</em>      <span class="p-bi-date">\n        2013-06      </span>\n    </div>\n        <div class="p-shop hide" data-score="4" data-reputation="0" data-shopid="" data-done="1"></div>\n    <div class="p-commit"><strong>\u5df2\u6709<a target="_blank" href="http://item.jd.com/11312110.html#comments-list">3392</a>\u4eba\u8bc4\u4ef7</strong></div>\n    <div class="p-shopnum">\n      <span class="curr-shop">\u4eac\u4e1c\u81ea\u8425</span>\n    </div>\n    <div class="p-operate">\n      <a class="p-o-btn focus J_focus" data-sku="11312110" href="javascript:;">\n        <i></i>\u5173\u6ce8\n      </a>\n      <a class="p-o-btn addcart" target="_blank" href="http://gate.jd.com/InitCart.aspx?pid=11312110&amp;pcount=1&amp;ptype=1">\n        <i></i>\u52a0\u5165\u8d2d\u7269\u8f66\n      </a>\n    </div>\n    <div class="p-stock" data-isdeliveryable="5" style="display: none;"></div>\n    <div class="p-service">\u7531 \u4eac\u4e1c \u53d1\u8d27</div>\n    <div class="p-summary">\n      <a href="http://item.jd.com/11312110.html#recommend-editor" target="_blank">\u66f4\u591a&gt;</a>\n    </div>\n    <div class="p-addtocart">\n      <a data-sku="11312110" href="http://gate.jd.com/InitCart.aspx?pid=11312110&amp;pcount=1&amp;ptype=1"><i></i>\u52a0\u5165\u8d2d\u7269\u8f66</a>\n    </div>\n  </div>\n                                  </div>\n              </div>\n            </div>']
2016-01-18 16:46:47 [jd] INFO: !!!!!!!!!!!!!!!!!!!!!!!!
2016-01-18 16:46:47 [jd] INFO: !!!!!!!!!!!!!!!!!!!!!!!!
2016-01-18 16:46:47 [jd] INFO: [u'<div class="gl-i-wrap">\n              <div class="gl-i-tab">\n                <div class="gl-i-tab-trigger">\n                  <span title="\u534e\u7ae0\u7a0b\u5e8f\u5458\u4e66\u5e93\uff1aJava\u5b89\u5168\u7f16\u7801\u6807\u51c6" class="item selected">\u5355\u4ef6</span>\n                                      <span title="Java\u9ad8\u7ea7\u4e3b\u9898\uff1aJava\u5b89\u5168\u7f16\u7801\u6807\u51c6+\u6df1\u5165\u7406\u89e3Java\u865a\u62df\u673a\uff08\u7b2c2\u7248\uff09\uff08\u4eac\u4e1c\u5957\u88c5\u51712\u518c\uff09" class="item">\u5957\u88c52\u4ef6</span>\n                                  </div>\n                <div class="gl-i-tab-content">\n                                        <div class="tab-content-item tab-cnt-i-selected j-sku-item" data-sku="11265553" venderid="1000004052" jdzy_shop_id="1000004052" ts_venderid="">\n  <div class="p-img">\n    <a target="_blank" href="http://item.jd.com/11265553.html">\n                    <img width="200" height="200" data-img="1" data-lazy-img="//img13.360buyimg.com/n7/g13/M04/03/04/rBEhU1HNZ0wIAAAAAAGWVCkV0p0AAAnWwLDFMgAAZZs672.jpg">\n          </a>\n      </div>\n  <div class="p-price">\n    <strong class="J_price"><em></em><i></i></strong>\n    <div class="p-icons J-pro-icons">\n          </div>\n  </div>\n  <div class="p-name">\n    <a target="_blank" title="" href="http://item.jd.com/11265553.html">\n      <em>\u534e\u7ae0\u7a0b\u5e8f\u5458\u4e66\u5e93\uff1aJava\u5b89\u5168\u7f16\u7801\u6807\u51c6</em>\n      <i class="promo-words"></i>\n    </a>\n  </div>\n      <div class="p-bookdetails">\n      <span class="p-bi-name">\n                  <span class="author_type_1" style="display: ;">\n                                                                     <a title="Fred Long" href="http://book.jd.com/writer/Fred%20Long_1.html" target="_blank"> Fred Long </a>                                                        \uff0c                             <a title="Dhruv Mohindra" href="http://book.jd.com/writer/Dhruv%20Mohindra_1.html" target="_blank"> Dhruv Mohindra </a>                                           \u7b49            \u8457          </span>\n                            <span class="author_type_2" style="display: none;">\n                                                                     <a title="\u8ba1\u6587\u67ef" href="http://book.jd.com/writer/%E8%AE%A1%E6%96%87%E6%9F%AF_1.html" target="_blank"> \u8ba1\u6587\u67ef </a>                                                        \uff0c                             <a title="\u6768\u6653\u6625" href="http://book.jd.com/writer/%E6%9D%A8%E6%99%93%E6%98%A5_1.html" target="_blank"> \u6768\u6653\u6625 </a>                                        \u8bd1          </span>\n                        </span>\n      <em>|</em>      <span class="p-bi-store">\n                  <a title="\u673a\u68b0\u5de5\u4e1a\u51fa\u7248\u793e" href="http://book.jd.com/publish/%E6%9C%BA%E6%A2%B0%E5%B7%A5%E4%B8%9A%E5%87%BA%E7%89%88%E7%A4%BE_1.html" target="_blank">\u673a\u68b0\u5de5\u4e1a\u51fa\u7248\u793e</a>\n              </span>\n      <em>|</em>      <span class="p-bi-date">\n        2013-06      </span>\n    </div>\n        <div class="p-shop hide" data-score="4" data-reputation="0" data-shopid="" data-done="1"></div>\n    <div class="p-commit"><strong>\u5df2\u6709<a target="_blank" href="http://item.jd.com/11265553.html#comments-list">84</a>\u4eba\u8bc4\u4ef7</strong></div>\n    <div class="p-shopnum">\n      <span class="curr-shop">\u4eac\u4e1c\u81ea\u8425</span>\n    </div>\n    <div class="p-operate">\n      <a class="p-o-btn focus J_focus" data-sku="11265553" href="javascript:;">\n        <i></i>\u5173\u6ce8\n      </a>\n      <a class="p-o-btn addcart" target="_blank" href="http://gate.jd.com/InitCart.aspx?pid=11265553&amp;pcount=1&amp;ptype=1">\n        <i></i>\u52a0\u5165\u8d2d\u7269\u8f66\n      </a>\n    </div>\n    <div class="p-stock" data-isdeliveryable="5" style="display: none;"></div>\n    <div class="p-service">\u7531 \u4eac\u4e1c \u53d1\u8d27</div>\n    <div class="p-summary">\n      <a href="http://item.jd.com/11265553.html#recommend-editor" target="_blank">\u66f4\u591a&gt;</a>\n    </div>\n    <div class="p-addtocart">\n      <a data-sku="11265553" href="http://gate.jd.com/InitCart.aspx?pid=11265553&amp;pcount=1&amp;ptype=1"><i></i>\u52a0\u5165\u8d2d\u7269\u8f66</a>\n    </div>\n  </div>\n                                        <div class="tab-content-item j-sku-item" data-sku="11312110" venderid="1000004052" jdzy_shop_id="1000004052" ts_venderid="">\n  <div class="p-img">\n    <a target="_blank" href="http://item.jd.com/11312110.html">\n                    <img width="200" height="200" data-img="1" data-lazy-img="//img10.360buyimg.com/n7/g14/M03/0E/0D/rBEhV1Im1n8IAAAAAAcHltD_3_8AAC0FgC-1WoABweu831.jpg">\n          </a>\n      </div>\n  <div class="p-price">\n    <strong class="J_price"><em></em><i></i></strong>\n    <div class="p-icons J-pro-icons">\n          </div>\n  </div>\n  <div class="p-name">\n    <a target="_blank" title="" href="http://item.jd.com/11312110.html">\n      <em>Java\u9ad8\u7ea7\u4e3b\u9898\uff1aJava\u5b89\u5168\u7f16\u7801\u6807\u51c6+\u6df1\u5165\u7406\u89e3Java\u865a\u62df\u673a\uff08\u7b2c2\u7248\uff09\uff08\u4eac\u4e1c\u5957\u88c5\u51712\u518c\uff09</em>\n      <i class="promo-words"></i>\n    </a>\n  </div>\n      <div class="p-bookdetails">\n      <span class="p-bi-name">\n                  <span class="author_type_1" style="display: ;">\n                                                                     <a title="Fred Long" href="http://book.jd.com/writer/Fred%20Long_1.html" target="_blank"> Fred Long </a>                                                        \uff0c                             <a title="Dhruv Mohindra" href="http://book.jd.com/writer/Dhruv%20Mohindra_1.html" target="_blank"> Dhruv Mohindra </a>                                           \u7b49            \u8457          </span>\n                            <span class="author_type_2" style="display: none;">\n                                                                     <a title="\u8ba1\u6587\u67ef" href="http://book.jd.com/writer/%E8%AE%A1%E6%96%87%E6%9F%AF_1.html" target="_blank"> \u8ba1\u6587\u67ef </a>                                                        \uff0c                             <a title="\u6768\u6653\u6625" href="http://book.jd.com/writer/%E6%9D%A8%E6%99%93%E6%98%A5_1.html" target="_blank"> \u6768\u6653\u6625 </a>                                        \u8bd1          </span>\n                        </span>\n      <em>|</em>      <span class="p-bi-store">\n                  <a title="\u673a\u68b0\u5de5\u4e1a\u51fa\u7248\u793e" href="http://book.jd.com/publish/%E6%9C%BA%E6%A2%B0%E5%B7%A5%E4%B8%9A%E5%87%BA%E7%89%88%E7%A4%BE_1.html" target="_blank">\u673a\u68b0\u5de5\u4e1a\u51fa\u7248\u793e</a>\n              </span>\n      <em>|</em>      <span class="p-bi-date">\n        2013-06      </span>\n    </div>\n        <div class="p-shop hide" data-score="4" data-reputation="0" data-shopid="" data-done="1"></div>\n    <div class="p-commit"><strong>\u5df2\u6709<a target="_blank" href="http://item.jd.com/11312110.html#comments-list">3392</a>\u4eba\u8bc4\u4ef7</strong></div>\n    <div class="p-shopnum">\n      <span class="curr-shop">\u4eac\u4e1c\u81ea\u8425</span>\n    </div>\n    <div class="p-operate">\n      <a class="p-o-btn focus J_focus" data-sku="11312110" href="javascript:;">\n        <i></i>\u5173\u6ce8\n      </a>\n      <a class="p-o-btn addcart" target="_blank" href="http://gate.jd.com/InitCart.aspx?pid=11312110&amp;pcount=1&amp;ptype=1">\n        <i></i>\u52a0\u5165\u8d2d\u7269\u8f66\n      </a>\n    </div>\n    <div class="p-stock" data-isdeliveryable="5" style="display: none;"></div>\n    <div class="p-service">\u7531 \u4eac\u4e1c \u53d1\u8d27</div>\n    <div class="p-summary">\n      <a href="http://item.jd.com/11312110.html#recommend-editor" target="_blank">\u66f4\u591a&gt;</a>\n    </div>\n    <div class="p-addtocart">\n      <a data-sku="11312110" href="http://gate.jd.com/InitCart.aspx?pid=11312110&amp;pcount=1&amp;ptype=1"><i></i>\u52a0\u5165\u8d2d\u7269\u8f66</a>\n    </div>\n  </div>\n                                  </div>\n              </div>\n            </div>']
2016-01-18 16:46:47 [jd] INFO: !!!!!!!!!!!!!!!!!!!!!!!!
2016-01-18 16:46:47 [jd] INFO: !!!!!!!!!!!!!!!!!!!!!!!!
2016-01-18 16:46:47 [jd] INFO: [u'<div class="gl-i-wrap">\n              <div class="gl-i-tab">\n                <div class="gl-i-tab-trigger">\n                  <span title="\u534e\u7ae0\u7a0b\u5e8f\u5458\u4e66\u5e93\uff1aJava\u5b89\u5168\u7f16\u7801\u6807\u51c6" class="item selected">\u5355\u4ef6</span>\n                                      <span title="Java\u9ad8\u7ea7\u4e3b\u9898\uff1aJava\u5b89\u5168\u7f16\u7801\u6807\u51c6+\u6df1\u5165\u7406\u89e3Java\u865a\u62df\u673a\uff08\u7b2c2\u7248\uff09\uff08\u4eac\u4e1c\u5957\u88c5\u51712\u518c\uff09" class="item">\u5957\u88c52\u4ef6</span>\n                                  </div>\n                <div class="gl-i-tab-content">\n                                        <div class="tab-content-item tab-cnt-i-selected j-sku-item" data-sku="11265553" venderid="1000004052" jdzy_shop_id="1000004052" ts_venderid="">\n  <div class="p-img">\n    <a target="_blank" href="http://item.jd.com/11265553.html">\n                    <img width="200" height="200" data-img="1" data-lazy-img="//img13.360buyimg.com/n7/g13/M04/03/04/rBEhU1HNZ0wIAAAAAAGWVCkV0p0AAAnWwLDFMgAAZZs672.jpg">\n          </a>\n      </div>\n  <div class="p-price">\n    <strong class="J_price"><em></em><i></i></strong>\n    <div class="p-icons J-pro-icons">\n          </div>\n  </div>\n  <div class="p-name">\n    <a target="_blank" title="" href="http://item.jd.com/11265553.html">\n      <em>\u534e\u7ae0\u7a0b\u5e8f\u5458\u4e66\u5e93\uff1aJava\u5b89\u5168\u7f16\u7801\u6807\u51c6</em>\n      <i class="promo-words"></i>\n    </a>\n  </div>\n      <div class="p-bookdetails">\n      <span class="p-bi-name">\n                  <span class="author_type_1" style="display: ;">\n                                                                     <a title="Fred Long" href="http://book.jd.com/writer/Fred%20Long_1.html" target="_blank"> Fred Long </a>                                                        \uff0c                             <a title="Dhruv Mohindra" href="http://book.jd.com/writer/Dhruv%20Mohindra_1.html" target="_blank"> Dhruv Mohindra </a>                                           \u7b49            \u8457          </span>\n                            <span class="author_type_2" style="display: none;">\n                                                                     <a title="\u8ba1\u6587\u67ef" href="http://book.jd.com/writer/%E8%AE%A1%E6%96%87%E6%9F%AF_1.html" target="_blank"> \u8ba1\u6587\u67ef </a>                                                        \uff0c                             <a title="\u6768\u6653\u6625" href="http://book.jd.com/writer/%E6%9D%A8%E6%99%93%E6%98%A5_1.html" target="_blank"> \u6768\u6653\u6625 </a>                                        \u8bd1          </span>\n                        </span>\n      <em>|</em>      <span class="p-bi-store">\n                  <a title="\u673a\u68b0\u5de5\u4e1a\u51fa\u7248\u793e" href="http://book.jd.com/publish/%E6%9C%BA%E6%A2%B0%E5%B7%A5%E4%B8%9A%E5%87%BA%E7%89%88%E7%A4%BE_1.html" target="_blank">\u673a\u68b0\u5de5\u4e1a\u51fa\u7248\u793e</a>\n              </span>\n      <em>|</em>      <span class="p-bi-date">\n        2013-06      </span>\n    </div>\n        <div class="p-shop hide" data-score="4" data-reputation="0" data-shopid="" data-done="1"></div>\n    <div class="p-commit"><strong>\u5df2\u6709<a target="_blank" href="http://item.jd.com/11265553.html#comments-list">84</a>\u4eba\u8bc4\u4ef7</strong></div>\n    <div class="p-shopnum">\n      <span class="curr-shop">\u4eac\u4e1c\u81ea\u8425</span>\n    </div>\n    <div class="p-operate">\n      <a class="p-o-btn focus J_focus" data-sku="11265553" href="javascript:;">\n        <i></i>\u5173\u6ce8\n      </a>\n      <a class="p-o-btn addcart" target="_blank" href="http://gate.jd.com/InitCart.aspx?pid=11265553&amp;pcount=1&amp;ptype=1">\n        <i></i>\u52a0\u5165\u8d2d\u7269\u8f66\n      </a>\n    </div>\n    <div class="p-stock" data-isdeliveryable="5" style="display: none;"></div>\n    <div class="p-service">\u7531 \u4eac\u4e1c \u53d1\u8d27</div>\n    <div class="p-summary">\n      <a href="http://item.jd.com/11265553.html#recommend-editor" target="_blank">\u66f4\u591a&gt;</a>\n    </div>\n    <div class="p-addtocart">\n      <a data-sku="11265553" href="http://gate.jd.com/InitCart.aspx?pid=11265553&amp;pcount=1&amp;ptype=1"><i></i>\u52a0\u5165\u8d2d\u7269\u8f66</a>\n    </div>\n  </div>\n                                        <div class="tab-content-item j-sku-item" data-sku="11312110" venderid="1000004052" jdzy_shop_id="1000004052" ts_venderid="">\n  <div class="p-img">\n    <a target="_blank" href="http://item.jd.com/11312110.html">\n                    <img width="200" height="200" data-img="1" data-lazy-img="//img10.360buyimg.com/n7/g14/M03/0E/0D/rBEhV1Im1n8IAAAAAAcHltD_3_8AAC0FgC-1WoABweu831.jpg">\n          </a>\n      </div>\n  <div class="p-price">\n    <strong class="J_price"><em></em><i></i></strong>\n    <div class="p-icons J-pro-icons">\n          </div>\n  </div>\n  <div class="p-name">\n    <a target="_blank" title="" href="http://item.jd.com/11312110.html">\n      <em>Java\u9ad8\u7ea7\u4e3b\u9898\uff1aJava\u5b89\u5168\u7f16\u7801\u6807\u51c6+\u6df1\u5165\u7406\u89e3Java\u865a\u62df\u673a\uff08\u7b2c2\u7248\uff09\uff08\u4eac\u4e1c\u5957\u88c5\u51712\u518c\uff09</em>\n      <i class="promo-words"></i>\n    </a>\n  </div>\n      <div class="p-bookdetails">\n      <span class="p-bi-name">\n                  <span class="author_type_1" style="display: ;">\n                                                                     <a title="Fred Long" href="http://book.jd.com/writer/Fred%20Long_1.html" target="_blank"> Fred Long </a>                                                        \uff0c                             <a title="Dhruv Mohindra" href="http://book.jd.com/writer/Dhruv%20Mohindra_1.html" target="_blank"> Dhruv Mohindra </a>                                           \u7b49            \u8457          </span>\n                            <span class="author_type_2" style="display: none;">\n                                                                     <a title="\u8ba1\u6587\u67ef" href="http://book.jd.com/writer/%E8%AE%A1%E6%96%87%E6%9F%AF_1.html" target="_blank"> \u8ba1\u6587\u67ef </a>                                                        \uff0c                             <a title="\u6768\u6653\u6625" href="http://book.jd.com/writer/%E6%9D%A8%E6%99%93%E6%98%A5_1.html" target="_blank"> \u6768\u6653\u6625 </a>                                        \u8bd1          </span>\n                        </span>\n      <em>|</em>      <span class="p-bi-store">\n                  <a title="\u673a\u68b0\u5de5\u4e1a\u51fa\u7248\u793e" href="http://book.jd.com/publish/%E6%9C%BA%E6%A2%B0%E5%B7%A5%E4%B8%9A%E5%87%BA%E7%89%88%E7%A4%BE_1.html" target="_blank">\u673a\u68b0\u5de5\u4e1a\u51fa\u7248\u793e</a>\n              </span>\n      <em>|</em>      <span class="p-bi-date">\n        2013-06      </span>\n    </div>\n        <div class="p-shop hide" data-score="4" data-reputation="0" data-shopid="" data-done="1"></div>\n    <div class="p-commit"><strong>\u5df2\u6709<a target="_blank" href="http://item.jd.com/11312110.html#comments-list">3392</a>\u4eba\u8bc4\u4ef7</strong></div>\n    <div class="p-shopnum">\n      <span class="curr-shop">\u4eac\u4e1c\u81ea\u8425</span>\n    </div>\n    <div class="p-operate">\n      <a class="p-o-btn focus J_focus" data-sku="11312110" href="javascript:;">\n        <i></i>\u5173\u6ce8\n      </a>\n      <a class="p-o-btn addcart" target="_blank" href="http://gate.jd.com/InitCart.aspx?pid=11312110&amp;pcount=1&amp;ptype=1">\n        <i></i>\u52a0\u5165\u8d2d\u7269\u8f66\n      </a>\n    </div>\n    <div class="p-stock" data-isdeliveryable="5" style="display: none;"></div>\n    <div class="p-service">\u7531 \u4eac\u4e1c \u53d1\u8d27</div>\n    <div class="p-summary">\n      <a href="http://item.jd.com/11312110.html#recommend-editor" target="_blank">\u66f4\u591a&gt;</a>\n    </div>\n    <div class="p-addtocart">\n      <a data-sku="11312110" href="http://gate.jd.com/InitCart.aspx?pid=11312110&amp;pcount=1&amp;ptype=1"><i></i>\u52a0\u5165\u8d2d\u7269\u8f66</a>\n    </div>\n  </div>\n                                  </div>\n              </div>\n            </div>']
2016-01-18 16:46:47 [jd] INFO: !!!!!!!!!!!!!!!!!!!!!!!!
2016-01-18 16:46:47 [jd] INFO: !!!!!!!!!!!!!!!!!!!!!!!!
2016-01-18 16:46:47 [jd] INFO: [u'<div class="gl-i-wrap">\n              <div class="gl-i-tab">\n                <div class="gl-i-tab-trigger">\n                  <span title="\u534e\u7ae0\u7a0b\u5e8f\u5458\u4e66\u5e93\uff1aJava\u5b89\u5168\u7f16\u7801\u6807\u51c6" class="item selected">\u5355\u4ef6</span>\n                                      <span title="Java\u9ad8\u7ea7\u4e3b\u9898\uff1aJava\u5b89\u5168\u7f16\u7801\u6807\u51c6+\u6df1\u5165\u7406\u89e3Java\u865a\u62df\u673a\uff08\u7b2c2\u7248\uff09\uff08\u4eac\u4e1c\u5957\u88c5\u51712\u518c\uff09" class="item">\u5957\u88c52\u4ef6</span>\n                                  </div>\n                <div class="gl-i-tab-content">\n                                        <div class="tab-content-item tab-cnt-i-selected j-sku-item" data-sku="11265553" venderid="1000004052" jdzy_shop_id="1000004052" ts_venderid="">\n  <div class="p-img">\n    <a target="_blank" href="http://item.jd.com/11265553.html">\n                    <img width="200" height="200" data-img="1" data-lazy-img="//img13.360buyimg.com/n7/g13/M04/03/04/rBEhU1HNZ0wIAAAAAAGWVCkV0p0AAAnWwLDFMgAAZZs672.jpg">\n          </a>\n      </div>\n  <div class="p-price">\n    <strong class="J_price"><em></em><i></i></strong>\n    <div class="p-icons J-pro-icons">\n          </div>\n  </div>\n  <div class="p-name">\n    <a target="_blank" title="" href="http://item.jd.com/11265553.html">\n      <em>\u534e\u7ae0\u7a0b\u5e8f\u5458\u4e66\u5e93\uff1aJava\u5b89\u5168\u7f16\u7801\u6807\u51c6</em>\n      <i class="promo-words"></i>\n    </a>\n  </div>\n      <div class="p-bookdetails">\n      <span class="p-bi-name">\n                  <span class="author_type_1" style="display: ;">\n                                                                     <a title="Fred Long" href="http://book.jd.com/writer/Fred%20Long_1.html" target="_blank"> Fred Long </a>                                                        \uff0c                             <a title="Dhruv Mohindra" href="http://book.jd.com/writer/Dhruv%20Mohindra_1.html" target="_blank"> Dhruv Mohindra </a>                                           \u7b49            \u8457          </span>\n                            <span class="author_type_2" style="display: none;">\n                                                                     <a title="\u8ba1\u6587\u67ef" href="http://book.jd.com/writer/%E8%AE%A1%E6%96%87%E6%9F%AF_1.html" target="_blank"> \u8ba1\u6587\u67ef </a>                                                        \uff0c                             <a title="\u6768\u6653\u6625" href="http://book.jd.com/writer/%E6%9D%A8%E6%99%93%E6%98%A5_1.html" target="_blank"> \u6768\u6653\u6625 </a>                                        \u8bd1          </span>\n                        </span>\n      <em>|</em>      <span class="p-bi-store">\n                  <a title="\u673a\u68b0\u5de5\u4e1a\u51fa\u7248\u793e" href="http://book.jd.com/publish/%E6%9C%BA%E6%A2%B0%E5%B7%A5%E4%B8%9A%E5%87%BA%E7%89%88%E7%A4%BE_1.html" target="_blank">\u673a\u68b0\u5de5\u4e1a\u51fa\u7248\u793e</a>\n              </span>\n      <em>|</em>      <span class="p-bi-date">\n        2013-06      </span>\n    </div>\n        <div class="p-shop hide" data-score="4" data-reputation="0" data-shopid="" data-done="1"></div>\n    <div class="p-commit"><strong>\u5df2\u6709<a target="_blank" href="http://item.jd.com/11265553.html#comments-list">84</a>\u4eba\u8bc4\u4ef7</strong></div>\n    <div class="p-shopnum">\n      <span class="curr-shop">\u4eac\u4e1c\u81ea\u8425</span>\n    </div>\n    <div class="p-operate">\n      <a class="p-o-btn focus J_focus" data-sku="11265553" href="javascript:;">\n        <i></i>\u5173\u6ce8\n      </a>\n      <a class="p-o-btn addcart" target="_blank" href="http://gate.jd.com/InitCart.aspx?pid=11265553&amp;pcount=1&amp;ptype=1">\n        <i></i>\u52a0\u5165\u8d2d\u7269\u8f66\n      </a>\n    </div>\n    <div class="p-stock" data-isdeliveryable="5" style="display: none;"></div>\n    <div class="p-service">\u7531 \u4eac\u4e1c \u53d1\u8d27</div>\n    <div class="p-summary">\n      <a href="http://item.jd.com/11265553.html#recommend-editor" target="_blank">\u66f4\u591a&gt;</a>\n    </div>\n    <div class="p-addtocart">\n      <a data-sku="11265553" href="http://gate.jd.com/InitCart.aspx?pid=11265553&amp;pcount=1&amp;ptype=1"><i></i>\u52a0\u5165\u8d2d\u7269\u8f66</a>\n    </div>\n  </div>\n                                        <div class="tab-content-item j-sku-item" data-sku="11312110" venderid="1000004052" jdzy_shop_id="1000004052" ts_venderid="">\n  <div class="p-img">\n    <a target="_blank" href="http://item.jd.com/11312110.html">\n                    <img width="200" height="200" data-img="1" data-lazy-img="//img10.360buyimg.com/n7/g14/M03/0E/0D/rBEhV1Im1n8IAAAAAAcHltD_3_8AAC0FgC-1WoABweu831.jpg">\n          </a>\n      </div>\n  <div class="p-price">\n    <strong class="J_price"><em></em><i></i></strong>\n    <div class="p-icons J-pro-icons">\n          </div>\n  </div>\n  <div class="p-name">\n    <a target="_blank" title="" href="http://item.jd.com/11312110.html">\n      <em>Java\u9ad8\u7ea7\u4e3b\u9898\uff1aJava\u5b89\u5168\u7f16\u7801\u6807\u51c6+\u6df1\u5165\u7406\u89e3Java\u865a\u62df\u673a\uff08\u7b2c2\u7248\uff09\uff08\u4eac\u4e1c\u5957\u88c5\u51712\u518c\uff09</em>\n      <i class="promo-words"></i>\n    </a>\n  </div>\n      <div class="p-bookdetails">\n      <span class="p-bi-name">\n                  <span class="author_type_1" style="display: ;">\n                                                                     <a title="Fred Long" href="http://book.jd.com/writer/Fred%20Long_1.html" target="_blank"> Fred Long </a>                                                        \uff0c                             <a title="Dhruv Mohindra" href="http://book.jd.com/writer/Dhruv%20Mohindra_1.html" target="_blank"> Dhruv Mohindra </a>                                           \u7b49            \u8457          </span>\n                            <span class="author_type_2" style="display: none;">\n                                                                     <a title="\u8ba1\u6587\u67ef" href="http://book.jd.com/writer/%E8%AE%A1%E6%96%87%E6%9F%AF_1.html" target="_blank"> \u8ba1\u6587\u67ef </a>                                                        \uff0c                             <a title="\u6768\u6653\u6625" href="http://book.jd.com/writer/%E6%9D%A8%E6%99%93%E6%98%A5_1.html" target="_blank"> \u6768\u6653\u6625 </a>                                        \u8bd1          </span>\n                        </span>\n      <em>|</em>      <span class="p-bi-store">\n                  <a title="\u673a\u68b0\u5de5\u4e1a\u51fa\u7248\u793e" href="http://book.jd.com/publish/%E6%9C%BA%E6%A2%B0%E5%B7%A5%E4%B8%9A%E5%87%BA%E7%89%88%E7%A4%BE_1.html" target="_blank">\u673a\u68b0\u5de5\u4e1a\u51fa\u7248\u793e</a>\n              </span>\n      <em>|</em>      <span class="p-bi-date">\n        2013-06      </span>\n    </div>\n        <div class="p-shop hide" data-score="4" data-reputation="0" data-shopid="" data-done="1"></div>\n    <div class="p-commit"><strong>\u5df2\u6709<a target="_blank" href="http://item.jd.com/11312110.html#comments-list">3392</a>\u4eba\u8bc4\u4ef7</strong></div>\n    <div class="p-shopnum">\n      <span class="curr-shop">\u4eac\u4e1c\u81ea\u8425</span>\n    </div>\n    <div class="p-operate">\n      <a class="p-o-btn focus J_focus" data-sku="11312110" href="javascript:;">\n        <i></i>\u5173\u6ce8\n      </a>\n      <a class="p-o-btn addcart" target="_blank" href="http://gate.jd.com/InitCart.aspx?pid=11312110&amp;pcount=1&amp;ptype=1">\n        <i></i>\u52a0\u5165\u8d2d\u7269\u8f66\n      </a>\n    </div>\n    <div class="p-stock" data-isdeliveryable="5" style="display: none;"></div>\n    <div class="p-service">\u7531 \u4eac\u4e1c \u53d1\u8d27</div>\n    <div class="p-summary">\n      <a href="http://item.jd.com/11312110.html#recommend-editor" target="_blank">\u66f4\u591a&gt;</a>\n    </div>\n    <div class="p-addtocart">\n      <a data-sku="11312110" href="http://gate.jd.com/InitCart.aspx?pid=11312110&amp;pcount=1&amp;ptype=1"><i></i>\u52a0\u5165\u8d2d\u7269\u8f66</a>\n    </div>\n  </div>\n                                  </div>\n              </div>\n            </div>']
2016-01-18 16:46:47 [jd] INFO: !!!!!!!!!!!!!!!!!!!!!!!!
2016-01-18 16:46:47 [jd] INFO: !!!!!!!!!!!!!!!!!!!!!!!!
2016-01-18 16:46:47 [jd] INFO: [u'<div class="gl-i-wrap">\n              <div class="gl-i-tab">\n                <div class="gl-i-tab-trigger">\n                  <span title="\u534e\u7ae0\u7a0b\u5e8f\u5458\u4e66\u5e93\uff1aJava\u5b89\u5168\u7f16\u7801\u6807\u51c6" class="item selected">\u5355\u4ef6</span>\n                                      <span title="Java\u9ad8\u7ea7\u4e3b\u9898\uff1aJava\u5b89\u5168\u7f16\u7801\u6807\u51c6+\u6df1\u5165\u7406\u89e3Java\u865a\u62df\u673a\uff08\u7b2c2\u7248\uff09\uff08\u4eac\u4e1c\u5957\u88c5\u51712\u518c\uff09" class="item">\u5957\u88c52\u4ef6</span>\n                                  </div>\n                <div class="gl-i-tab-content">\n                                        <div class="tab-content-item tab-cnt-i-selected j-sku-item" data-sku="11265553" venderid="1000004052" jdzy_shop_id="1000004052" ts_venderid="">\n  <div class="p-img">\n    <a target="_blank" href="http://item.jd.com/11265553.html">\n                    <img width="200" height="200" data-img="1" data-lazy-img="//img13.360buyimg.com/n7/g13/M04/03/04/rBEhU1HNZ0wIAAAAAAGWVCkV0p0AAAnWwLDFMgAAZZs672.jpg">\n          </a>\n      </div>\n  <div class="p-price">\n    <strong class="J_price"><em></em><i></i></strong>\n    <div class="p-icons J-pro-icons">\n          </div>\n  </div>\n  <div class="p-name">\n    <a target="_blank" title="" href="http://item.jd.com/11265553.html">\n      <em>\u534e\u7ae0\u7a0b\u5e8f\u5458\u4e66\u5e93\uff1aJava\u5b89\u5168\u7f16\u7801\u6807\u51c6</em>\n      <i class="promo-words"></i>\n    </a>\n  </div>\n      <div class="p-bookdetails">\n      <span class="p-bi-name">\n                  <span class="author_type_1" style="display: ;">\n                                                                     <a title="Fred Long" href="http://book.jd.com/writer/Fred%20Long_1.html" target="_blank"> Fred Long </a>                                                        \uff0c                             <a title="Dhruv Mohindra" href="http://book.jd.com/writer/Dhruv%20Mohindra_1.html" target="_blank"> Dhruv Mohindra </a>                                           \u7b49            \u8457          </span>\n                            <span class="author_type_2" style="display: none;">\n                                                                     <a title="\u8ba1\u6587\u67ef" href="http://book.jd.com/writer/%E8%AE%A1%E6%96%87%E6%9F%AF_1.html" target="_blank"> \u8ba1\u6587\u67ef </a>                                                        \uff0c                             <a title="\u6768\u6653\u6625" href="http://book.jd.com/writer/%E6%9D%A8%E6%99%93%E6%98%A5_1.html" target="_blank"> \u6768\u6653\u6625 </a>                                        \u8bd1          </span>\n                        </span>\n      <em>|</em>      <span class="p-bi-store">\n                  <a title="\u673a\u68b0\u5de5\u4e1a\u51fa\u7248\u793e" href="http://book.jd.com/publish/%E6%9C%BA%E6%A2%B0%E5%B7%A5%E4%B8%9A%E5%87%BA%E7%89%88%E7%A4%BE_1.html" target="_blank">\u673a\u68b0\u5de5\u4e1a\u51fa\u7248\u793e</a>\n              </span>\n      <em>|</em>      <span class="p-bi-date">\n        2013-06      </span>\n    </div>\n        <div class="p-shop hide" data-score="4" data-reputation="0" data-shopid="" data-done="1"></div>\n    <div class="p-commit"><strong>\u5df2\u6709<a target="_blank" href="http://item.jd.com/11265553.html#comments-list">84</a>\u4eba\u8bc4\u4ef7</strong></div>\n    <div class="p-shopnum">\n      <span class="curr-shop">\u4eac\u4e1c\u81ea\u8425</span>\n    </div>\n    <div class="p-operate">\n      <a class="p-o-btn focus J_focus" data-sku="11265553" href="javascript:;">\n        <i></i>\u5173\u6ce8\n      </a>\n      <a class="p-o-btn addcart" target="_blank" href="http://gate.jd.com/InitCart.aspx?pid=11265553&amp;pcount=1&amp;ptype=1">\n        <i></i>\u52a0\u5165\u8d2d\u7269\u8f66\n      </a>\n    </div>\n    <div class="p-stock" data-isdeliveryable="5" style="display: none;"></div>\n    <div class="p-service">\u7531 \u4eac\u4e1c \u53d1\u8d27</div>\n    <div class="p-summary">\n      <a href="http://item.jd.com/11265553.html#recommend-editor" target="_blank">\u66f4\u591a&gt;</a>\n    </div>\n    <div class="p-addtocart">\n      <a data-sku="11265553" href="http://gate.jd.com/InitCart.aspx?pid=11265553&amp;pcount=1&amp;ptype=1"><i></i>\u52a0\u5165\u8d2d\u7269\u8f66</a>\n    </div>\n  </div>\n                                        <div class="tab-content-item j-sku-item" data-sku="11312110" venderid="1000004052" jdzy_shop_id="1000004052" ts_venderid="">\n  <div class="p-img">\n    <a target="_blank" href="http://item.jd.com/11312110.html">\n                    <img width="200" height="200" data-img="1" data-lazy-img="//img10.360buyimg.com/n7/g14/M03/0E/0D/rBEhV1Im1n8IAAAAAAcHltD_3_8AAC0FgC-1WoABweu831.jpg">\n          </a>\n      </div>\n  <div class="p-price">\n    <strong class="J_price"><em></em><i></i></strong>\n    <div class="p-icons J-pro-icons">\n          </div>\n  </div>\n  <div class="p-name">\n    <a target="_blank" title="" href="http://item.jd.com/11312110.html">\n      <em>Java\u9ad8\u7ea7\u4e3b\u9898\uff1aJava\u5b89\u5168\u7f16\u7801\u6807\u51c6+\u6df1\u5165\u7406\u89e3Java\u865a\u62df\u673a\uff08\u7b2c2\u7248\uff09\uff08\u4eac\u4e1c\u5957\u88c5\u51712\u518c\uff09</em>\n      <i class="promo-words"></i>\n    </a>\n  </div>\n      <div class="p-bookdetails">\n      <span class="p-bi-name">\n                  <span class="author_type_1" style="display: ;">\n                                                                     <a title="Fred Long" href="http://book.jd.com/writer/Fred%20Long_1.html" target="_blank"> Fred Long </a>                                                        \uff0c                             <a title="Dhruv Mohindra" href="http://book.jd.com/writer/Dhruv%20Mohindra_1.html" target="_blank"> Dhruv Mohindra </a>                                           \u7b49            \u8457          </span>\n                            <span class="author_type_2" style="display: none;">\n                                                                     <a title="\u8ba1\u6587\u67ef" href="http://book.jd.com/writer/%E8%AE%A1%E6%96%87%E6%9F%AF_1.html" target="_blank"> \u8ba1\u6587\u67ef </a>                                                        \uff0c                             <a title="\u6768\u6653\u6625" href="http://book.jd.com/writer/%E6%9D%A8%E6%99%93%E6%98%A5_1.html" target="_blank"> \u6768\u6653\u6625 </a>                                        \u8bd1          </span>\n                        </span>\n      <em>|</em>      <span class="p-bi-store">\n                  <a title="\u673a\u68b0\u5de5\u4e1a\u51fa\u7248\u793e" href="http://book.jd.com/publish/%E6%9C%BA%E6%A2%B0%E5%B7%A5%E4%B8%9A%E5%87%BA%E7%89%88%E7%A4%BE_1.html" target="_blank">\u673a\u68b0\u5de5\u4e1a\u51fa\u7248\u793e</a>\n              </span>\n      <em>|</em>      <span class="p-bi-date">\n        2013-06      </span>\n    </div>\n        <div class="p-shop hide" data-score="4" data-reputation="0" data-shopid="" data-done="1"></div>\n    <div class="p-commit"><strong>\u5df2\u6709<a target="_blank" href="http://item.jd.com/11312110.html#comments-list">3392</a>\u4eba\u8bc4\u4ef7</strong></div>\n    <div class="p-shopnum">\n      <span class="curr-shop">\u4eac\u4e1c\u81ea\u8425</span>\n    </div>\n    <div class="p-operate">\n      <a class="p-o-btn focus J_focus" data-sku="11312110" href="javascript:;">\n        <i></i>\u5173\u6ce8\n      </a>\n      <a class="p-o-btn addcart" target="_blank" href="http://gate.jd.com/InitCart.aspx?pid=11312110&amp;pcount=1&amp;ptype=1">\n        <i></i>\u52a0\u5165\u8d2d\u7269\u8f66\n      </a>\n    </div>\n    <div class="p-stock" data-isdeliveryable="5" style="display: none;"></div>\n    <div class="p-service">\u7531 \u4eac\u4e1c \u53d1\u8d27</div>\n    <div class="p-summary">\n      <a href="http://item.jd.com/11312110.html#recommend-editor" target="_blank">\u66f4\u591a&gt;</a>\n    </div>\n    <div class="p-addtocart">\n      <a data-sku="11312110" href="http://gate.jd.com/InitCart.aspx?pid=11312110&amp;pcount=1&amp;ptype=1"><i></i>\u52a0\u5165\u8d2d\u7269\u8f66</a>\n    </div>\n  </div>\n                                  </div>\n              </div>\n            </div>']
2016-01-18 16:46:47 [jd] INFO: !!!!!!!!!!!!!!!!!!!!!!!!
2016-01-18 16:46:47 [jd] INFO: !!!!!!!!!!!!!!!!!!!!!!!!
2016-01-18 16:46:47 [jd] INFO: [u'<div class="gl-i-wrap j-sku-item" data-sku="1394398542" venderid="51031" jdzy_shop_id="47718" ts_venderid="1394398542">\n  <div class="p-img">\n    <a target="_blank" href="http://item.jd.com/1394398542.html">\n                    <img width="200" height="200" data-img="1" data-lazy-img="//img12.360buyimg.com/n7/jfs/t2344/125/942296026/296629/e6e96f7f/56396db7N12d8bd0d.jpg">\n          </a>\n      </div>\n  <div class="p-price">\n    <strong class="J_price"><em></em><i></i></strong>\n    <div class="p-icons J-pro-icons">\n          </div>\n  </div>\n  <div class="p-name">\n    <a target="_blank" title="" href="http://item.jd.com/1394398542.html">\n      <em>java\u7f16\u7a0b\u601d\u60f3(\u7b2c4\u7248) \u57c3\u514b\u5c14\u8457 java\u7a0b\u5e8f\u8bbe\u8ba1\u6559\u7a0b \u673a\u68b0\u5de5\u4e1a\u51fa\u7248\u793e</em>\n      <i class="promo-words"></i>\n    </a>\n  </div>\n      <div class="p-bookdetails">\n      <span class="p-bi-name">\n              </span>\n            <span class="p-bi-store">\n                  <a title="\u673a\u68b0\u5de5\u4e1a\u51fa\u7248\u793e" href="http://book.jd.com/publish/%E6%9C%BA%E6%A2%B0%E5%B7%A5%E4%B8%9A%E5%87%BA%E7%89%88%E7%A4%BE_1.html" target="_blank">\u673a\u68b0\u5de5\u4e1a\u51fa\u7248\u793e</a>\n              </span>\n      <em>|</em>      <span class="p-bi-date">\n        2014-12      </span>\n    </div>\n        <div class="p-shop hide" data-score="4" data-reputation="0" data-shopid="" data-done="1"></div>\n    <div class="p-commit"><strong>\u5df2\u6709<a target="_blank" href="http://item.jd.com/1394398542.html#comments-list">0</a>\u4eba\u8bc4\u4ef7</strong></div>\n    <div class="p-shopnum">\n      <span class="curr-shop">\u4eac\u4e1c\u81ea\u8425</span>\n    </div>\n    <div class="p-operate">\n      <a class="p-o-btn focus J_focus" data-sku="1394398542" href="javascript:;">\n        <i></i>\u5173\u6ce8\n      </a>\n      <a class="p-o-btn addcart" target="_blank" href="http://gate.jd.com/InitCart.aspx?pid=1394398542&amp;pcount=1&amp;ptype=1">\n        <i></i>\u52a0\u5165\u8d2d\u7269\u8f66\n      </a>\n    </div>\n    <div class="p-stock" data-isdeliveryable="5" style="display: none;"></div>\n    <div class="p-service">\u7531 \u4eac\u4e1c \u53d1\u8d27</div>\n    <div class="p-summary">\n      <a href="http://item.jd.com/1394398542.html#recommend-editor" target="_blank">\u66f4\u591a&gt;</a>\n    </div>\n    <div class="p-addtocart">\n      <a data-sku="1394398542" href="http://gate.jd.com/InitCart.aspx?pid=1394398542&amp;pcount=1&amp;ptype=1"><i></i>\u52a0\u5165\u8d2d\u7269\u8f66</a>\n    </div>\n  </div>']
2016-01-18 16:46:47 [jd] INFO: !!!!!!!!!!!!!!!!!!!!!!!!
2016-01-18 16:46:47 [jd] INFO: !!!!!!!!!!!!!!!!!!!!!!!!
2016-01-18 16:46:47 [jd] INFO: [u'<div class="gl-i-wrap j-sku-item" data-sku="1492308970" venderid="80727" jdzy_shop_id="77538" ts_venderid="1492308970">\n  <div class="p-img">\n    <a target="_blank" href="http://item.jd.com/1492308970.html">\n                    <img width="200" height="200" data-img="1" data-lazy-img="//img10.360buyimg.com/n7/jfs/t910/178/239257781/164794/5217d953/550f656eNfa51dcb9.jpg">\n          </a>\n      </div>\n  <div class="p-price">\n    <strong class="J_price"><em></em><i></i></strong>\n    <div class="p-icons J-pro-icons">\n          </div>\n  </div>\n  <div class="p-name">\n    <a target="_blank" title="" href="http://item.jd.com/1492308970.html">\n      <em>\u5b9e\u6218Java\u865a\u62df\u673a\u2014\u2014JVM\u6545\u969c\u8bca\u65ad\u4e0e\u6027\u80fd\u4f18\u5316 9787121256127</em>\n      <i class="promo-words"></i>\n    </a>\n  </div>\n      <div class="p-bookdetails">\n      <span class="p-bi-name">\n              </span>\n            <span class="p-bi-store">\n                  <a title="\u7535\u5b50\u5de5\u4e1a\u51fa\u7248\u793e" href="http://book.jd.com/publish/%E7%94%B5%E5%AD%90%E5%B7%A5%E4%B8%9A%E5%87%BA%E7%89%88%E7%A4%BE_1.html" target="_blank">\u7535\u5b50\u5de5\u4e1a\u51fa\u7248\u793e</a>\n              </span>\n      <em>|</em>      <span class="p-bi-date">\n        2014-12      </span>\n    </div>\n        <div class="p-shop hide" data-score="4" data-reputation="0" data-shopid="" data-done="1"></div>\n    <div class="p-commit"><strong>\u5df2\u6709<a target="_blank" href="http://item.jd.com/1492308970.html#comments-list">1</a>\u4eba\u8bc4\u4ef7</strong></div>\n    <div class="p-shopnum">\n      <span class="curr-shop">\u4eac\u4e1c\u81ea\u8425</span>\n    </div>\n    <div class="p-operate">\n      <a class="p-o-btn focus J_focus" data-sku="1492308970" href="javascript:;">\n        <i></i>\u5173\u6ce8\n      </a>\n      <a class="p-o-btn addcart" target="_blank" href="http://gate.jd.com/InitCart.aspx?pid=1492308970&amp;pcount=1&amp;ptype=1">\n        <i></i>\u52a0\u5165\u8d2d\u7269\u8f66\n      </a>\n    </div>\n    <div class="p-stock" data-isdeliveryable="5" style="display: none;"></div>\n    <div class="p-service">\u7531 \u4eac\u4e1c \u53d1\u8d27</div>\n    <div class="p-summary">\n      <a href="http://item.jd.com/1492308970.html#recommend-editor" target="_blank">\u66f4\u591a&gt;</a>\n    </div>\n    <div class="p-addtocart">\n      <a data-sku="1492308970" href="http://gate.jd.com/InitCart.aspx?pid=1492308970&amp;pcount=1&amp;ptype=1"><i></i>\u52a0\u5165\u8d2d\u7269\u8f66</a>\n    </div>\n  </div>']
2016-01-18 16:46:47 [jd] INFO: !!!!!!!!!!!!!!!!!!!!!!!!
2016-01-18 16:46:47 [jd] INFO: !!!!!!!!!!!!!!!!!!!!!!!!
2016-01-18 16:46:47 [jd] INFO: [u'<div class="gl-i-wrap j-sku-item" data-sku="1257259160" venderid="80721" jdzy_shop_id="77541" ts_venderid="1257259160">\n  <div class="p-img">\n    <a target="_blank" href="http://item.jd.com/1257259160.html">\n                    <img width="200" height="200" data-img="1" data-lazy-img="//img10.360buyimg.com/n7/jfs/t229/332/564447144/123557/33ce7436/53ed951aNcb6e9970.jpg">\n          </a>\n      </div>\n  <div class="p-price">\n    <strong class="J_price"><em></em><i></i></strong>\n    <div class="p-icons J-pro-icons">\n          </div>\n  </div>\n  <div class="p-name">\n    <a target="_blank" title="" href="http://item.jd.com/1257259160.html">\n      <em>\u96f6\u57fa\u7840\u5b66Java \u7b2c4\u7248  java\u8bed\u8a00\u7a0b\u5e8f\u8bbe\u8ba1  \u9644\u8d60DVD</em>\n      <i class="promo-words"></i>\n    </a>\n  </div>\n      <div class="p-bookdetails">\n      <span class="p-bi-name">\n              </span>\n            <span class="p-bi-store">\n                  <a title="\u673a\u68b0\u5de5\u4e1a" href="http://book.jd.com/publish/%E6%9C%BA%E6%A2%B0%E5%B7%A5%E4%B8%9A_1.html" target="_blank">\u673a\u68b0\u5de5\u4e1a</a>\n              </span>\n      <em>|</em>      <span class="p-bi-date">\n        2014-12      </span>\n    </div>\n        <div class="p-shop hide" data-score="4" data-reputation="0" data-shopid="" data-done="1"></div>\n    <div class="p-commit"><strong>\u5df2\u6709<a target="_blank" href="http://item.jd.com/1257259160.html#comments-list">0</a>\u4eba\u8bc4\u4ef7</strong></div>\n    <div class="p-shopnum">\n      <span class="curr-shop">\u4eac\u4e1c\u81ea\u8425</span>\n    </div>\n    <div class="p-operate">\n      <a class="p-o-btn focus J_focus" data-sku="1257259160" href="javascript:;">\n        <i></i>\u5173\u6ce8\n      </a>\n      <a class="p-o-btn addcart" target="_blank" href="http://gate.jd.com/InitCart.aspx?pid=1257259160&amp;pcount=1&amp;ptype=1">\n        <i></i>\u52a0\u5165\u8d2d\u7269\u8f66\n      </a>\n    </div>\n    <div class="p-stock" data-isdeliveryable="5" style="display: none;"></div>\n    <div class="p-service">\u7531 \u4eac\u4e1c \u53d1\u8d27</div>\n    <div class="p-summary">\n      <a href="http://item.jd.com/1257259160.html#recommend-editor" target="_blank">\u66f4\u591a&gt;</a>\n    </div>\n    <div class="p-addtocart">\n      <a data-sku="1257259160" href="http://gate.jd.com/InitCart.aspx?pid=1257259160&amp;pcount=1&amp;ptype=1"><i></i>\u52a0\u5165\u8d2d\u7269\u8f66</a>\n    </div>\n  </div>']
2016-01-18 16:46:47 [jd] INFO: !!!!!!!!!!!!!!!!!!!!!!!!
2016-01-18 16:46:47 [jd] INFO: !!!!!!!!!!!!!!!!!!!!!!!!
2016-01-18 16:46:47 [jd] INFO: [u'<div class="gl-i-wrap j-sku-item" data-sku="1521523892" venderid="80727" jdzy_shop_id="77538" ts_venderid="1521523892">\n  <div class="p-img">\n    <a target="_blank" href="http://item.jd.com/1521523892.html">\n                    <img width="200" height="200" data-img="1" data-lazy-img="//img12.360buyimg.com/n7/jfs/t709/10/1256429237/255326/77bf5d79/552dd679N1a040c79.jpg">\n          </a>\n      </div>\n  <div class="p-price">\n    <strong class="J_price"><em></em><i></i></strong>\n    <div class="p-icons J-pro-icons">\n          </div>\n  </div>\n  <div class="p-name">\n    <a target="_blank" title="" href="http://item.jd.com/1521523892.html">\n      <em>Java\u5165\u95e8123\u2014\u2014\u4e00\u4e2a\u8001\u9e1f\u7684Java\u5b66\u4e60\u5fc3\u5f97\uff08\u4e8c\u7ef4\u7801\u7248) 9787302394686</em>\n      <i class="promo-words"></i>\n    </a>\n  </div>\n      <div class="p-bookdetails">\n      <span class="p-bi-name">\n              </span>\n            <span class="p-bi-store">\n                  <a title="\u6e05\u534e\u5927\u5b66\u51fa\u7248\u793e" href="http://book.jd.com/publish/%E6%B8%85%E5%8D%8E%E5%A4%A7%E5%AD%A6%E5%87%BA%E7%89%88%E7%A4%BE_1.html" target="_blank">\u6e05\u534e\u5927\u5b66\u51fa\u7248\u793e</a>\n              </span>\n      <em>|</em>      <span class="p-bi-date">\n        2014-12      </span>\n    </div>\n        <div class="p-shop hide" data-score="4" data-reputation="0" data-shopid="" data-done="1"></div>\n    <div class="p-commit"><strong>\u5df2\u6709<a target="_blank" href="http://item.jd.com/1521523892.html#comments-list">0</a>\u4eba\u8bc4\u4ef7</strong></div>\n    <div class="p-shopnum">\n      <span class="curr-shop">\u4eac\u4e1c\u81ea\u8425</span>\n    </div>\n    <div class="p-operate">\n      <a class="p-o-btn focus J_focus" data-sku="1521523892" href="javascript:;">\n        <i></i>\u5173\u6ce8\n      </a>\n      <a class="p-o-btn addcart" target="_blank" href="http://gate.jd.com/InitCart.aspx?pid=1521523892&amp;pcount=1&amp;ptype=1">\n        <i></i>\u52a0\u5165\u8d2d\u7269\u8f66\n      </a>\n    </div>\n    <div class="p-stock" data-isdeliveryable="5" style="display: none;"></div>\n    <div class="p-service">\u7531 \u4eac\u4e1c \u53d1\u8d27</div>\n    <div class="p-summary">\n      <a href="http://item.jd.com/1521523892.html#recommend-editor" target="_blank">\u66f4\u591a&gt;</a>\n    </div>\n    <div class="p-addtocart">\n      <a data-sku="1521523892" href="http://gate.jd.com/InitCart.aspx?pid=1521523892&amp;pcount=1&amp;ptype=1"><i></i>\u52a0\u5165\u8d2d\u7269\u8f66</a>\n    </div>\n  </div>']
2016-01-18 16:46:47 [jd] INFO: !!!!!!!!!!!!!!!!!!!!!!!!
2016-01-18 16:46:47 [jd] INFO: !!!!!!!!!!!!!!!!!!!!!!!!
2016-01-18 16:46:47 [jd] INFO: [u'<div class="gl-i-wrap j-sku-item" data-sku="1226644329" venderid="80727" jdzy_shop_id="77538" ts_venderid="1226644329">\n  <div class="p-img">\n    <a target="_blank" href="http://item.jd.com/1226644329.html">\n                    <img width="200" height="200" data-img="1" data-lazy-img="//img14.360buyimg.com/n7/jfs/t166/281/2391986571/182350/2a5281a9/53ce1444N0576e825.jpg">\n          </a>\n      </div>\n  <div class="p-price">\n    <strong class="J_price"><em></em><i></i></strong>\n    <div class="p-icons J-pro-icons">\n          </div>\n  </div>\n  <div class="p-name">\n    <a target="_blank" title="" href="http://item.jd.com/1226644329.html">\n      <em>\u96f6\u57fa\u7840\u5b66Java \u7b2c4\u7248  java\u8bed\u8a00\u7a0b\u5e8f\u8bbe\u8ba1  \u9644\u8d60DVD</em>\n      <i class="promo-words"></i>\n    </a>\n  </div>\n      <div class="p-bookdetails">\n      <span class="p-bi-name">\n              </span>\n            <span class="p-bi-store">\n                  <a title="\u673a\u68b0\u5de5\u4e1a\u51fa\u7248\u793e" href="http://book.jd.com/publish/%E6%9C%BA%E6%A2%B0%E5%B7%A5%E4%B8%9A%E5%87%BA%E7%89%88%E7%A4%BE_1.html" target="_blank">\u673a\u68b0\u5de5\u4e1a\u51fa\u7248\u793e</a>\n              </span>\n      <em>|</em>      <span class="p-bi-date">\n        2014-12      </span>\n    </div>\n        <div class="p-shop hide" data-score="4" data-reputation="0" data-shopid="" data-done="1"></div>\n    <div class="p-commit"><strong>\u5df2\u6709<a target="_blank" href="http://item.jd.com/1226644329.html#comments-list">0</a>\u4eba\u8bc4\u4ef7</strong></div>\n    <div class="p-shopnum">\n      <span class="curr-shop">\u4eac\u4e1c\u81ea\u8425</span>\n    </div>\n    <div class="p-operate">\n      <a class="p-o-btn focus J_focus" data-sku="1226644329" href="javascript:;">\n        <i></i>\u5173\u6ce8\n      </a>\n      <a class="p-o-btn addcart" target="_blank" href="http://gate.jd.com/InitCart.aspx?pid=1226644329&amp;pcount=1&amp;ptype=1">\n        <i></i>\u52a0\u5165\u8d2d\u7269\u8f66\n      </a>\n    </div>\n    <div class="p-stock" data-isdeliveryable="5" style="display: none;"></div>\n    <div class="p-service">\u7531 \u4eac\u4e1c \u53d1\u8d27</div>\n    <div class="p-summary">\n      <a href="http://item.jd.com/1226644329.html#recommend-editor" target="_blank">\u66f4\u591a&gt;</a>\n    </div>\n    <div class="p-addtocart">\n      <a data-sku="1226644329" href="http://gate.jd.com/InitCart.aspx?pid=1226644329&amp;pcount=1&amp;ptype=1"><i></i>\u52a0\u5165\u8d2d\u7269\u8f66</a>\n    </div>\n  </div>']
2016-01-18 16:46:47 [jd] INFO: !!!!!!!!!!!!!!!!!!!!!!!!
2016-01-18 16:46:47 [jd] INFO: !!!!!!!!!!!!!!!!!!!!!!!!
2016-01-18 16:46:47 [jd] INFO: [u'<div class="gl-i-wrap j-sku-item" data-sku="1481696209" venderid="77597" jdzy_shop_id="74141" ts_venderid="1481696209">\n  <div class="p-img">\n    <a target="_blank" href="http://item.jd.com/1481696209.html">\n                    <img width="200" height="200" data-img="1" data-lazy-img="//img14.360buyimg.com/n7/jfs/t937/200/162361406/324707/fbc7f31d/5502a598Nbd369e14.jpg">\n          </a>\n      </div>\n  <div class="p-price">\n    <strong class="J_price"><em></em><i></i></strong>\n    <div class="p-icons J-pro-icons">\n          </div>\n  </div>\n  <div class="p-name">\n    <a target="_blank" title="" href="http://item.jd.com/1481696209.html">\n      <em>\u6b63\u7248\u73b0\u8d27 Java\u4ece\u5165\u95e8\u5230\u7cbe\u901a\uff08\u7b2c3\u7248\uff09\u7f16\u7a0b\u601d\u60f3\u6838\u5fc3\u6559\u7a0b \u7535\u8111\u7f16\u7a0b\u8ba1\u7b97\u673a\u6559\u7a0b \u4e66\u7c4d</em>\n      <i class="promo-words"></i>\n    </a>\n  </div>\n      <div class="p-bookdetails">\n      <span class="p-bi-name">\n              </span>\n            <span class="p-bi-store">\n                  <a title="\u6e05\u534e\u5927\u5b66\u51fa\u7248\u793e" href="http://book.jd.com/publish/%E6%B8%85%E5%8D%8E%E5%A4%A7%E5%AD%A6%E5%87%BA%E7%89%88%E7%A4%BE_1.html" target="_blank">\u6e05\u534e\u5927\u5b66\u51fa\u7248\u793e</a>\n              </span>\n      <em>|</em>      <span class="p-bi-date">\n        2014-12      </span>\n    </div>\n        <div class="p-shop hide" data-score="4" data-reputation="0" data-shopid="" data-done="1"></div>\n    <div class="p-commit"><strong>\u5df2\u6709<a target="_blank" href="http://item.jd.com/1481696209.html#comments-list">5</a>\u4eba\u8bc4\u4ef7</strong></div>\n    <div class="p-shopnum">\n      <span class="curr-shop">\u4eac\u4e1c\u81ea\u8425</span>\n    </div>\n    <div class="p-operate">\n      <a class="p-o-btn focus J_focus" data-sku="1481696209" href="javascript:;">\n        <i></i>\u5173\u6ce8\n      </a>\n      <a class="p-o-btn addcart" target="_blank" href="http://gate.jd.com/InitCart.aspx?pid=1481696209&amp;pcount=1&amp;ptype=1">\n        <i></i>\u52a0\u5165\u8d2d\u7269\u8f66\n      </a>\n    </div>\n    <div class="p-stock" data-isdeliveryable="5" style="display: none;"></div>\n    <div class="p-service">\u7531 \u4eac\u4e1c \u53d1\u8d27</div>\n    <div class="p-summary">\n      <a href="http://item.jd.com/1481696209.html#recommend-editor" target="_blank">\u66f4\u591a&gt;</a>\n    </div>\n    <div class="p-addtocart">\n      <a data-sku="1481696209" href="http://gate.jd.com/InitCart.aspx?pid=1481696209&amp;pcount=1&amp;ptype=1"><i></i>\u52a0\u5165\u8d2d\u7269\u8f66</a>\n    </div>\n  </div>']
2016-01-18 16:46:47 [jd] INFO: !!!!!!!!!!!!!!!!!!!!!!!!
2016-01-18 16:46:47 [jd] INFO: !!!!!!!!!!!!!!!!!!!!!!!!
2016-01-18 16:46:47 [jd] INFO: [u'<div class="gl-i-wrap j-sku-item" data-sku="1492966862" venderid="51587" jdzy_shop_id="48858" ts_venderid="1492966862">\n  <div class="p-img">\n    <a target="_blank" href="http://item.jd.com/1492966862.html">\n                    <img width="200" height="200" data-img="1" data-lazy-img="//img12.360buyimg.com/n7/jfs/t907/100/253042959/295517/30dfdfbf/550fc2eeN95c620fa.jpg">\n          </a>\n      </div>\n  <div class="p-price">\n    <strong class="J_price"><em></em><i></i></strong>\n    <div class="p-icons J-pro-icons">\n          </div>\n  </div>\n  <div class="p-name">\n    <a target="_blank" title="" href="http://item.jd.com/1492966862.html">\n      <em>\u533a\u57df\u5305\u90ae \u5b9e\u6218Java\u865a\u62df\u673a JVM\u6545\u969c\u8bca\u65ad\u4e0e\u6027\u80fd\u4f18\u5316+\u6df1\u5165\u7406\u89e3Java\u865a\u62df\u673a2\u672c</em>\n      <i class="promo-words"></i>\n    </a>\n  </div>\n      <div class="p-bookdetails">\n      <span class="p-bi-name">\n              </span>\n            <span class="p-bi-store">\n                  <a title="\u7535\u5b50\u5de5\u4e1a\u51fa\u7248\u793e" href="http://book.jd.com/publish/%E7%94%B5%E5%AD%90%E5%B7%A5%E4%B8%9A%E5%87%BA%E7%89%88%E7%A4%BE_1.html" target="_blank">\u7535\u5b50\u5de5\u4e1a\u51fa\u7248\u793e</a>\n              </span>\n      <em>|</em>      <span class="p-bi-date">\n        2014-12      </span>\n    </div>\n        <div class="p-shop hide" data-score="4" data-reputation="0" data-shopid="" data-done="1"></div>\n    <div class="p-commit"><strong>\u5df2\u6709<a target="_blank" href="http://item.jd.com/1492966862.html#comments-list">1</a>\u4eba\u8bc4\u4ef7</strong></div>\n    <div class="p-shopnum">\n      <span class="curr-shop">\u4eac\u4e1c\u81ea\u8425</span>\n    </div>\n    <div class="p-operate">\n      <a class="p-o-btn focus J_focus" data-sku="1492966862" href="javascript:;">\n        <i></i>\u5173\u6ce8\n      </a>\n      <a class="p-o-btn addcart" target="_blank" href="http://gate.jd.com/InitCart.aspx?pid=1492966862&amp;pcount=1&amp;ptype=1">\n        <i></i>\u52a0\u5165\u8d2d\u7269\u8f66\n      </a>\n    </div>\n    <div class="p-stock" data-isdeliveryable="5" style="display: none;"></div>\n    <div class="p-service">\u7531 \u4eac\u4e1c \u53d1\u8d27</div>\n    <div class="p-summary">\n      <a href="http://item.jd.com/1492966862.html#recommend-editor" target="_blank">\u66f4\u591a&gt;</a>\n    </div>\n    <div class="p-addtocart">\n      <a data-sku="1492966862" href="http://gate.jd.com/InitCart.aspx?pid=1492966862&amp;pcount=1&amp;ptype=1"><i></i>\u52a0\u5165\u8d2d\u7269\u8f66</a>\n    </div>\n  </div>']
2016-01-18 16:46:47 [jd] INFO: !!!!!!!!!!!!!!!!!!!!!!!!
2016-01-18 16:46:47 [jd] INFO: !!!!!!!!!!!!!!!!!!!!!!!!
2016-01-18 16:46:47 [jd] INFO: [u'<div class="gl-i-wrap">\n              <div class="gl-i-tab">\n                <div class="gl-i-tab-trigger">\n                  <span title="Java\u865a\u62df\u673a\u5e76\u53d1\u7f16\u7a0b" class="item selected">\u5355\u4ef6</span>\n                                      <span title="Java\u865a\u62df\u673a\u5957\u88c5\uff08\u4eac\u4e1c\u5957\u88c5\u51712\u518c\uff09" class="item">\u5957\u88c52\u4ef6</span>\n                                  </div>\n                <div class="gl-i-tab-content">\n                                        <div class="tab-content-item tab-cnt-i-selected j-sku-item" data-sku="11231128" venderid="1000004052" jdzy_shop_id="1000004052" ts_venderid="">\n  <div class="p-img">\n    <a target="_blank" href="http://item.jd.com/11231128.html">\n                    <img width="200" height="200" data-img="1" data-lazy-img="//img13.360buyimg.com/n7/g12/M00/03/18/rBEQYVGLP8gIAAAAAAMKjEgekzIAAAvEwPPFOUAAwqk209.jpg">\n          </a>\n      </div>\n  <div class="p-price">\n    <strong class="J_price"><em></em><i></i></strong>\n    <div class="p-icons J-pro-icons">\n          </div>\n  </div>\n  <div class="p-name">\n    <a target="_blank" title="" href="http://item.jd.com/11231128.html">\n      <em>Java\u865a\u62df\u673a\u5e76\u53d1\u7f16\u7a0b</em>\n      <i class="promo-words"></i>\n    </a>\n  </div>\n      <div class="p-bookdetails">\n      <span class="p-bi-name">\n                  <span class="author_type_1" style="display: ;">\n                                                                     <a title="Venkat Subramaniam" href="http://book.jd.com/writer/Venkat%20Subramaniam_1.html" target="_blank"> Venkat Subramaniam </a>                                        \u8457          </span>\n                        </span>\n      <em>|</em>      <span class="p-bi-store">\n                  <a title="\u673a\u68b0\u5de5\u4e1a\u51fa\u7248\u793e" href="http://book.jd.com/publish/%E6%9C%BA%E6%A2%B0%E5%B7%A5%E4%B8%9A%E5%87%BA%E7%89%88%E7%A4%BE_1.html" target="_blank">\u673a\u68b0\u5de5\u4e1a\u51fa\u7248\u793e</a>\n              </span>\n      <em>|</em>      <span class="p-bi-date">\n        2013-05      </span>\n    </div>\n        <div class="p-shop hide" data-score="4" data-reputation="0" data-shopid="" data-done="1"></div>\n    <div class="p-commit"><strong>\u5df2\u6709<a target="_blank" href="http://item.jd.com/11231128.html#comments-list">206</a>\u4eba\u8bc4\u4ef7</strong></div>\n    <div class="p-shopnum">\n      <span class="curr-shop">\u4eac\u4e1c\u81ea\u8425</span>\n    </div>\n    <div class="p-operate">\n      <a class="p-o-btn focus J_focus" data-sku="11231128" href="javascript:;">\n        <i></i>\u5173\u6ce8\n      </a>\n      <a class="p-o-btn addcart" target="_blank" href="http://gate.jd.com/InitCart.aspx?pid=11231128&amp;pcount=1&amp;ptype=1">\n        <i></i>\u52a0\u5165\u8d2d\u7269\u8f66\n      </a>\n    </div>\n    <div class="p-stock" data-isdeliveryable="5" style="display: none;"></div>\n    <div class="p-service">\u7531 \u4eac\u4e1c \u53d1\u8d27</div>\n    <div class="p-summary">\n      <a href="http://item.jd.com/11231128.html#recommend-editor" target="_blank">\u66f4\u591a&gt;</a>\n    </div>\n    <div class="p-addtocart">\n      <a data-sku="11231128" href="http://gate.jd.com/InitCart.aspx?pid=11231128&amp;pcount=1&amp;ptype=1"><i></i>\u52a0\u5165\u8d2d\u7269\u8f66</a>\n    </div>\n  </div>\n                                        <div class="tab-content-item j-sku-item" data-sku="11311997" venderid="1000004052" jdzy_shop_id="1000004052" ts_venderid="">\n  <div class="p-img">\n    <a target="_blank" href="http://item.jd.com/11311997.html">\n                    <img width="200" height="200" data-img="1" data-lazy-img="//img12.360buyimg.com/n7/g14/M03/0E/0D/rBEhVVIm1nQIAAAAAAcwEUzMuNoAAC0FQForAwABzAp321.jpg">\n          </a>\n      </div>\n  <div class="p-price">\n    <strong class="J_price"><em></em><i></i></strong>\n    <div class="p-icons J-pro-icons">\n          </div>\n  </div>\n  <div class="p-name">\n    <a target="_blank" title="" href="http://item.jd.com/11311997.html">\n      <em>Java\u865a\u62df\u673a\u5957\u88c5\uff08\u4eac\u4e1c\u5957\u88c5\u51712\u518c\uff09</em>\n      <i class="promo-words"></i>\n    </a>\n  </div>\n      <div class="p-bookdetails">\n      <span class="p-bi-name">\n                  <span class="author_type_1" style="display: ;">\n                                                                     <a title="Venkat Subramaniam" href="http://book.jd.com/writer/Venkat%20Subramaniam_1.html" target="_blank"> Venkat Subramaniam </a>                                        \u8457          </span>\n                        </span>\n      <em>|</em>      <span class="p-bi-store">\n                  <a title="\u673a\u68b0\u5de5\u4e1a\u51fa\u7248\u793e" href="http://book.jd.com/publish/%E6%9C%BA%E6%A2%B0%E5%B7%A5%E4%B8%9A%E5%87%BA%E7%89%88%E7%A4%BE_1.html" target="_blank">\u673a\u68b0\u5de5\u4e1a\u51fa\u7248\u793e</a>\n              </span>\n      <em>|</em>      <span class="p-bi-date">\n        2013-05      </span>\n    </div>\n        <div class="p-shop hide" data-score="4" data-reputation="0" data-shopid="" data-done="1"></div>\n    <div class="p-commit"><strong>\u5df2\u6709<a target="_blank" href="http://item.jd.com/11311997.html#comments-list">3514</a>\u4eba\u8bc4\u4ef7</strong></div>\n    <div class="p-shopnum">\n      <span class="curr-shop">\u4eac\u4e1c\u81ea\u8425</span>\n    </div>\n    <div class="p-operate">\n      <a class="p-o-btn focus J_focus" data-sku="11311997" href="javascript:;">\n        <i></i>\u5173\u6ce8\n      </a>\n      <a class="p-o-btn addcart" target="_blank" href="http://gate.jd.com/InitCart.aspx?pid=11311997&amp;pcount=1&amp;ptype=1">\n        <i></i>\u52a0\u5165\u8d2d\u7269\u8f66\n      </a>\n    </div>\n    <div class="p-stock" data-isdeliveryable="5" style="display: none;"></div>\n    <div class="p-service">\u7531 \u4eac\u4e1c \u53d1\u8d27</div>\n    <div class="p-summary">\n      <a href="http://item.jd.com/11311997.html#recommend-editor" target="_blank">\u66f4\u591a&gt;</a>\n    </div>\n    <div class="p-addtocart">\n      <a data-sku="11311997" href="http://gate.jd.com/InitCart.aspx?pid=11311997&amp;pcount=1&amp;ptype=1"><i></i>\u52a0\u5165\u8d2d\u7269\u8f66</a>\n    </div>\n  </div>\n                                  </div>\n              </div>\n            </div>']
2016-01-18 16:46:47 [jd] INFO: !!!!!!!!!!!!!!!!!!!!!!!!
2016-01-18 16:46:47 [jd] INFO: !!!!!!!!!!!!!!!!!!!!!!!!
2016-01-18 16:46:47 [jd] INFO: [u'<div class="gl-i-wrap">\n              <div class="gl-i-tab">\n                <div class="gl-i-tab-trigger">\n                  <span title="Java\u865a\u62df\u673a\u5e76\u53d1\u7f16\u7a0b" class="item selected">\u5355\u4ef6</span>\n                                      <span title="Java\u865a\u62df\u673a\u5957\u88c5\uff08\u4eac\u4e1c\u5957\u88c5\u51712\u518c\uff09" class="item">\u5957\u88c52\u4ef6</span>\n                                  </div>\n                <div class="gl-i-tab-content">\n                                        <div class="tab-content-item tab-cnt-i-selected j-sku-item" data-sku="11231128" venderid="1000004052" jdzy_shop_id="1000004052" ts_venderid="">\n  <div class="p-img">\n    <a target="_blank" href="http://item.jd.com/11231128.html">\n                    <img width="200" height="200" data-img="1" data-lazy-img="//img13.360buyimg.com/n7/g12/M00/03/18/rBEQYVGLP8gIAAAAAAMKjEgekzIAAAvEwPPFOUAAwqk209.jpg">\n          </a>\n      </div>\n  <div class="p-price">\n    <strong class="J_price"><em></em><i></i></strong>\n    <div class="p-icons J-pro-icons">\n          </div>\n  </div>\n  <div class="p-name">\n    <a target="_blank" title="" href="http://item.jd.com/11231128.html">\n      <em>Java\u865a\u62df\u673a\u5e76\u53d1\u7f16\u7a0b</em>\n      <i class="promo-words"></i>\n    </a>\n  </div>\n      <div class="p-bookdetails">\n      <span class="p-bi-name">\n                  <span class="author_type_1" style="display: ;">\n                                                                     <a title="Venkat Subramaniam" href="http://book.jd.com/writer/Venkat%20Subramaniam_1.html" target="_blank"> Venkat Subramaniam </a>                                        \u8457          </span>\n                        </span>\n      <em>|</em>      <span class="p-bi-store">\n                  <a title="\u673a\u68b0\u5de5\u4e1a\u51fa\u7248\u793e" href="http://book.jd.com/publish/%E6%9C%BA%E6%A2%B0%E5%B7%A5%E4%B8%9A%E5%87%BA%E7%89%88%E7%A4%BE_1.html" target="_blank">\u673a\u68b0\u5de5\u4e1a\u51fa\u7248\u793e</a>\n              </span>\n      <em>|</em>      <span class="p-bi-date">\n        2013-05      </span>\n    </div>\n        <div class="p-shop hide" data-score="4" data-reputation="0" data-shopid="" data-done="1"></div>\n    <div class="p-commit"><strong>\u5df2\u6709<a target="_blank" href="http://item.jd.com/11231128.html#comments-list">206</a>\u4eba\u8bc4\u4ef7</strong></div>\n    <div class="p-shopnum">\n      <span class="curr-shop">\u4eac\u4e1c\u81ea\u8425</span>\n    </div>\n    <div class="p-operate">\n      <a class="p-o-btn focus J_focus" data-sku="11231128" href="javascript:;">\n        <i></i>\u5173\u6ce8\n      </a>\n      <a class="p-o-btn addcart" target="_blank" href="http://gate.jd.com/InitCart.aspx?pid=11231128&amp;pcount=1&amp;ptype=1">\n        <i></i>\u52a0\u5165\u8d2d\u7269\u8f66\n      </a>\n    </div>\n    <div class="p-stock" data-isdeliveryable="5" style="display: none;"></div>\n    <div class="p-service">\u7531 \u4eac\u4e1c \u53d1\u8d27</div>\n    <div class="p-summary">\n      <a href="http://item.jd.com/11231128.html#recommend-editor" target="_blank">\u66f4\u591a&gt;</a>\n    </div>\n    <div class="p-addtocart">\n      <a data-sku="11231128" href="http://gate.jd.com/InitCart.aspx?pid=11231128&amp;pcount=1&amp;ptype=1"><i></i>\u52a0\u5165\u8d2d\u7269\u8f66</a>\n    </div>\n  </div>\n                                        <div class="tab-content-item j-sku-item" data-sku="11311997" venderid="1000004052" jdzy_shop_id="1000004052" ts_venderid="">\n  <div class="p-img">\n    <a target="_blank" href="http://item.jd.com/11311997.html">\n                    <img width="200" height="200" data-img="1" data-lazy-img="//img12.360buyimg.com/n7/g14/M03/0E/0D/rBEhVVIm1nQIAAAAAAcwEUzMuNoAAC0FQForAwABzAp321.jpg">\n          </a>\n      </div>\n  <div class="p-price">\n    <strong class="J_price"><em></em><i></i></strong>\n    <div class="p-icons J-pro-icons">\n          </div>\n  </div>\n  <div class="p-name">\n    <a target="_blank" title="" href="http://item.jd.com/11311997.html">\n      <em>Java\u865a\u62df\u673a\u5957\u88c5\uff08\u4eac\u4e1c\u5957\u88c5\u51712\u518c\uff09</em>\n      <i class="promo-words"></i>\n    </a>\n  </div>\n      <div class="p-bookdetails">\n      <span class="p-bi-name">\n                  <span class="author_type_1" style="display: ;">\n                                                                     <a title="Venkat Subramaniam" href="http://book.jd.com/writer/Venkat%20Subramaniam_1.html" target="_blank"> Venkat Subramaniam </a>                                        \u8457          </span>\n                        </span>\n      <em>|</em>      <span class="p-bi-store">\n                  <a title="\u673a\u68b0\u5de5\u4e1a\u51fa\u7248\u793e" href="http://book.jd.com/publish/%E6%9C%BA%E6%A2%B0%E5%B7%A5%E4%B8%9A%E5%87%BA%E7%89%88%E7%A4%BE_1.html" target="_blank">\u673a\u68b0\u5de5\u4e1a\u51fa\u7248\u793e</a>\n              </span>\n      <em>|</em>      <span class="p-bi-date">\n        2013-05      </span>\n    </div>\n        <div class="p-shop hide" data-score="4" data-reputation="0" data-shopid="" data-done="1"></div>\n    <div class="p-commit"><strong>\u5df2\u6709<a target="_blank" href="http://item.jd.com/11311997.html#comments-list">3514</a>\u4eba\u8bc4\u4ef7</strong></div>\n    <div class="p-shopnum">\n      <span class="curr-shop">\u4eac\u4e1c\u81ea\u8425</span>\n    </div>\n    <div class="p-operate">\n      <a class="p-o-btn focus J_focus" data-sku="11311997" href="javascript:;">\n        <i></i>\u5173\u6ce8\n      </a>\n      <a class="p-o-btn addcart" target="_blank" href="http://gate.jd.com/InitCart.aspx?pid=11311997&amp;pcount=1&amp;ptype=1">\n        <i></i>\u52a0\u5165\u8d2d\u7269\u8f66\n      </a>\n    </div>\n    <div class="p-stock" data-isdeliveryable="5" style="display: none;"></div>\n    <div class="p-service">\u7531 \u4eac\u4e1c \u53d1\u8d27</div>\n    <div class="p-summary">\n      <a href="http://item.jd.com/11311997.html#recommend-editor" target="_blank">\u66f4\u591a&gt;</a>\n    </div>\n    <div class="p-addtocart">\n      <a data-sku="11311997" href="http://gate.jd.com/InitCart.aspx?pid=11311997&amp;pcount=1&amp;ptype=1"><i></i>\u52a0\u5165\u8d2d\u7269\u8f66</a>\n    </div>\n  </div>\n                                  </div>\n              </div>\n            </div>']
2016-01-18 16:46:47 [jd] INFO: !!!!!!!!!!!!!!!!!!!!!!!!
2016-01-18 16:46:47 [jd] INFO: !!!!!!!!!!!!!!!!!!!!!!!!
2016-01-18 16:46:47 [jd] INFO: [u'<div class="gl-i-wrap">\n              <div class="gl-i-tab">\n                <div class="gl-i-tab-trigger">\n                  <span title="Java\u865a\u62df\u673a\u5e76\u53d1\u7f16\u7a0b" class="item selected">\u5355\u4ef6</span>\n                                      <span title="Java\u865a\u62df\u673a\u5957\u88c5\uff08\u4eac\u4e1c\u5957\u88c5\u51712\u518c\uff09" class="item">\u5957\u88c52\u4ef6</span>\n                                  </div>\n                <div class="gl-i-tab-content">\n                                        <div class="tab-content-item tab-cnt-i-selected j-sku-item" data-sku="11231128" venderid="1000004052" jdzy_shop_id="1000004052" ts_venderid="">\n  <div class="p-img">\n    <a target="_blank" href="http://item.jd.com/11231128.html">\n                    <img width="200" height="200" data-img="1" data-lazy-img="//img13.360buyimg.com/n7/g12/M00/03/18/rBEQYVGLP8gIAAAAAAMKjEgekzIAAAvEwPPFOUAAwqk209.jpg">\n          </a>\n      </div>\n  <div class="p-price">\n    <strong class="J_price"><em></em><i></i></strong>\n    <div class="p-icons J-pro-icons">\n          </div>\n  </div>\n  <div class="p-name">\n    <a target="_blank" title="" href="http://item.jd.com/11231128.html">\n      <em>Java\u865a\u62df\u673a\u5e76\u53d1\u7f16\u7a0b</em>\n      <i class="promo-words"></i>\n    </a>\n  </div>\n      <div class="p-bookdetails">\n      <span class="p-bi-name">\n                  <span class="author_type_1" style="display: ;">\n                                                                     <a title="Venkat Subramaniam" href="http://book.jd.com/writer/Venkat%20Subramaniam_1.html" target="_blank"> Venkat Subramaniam </a>                                        \u8457          </span>\n                        </span>\n      <em>|</em>      <span class="p-bi-store">\n                  <a title="\u673a\u68b0\u5de5\u4e1a\u51fa\u7248\u793e" href="http://book.jd.com/publish/%E6%9C%BA%E6%A2%B0%E5%B7%A5%E4%B8%9A%E5%87%BA%E7%89%88%E7%A4%BE_1.html" target="_blank">\u673a\u68b0\u5de5\u4e1a\u51fa\u7248\u793e</a>\n              </span>\n      <em>|</em>      <span class="p-bi-date">\n        2013-05      </span>\n    </div>\n        <div class="p-shop hide" data-score="4" data-reputation="0" data-shopid="" data-done="1"></div>\n    <div class="p-commit"><strong>\u5df2\u6709<a target="_blank" href="http://item.jd.com/11231128.html#comments-list">206</a>\u4eba\u8bc4\u4ef7</strong></div>\n    <div class="p-shopnum">\n      <span class="curr-shop">\u4eac\u4e1c\u81ea\u8425</span>\n    </div>\n    <div class="p-operate">\n      <a class="p-o-btn focus J_focus" data-sku="11231128" href="javascript:;">\n        <i></i>\u5173\u6ce8\n      </a>\n      <a class="p-o-btn addcart" target="_blank" href="http://gate.jd.com/InitCart.aspx?pid=11231128&amp;pcount=1&amp;ptype=1">\n        <i></i>\u52a0\u5165\u8d2d\u7269\u8f66\n      </a>\n    </div>\n    <div class="p-stock" data-isdeliveryable="5" style="display: none;"></div>\n    <div class="p-service">\u7531 \u4eac\u4e1c \u53d1\u8d27</div>\n    <div class="p-summary">\n      <a href="http://item.jd.com/11231128.html#recommend-editor" target="_blank">\u66f4\u591a&gt;</a>\n    </div>\n    <div class="p-addtocart">\n      <a data-sku="11231128" href="http://gate.jd.com/InitCart.aspx?pid=11231128&amp;pcount=1&amp;ptype=1"><i></i>\u52a0\u5165\u8d2d\u7269\u8f66</a>\n    </div>\n  </div>\n                                        <div class="tab-content-item j-sku-item" data-sku="11311997" venderid="1000004052" jdzy_shop_id="1000004052" ts_venderid="">\n  <div class="p-img">\n    <a target="_blank" href="http://item.jd.com/11311997.html">\n                    <img width="200" height="200" data-img="1" data-lazy-img="//img12.360buyimg.com/n7/g14/M03/0E/0D/rBEhVVIm1nQIAAAAAAcwEUzMuNoAAC0FQForAwABzAp321.jpg">\n          </a>\n      </div>\n  <div class="p-price">\n    <strong class="J_price"><em></em><i></i></strong>\n    <div class="p-icons J-pro-icons">\n          </div>\n  </div>\n  <div class="p-name">\n    <a target="_blank" title="" href="http://item.jd.com/11311997.html">\n      <em>Java\u865a\u62df\u673a\u5957\u88c5\uff08\u4eac\u4e1c\u5957\u88c5\u51712\u518c\uff09</em>\n      <i class="promo-words"></i>\n    </a>\n  </div>\n      <div class="p-bookdetails">\n      <span class="p-bi-name">\n                  <span class="author_type_1" style="display: ;">\n                                                                     <a title="Venkat Subramaniam" href="http://book.jd.com/writer/Venkat%20Subramaniam_1.html" target="_blank"> Venkat Subramaniam </a>                                        \u8457          </span>\n                        </span>\n      <em>|</em>      <span class="p-bi-store">\n                  <a title="\u673a\u68b0\u5de5\u4e1a\u51fa\u7248\u793e" href="http://book.jd.com/publish/%E6%9C%BA%E6%A2%B0%E5%B7%A5%E4%B8%9A%E5%87%BA%E7%89%88%E7%A4%BE_1.html" target="_blank">\u673a\u68b0\u5de5\u4e1a\u51fa\u7248\u793e</a>\n              </span>\n      <em>|</em>      <span class="p-bi-date">\n        2013-05      </span>\n    </div>\n        <div class="p-shop hide" data-score="4" data-reputation="0" data-shopid="" data-done="1"></div>\n    <div class="p-commit"><strong>\u5df2\u6709<a target="_blank" href="http://item.jd.com/11311997.html#comments-list">3514</a>\u4eba\u8bc4\u4ef7</strong></div>\n    <div class="p-shopnum">\n      <span class="curr-shop">\u4eac\u4e1c\u81ea\u8425</span>\n    </div>\n    <div class="p-operate">\n      <a class="p-o-btn focus J_focus" data-sku="11311997" href="javascript:;">\n        <i></i>\u5173\u6ce8\n      </a>\n      <a class="p-o-btn addcart" target="_blank" href="http://gate.jd.com/InitCart.aspx?pid=11311997&amp;pcount=1&amp;ptype=1">\n        <i></i>\u52a0\u5165\u8d2d\u7269\u8f66\n      </a>\n    </div>\n    <div class="p-stock" data-isdeliveryable="5" style="display: none;"></div>\n    <div class="p-service">\u7531 \u4eac\u4e1c \u53d1\u8d27</div>\n    <div class="p-summary">\n      <a href="http://item.jd.com/11311997.html#recommend-editor" target="_blank">\u66f4\u591a&gt;</a>\n    </div>\n    <div class="p-addtocart">\n      <a data-sku="11311997" href="http://gate.jd.com/InitCart.aspx?pid=11311997&amp;pcount=1&amp;ptype=1"><i></i>\u52a0\u5165\u8d2d\u7269\u8f66</a>\n    </div>\n  </div>\n                                  </div>\n              </div>\n            </div>']
2016-01-18 16:46:47 [jd] INFO: !!!!!!!!!!!!!!!!!!!!!!!!
2016-01-18 16:46:47 [jd] INFO: !!!!!!!!!!!!!!!!!!!!!!!!
2016-01-18 16:46:47 [jd] INFO: [u'<div class="gl-i-wrap">\n              <div class="gl-i-tab">\n                <div class="gl-i-tab-trigger">\n                  <span title="Java\u865a\u62df\u673a\u5e76\u53d1\u7f16\u7a0b" class="item selected">\u5355\u4ef6</span>\n                                      <span title="Java\u865a\u62df\u673a\u5957\u88c5\uff08\u4eac\u4e1c\u5957\u88c5\u51712\u518c\uff09" class="item">\u5957\u88c52\u4ef6</span>\n                                  </div>\n                <div class="gl-i-tab-content">\n                                        <div class="tab-content-item tab-cnt-i-selected j-sku-item" data-sku="11231128" venderid="1000004052" jdzy_shop_id="1000004052" ts_venderid="">\n  <div class="p-img">\n    <a target="_blank" href="http://item.jd.com/11231128.html">\n                    <img width="200" height="200" data-img="1" data-lazy-img="//img13.360buyimg.com/n7/g12/M00/03/18/rBEQYVGLP8gIAAAAAAMKjEgekzIAAAvEwPPFOUAAwqk209.jpg">\n          </a>\n      </div>\n  <div class="p-price">\n    <strong class="J_price"><em></em><i></i></strong>\n    <div class="p-icons J-pro-icons">\n          </div>\n  </div>\n  <div class="p-name">\n    <a target="_blank" title="" href="http://item.jd.com/11231128.html">\n      <em>Java\u865a\u62df\u673a\u5e76\u53d1\u7f16\u7a0b</em>\n      <i class="promo-words"></i>\n    </a>\n  </div>\n      <div class="p-bookdetails">\n      <span class="p-bi-name">\n                  <span class="author_type_1" style="display: ;">\n                                                                     <a title="Venkat Subramaniam" href="http://book.jd.com/writer/Venkat%20Subramaniam_1.html" target="_blank"> Venkat Subramaniam </a>                                        \u8457          </span>\n                        </span>\n      <em>|</em>      <span class="p-bi-store">\n                  <a title="\u673a\u68b0\u5de5\u4e1a\u51fa\u7248\u793e" href="http://book.jd.com/publish/%E6%9C%BA%E6%A2%B0%E5%B7%A5%E4%B8%9A%E5%87%BA%E7%89%88%E7%A4%BE_1.html" target="_blank">\u673a\u68b0\u5de5\u4e1a\u51fa\u7248\u793e</a>\n              </span>\n      <em>|</em>      <span class="p-bi-date">\n        2013-05      </span>\n    </div>\n        <div class="p-shop hide" data-score="4" data-reputation="0" data-shopid="" data-done="1"></div>\n    <div class="p-commit"><strong>\u5df2\u6709<a target="_blank" href="http://item.jd.com/11231128.html#comments-list">206</a>\u4eba\u8bc4\u4ef7</strong></div>\n    <div class="p-shopnum">\n      <span class="curr-shop">\u4eac\u4e1c\u81ea\u8425</span>\n    </div>\n    <div class="p-operate">\n      <a class="p-o-btn focus J_focus" data-sku="11231128" href="javascript:;">\n        <i></i>\u5173\u6ce8\n      </a>\n      <a class="p-o-btn addcart" target="_blank" href="http://gate.jd.com/InitCart.aspx?pid=11231128&amp;pcount=1&amp;ptype=1">\n        <i></i>\u52a0\u5165\u8d2d\u7269\u8f66\n      </a>\n    </div>\n    <div class="p-stock" data-isdeliveryable="5" style="display: none;"></div>\n    <div class="p-service">\u7531 \u4eac\u4e1c \u53d1\u8d27</div>\n    <div class="p-summary">\n      <a href="http://item.jd.com/11231128.html#recommend-editor" target="_blank">\u66f4\u591a&gt;</a>\n    </div>\n    <div class="p-addtocart">\n      <a data-sku="11231128" href="http://gate.jd.com/InitCart.aspx?pid=11231128&amp;pcount=1&amp;ptype=1"><i></i>\u52a0\u5165\u8d2d\u7269\u8f66</a>\n    </div>\n  </div>\n                                        <div class="tab-content-item j-sku-item" data-sku="11311997" venderid="1000004052" jdzy_shop_id="1000004052" ts_venderid="">\n  <div class="p-img">\n    <a target="_blank" href="http://item.jd.com/11311997.html">\n                    <img width="200" height="200" data-img="1" data-lazy-img="//img12.360buyimg.com/n7/g14/M03/0E/0D/rBEhVVIm1nQIAAAAAAcwEUzMuNoAAC0FQForAwABzAp321.jpg">\n          </a>\n      </div>\n  <div class="p-price">\n    <strong class="J_price"><em></em><i></i></strong>\n    <div class="p-icons J-pro-icons">\n          </div>\n  </div>\n  <div class="p-name">\n    <a target="_blank" title="" href="http://item.jd.com/11311997.html">\n      <em>Java\u865a\u62df\u673a\u5957\u88c5\uff08\u4eac\u4e1c\u5957\u88c5\u51712\u518c\uff09</em>\n      <i class="promo-words"></i>\n    </a>\n  </div>\n      <div class="p-bookdetails">\n      <span class="p-bi-name">\n                  <span class="author_type_1" style="display: ;">\n                                                                     <a title="Venkat Subramaniam" href="http://book.jd.com/writer/Venkat%20Subramaniam_1.html" target="_blank"> Venkat Subramaniam </a>                                        \u8457          </span>\n                        </span>\n      <em>|</em>      <span class="p-bi-store">\n                  <a title="\u673a\u68b0\u5de5\u4e1a\u51fa\u7248\u793e" href="http://book.jd.com/publish/%E6%9C%BA%E6%A2%B0%E5%B7%A5%E4%B8%9A%E5%87%BA%E7%89%88%E7%A4%BE_1.html" target="_blank">\u673a\u68b0\u5de5\u4e1a\u51fa\u7248\u793e</a>\n              </span>\n      <em>|</em>      <span class="p-bi-date">\n        2013-05      </span>\n    </div>\n        <div class="p-shop hide" data-score="4" data-reputation="0" data-shopid="" data-done="1"></div>\n    <div class="p-commit"><strong>\u5df2\u6709<a target="_blank" href="http://item.jd.com/11311997.html#comments-list">3514</a>\u4eba\u8bc4\u4ef7</strong></div>\n    <div class="p-shopnum">\n      <span class="curr-shop">\u4eac\u4e1c\u81ea\u8425</span>\n    </div>\n    <div class="p-operate">\n      <a class="p-o-btn focus J_focus" data-sku="11311997" href="javascript:;">\n        <i></i>\u5173\u6ce8\n      </a>\n      <a class="p-o-btn addcart" target="_blank" href="http://gate.jd.com/InitCart.aspx?pid=11311997&amp;pcount=1&amp;ptype=1">\n        <i></i>\u52a0\u5165\u8d2d\u7269\u8f66\n      </a>\n    </div>\n    <div class="p-stock" data-isdeliveryable="5" style="display: none;"></div>\n    <div class="p-service">\u7531 \u4eac\u4e1c \u53d1\u8d27</div>\n    <div class="p-summary">\n      <a href="http://item.jd.com/11311997.html#recommend-editor" target="_blank">\u66f4\u591a&gt;</a>\n    </div>\n    <div class="p-addtocart">\n      <a data-sku="11311997" href="http://gate.jd.com/InitCart.aspx?pid=11311997&amp;pcount=1&amp;ptype=1"><i></i>\u52a0\u5165\u8d2d\u7269\u8f66</a>\n    </div>\n  </div>\n                                  </div>\n              </div>\n            </div>']
2016-01-18 16:46:47 [jd] INFO: !!!!!!!!!!!!!!!!!!!!!!!!
2016-01-18 16:46:47 [jd] INFO: !!!!!!!!!!!!!!!!!!!!!!!!
2016-01-18 16:46:47 [jd] INFO: [u'<div class="gl-i-wrap">\n              <div class="gl-i-tab">\n                <div class="gl-i-tab-trigger">\n                  <span title="Java\u865a\u62df\u673a\u5e76\u53d1\u7f16\u7a0b" class="item selected">\u5355\u4ef6</span>\n                                      <span title="Java\u865a\u62df\u673a\u5957\u88c5\uff08\u4eac\u4e1c\u5957\u88c5\u51712\u518c\uff09" class="item">\u5957\u88c52\u4ef6</span>\n                                  </div>\n                <div class="gl-i-tab-content">\n                                        <div class="tab-content-item tab-cnt-i-selected j-sku-item" data-sku="11231128" venderid="1000004052" jdzy_shop_id="1000004052" ts_venderid="">\n  <div class="p-img">\n    <a target="_blank" href="http://item.jd.com/11231128.html">\n                    <img width="200" height="200" data-img="1" data-lazy-img="//img13.360buyimg.com/n7/g12/M00/03/18/rBEQYVGLP8gIAAAAAAMKjEgekzIAAAvEwPPFOUAAwqk209.jpg">\n          </a>\n      </div>\n  <div class="p-price">\n    <strong class="J_price"><em></em><i></i></strong>\n    <div class="p-icons J-pro-icons">\n          </div>\n  </div>\n  <div class="p-name">\n    <a target="_blank" title="" href="http://item.jd.com/11231128.html">\n      <em>Java\u865a\u62df\u673a\u5e76\u53d1\u7f16\u7a0b</em>\n      <i class="promo-words"></i>\n    </a>\n  </div>\n      <div class="p-bookdetails">\n      <span class="p-bi-name">\n                  <span class="author_type_1" style="display: ;">\n                                                                     <a title="Venkat Subramaniam" href="http://book.jd.com/writer/Venkat%20Subramaniam_1.html" target="_blank"> Venkat Subramaniam </a>                                        \u8457          </span>\n                        </span>\n      <em>|</em>      <span class="p-bi-store">\n                  <a title="\u673a\u68b0\u5de5\u4e1a\u51fa\u7248\u793e" href="http://book.jd.com/publish/%E6%9C%BA%E6%A2%B0%E5%B7%A5%E4%B8%9A%E5%87%BA%E7%89%88%E7%A4%BE_1.html" target="_blank">\u673a\u68b0\u5de5\u4e1a\u51fa\u7248\u793e</a>\n              </span>\n      <em>|</em>      <span class="p-bi-date">\n        2013-05      </span>\n    </div>\n        <div class="p-shop hide" data-score="4" data-reputation="0" data-shopid="" data-done="1"></div>\n    <div class="p-commit"><strong>\u5df2\u6709<a target="_blank" href="http://item.jd.com/11231128.html#comments-list">206</a>\u4eba\u8bc4\u4ef7</strong></div>\n    <div class="p-shopnum">\n      <span class="curr-shop">\u4eac\u4e1c\u81ea\u8425</span>\n    </div>\n    <div class="p-operate">\n      <a class="p-o-btn focus J_focus" data-sku="11231128" href="javascript:;">\n        <i></i>\u5173\u6ce8\n      </a>\n      <a class="p-o-btn addcart" target="_blank" href="http://gate.jd.com/InitCart.aspx?pid=11231128&amp;pcount=1&amp;ptype=1">\n        <i></i>\u52a0\u5165\u8d2d\u7269\u8f66\n      </a>\n    </div>\n    <div class="p-stock" data-isdeliveryable="5" style="display: none;"></div>\n    <div class="p-service">\u7531 \u4eac\u4e1c \u53d1\u8d27</div>\n    <div class="p-summary">\n      <a href="http://item.jd.com/11231128.html#recommend-editor" target="_blank">\u66f4\u591a&gt;</a>\n    </div>\n    <div class="p-addtocart">\n      <a data-sku="11231128" href="http://gate.jd.com/InitCart.aspx?pid=11231128&amp;pcount=1&amp;ptype=1"><i></i>\u52a0\u5165\u8d2d\u7269\u8f66</a>\n    </div>\n  </div>\n                                        <div class="tab-content-item j-sku-item" data-sku="11311997" venderid="1000004052" jdzy_shop_id="1000004052" ts_venderid="">\n  <div class="p-img">\n    <a target="_blank" href="http://item.jd.com/11311997.html">\n                    <img width="200" height="200" data-img="1" data-lazy-img="//img12.360buyimg.com/n7/g14/M03/0E/0D/rBEhVVIm1nQIAAAAAAcwEUzMuNoAAC0FQForAwABzAp321.jpg">\n          </a>\n      </div>\n  <div class="p-price">\n    <strong class="J_price"><em></em><i></i></strong>\n    <div class="p-icons J-pro-icons">\n          </div>\n  </div>\n  <div class="p-name">\n    <a target="_blank" title="" href="http://item.jd.com/11311997.html">\n      <em>Java\u865a\u62df\u673a\u5957\u88c5\uff08\u4eac\u4e1c\u5957\u88c5\u51712\u518c\uff09</em>\n      <i class="promo-words"></i>\n    </a>\n  </div>\n      <div class="p-bookdetails">\n      <span class="p-bi-name">\n                  <span class="author_type_1" style="display: ;">\n                                                                     <a title="Venkat Subramaniam" href="http://book.jd.com/writer/Venkat%20Subramaniam_1.html" target="_blank"> Venkat Subramaniam </a>                                        \u8457          </span>\n                        </span>\n      <em>|</em>      <span class="p-bi-store">\n                  <a title="\u673a\u68b0\u5de5\u4e1a\u51fa\u7248\u793e" href="http://book.jd.com/publish/%E6%9C%BA%E6%A2%B0%E5%B7%A5%E4%B8%9A%E5%87%BA%E7%89%88%E7%A4%BE_1.html" target="_blank">\u673a\u68b0\u5de5\u4e1a\u51fa\u7248\u793e</a>\n              </span>\n      <em>|</em>      <span class="p-bi-date">\n        2013-05      </span>\n    </div>\n        <div class="p-shop hide" data-score="4" data-reputation="0" data-shopid="" data-done="1"></div>\n    <div class="p-commit"><strong>\u5df2\u6709<a target="_blank" href="http://item.jd.com/11311997.html#comments-list">3514</a>\u4eba\u8bc4\u4ef7</strong></div>\n    <div class="p-shopnum">\n      <span class="curr-shop">\u4eac\u4e1c\u81ea\u8425</span>\n    </div>\n    <div class="p-operate">\n      <a class="p-o-btn focus J_focus" data-sku="11311997" href="javascript:;">\n        <i></i>\u5173\u6ce8\n      </a>\n      <a class="p-o-btn addcart" target="_blank" href="http://gate.jd.com/InitCart.aspx?pid=11311997&amp;pcount=1&amp;ptype=1">\n        <i></i>\u52a0\u5165\u8d2d\u7269\u8f66\n      </a>\n    </div>\n    <div class="p-stock" data-isdeliveryable="5" style="display: none;"></div>\n    <div class="p-service">\u7531 \u4eac\u4e1c \u53d1\u8d27</div>\n    <div class="p-summary">\n      <a href="http://item.jd.com/11311997.html#recommend-editor" target="_blank">\u66f4\u591a&gt;</a>\n    </div>\n    <div class="p-addtocart">\n      <a data-sku="11311997" href="http://gate.jd.com/InitCart.aspx?pid=11311997&amp;pcount=1&amp;ptype=1"><i></i>\u52a0\u5165\u8d2d\u7269\u8f66</a>\n    </div>\n  </div>\n                                  </div>\n              </div>\n            </div>']
2016-01-18 16:46:47 [jd] INFO: !!!!!!!!!!!!!!!!!!!!!!!!
2016-01-18 16:46:47 [jd] INFO: !!!!!!!!!!!!!!!!!!!!!!!!
2016-01-18 16:46:47 [jd] INFO: [u'<div class="gl-i-wrap">\n              <div class="gl-i-tab">\n                <div class="gl-i-tab-trigger">\n                  <span title="Java\u865a\u62df\u673a\u5e76\u53d1\u7f16\u7a0b" class="item selected">\u5355\u4ef6</span>\n                                      <span title="Java\u865a\u62df\u673a\u5957\u88c5\uff08\u4eac\u4e1c\u5957\u88c5\u51712\u518c\uff09" class="item">\u5957\u88c52\u4ef6</span>\n                                  </div>\n                <div class="gl-i-tab-content">\n                                        <div class="tab-content-item tab-cnt-i-selected j-sku-item" data-sku="11231128" venderid="1000004052" jdzy_shop_id="1000004052" ts_venderid="">\n  <div class="p-img">\n    <a target="_blank" href="http://item.jd.com/11231128.html">\n                    <img width="200" height="200" data-img="1" data-lazy-img="//img13.360buyimg.com/n7/g12/M00/03/18/rBEQYVGLP8gIAAAAAAMKjEgekzIAAAvEwPPFOUAAwqk209.jpg">\n          </a>\n      </div>\n  <div class="p-price">\n    <strong class="J_price"><em></em><i></i></strong>\n    <div class="p-icons J-pro-icons">\n          </div>\n  </div>\n  <div class="p-name">\n    <a target="_blank" title="" href="http://item.jd.com/11231128.html">\n      <em>Java\u865a\u62df\u673a\u5e76\u53d1\u7f16\u7a0b</em>\n      <i class="promo-words"></i>\n    </a>\n  </div>\n      <div class="p-bookdetails">\n      <span class="p-bi-name">\n                  <span class="author_type_1" style="display: ;">\n                                                                     <a title="Venkat Subramaniam" href="http://book.jd.com/writer/Venkat%20Subramaniam_1.html" target="_blank"> Venkat Subramaniam </a>                                        \u8457          </span>\n                        </span>\n      <em>|</em>      <span class="p-bi-store">\n                  <a title="\u673a\u68b0\u5de5\u4e1a\u51fa\u7248\u793e" href="http://book.jd.com/publish/%E6%9C%BA%E6%A2%B0%E5%B7%A5%E4%B8%9A%E5%87%BA%E7%89%88%E7%A4%BE_1.html" target="_blank">\u673a\u68b0\u5de5\u4e1a\u51fa\u7248\u793e</a>\n              </span>\n      <em>|</em>      <span class="p-bi-date">\n        2013-05      </span>\n    </div>\n        <div class="p-shop hide" data-score="4" data-reputation="0" data-shopid="" data-done="1"></div>\n    <div class="p-commit"><strong>\u5df2\u6709<a target="_blank" href="http://item.jd.com/11231128.html#comments-list">206</a>\u4eba\u8bc4\u4ef7</strong></div>\n    <div class="p-shopnum">\n      <span class="curr-shop">\u4eac\u4e1c\u81ea\u8425</span>\n    </div>\n    <div class="p-operate">\n      <a class="p-o-btn focus J_focus" data-sku="11231128" href="javascript:;">\n        <i></i>\u5173\u6ce8\n      </a>\n      <a class="p-o-btn addcart" target="_blank" href="http://gate.jd.com/InitCart.aspx?pid=11231128&amp;pcount=1&amp;ptype=1">\n        <i></i>\u52a0\u5165\u8d2d\u7269\u8f66\n      </a>\n    </div>\n    <div class="p-stock" data-isdeliveryable="5" style="display: none;"></div>\n    <div class="p-service">\u7531 \u4eac\u4e1c \u53d1\u8d27</div>\n    <div class="p-summary">\n      <a href="http://item.jd.com/11231128.html#recommend-editor" target="_blank">\u66f4\u591a&gt;</a>\n    </div>\n    <div class="p-addtocart">\n      <a data-sku="11231128" href="http://gate.jd.com/InitCart.aspx?pid=11231128&amp;pcount=1&amp;ptype=1"><i></i>\u52a0\u5165\u8d2d\u7269\u8f66</a>\n    </div>\n  </div>\n                                        <div class="tab-content-item j-sku-item" data-sku="11311997" venderid="1000004052" jdzy_shop_id="1000004052" ts_venderid="">\n  <div class="p-img">\n    <a target="_blank" href="http://item.jd.com/11311997.html">\n                    <img width="200" height="200" data-img="1" data-lazy-img="//img12.360buyimg.com/n7/g14/M03/0E/0D/rBEhVVIm1nQIAAAAAAcwEUzMuNoAAC0FQForAwABzAp321.jpg">\n          </a>\n      </div>\n  <div class="p-price">\n    <strong class="J_price"><em></em><i></i></strong>\n    <div class="p-icons J-pro-icons">\n          </div>\n  </div>\n  <div class="p-name">\n    <a target="_blank" title="" href="http://item.jd.com/11311997.html">\n      <em>Java\u865a\u62df\u673a\u5957\u88c5\uff08\u4eac\u4e1c\u5957\u88c5\u51712\u518c\uff09</em>\n      <i class="promo-words"></i>\n    </a>\n  </div>\n      <div class="p-bookdetails">\n      <span class="p-bi-name">\n                  <span class="author_type_1" style="display: ;">\n                                                                     <a title="Venkat Subramaniam" href="http://book.jd.com/writer/Venkat%20Subramaniam_1.html" target="_blank"> Venkat Subramaniam </a>                                        \u8457          </span>\n                        </span>\n      <em>|</em>      <span class="p-bi-store">\n                  <a title="\u673a\u68b0\u5de5\u4e1a\u51fa\u7248\u793e" href="http://book.jd.com/publish/%E6%9C%BA%E6%A2%B0%E5%B7%A5%E4%B8%9A%E5%87%BA%E7%89%88%E7%A4%BE_1.html" target="_blank">\u673a\u68b0\u5de5\u4e1a\u51fa\u7248\u793e</a>\n              </span>\n      <em>|</em>      <span class="p-bi-date">\n        2013-05      </span>\n    </div>\n        <div class="p-shop hide" data-score="4" data-reputation="0" data-shopid="" data-done="1"></div>\n    <div class="p-commit"><strong>\u5df2\u6709<a target="_blank" href="http://item.jd.com/11311997.html#comments-list">3514</a>\u4eba\u8bc4\u4ef7</strong></div>\n    <div class="p-shopnum">\n      <span class="curr-shop">\u4eac\u4e1c\u81ea\u8425</span>\n    </div>\n    <div class="p-operate">\n      <a class="p-o-btn focus J_focus" data-sku="11311997" href="javascript:;">\n        <i></i>\u5173\u6ce8\n      </a>\n      <a class="p-o-btn addcart" target="_blank" href="http://gate.jd.com/InitCart.aspx?pid=11311997&amp;pcount=1&amp;ptype=1">\n        <i></i>\u52a0\u5165\u8d2d\u7269\u8f66\n      </a>\n    </div>\n    <div class="p-stock" data-isdeliveryable="5" style="display: none;"></div>\n    <div class="p-service">\u7531 \u4eac\u4e1c \u53d1\u8d27</div>\n    <div class="p-summary">\n      <a href="http://item.jd.com/11311997.html#recommend-editor" target="_blank">\u66f4\u591a&gt;</a>\n    </div>\n    <div class="p-addtocart">\n      <a data-sku="11311997" href="http://gate.jd.com/InitCart.aspx?pid=11311997&amp;pcount=1&amp;ptype=1"><i></i>\u52a0\u5165\u8d2d\u7269\u8f66</a>\n    </div>\n  </div>\n                                  </div>\n              </div>\n            </div>']
2016-01-18 16:46:47 [jd] INFO: !!!!!!!!!!!!!!!!!!!!!!!!
2016-01-18 16:46:47 [jd] INFO: !!!!!!!!!!!!!!!!!!!!!!!!
2016-01-18 16:46:47 [jd] INFO: [u'<div class="gl-i-wrap">\n              <div class="gl-i-tab">\n                <div class="gl-i-tab-trigger">\n                  <span title="JAVA\u6838\u5fc3\u6280\u672f\u53772\uff1a\u9ad8\u7ea7\u7279\u5f81\uff08\u539f\u4e66\u7b2c8\u7248\uff09" class="item selected">\u5355\u4ef6</span>\n                                      <span title="JAVA\u6838\u5fc3\u6280\u672f\uff1a\u53771+\u53772\uff08\u539f\u4e66\u7b2c8\u7248\uff09\uff08\u4eac\u4e1c\u5957\u88c5\u51712\u518c\uff09" class="item">\u5957\u88c52\u4ef6</span>\n                                  </div>\n                <div class="gl-i-tab-content">\n                                        <div class="tab-content-item tab-cnt-i-selected j-sku-item" data-sku="10058907" venderid="0" jdzy_shop_id="0" ts_venderid="">\n  <div class="p-img">\n    <a target="_blank" href="http://item.jd.com/10058907.html">\n                    <img width="200" height="200" data-img="1" data-lazy-img="//img12.360buyimg.com/n7/11527/1788d8c9-ced5-406b-87e4-5820ba9711a3.jpg">\n          </a>\n      </div>\n  <div class="p-price">\n    <strong class="J_price"><em></em><i></i></strong>\n    <div class="p-icons J-pro-icons">\n          </div>\n  </div>\n  <div class="p-name">\n    <a target="_blank" title="" href="http://item.jd.com/10058907.html">\n      <em>JAVA\u6838\u5fc3\u6280\u672f\u53772\uff1a\u9ad8\u7ea7\u7279\u5f81\uff08\u539f\u4e66\u7b2c8\u7248\uff09</em>\n      <i class="promo-words"></i>\n    </a>\n  </div>\n      <div class="p-bookdetails">\n      <span class="p-bi-name">\n                  <span class="author_type_1" style="display: ;">\n                                                       [\u7f8e]                <a title="\u970d\u65af\u7279\u66fc" href="http://book.jd.com/writer/%E9%9C%8D%E6%96%AF%E7%89%B9%E6%9B%BC_1.html" target="_blank"> \u970d\u65af\u7279\u66fc </a>                                        \u8457          </span>\n                            <span class="author_type_2" style="display: none;">\n                                                                     <a title="\u9648\u660a\u9e4f" href="http://book.jd.com/writer/%E9%99%88%E6%98%8A%E9%B9%8F_1.html" target="_blank"> \u9648\u660a\u9e4f </a>                                        \u8bd1          </span>\n                        </span>\n      <em>|</em>      <span class="p-bi-store">\n                  <a title="\u673a\u68b0\u5de5\u4e1a\u51fa\u7248\u793e" href="http://book.jd.com/publish/%E6%9C%BA%E6%A2%B0%E5%B7%A5%E4%B8%9A%E5%87%BA%E7%89%88%E7%A4%BE_1.html" target="_blank">\u673a\u68b0\u5de5\u4e1a\u51fa\u7248\u793e</a>\n              </span>\n      <em>|</em>      <span class="p-bi-date">\n        2008-12      </span>\n    </div>\n        <div class="p-shop hide" data-score="4" data-reputation="0" data-shopid="" data-done="1"></div>\n    <div class="p-commit"><strong>\u5df2\u6709<a target="_blank" href="http://item.jd.com/10058907.html#comments-list">1796</a>\u4eba\u8bc4\u4ef7</strong></div>\n    <div class="p-shopnum">\n      <span class="curr-shop">\u4eac\u4e1c\u81ea\u8425</span>\n    </div>\n    <div class="p-operate">\n      <a class="p-o-btn focus J_focus" data-sku="10058907" href="javascript:;">\n        <i></i>\u5173\u6ce8\n      </a>\n      <a class="p-o-btn addcart" target="_blank" href="http://gate.jd.com/InitCart.aspx?pid=10058907&amp;pcount=1&amp;ptype=1">\n        <i></i>\u52a0\u5165\u8d2d\u7269\u8f66\n      </a>\n    </div>\n    <div class="p-stock" data-isdeliveryable="5" style="display: none;"></div>\n    <div class="p-service">\u7531 \u4eac\u4e1c \u53d1\u8d27</div>\n    <div class="p-summary">\n      <a href="http://item.jd.com/10058907.html#recommend-editor" target="_blank">\u66f4\u591a&gt;</a>\n    </div>\n    <div class="p-addtocart">\n      <a data-sku="10058907" href="http://gate.jd.com/InitCart.aspx?pid=10058907&amp;pcount=1&amp;ptype=1"><i></i>\u52a0\u5165\u8d2d\u7269\u8f66</a>\n    </div>\n  </div>\n                                        <div class="tab-content-item j-sku-item" data-sku="11230276" venderid="0" jdzy_shop_id="0" ts_venderid="">\n  <div class="p-img">\n    <a target="_blank" href="http://item.jd.com/11230276.html">\n                    <img width="200" height="200" data-img="1" data-lazy-img="//img11.360buyimg.com/n7/g14/M05/0D/15/rBEhVVIhQfAIAAAAAAUNgeOfL54AACrGAEBIPUABQ2Z482.jpg">\n          </a>\n      </div>\n  <div class="p-price">\n    <strong class="J_price"><em></em><i></i></strong>\n    <div class="p-icons J-pro-icons">\n          </div>\n  </div>\n  <div class="p-name">\n    <a target="_blank" title="" href="http://item.jd.com/11230276.html">\n      <em>JAVA\u6838\u5fc3\u6280\u672f\uff1a\u53771+\u53772\uff08\u539f\u4e66\u7b2c8\u7248\uff09\uff08\u4eac\u4e1c\u5957\u88c5\u51712\u518c\uff09</em>\n      <i class="promo-words"></i>\n    </a>\n  </div>\n      <div class="p-bookdetails">\n      <span class="p-bi-name">\n                  <span class="author_type_1" style="display: ;">\n                                                       [\u7f8e]                <a title="\u970d\u65af\u7279\u66fc" href="http://book.jd.com/writer/%E9%9C%8D%E6%96%AF%E7%89%B9%E6%9B%BC_1.html" target="_blank"> \u970d\u65af\u7279\u66fc </a>                                        \u8457          </span>\n                            <span class="author_type_2" style="display: none;">\n                                                                     <a title="\u9648\u660a\u9e4f" href="http://book.jd.com/writer/%E9%99%88%E6%98%8A%E9%B9%8F_1.html" target="_blank"> \u9648\u660a\u9e4f </a>                                        \u8bd1          </span>\n                        </span>\n      <em>|</em>      <span class="p-bi-store">\n                  <a title="\u673a\u68b0\u5de5\u4e1a\u51fa\u7248\u793e" href="http://book.jd.com/publish/%E6%9C%BA%E6%A2%B0%E5%B7%A5%E4%B8%9A%E5%87%BA%E7%89%88%E7%A4%BE_1.html" target="_blank">\u673a\u68b0\u5de5\u4e1a\u51fa\u7248\u793e</a>\n              </span>\n      <em>|</em>      <span class="p-bi-date">\n        2008-12      </span>\n    </div>\n        <div class="p-shop hide" data-score="4" data-reputation="0" data-shopid="" data-done="1"></div>\n    <div class="p-commit"><strong>\u5df2\u6709<a target="_blank" href="http://item.jd.com/11230276.html#comments-list">4419</a>\u4eba\u8bc4\u4ef7</strong></div>\n    <div class="p-shopnum">\n      <span class="curr-shop">\u4eac\u4e1c\u81ea\u8425</span>\n    </div>\n    <div class="p-operate">\n      <a class="p-o-btn focus J_focus" data-sku="11230276" href="javascript:;">\n        <i></i>\u5173\u6ce8\n      </a>\n      <a class="p-o-btn addcart" target="_blank" href="http://gate.jd.com/InitCart.aspx?pid=11230276&amp;pcount=1&amp;ptype=1">\n        <i></i>\u52a0\u5165\u8d2d\u7269\u8f66\n      </a>\n    </div>\n    <div class="p-stock" data-isdeliveryable="5" style="display: none;"></div>\n    <div class="p-service">\u7531 \u4eac\u4e1c \u53d1\u8d27</div>\n    <div class="p-summary">\n      <a href="http://item.jd.com/11230276.html#recommend-editor" target="_blank">\u66f4\u591a&gt;</a>\n    </div>\n    <div class="p-addtocart">\n      <a data-sku="11230276" href="http://gate.jd.com/InitCart.aspx?pid=11230276&amp;pcount=1&amp;ptype=1"><i></i>\u52a0\u5165\u8d2d\u7269\u8f66</a>\n    </div>\n  </div>\n                                  </div>\n              </div>\n            </div>']
2016-01-18 16:46:47 [jd] INFO: !!!!!!!!!!!!!!!!!!!!!!!!
2016-01-18 16:46:47 [jd] INFO: !!!!!!!!!!!!!!!!!!!!!!!!
2016-01-18 16:46:47 [jd] INFO: [u'<div class="gl-i-wrap">\n              <div class="gl-i-tab">\n                <div class="gl-i-tab-trigger">\n                  <span title="JAVA\u6838\u5fc3\u6280\u672f\u53772\uff1a\u9ad8\u7ea7\u7279\u5f81\uff08\u539f\u4e66\u7b2c8\u7248\uff09" class="item selected">\u5355\u4ef6</span>\n                                      <span title="JAVA\u6838\u5fc3\u6280\u672f\uff1a\u53771+\u53772\uff08\u539f\u4e66\u7b2c8\u7248\uff09\uff08\u4eac\u4e1c\u5957\u88c5\u51712\u518c\uff09" class="item">\u5957\u88c52\u4ef6</span>\n                                  </div>\n                <div class="gl-i-tab-content">\n                                        <div class="tab-content-item tab-cnt-i-selected j-sku-item" data-sku="10058907" venderid="0" jdzy_shop_id="0" ts_venderid="">\n  <div class="p-img">\n    <a target="_blank" href="http://item.jd.com/10058907.html">\n                    <img width="200" height="200" data-img="1" data-lazy-img="//img12.360buyimg.com/n7/11527/1788d8c9-ced5-406b-87e4-5820ba9711a3.jpg">\n          </a>\n      </div>\n  <div class="p-price">\n    <strong class="J_price"><em></em><i></i></strong>\n    <div class="p-icons J-pro-icons">\n          </div>\n  </div>\n  <div class="p-name">\n    <a target="_blank" title="" href="http://item.jd.com/10058907.html">\n      <em>JAVA\u6838\u5fc3\u6280\u672f\u53772\uff1a\u9ad8\u7ea7\u7279\u5f81\uff08\u539f\u4e66\u7b2c8\u7248\uff09</em>\n      <i class="promo-words"></i>\n    </a>\n  </div>\n      <div class="p-bookdetails">\n      <span class="p-bi-name">\n                  <span class="author_type_1" style="display: ;">\n                                                       [\u7f8e]                <a title="\u970d\u65af\u7279\u66fc" href="http://book.jd.com/writer/%E9%9C%8D%E6%96%AF%E7%89%B9%E6%9B%BC_1.html" target="_blank"> \u970d\u65af\u7279\u66fc </a>                                        \u8457          </span>\n                            <span class="author_type_2" style="display: none;">\n                                                                     <a title="\u9648\u660a\u9e4f" href="http://book.jd.com/writer/%E9%99%88%E6%98%8A%E9%B9%8F_1.html" target="_blank"> \u9648\u660a\u9e4f </a>                                        \u8bd1          </span>\n                        </span>\n      <em>|</em>      <span class="p-bi-store">\n                  <a title="\u673a\u68b0\u5de5\u4e1a\u51fa\u7248\u793e" href="http://book.jd.com/publish/%E6%9C%BA%E6%A2%B0%E5%B7%A5%E4%B8%9A%E5%87%BA%E7%89%88%E7%A4%BE_1.html" target="_blank">\u673a\u68b0\u5de5\u4e1a\u51fa\u7248\u793e</a>\n              </span>\n      <em>|</em>      <span class="p-bi-date">\n        2008-12      </span>\n    </div>\n        <div class="p-shop hide" data-score="4" data-reputation="0" data-shopid="" data-done="1"></div>\n    <div class="p-commit"><strong>\u5df2\u6709<a target="_blank" href="http://item.jd.com/10058907.html#comments-list">1796</a>\u4eba\u8bc4\u4ef7</strong></div>\n    <div class="p-shopnum">\n      <span class="curr-shop">\u4eac\u4e1c\u81ea\u8425</span>\n    </div>\n    <div class="p-operate">\n      <a class="p-o-btn focus J_focus" data-sku="10058907" href="javascript:;">\n        <i></i>\u5173\u6ce8\n      </a>\n      <a class="p-o-btn addcart" target="_blank" href="http://gate.jd.com/InitCart.aspx?pid=10058907&amp;pcount=1&amp;ptype=1">\n        <i></i>\u52a0\u5165\u8d2d\u7269\u8f66\n      </a>\n    </div>\n    <div class="p-stock" data-isdeliveryable="5" style="display: none;"></div>\n    <div class="p-service">\u7531 \u4eac\u4e1c \u53d1\u8d27</div>\n    <div class="p-summary">\n      <a href="http://item.jd.com/10058907.html#recommend-editor" target="_blank">\u66f4\u591a&gt;</a>\n    </div>\n    <div class="p-addtocart">\n      <a data-sku="10058907" href="http://gate.jd.com/InitCart.aspx?pid=10058907&amp;pcount=1&amp;ptype=1"><i></i>\u52a0\u5165\u8d2d\u7269\u8f66</a>\n    </div>\n  </div>\n                                        <div class="tab-content-item j-sku-item" data-sku="11230276" venderid="0" jdzy_shop_id="0" ts_venderid="">\n  <div class="p-img">\n    <a target="_blank" href="http://item.jd.com/11230276.html">\n                    <img width="200" height="200" data-img="1" data-lazy-img="//img11.360buyimg.com/n7/g14/M05/0D/15/rBEhVVIhQfAIAAAAAAUNgeOfL54AACrGAEBIPUABQ2Z482.jpg">\n          </a>\n      </div>\n  <div class="p-price">\n    <strong class="J_price"><em></em><i></i></strong>\n    <div class="p-icons J-pro-icons">\n          </div>\n  </div>\n  <div class="p-name">\n    <a target="_blank" title="" href="http://item.jd.com/11230276.html">\n      <em>JAVA\u6838\u5fc3\u6280\u672f\uff1a\u53771+\u53772\uff08\u539f\u4e66\u7b2c8\u7248\uff09\uff08\u4eac\u4e1c\u5957\u88c5\u51712\u518c\uff09</em>\n      <i class="promo-words"></i>\n    </a>\n  </div>\n      <div class="p-bookdetails">\n      <span class="p-bi-name">\n                  <span class="author_type_1" style="display: ;">\n                                                       [\u7f8e]                <a title="\u970d\u65af\u7279\u66fc" href="http://book.jd.com/writer/%E9%9C%8D%E6%96%AF%E7%89%B9%E6%9B%BC_1.html" target="_blank"> \u970d\u65af\u7279\u66fc </a>                                        \u8457          </span>\n                            <span class="author_type_2" style="display: none;">\n                                                                     <a title="\u9648\u660a\u9e4f" href="http://book.jd.com/writer/%E9%99%88%E6%98%8A%E9%B9%8F_1.html" target="_blank"> \u9648\u660a\u9e4f </a>                                        \u8bd1          </span>\n                        </span>\n      <em>|</em>      <span class="p-bi-store">\n                  <a title="\u673a\u68b0\u5de5\u4e1a\u51fa\u7248\u793e" href="http://book.jd.com/publish/%E6%9C%BA%E6%A2%B0%E5%B7%A5%E4%B8%9A%E5%87%BA%E7%89%88%E7%A4%BE_1.html" target="_blank">\u673a\u68b0\u5de5\u4e1a\u51fa\u7248\u793e</a>\n              </span>\n      <em>|</em>      <span class="p-bi-date">\n        2008-12      </span>\n    </div>\n        <div class="p-shop hide" data-score="4" data-reputation="0" data-shopid="" data-done="1"></div>\n    <div class="p-commit"><strong>\u5df2\u6709<a target="_blank" href="http://item.jd.com/11230276.html#comments-list">4419</a>\u4eba\u8bc4\u4ef7</strong></div>\n    <div class="p-shopnum">\n      <span class="curr-shop">\u4eac\u4e1c\u81ea\u8425</span>\n    </div>\n    <div class="p-operate">\n      <a class="p-o-btn focus J_focus" data-sku="11230276" href="javascript:;">\n        <i></i>\u5173\u6ce8\n      </a>\n      <a class="p-o-btn addcart" target="_blank" href="http://gate.jd.com/InitCart.aspx?pid=11230276&amp;pcount=1&amp;ptype=1">\n        <i></i>\u52a0\u5165\u8d2d\u7269\u8f66\n      </a>\n    </div>\n    <div class="p-stock" data-isdeliveryable="5" style="display: none;"></div>\n    <div class="p-service">\u7531 \u4eac\u4e1c \u53d1\u8d27</div>\n    <div class="p-summary">\n      <a href="http://item.jd.com/11230276.html#recommend-editor" target="_blank">\u66f4\u591a&gt;</a>\n    </div>\n    <div class="p-addtocart">\n      <a data-sku="11230276" href="http://gate.jd.com/InitCart.aspx?pid=11230276&amp;pcount=1&amp;ptype=1"><i></i>\u52a0\u5165\u8d2d\u7269\u8f66</a>\n    </div>\n  </div>\n                                  </div>\n              </div>\n            </div>']
2016-01-18 16:46:47 [jd] INFO: !!!!!!!!!!!!!!!!!!!!!!!!
2016-01-18 16:46:47 [jd] INFO: !!!!!!!!!!!!!!!!!!!!!!!!
2016-01-18 16:46:47 [jd] INFO: [u'<div class="gl-i-wrap">\n              <div class="gl-i-tab">\n                <div class="gl-i-tab-trigger">\n                  <span title="JAVA\u6838\u5fc3\u6280\u672f\u53772\uff1a\u9ad8\u7ea7\u7279\u5f81\uff08\u539f\u4e66\u7b2c8\u7248\uff09" class="item selected">\u5355\u4ef6</span>\n                                      <span title="JAVA\u6838\u5fc3\u6280\u672f\uff1a\u53771+\u53772\uff08\u539f\u4e66\u7b2c8\u7248\uff09\uff08\u4eac\u4e1c\u5957\u88c5\u51712\u518c\uff09" class="item">\u5957\u88c52\u4ef6</span>\n                                  </div>\n                <div class="gl-i-tab-content">\n                                        <div class="tab-content-item tab-cnt-i-selected j-sku-item" data-sku="10058907" venderid="0" jdzy_shop_id="0" ts_venderid="">\n  <div class="p-img">\n    <a target="_blank" href="http://item.jd.com/10058907.html">\n                    <img width="200" height="200" data-img="1" data-lazy-img="//img12.360buyimg.com/n7/11527/1788d8c9-ced5-406b-87e4-5820ba9711a3.jpg">\n          </a>\n      </div>\n  <div class="p-price">\n    <strong class="J_price"><em></em><i></i></strong>\n    <div class="p-icons J-pro-icons">\n          </div>\n  </div>\n  <div class="p-name">\n    <a target="_blank" title="" href="http://item.jd.com/10058907.html">\n      <em>JAVA\u6838\u5fc3\u6280\u672f\u53772\uff1a\u9ad8\u7ea7\u7279\u5f81\uff08\u539f\u4e66\u7b2c8\u7248\uff09</em>\n      <i class="promo-words"></i>\n    </a>\n  </div>\n      <div class="p-bookdetails">\n      <span class="p-bi-name">\n                  <span class="author_type_1" style="display: ;">\n                                                       [\u7f8e]                <a title="\u970d\u65af\u7279\u66fc" href="http://book.jd.com/writer/%E9%9C%8D%E6%96%AF%E7%89%B9%E6%9B%BC_1.html" target="_blank"> \u970d\u65af\u7279\u66fc </a>                                        \u8457          </span>\n                            <span class="author_type_2" style="display: none;">\n                                                                     <a title="\u9648\u660a\u9e4f" href="http://book.jd.com/writer/%E9%99%88%E6%98%8A%E9%B9%8F_1.html" target="_blank"> \u9648\u660a\u9e4f </a>                                        \u8bd1          </span>\n                        </span>\n      <em>|</em>      <span class="p-bi-store">\n                  <a title="\u673a\u68b0\u5de5\u4e1a\u51fa\u7248\u793e" href="http://book.jd.com/publish/%E6%9C%BA%E6%A2%B0%E5%B7%A5%E4%B8%9A%E5%87%BA%E7%89%88%E7%A4%BE_1.html" target="_blank">\u673a\u68b0\u5de5\u4e1a\u51fa\u7248\u793e</a>\n              </span>\n      <em>|</em>      <span class="p-bi-date">\n        2008-12      </span>\n    </div>\n        <div class="p-shop hide" data-score="4" data-reputation="0" data-shopid="" data-done="1"></div>\n    <div class="p-commit"><strong>\u5df2\u6709<a target="_blank" href="http://item.jd.com/10058907.html#comments-list">1796</a>\u4eba\u8bc4\u4ef7</strong></div>\n    <div class="p-shopnum">\n      <span class="curr-shop">\u4eac\u4e1c\u81ea\u8425</span>\n    </div>\n    <div class="p-operate">\n      <a class="p-o-btn focus J_focus" data-sku="10058907" href="javascript:;">\n        <i></i>\u5173\u6ce8\n      </a>\n      <a class="p-o-btn addcart" target="_blank" href="http://gate.jd.com/InitCart.aspx?pid=10058907&amp;pcount=1&amp;ptype=1">\n        <i></i>\u52a0\u5165\u8d2d\u7269\u8f66\n      </a>\n    </div>\n    <div class="p-stock" data-isdeliveryable="5" style="display: none;"></div>\n    <div class="p-service">\u7531 \u4eac\u4e1c \u53d1\u8d27</div>\n    <div class="p-summary">\n      <a href="http://item.jd.com/10058907.html#recommend-editor" target="_blank">\u66f4\u591a&gt;</a>\n    </div>\n    <div class="p-addtocart">\n      <a data-sku="10058907" href="http://gate.jd.com/InitCart.aspx?pid=10058907&amp;pcount=1&amp;ptype=1"><i></i>\u52a0\u5165\u8d2d\u7269\u8f66</a>\n    </div>\n  </div>\n                                        <div class="tab-content-item j-sku-item" data-sku="11230276" venderid="0" jdzy_shop_id="0" ts_venderid="">\n  <div class="p-img">\n    <a target="_blank" href="http://item.jd.com/11230276.html">\n                    <img width="200" height="200" data-img="1" data-lazy-img="//img11.360buyimg.com/n7/g14/M05/0D/15/rBEhVVIhQfAIAAAAAAUNgeOfL54AACrGAEBIPUABQ2Z482.jpg">\n          </a>\n      </div>\n  <div class="p-price">\n    <strong class="J_price"><em></em><i></i></strong>\n    <div class="p-icons J-pro-icons">\n          </div>\n  </div>\n  <div class="p-name">\n    <a target="_blank" title="" href="http://item.jd.com/11230276.html">\n      <em>JAVA\u6838\u5fc3\u6280\u672f\uff1a\u53771+\u53772\uff08\u539f\u4e66\u7b2c8\u7248\uff09\uff08\u4eac\u4e1c\u5957\u88c5\u51712\u518c\uff09</em>\n      <i class="promo-words"></i>\n    </a>\n  </div>\n      <div class="p-bookdetails">\n      <span class="p-bi-name">\n                  <span class="author_type_1" style="display: ;">\n                                                       [\u7f8e]                <a title="\u970d\u65af\u7279\u66fc" href="http://book.jd.com/writer/%E9%9C%8D%E6%96%AF%E7%89%B9%E6%9B%BC_1.html" target="_blank"> \u970d\u65af\u7279\u66fc </a>                                        \u8457          </span>\n                            <span class="author_type_2" style="display: none;">\n                                                                     <a title="\u9648\u660a\u9e4f" href="http://book.jd.com/writer/%E9%99%88%E6%98%8A%E9%B9%8F_1.html" target="_blank"> \u9648\u660a\u9e4f </a>                                        \u8bd1          </span>\n                        </span>\n      <em>|</em>      <span class="p-bi-store">\n                  <a title="\u673a\u68b0\u5de5\u4e1a\u51fa\u7248\u793e" href="http://book.jd.com/publish/%E6%9C%BA%E6%A2%B0%E5%B7%A5%E4%B8%9A%E5%87%BA%E7%89%88%E7%A4%BE_1.html" target="_blank">\u673a\u68b0\u5de5\u4e1a\u51fa\u7248\u793e</a>\n              </span>\n      <em>|</em>      <span class="p-bi-date">\n        2008-12      </span>\n    </div>\n        <div class="p-shop hide" data-score="4" data-reputation="0" data-shopid="" data-done="1"></div>\n    <div class="p-commit"><strong>\u5df2\u6709<a target="_blank" href="http://item.jd.com/11230276.html#comments-list">4419</a>\u4eba\u8bc4\u4ef7</strong></div>\n    <div class="p-shopnum">\n      <span class="curr-shop">\u4eac\u4e1c\u81ea\u8425</span>\n    </div>\n    <div class="p-operate">\n      <a class="p-o-btn focus J_focus" data-sku="11230276" href="javascript:;">\n        <i></i>\u5173\u6ce8\n      </a>\n      <a class="p-o-btn addcart" target="_blank" href="http://gate.jd.com/InitCart.aspx?pid=11230276&amp;pcount=1&amp;ptype=1">\n        <i></i>\u52a0\u5165\u8d2d\u7269\u8f66\n      </a>\n    </div>\n    <div class="p-stock" data-isdeliveryable="5" style="display: none;"></div>\n    <div class="p-service">\u7531 \u4eac\u4e1c \u53d1\u8d27</div>\n    <div class="p-summary">\n      <a href="http://item.jd.com/11230276.html#recommend-editor" target="_blank">\u66f4\u591a&gt;</a>\n    </div>\n    <div class="p-addtocart">\n      <a data-sku="11230276" href="http://gate.jd.com/InitCart.aspx?pid=11230276&amp;pcount=1&amp;ptype=1"><i></i>\u52a0\u5165\u8d2d\u7269\u8f66</a>\n    </div>\n  </div>\n                                  </div>\n              </div>\n            </div>']
2016-01-18 16:46:47 [jd] INFO: !!!!!!!!!!!!!!!!!!!!!!!!
2016-01-18 16:46:47 [jd] INFO: !!!!!!!!!!!!!!!!!!!!!!!!
2016-01-18 16:46:47 [jd] INFO: [u'<div class="gl-i-wrap">\n              <div class="gl-i-tab">\n                <div class="gl-i-tab-trigger">\n                  <span title="JAVA\u6838\u5fc3\u6280\u672f\u53772\uff1a\u9ad8\u7ea7\u7279\u5f81\uff08\u539f\u4e66\u7b2c8\u7248\uff09" class="item selected">\u5355\u4ef6</span>\n                                      <span title="JAVA\u6838\u5fc3\u6280\u672f\uff1a\u53771+\u53772\uff08\u539f\u4e66\u7b2c8\u7248\uff09\uff08\u4eac\u4e1c\u5957\u88c5\u51712\u518c\uff09" class="item">\u5957\u88c52\u4ef6</span>\n                                  </div>\n                <div class="gl-i-tab-content">\n                                        <div class="tab-content-item tab-cnt-i-selected j-sku-item" data-sku="10058907" venderid="0" jdzy_shop_id="0" ts_venderid="">\n  <div class="p-img">\n    <a target="_blank" href="http://item.jd.com/10058907.html">\n                    <img width="200" height="200" data-img="1" data-lazy-img="//img12.360buyimg.com/n7/11527/1788d8c9-ced5-406b-87e4-5820ba9711a3.jpg">\n          </a>\n      </div>\n  <div class="p-price">\n    <strong class="J_price"><em></em><i></i></strong>\n    <div class="p-icons J-pro-icons">\n          </div>\n  </div>\n  <div class="p-name">\n    <a target="_blank" title="" href="http://item.jd.com/10058907.html">\n      <em>JAVA\u6838\u5fc3\u6280\u672f\u53772\uff1a\u9ad8\u7ea7\u7279\u5f81\uff08\u539f\u4e66\u7b2c8\u7248\uff09</em>\n      <i class="promo-words"></i>\n    </a>\n  </div>\n      <div class="p-bookdetails">\n      <span class="p-bi-name">\n                  <span class="author_type_1" style="display: ;">\n                                                       [\u7f8e]                <a title="\u970d\u65af\u7279\u66fc" href="http://book.jd.com/writer/%E9%9C%8D%E6%96%AF%E7%89%B9%E6%9B%BC_1.html" target="_blank"> \u970d\u65af\u7279\u66fc </a>                                        \u8457          </span>\n                            <span class="author_type_2" style="display: none;">\n                                                                     <a title="\u9648\u660a\u9e4f" href="http://book.jd.com/writer/%E9%99%88%E6%98%8A%E9%B9%8F_1.html" target="_blank"> \u9648\u660a\u9e4f </a>                                        \u8bd1          </span>\n                        </span>\n      <em>|</em>      <span class="p-bi-store">\n                  <a title="\u673a\u68b0\u5de5\u4e1a\u51fa\u7248\u793e" href="http://book.jd.com/publish/%E6%9C%BA%E6%A2%B0%E5%B7%A5%E4%B8%9A%E5%87%BA%E7%89%88%E7%A4%BE_1.html" target="_blank">\u673a\u68b0\u5de5\u4e1a\u51fa\u7248\u793e</a>\n              </span>\n      <em>|</em>      <span class="p-bi-date">\n        2008-12      </span>\n    </div>\n        <div class="p-shop hide" data-score="4" data-reputation="0" data-shopid="" data-done="1"></div>\n    <div class="p-commit"><strong>\u5df2\u6709<a target="_blank" href="http://item.jd.com/10058907.html#comments-list">1796</a>\u4eba\u8bc4\u4ef7</strong></div>\n    <div class="p-shopnum">\n      <span class="curr-shop">\u4eac\u4e1c\u81ea\u8425</span>\n    </div>\n    <div class="p-operate">\n      <a class="p-o-btn focus J_focus" data-sku="10058907" href="javascript:;">\n        <i></i>\u5173\u6ce8\n      </a>\n      <a class="p-o-btn addcart" target="_blank" href="http://gate.jd.com/InitCart.aspx?pid=10058907&amp;pcount=1&amp;ptype=1">\n        <i></i>\u52a0\u5165\u8d2d\u7269\u8f66\n      </a>\n    </div>\n    <div class="p-stock" data-isdeliveryable="5" style="display: none;"></div>\n    <div class="p-service">\u7531 \u4eac\u4e1c \u53d1\u8d27</div>\n    <div class="p-summary">\n      <a href="http://item.jd.com/10058907.html#recommend-editor" target="_blank">\u66f4\u591a&gt;</a>\n    </div>\n    <div class="p-addtocart">\n      <a data-sku="10058907" href="http://gate.jd.com/InitCart.aspx?pid=10058907&amp;pcount=1&amp;ptype=1"><i></i>\u52a0\u5165\u8d2d\u7269\u8f66</a>\n    </div>\n  </div>\n                                        <div class="tab-content-item j-sku-item" data-sku="11230276" venderid="0" jdzy_shop_id="0" ts_venderid="">\n  <div class="p-img">\n    <a target="_blank" href="http://item.jd.com/11230276.html">\n                    <img width="200" height="200" data-img="1" data-lazy-img="//img11.360buyimg.com/n7/g14/M05/0D/15/rBEhVVIhQfAIAAAAAAUNgeOfL54AACrGAEBIPUABQ2Z482.jpg">\n          </a>\n      </div>\n  <div class="p-price">\n    <strong class="J_price"><em></em><i></i></strong>\n    <div class="p-icons J-pro-icons">\n          </div>\n  </div>\n  <div class="p-name">\n    <a target="_blank" title="" href="http://item.jd.com/11230276.html">\n      <em>JAVA\u6838\u5fc3\u6280\u672f\uff1a\u53771+\u53772\uff08\u539f\u4e66\u7b2c8\u7248\uff09\uff08\u4eac\u4e1c\u5957\u88c5\u51712\u518c\uff09</em>\n      <i class="promo-words"></i>\n    </a>\n  </div>\n      <div class="p-bookdetails">\n      <span class="p-bi-name">\n                  <span class="author_type_1" style="display: ;">\n                                                       [\u7f8e]                <a title="\u970d\u65af\u7279\u66fc" href="http://book.jd.com/writer/%E9%9C%8D%E6%96%AF%E7%89%B9%E6%9B%BC_1.html" target="_blank"> \u970d\u65af\u7279\u66fc </a>                                        \u8457          </span>\n                            <span class="author_type_2" style="display: none;">\n                                                                     <a title="\u9648\u660a\u9e4f" href="http://book.jd.com/writer/%E9%99%88%E6%98%8A%E9%B9%8F_1.html" target="_blank"> \u9648\u660a\u9e4f </a>                                        \u8bd1          </span>\n                        </span>\n      <em>|</em>      <span class="p-bi-store">\n                  <a title="\u673a\u68b0\u5de5\u4e1a\u51fa\u7248\u793e" href="http://book.jd.com/publish/%E6%9C%BA%E6%A2%B0%E5%B7%A5%E4%B8%9A%E5%87%BA%E7%89%88%E7%A4%BE_1.html" target="_blank">\u673a\u68b0\u5de5\u4e1a\u51fa\u7248\u793e</a>\n              </span>\n      <em>|</em>      <span class="p-bi-date">\n        2008-12      </span>\n    </div>\n        <div class="p-shop hide" data-score="4" data-reputation="0" data-shopid="" data-done="1"></div>\n    <div class="p-commit"><strong>\u5df2\u6709<a target="_blank" href="http://item.jd.com/11230276.html#comments-list">4419</a>\u4eba\u8bc4\u4ef7</strong></div>\n    <div class="p-shopnum">\n      <span class="curr-shop">\u4eac\u4e1c\u81ea\u8425</span>\n    </div>\n    <div class="p-operate">\n      <a class="p-o-btn focus J_focus" data-sku="11230276" href="javascript:;">\n        <i></i>\u5173\u6ce8\n      </a>\n      <a class="p-o-btn addcart" target="_blank" href="http://gate.jd.com/InitCart.aspx?pid=11230276&amp;pcount=1&amp;ptype=1">\n        <i></i>\u52a0\u5165\u8d2d\u7269\u8f66\n      </a>\n    </div>\n    <div class="p-stock" data-isdeliveryable="5" style="display: none;"></div>\n    <div class="p-service">\u7531 \u4eac\u4e1c \u53d1\u8d27</div>\n    <div class="p-summary">\n      <a href="http://item.jd.com/11230276.html#recommend-editor" target="_blank">\u66f4\u591a&gt;</a>\n    </div>\n    <div class="p-addtocart">\n      <a data-sku="11230276" href="http://gate.jd.com/InitCart.aspx?pid=11230276&amp;pcount=1&amp;ptype=1"><i></i>\u52a0\u5165\u8d2d\u7269\u8f66</a>\n    </div>\n  </div>\n                                  </div>\n              </div>\n            </div>']
2016-01-18 16:46:47 [jd] INFO: !!!!!!!!!!!!!!!!!!!!!!!!
2016-01-18 16:46:47 [jd] INFO: !!!!!!!!!!!!!!!!!!!!!!!!
2016-01-18 16:46:47 [jd] INFO: [u'<div class="gl-i-wrap">\n              <div class="gl-i-tab">\n                <div class="gl-i-tab-trigger">\n                  <span title="JAVA\u6838\u5fc3\u6280\u672f\u53772\uff1a\u9ad8\u7ea7\u7279\u5f81\uff08\u539f\u4e66\u7b2c8\u7248\uff09" class="item selected">\u5355\u4ef6</span>\n                                      <span title="JAVA\u6838\u5fc3\u6280\u672f\uff1a\u53771+\u53772\uff08\u539f\u4e66\u7b2c8\u7248\uff09\uff08\u4eac\u4e1c\u5957\u88c5\u51712\u518c\uff09" class="item">\u5957\u88c52\u4ef6</span>\n                                  </div>\n                <div class="gl-i-tab-content">\n                                        <div class="tab-content-item tab-cnt-i-selected j-sku-item" data-sku="10058907" venderid="0" jdzy_shop_id="0" ts_venderid="">\n  <div class="p-img">\n    <a target="_blank" href="http://item.jd.com/10058907.html">\n                    <img width="200" height="200" data-img="1" data-lazy-img="//img12.360buyimg.com/n7/11527/1788d8c9-ced5-406b-87e4-5820ba9711a3.jpg">\n          </a>\n      </div>\n  <div class="p-price">\n    <strong class="J_price"><em></em><i></i></strong>\n    <div class="p-icons J-pro-icons">\n          </div>\n  </div>\n  <div class="p-name">\n    <a target="_blank" title="" href="http://item.jd.com/10058907.html">\n      <em>JAVA\u6838\u5fc3\u6280\u672f\u53772\uff1a\u9ad8\u7ea7\u7279\u5f81\uff08\u539f\u4e66\u7b2c8\u7248\uff09</em>\n      <i class="promo-words"></i>\n    </a>\n  </div>\n      <div class="p-bookdetails">\n      <span class="p-bi-name">\n                  <span class="author_type_1" style="display: ;">\n                                                       [\u7f8e]                <a title="\u970d\u65af\u7279\u66fc" href="http://book.jd.com/writer/%E9%9C%8D%E6%96%AF%E7%89%B9%E6%9B%BC_1.html" target="_blank"> \u970d\u65af\u7279\u66fc </a>                                        \u8457          </span>\n                            <span class="author_type_2" style="display: none;">\n                                                                     <a title="\u9648\u660a\u9e4f" href="http://book.jd.com/writer/%E9%99%88%E6%98%8A%E9%B9%8F_1.html" target="_blank"> \u9648\u660a\u9e4f </a>                                        \u8bd1          </span>\n                        </span>\n      <em>|</em>      <span class="p-bi-store">\n                  <a title="\u673a\u68b0\u5de5\u4e1a\u51fa\u7248\u793e" href="http://book.jd.com/publish/%E6%9C%BA%E6%A2%B0%E5%B7%A5%E4%B8%9A%E5%87%BA%E7%89%88%E7%A4%BE_1.html" target="_blank">\u673a\u68b0\u5de5\u4e1a\u51fa\u7248\u793e</a>\n              </span>\n      <em>|</em>      <span class="p-bi-date">\n        2008-12      </span>\n    </div>\n        <div class="p-shop hide" data-score="4" data-reputation="0" data-shopid="" data-done="1"></div>\n    <div class="p-commit"><strong>\u5df2\u6709<a target="_blank" href="http://item.jd.com/10058907.html#comments-list">1796</a>\u4eba\u8bc4\u4ef7</strong></div>\n    <div class="p-shopnum">\n      <span class="curr-shop">\u4eac\u4e1c\u81ea\u8425</span>\n    </div>\n    <div class="p-operate">\n      <a class="p-o-btn focus J_focus" data-sku="10058907" href="javascript:;">\n        <i></i>\u5173\u6ce8\n      </a>\n      <a class="p-o-btn addcart" target="_blank" href="http://gate.jd.com/InitCart.aspx?pid=10058907&amp;pcount=1&amp;ptype=1">\n        <i></i>\u52a0\u5165\u8d2d\u7269\u8f66\n      </a>\n    </div>\n    <div class="p-stock" data-isdeliveryable="5" style="display: none;"></div>\n    <div class="p-service">\u7531 \u4eac\u4e1c \u53d1\u8d27</div>\n    <div class="p-summary">\n      <a href="http://item.jd.com/10058907.html#recommend-editor" target="_blank">\u66f4\u591a&gt;</a>\n    </div>\n    <div class="p-addtocart">\n      <a data-sku="10058907" href="http://gate.jd.com/InitCart.aspx?pid=10058907&amp;pcount=1&amp;ptype=1"><i></i>\u52a0\u5165\u8d2d\u7269\u8f66</a>\n    </div>\n  </div>\n                                        <div class="tab-content-item j-sku-item" data-sku="11230276" venderid="0" jdzy_shop_id="0" ts_venderid="">\n  <div class="p-img">\n    <a target="_blank" href="http://item.jd.com/11230276.html">\n                    <img width="200" height="200" data-img="1" data-lazy-img="//img11.360buyimg.com/n7/g14/M05/0D/15/rBEhVVIhQfAIAAAAAAUNgeOfL54AACrGAEBIPUABQ2Z482.jpg">\n          </a>\n      </div>\n  <div class="p-price">\n    <strong class="J_price"><em></em><i></i></strong>\n    <div class="p-icons J-pro-icons">\n          </div>\n  </div>\n  <div class="p-name">\n    <a target="_blank" title="" href="http://item.jd.com/11230276.html">\n      <em>JAVA\u6838\u5fc3\u6280\u672f\uff1a\u53771+\u53772\uff08\u539f\u4e66\u7b2c8\u7248\uff09\uff08\u4eac\u4e1c\u5957\u88c5\u51712\u518c\uff09</em>\n      <i class="promo-words"></i>\n    </a>\n  </div>\n      <div class="p-bookdetails">\n      <span class="p-bi-name">\n                  <span class="author_type_1" style="display: ;">\n                                                       [\u7f8e]                <a title="\u970d\u65af\u7279\u66fc" href="http://book.jd.com/writer/%E9%9C%8D%E6%96%AF%E7%89%B9%E6%9B%BC_1.html" target="_blank"> \u970d\u65af\u7279\u66fc </a>                                        \u8457          </span>\n                            <span class="author_type_2" style="display: none;">\n                                                                     <a title="\u9648\u660a\u9e4f" href="http://book.jd.com/writer/%E9%99%88%E6%98%8A%E9%B9%8F_1.html" target="_blank"> \u9648\u660a\u9e4f </a>                                        \u8bd1          </span>\n                        </span>\n      <em>|</em>      <span class="p-bi-store">\n                  <a title="\u673a\u68b0\u5de5\u4e1a\u51fa\u7248\u793e" href="http://book.jd.com/publish/%E6%9C%BA%E6%A2%B0%E5%B7%A5%E4%B8%9A%E5%87%BA%E7%89%88%E7%A4%BE_1.html" target="_blank">\u673a\u68b0\u5de5\u4e1a\u51fa\u7248\u793e</a>\n              </span>\n      <em>|</em>      <span class="p-bi-date">\n        2008-12      </span>\n    </div>\n        <div class="p-shop hide" data-score="4" data-reputation="0" data-shopid="" data-done="1"></div>\n    <div class="p-commit"><strong>\u5df2\u6709<a target="_blank" href="http://item.jd.com/11230276.html#comments-list">4419</a>\u4eba\u8bc4\u4ef7</strong></div>\n    <div class="p-shopnum">\n      <span class="curr-shop">\u4eac\u4e1c\u81ea\u8425</span>\n    </div>\n    <div class="p-operate">\n      <a class="p-o-btn focus J_focus" data-sku="11230276" href="javascript:;">\n        <i></i>\u5173\u6ce8\n      </a>\n      <a class="p-o-btn addcart" target="_blank" href="http://gate.jd.com/InitCart.aspx?pid=11230276&amp;pcount=1&amp;ptype=1">\n        <i></i>\u52a0\u5165\u8d2d\u7269\u8f66\n      </a>\n    </div>\n    <div class="p-stock" data-isdeliveryable="5" style="display: none;"></div>\n    <div class="p-service">\u7531 \u4eac\u4e1c \u53d1\u8d27</div>\n    <div class="p-summary">\n      <a href="http://item.jd.com/11230276.html#recommend-editor" target="_blank">\u66f4\u591a&gt;</a>\n    </div>\n    <div class="p-addtocart">\n      <a data-sku="11230276" href="http://gate.jd.com/InitCart.aspx?pid=11230276&amp;pcount=1&amp;ptype=1"><i></i>\u52a0\u5165\u8d2d\u7269\u8f66</a>\n    </div>\n  </div>\n                                  </div>\n              </div>\n            </div>']
2016-01-18 16:46:47 [jd] INFO: !!!!!!!!!!!!!!!!!!!!!!!!
2016-01-18 16:46:47 [jd] INFO: !!!!!!!!!!!!!!!!!!!!!!!!
2016-01-18 16:46:47 [jd] INFO: [u'<div class="gl-i-wrap">\n              <div class="gl-i-tab">\n                <div class="gl-i-tab-trigger">\n                  <span title="JAVA\u6838\u5fc3\u6280\u672f\u53772\uff1a\u9ad8\u7ea7\u7279\u5f81\uff08\u539f\u4e66\u7b2c8\u7248\uff09" class="item selected">\u5355\u4ef6</span>\n                                      <span title="JAVA\u6838\u5fc3\u6280\u672f\uff1a\u53771+\u53772\uff08\u539f\u4e66\u7b2c8\u7248\uff09\uff08\u4eac\u4e1c\u5957\u88c5\u51712\u518c\uff09" class="item">\u5957\u88c52\u4ef6</span>\n                                  </div>\n                <div class="gl-i-tab-content">\n                                        <div class="tab-content-item tab-cnt-i-selected j-sku-item" data-sku="10058907" venderid="0" jdzy_shop_id="0" ts_venderid="">\n  <div class="p-img">\n    <a target="_blank" href="http://item.jd.com/10058907.html">\n                    <img width="200" height="200" data-img="1" data-lazy-img="//img12.360buyimg.com/n7/11527/1788d8c9-ced5-406b-87e4-5820ba9711a3.jpg">\n          </a>\n      </div>\n  <div class="p-price">\n    <strong class="J_price"><em></em><i></i></strong>\n    <div class="p-icons J-pro-icons">\n          </div>\n  </div>\n  <div class="p-name">\n    <a target="_blank" title="" href="http://item.jd.com/10058907.html">\n      <em>JAVA\u6838\u5fc3\u6280\u672f\u53772\uff1a\u9ad8\u7ea7\u7279\u5f81\uff08\u539f\u4e66\u7b2c8\u7248\uff09</em>\n      <i class="promo-words"></i>\n    </a>\n  </div>\n      <div class="p-bookdetails">\n      <span class="p-bi-name">\n                  <span class="author_type_1" style="display: ;">\n                                                       [\u7f8e]                <a title="\u970d\u65af\u7279\u66fc" href="http://book.jd.com/writer/%E9%9C%8D%E6%96%AF%E7%89%B9%E6%9B%BC_1.html" target="_blank"> \u970d\u65af\u7279\u66fc </a>                                        \u8457          </span>\n                            <span class="author_type_2" style="display: none;">\n                                                                     <a title="\u9648\u660a\u9e4f" href="http://book.jd.com/writer/%E9%99%88%E6%98%8A%E9%B9%8F_1.html" target="_blank"> \u9648\u660a\u9e4f </a>                                        \u8bd1          </span>\n                        </span>\n      <em>|</em>      <span class="p-bi-store">\n                  <a title="\u673a\u68b0\u5de5\u4e1a\u51fa\u7248\u793e" href="http://book.jd.com/publish/%E6%9C%BA%E6%A2%B0%E5%B7%A5%E4%B8%9A%E5%87%BA%E7%89%88%E7%A4%BE_1.html" target="_blank">\u673a\u68b0\u5de5\u4e1a\u51fa\u7248\u793e</a>\n              </span>\n      <em>|</em>      <span class="p-bi-date">\n        2008-12      </span>\n    </div>\n        <div class="p-shop hide" data-score="4" data-reputation="0" data-shopid="" data-done="1"></div>\n    <div class="p-commit"><strong>\u5df2\u6709<a target="_blank" href="http://item.jd.com/10058907.html#comments-list">1796</a>\u4eba\u8bc4\u4ef7</strong></div>\n    <div class="p-shopnum">\n      <span class="curr-shop">\u4eac\u4e1c\u81ea\u8425</span>\n    </div>\n    <div class="p-operate">\n      <a class="p-o-btn focus J_focus" data-sku="10058907" href="javascript:;">\n        <i></i>\u5173\u6ce8\n      </a>\n      <a class="p-o-btn addcart" target="_blank" href="http://gate.jd.com/InitCart.aspx?pid=10058907&amp;pcount=1&amp;ptype=1">\n        <i></i>\u52a0\u5165\u8d2d\u7269\u8f66\n      </a>\n    </div>\n    <div class="p-stock" data-isdeliveryable="5" style="display: none;"></div>\n    <div class="p-service">\u7531 \u4eac\u4e1c \u53d1\u8d27</div>\n    <div class="p-summary">\n      <a href="http://item.jd.com/10058907.html#recommend-editor" target="_blank">\u66f4\u591a&gt;</a>\n    </div>\n    <div class="p-addtocart">\n      <a data-sku="10058907" href="http://gate.jd.com/InitCart.aspx?pid=10058907&amp;pcount=1&amp;ptype=1"><i></i>\u52a0\u5165\u8d2d\u7269\u8f66</a>\n    </div>\n  </div>\n                                        <div class="tab-content-item j-sku-item" data-sku="11230276" venderid="0" jdzy_shop_id="0" ts_venderid="">\n  <div class="p-img">\n    <a target="_blank" href="http://item.jd.com/11230276.html">\n                    <img width="200" height="200" data-img="1" data-lazy-img="//img11.360buyimg.com/n7/g14/M05/0D/15/rBEhVVIhQfAIAAAAAAUNgeOfL54AACrGAEBIPUABQ2Z482.jpg">\n          </a>\n      </div>\n  <div class="p-price">\n    <strong class="J_price"><em></em><i></i></strong>\n    <div class="p-icons J-pro-icons">\n          </div>\n  </div>\n  <div class="p-name">\n    <a target="_blank" title="" href="http://item.jd.com/11230276.html">\n      <em>JAVA\u6838\u5fc3\u6280\u672f\uff1a\u53771+\u53772\uff08\u539f\u4e66\u7b2c8\u7248\uff09\uff08\u4eac\u4e1c\u5957\u88c5\u51712\u518c\uff09</em>\n      <i class="promo-words"></i>\n    </a>\n  </div>\n      <div class="p-bookdetails">\n      <span class="p-bi-name">\n                  <span class="author_type_1" style="display: ;">\n                                                       [\u7f8e]                <a title="\u970d\u65af\u7279\u66fc" href="http://book.jd.com/writer/%E9%9C%8D%E6%96%AF%E7%89%B9%E6%9B%BC_1.html" target="_blank"> \u970d\u65af\u7279\u66fc </a>                                        \u8457          </span>\n                            <span class="author_type_2" style="display: none;">\n                                                                     <a title="\u9648\u660a\u9e4f" href="http://book.jd.com/writer/%E9%99%88%E6%98%8A%E9%B9%8F_1.html" target="_blank"> \u9648\u660a\u9e4f </a>                                        \u8bd1          </span>\n                        </span>\n      <em>|</em>      <span class="p-bi-store">\n                  <a title="\u673a\u68b0\u5de5\u4e1a\u51fa\u7248\u793e" href="http://book.jd.com/publish/%E6%9C%BA%E6%A2%B0%E5%B7%A5%E4%B8%9A%E5%87%BA%E7%89%88%E7%A4%BE_1.html" target="_blank">\u673a\u68b0\u5de5\u4e1a\u51fa\u7248\u793e</a>\n              </span>\n      <em>|</em>      <span class="p-bi-date">\n        2008-12      </span>\n    </div>\n        <div class="p-shop hide" data-score="4" data-reputation="0" data-shopid="" data-done="1"></div>\n    <div class="p-commit"><strong>\u5df2\u6709<a target="_blank" href="http://item.jd.com/11230276.html#comments-list">4419</a>\u4eba\u8bc4\u4ef7</strong></div>\n    <div class="p-shopnum">\n      <span class="curr-shop">\u4eac\u4e1c\u81ea\u8425</span>\n    </div>\n    <div class="p-operate">\n      <a class="p-o-btn focus J_focus" data-sku="11230276" href="javascript:;">\n        <i></i>\u5173\u6ce8\n      </a>\n      <a class="p-o-btn addcart" target="_blank" href="http://gate.jd.com/InitCart.aspx?pid=11230276&amp;pcount=1&amp;ptype=1">\n        <i></i>\u52a0\u5165\u8d2d\u7269\u8f66\n      </a>\n    </div>\n    <div class="p-stock" data-isdeliveryable="5" style="display: none;"></div>\n    <div class="p-service">\u7531 \u4eac\u4e1c \u53d1\u8d27</div>\n    <div class="p-summary">\n      <a href="http://item.jd.com/11230276.html#recommend-editor" target="_blank">\u66f4\u591a&gt;</a>\n    </div>\n    <div class="p-addtocart">\n      <a data-sku="11230276" href="http://gate.jd.com/InitCart.aspx?pid=11230276&amp;pcount=1&amp;ptype=1"><i></i>\u52a0\u5165\u8d2d\u7269\u8f66</a>\n    </div>\n  </div>\n                                  </div>\n              </div>\n            </div>']
2016-01-18 16:46:47 [jd] INFO: !!!!!!!!!!!!!!!!!!!!!!!!
2016-01-18 16:46:47 [jd] INFO: !!!!!!!!!!!!!!!!!!!!!!!!
2016-01-18 16:46:47 [jd] INFO: [u'<div class="gl-i-wrap j-sku-item" data-sku="1692663420" venderid="51031" jdzy_shop_id="47718" ts_venderid="1692663420">\n  <div class="p-img">\n    <a target="_blank" href="http://item.jd.com/1692663420.html">\n                    <img width="200" height="200" data-img="1" data-lazy-img="//img10.360buyimg.com/n7/jfs/t2338/300/986747451/264256/434a1639/56387821Ne5a6fafc.jpg">\n          </a>\n      </div>\n  <div class="p-price">\n    <strong class="J_price"><em></em><i></i></strong>\n    <div class="p-icons J-pro-icons">\n          </div>\n  </div>\n  <div class="p-name">\n    <a target="_blank" title="" href="http://item.jd.com/1692663420.html">\n      <em>\u5305\u90ae\u30102015\u65b0\u7248\u3011Java\u4ece\u5165\u95e8\u5230\u7cbe\u901a(\u7b2c2\u7248) java\u7f16\u7a0b\u601d\u60f3 java\u6838\u5fc3\u6280\u672f</em>\n      <i class="promo-words"></i>\n    </a>\n  </div>\n      <div class="p-bookdetails">\n      <span class="p-bi-name">\n              </span>\n            <span class="p-bi-store">\n                  <a title="\u4eba\u6c11\u90ae\u7535\u51fa\u7248\u793e" href="http://book.jd.com/publish/%E4%BA%BA%E6%B0%91%E9%82%AE%E7%94%B5%E5%87%BA%E7%89%88%E7%A4%BE_1.html" target="_blank">\u4eba\u6c11\u90ae\u7535\u51fa\u7248\u793e</a>\n              </span>\n      <em>|</em>      <span class="p-bi-date">\n        2015-01      </span>\n    </div>\n        <div class="p-shop hide" data-score="4" data-reputation="0" data-shopid="" data-done="1"></div>\n    <div class="p-commit"><strong>\u5df2\u6709<a target="_blank" href="http://item.jd.com/1692663420.html#comments-list">7</a>\u4eba\u8bc4\u4ef7</strong></div>\n    <div class="p-shopnum">\n      <span class="curr-shop">\u4eac\u4e1c\u81ea\u8425</span>\n    </div>\n    <div class="p-operate">\n      <a class="p-o-btn focus J_focus" data-sku="1692663420" href="javascript:;">\n        <i></i>\u5173\u6ce8\n      </a>\n      <a class="p-o-btn addcart" target="_blank" href="http://gate.jd.com/InitCart.aspx?pid=1692663420&amp;pcount=1&amp;ptype=1">\n        <i></i>\u52a0\u5165\u8d2d\u7269\u8f66\n      </a>\n    </div>\n    <div class="p-stock" data-isdeliveryable="5" style="display: none;"></div>\n    <div class="p-service">\u7531 \u4eac\u4e1c \u53d1\u8d27</div>\n    <div class="p-summary">\n      <a href="http://item.jd.com/1692663420.html#recommend-editor" target="_blank">\u66f4\u591a&gt;</a>\n    </div>\n    <div class="p-addtocart">\n      <a data-sku="1692663420" href="http://gate.jd.com/InitCart.aspx?pid=1692663420&amp;pcount=1&amp;ptype=1"><i></i>\u52a0\u5165\u8d2d\u7269\u8f66</a>\n    </div>\n  </div>']
2016-01-18 16:46:47 [jd] INFO: !!!!!!!!!!!!!!!!!!!!!!!!
2016-01-18 16:46:47 [jd] INFO: !!!!!!!!!!!!!!!!!!!!!!!!
2016-01-18 16:46:47 [jd] INFO: [u'<div class="gl-i-wrap j-sku-item" data-sku="1373646901" venderid="51031" jdzy_shop_id="47718" ts_venderid="1373646901">\n  <div class="p-img">\n    <a target="_blank" href="http://item.jd.com/1373646901.html">\n                    <img width="200" height="200" data-img="1" data-lazy-img="//img11.360buyimg.com/n7/jfs/t604/49/239984966/234922/25406a62/54588cd4Nae54e6b6.jpg">\n          </a>\n      </div>\n  <div class="p-price">\n    <strong class="J_price"><em></em><i></i></strong>\n    <div class="p-icons J-pro-icons">\n          </div>\n  </div>\n  <div class="p-name">\n    <a target="_blank" title="" href="http://item.jd.com/1373646901.html">\n      <em>Java 7\u5e76\u53d1\u7f16\u7a0b\u5b9e\u6218\u624b\u518c java\u7f16\u7a0b Java 7\u591a\u7ebf\u7a0b\u5e94\u7528\u7a0b\u5e8f\u5f00\u53d1 \u4e66\u7c4d</em>\n      <i class="promo-words"></i>\n    </a>\n  </div>\n      <div class="p-bookdetails">\n      <span class="p-bi-name">\n              </span>\n            <span class="p-bi-store">\n                  <a title="\u4eba\u6c11\u90ae\u7535\u51fa\u7248\u793e" href="http://book.jd.com/publish/%E4%BA%BA%E6%B0%91%E9%82%AE%E7%94%B5%E5%87%BA%E7%89%88%E7%A4%BE_1.html" target="_blank">\u4eba\u6c11\u90ae\u7535\u51fa\u7248\u793e</a>\n              </span>\n      <em>|</em>      <span class="p-bi-date">\n        2014-12      </span>\n    </div>\n        <div class="p-shop hide" data-score="4" data-reputation="0" data-shopid="" data-done="1"></div>\n    <div class="p-commit"><strong>\u5df2\u6709<a target="_blank" href="http://item.jd.com/1373646901.html#comments-list">10</a>\u4eba\u8bc4\u4ef7</strong></div>\n    <div class="p-shopnum">\n      <span class="curr-shop">\u4eac\u4e1c\u81ea\u8425</span>\n    </div>\n    <div class="p-operate">\n      <a class="p-o-btn focus J_focus" data-sku="1373646901" href="javascript:;">\n        <i></i>\u5173\u6ce8\n      </a>\n      <a class="p-o-btn addcart" target="_blank" href="http://gate.jd.com/InitCart.aspx?pid=1373646901&amp;pcount=1&amp;ptype=1">\n        <i></i>\u52a0\u5165\u8d2d\u7269\u8f66\n      </a>\n    </div>\n    <div class="p-stock" data-isdeliveryable="5" style="display: none;"></div>\n    <div class="p-service">\u7531 \u4eac\u4e1c \u53d1\u8d27</div>\n    <div class="p-summary">\n      <a href="http://item.jd.com/1373646901.html#recommend-editor" target="_blank">\u66f4\u591a&gt;</a>\n    </div>\n    <div class="p-addtocart">\n      <a data-sku="1373646901" href="http://gate.jd.com/InitCart.aspx?pid=1373646901&amp;pcount=1&amp;ptype=1"><i></i>\u52a0\u5165\u8d2d\u7269\u8f66</a>\n    </div>\n  </div>']
2016-01-18 16:46:47 [jd] INFO: !!!!!!!!!!!!!!!!!!!!!!!!
2016-01-18 16:46:47 [jd] INFO: !!!!!!!!!!!!!!!!!!!!!!!!
2016-01-18 16:46:47 [jd] INFO: [u'<div class="gl-i-wrap j-sku-item" data-sku="1376881315" venderid="51031" jdzy_shop_id="47718" ts_venderid="1376881315">\n  <div class="p-img">\n    <a target="_blank" href="http://item.jd.com/1376881315.html">\n                    <img width="200" height="200" data-img="1" data-lazy-img="//img10.360buyimg.com/n7/jfs/t1888/68/904721424/212847/2aa24687/5639a845N038de262.jpg">\n          </a>\n      </div>\n  <div class="p-price">\n    <strong class="J_price"><em></em><i></i></strong>\n    <div class="p-icons J-pro-icons">\n          </div>\n  </div>\n  <div class="p-name">\n    <a target="_blank" title="" href="http://item.jd.com/1376881315.html">\n      <em>\u3010\u7279\u4ef7\u7279\u4fbf\u5b9c\u3011Effective Java\u4e2d\u6587\u7248(\u7b2c2\u7248) java\u4e4b\u7236\u7ecf\u5178\u597d\u4e66</em>\n      <i class="promo-words"></i>\n    </a>\n  </div>\n      <div class="p-bookdetails">\n      <span class="p-bi-name">\n              </span>\n            <span class="p-bi-store">\n                  <a title="\u673a\u68b0\u5de5\u4e1a\u51fa\u7248\u793e" href="http://book.jd.com/publish/%E6%9C%BA%E6%A2%B0%E5%B7%A5%E4%B8%9A%E5%87%BA%E7%89%88%E7%A4%BE_1.html" target="_blank">\u673a\u68b0\u5de5\u4e1a\u51fa\u7248\u793e</a>\n              </span>\n      <em>|</em>      <span class="p-bi-date">\n        2014-12      </span>\n    </div>\n        <div class="p-shop hide" data-score="4" data-reputation="0" data-shopid="" data-done="1"></div>\n    <div class="p-commit"><strong>\u5df2\u6709<a target="_blank" href="http://item.jd.com/1376881315.html#comments-list">8</a>\u4eba\u8bc4\u4ef7</strong></div>\n    <div class="p-shopnum">\n      <span class="curr-shop">\u4eac\u4e1c\u81ea\u8425</span>\n    </div>\n    <div class="p-operate">\n      <a class="p-o-btn focus J_focus" data-sku="1376881315" href="javascript:;">\n        <i></i>\u5173\u6ce8\n      </a>\n      <a class="p-o-btn addcart" target="_blank" href="http://gate.jd.com/InitCart.aspx?pid=1376881315&amp;pcount=1&amp;ptype=1">\n        <i></i>\u52a0\u5165\u8d2d\u7269\u8f66\n      </a>\n    </div>\n    <div class="p-stock" data-isdeliveryable="5" style="display: none;"></div>\n    <div class="p-service">\u7531 \u4eac\u4e1c \u53d1\u8d27</div>\n    <div class="p-summary">\n      <a href="http://item.jd.com/1376881315.html#recommend-editor" target="_blank">\u66f4\u591a&gt;</a>\n    </div>\n    <div class="p-addtocart">\n      <a data-sku="1376881315" href="http://gate.jd.com/InitCart.aspx?pid=1376881315&amp;pcount=1&amp;ptype=1"><i></i>\u52a0\u5165\u8d2d\u7269\u8f66</a>\n    </div>\n  </div>']
2016-01-18 16:46:47 [jd] INFO: !!!!!!!!!!!!!!!!!!!!!!!!
2016-01-18 16:46:48 [jd] INFO: ['skuids input error']
2016-01-18 16:46:48 [jd] INFO: XXXXXXXXXXXXXXXXX0
2016-01-18 16:46:48 [jd] INFO: ['[{', 'id', ':', 'J_10066423', ',', 'p', ':', '55.30', ',', 'm', ':', '65.80', '}]']
2016-01-18 16:46:48 [jd] INFO: ['skuids input error']
2016-01-18 16:46:48 [jd] INFO: XXXXXXXXXXXXXXXXX0
2016-01-18 16:46:48 [jd] INFO: ['[{', 'id', ':', 'J_10144196', ',', 'p', ':', '41.70', ',', 'm', ':', '49.80', '}]']
2016-01-18 16:46:48 [jd] INFO: ['[{', 'id', ':', 'J_10925839', ',', 'p', ':', '45.20', ',', 'm', ':', '49.80', '}]']
2016-01-18 16:46:48 [jd] INFO: ['[{', 'id', ':', 'J_11007799', ',', 'p', ':', '66.30', ',', 'm', ':', '78.00', '}]']
2016-01-18 16:46:48 [jd] INFO: ['[{', 'id', ':', 'J_11520670', ',', 'p', ':', '66.40', ',', 'm', ':', '79.00', '}]']
2016-01-18 16:46:48 [jd] INFO: ['[{', 'id', ':', 'J_11559101', ',', 'p', ':', '93.60', ',', 'm', ':', '108.00', '}]']
2016-01-18 16:46:48 [jd] INFO: ['[{', 'id', ':', 'J_11345721', ',', 'p', ':', '89.30', ',', 'm', ':', '119.00', '}]']
2016-01-18 16:46:48 [jd] INFO: ['[{', 'id', ':', 'J_11514816', ',', 'p', ':', '91.30', ',', 'm', ':', '109.00', '}]']
2016-01-18 16:46:48 [jd] INFO: ['[{', 'id', ':', 'J_11078102', ',', 'p', ':', '40.70', ',', 'm', ':', '59.80', '}]']
2016-01-18 16:46:48 [jd] INFO: ['skuids input error']
2016-01-18 16:46:48 [jd] INFO: XXXXXXXXXXXXXXXXX0
2016-01-18 16:46:48 [jd] INFO: ['[{', 'id', ':', 'J_10550863', ',', 'p', ':', '44.60', ',', 'm', ':', '52.00', '}]']
2016-01-18 16:46:48 [jd] INFO: ['[{', 'id', ':', 'J_10874481', ',', 'p', ':', '73.40', ',', 'm', ':', '89.00', '}]']
2016-01-18 16:46:48 [jd] INFO: ['[{', 'id', ':', 'J_11008704', ',', 'p', ':', '85.30', ',', 'm', ':', '98.00', '}]']
2016-01-18 16:46:48 [jd] INFO: ['[{', 'id', ':', 'J_11676682', ',', 'p', ':', '92.70', ',', 'm', ':', '109.00', '}]']
2016-01-18 16:46:48 [jd] INFO: ['[{', 'id', ':', 'J_10695732', ',', 'p', ':', '96.50', ',', 'm', ':', '108.00', '}]']
2016-01-18 16:46:48 [jd] INFO: ['[{', 'id', ':', 'J_11757878', ',', 'p', ':', '34.30', ',', 'm', ':', '39.00', '}]']
2016-01-18 16:46:48 [jd] INFO: ['[{', 'id', ':', 'J_11531642', ',', 'p', ':', '84.80', ',', 'm', ':', '99.80', '}]']
2016-01-18 16:46:48 [jd] INFO: ['[{', 'id', ':', 'J_11235280', ',', 'p', ':', '70.50', ',', 'm', ':', '79.80', '}]']
2016-01-18 16:46:48 [jd] INFO: ['[{', 'id', ':', 'J_11068000', ',', 'p', ':', '52.80', ',', 'm', ':', '59.80', '}]']
2016-01-18 16:46:48 [jd] INFO: ['[{', 'id', ':', 'J_11364554', ',', 'p', ':', '183.60', ',', 'm', ':', '216.00', '}]']
2016-01-18 16:46:48 [jd] INFO: ['[{', 'id', ':', 'J_1376881315', ',', 'p', ':', '35.00', ',', 'm', ':', '52.00', '}]']
2016-01-18 16:46:48 [jd] INFO: ['[{', 'id', ':', 'J_10921117', ',', 'p', ':', '68.80', ',', 'm', ':', '79.00', '}]']
2016-01-18 16:46:48 [jd] INFO: ['[{', 'id', ':', 'J_11688317', ',', 'p', ':', '41.10', ',', 'm', ':', '49.00', '}]']
2016-01-18 16:46:48 [jd] INFO: ['[{', 'id', ':', 'J_10695723', ',', 'p', ':', '59.40', ',', 'm', ':', '99.00', '}]']
2016-01-18 16:46:48 [jd] INFO: ['[{', 'id', ':', 'J_11396597', ',', 'p', ':', '52.00', ',', 'm', ':', '59.80', '}]']
2016-01-18 16:46:48 [jd] INFO: ['[{', 'id', ':', 'J_10944444', ',', 'p', ':', '34.50', ',', 'm', ':', '69.00', '}]']
2016-01-18 16:46:48 [jd] INFO: ['[{', 'id', ':', 'J_10468565', ',', 'p', ':', '34.10', ',', 'm', ':', '39.00', '}]']
2016-01-18 16:46:48 [jd] INFO: ['[{', 'id', ':', 'J_10938408', ',', 'p', ':', '56.10', ',', 'm', ':', '59.00', '}]']
2016-01-18 16:46:48 [jd] INFO: ['[{', 'id', ':', 'J_10972539', ',', 'p', ':', '42.10', ',', 'm', ':', '79.00', '}]']
2016-01-18 16:46:48 [jd] INFO: ['[{', 'id', ':', 'J_10974435', ',', 'p', ':', '88.40', ',', 'm', ':', '99.00', '}]']
2016-01-18 16:46:48 [jd] INFO: ['[{', 'id', ':', 'J_10975517', ',', 'p', ':', '54.40', ',', 'm', ':', '65.00', '}]']
2016-01-18 16:46:48 [jd] INFO: ['[{', 'id', ':', 'J_11085664', ',', 'p', ':', '37.50', ',', 'm', ':', '75.00', '}]']
2016-01-18 16:46:49 [jd] INFO: ['[{', 'id', ':', 'J_11022764', ',', 'p', ':', '63.50', ',', 'm', ':', '119.00', '}]']
2016-01-18 16:46:49 [jd] INFO: ['[{', 'id', ':', 'J_11094557', ',', 'p', ':', '58.10', ',', 'm', ':', '65.00', '}]']
2016-01-18 16:46:49 [jd] INFO: ['[{', 'id', ':', 'J_11100256', ',', 'p', ':', '61.60', ',', 'm', ':', '69.00', '}]']
2016-01-18 16:46:49 [jd] INFO: ['[{', 'id', ':', 'J_11099996', ',', 'p', ':', '56.80', ',', 'm', ':', '59.80', '}]']
2016-01-18 16:46:49 [jd] INFO: ['[{', 'id', ':', 'J_11215710', ',', 'p', ':', '30.60', ',', 'm', ':', '35.00', '}]']
2016-01-18 16:46:49 [jd] INFO: ['[{', 'id', ':', 'J_11158396', ',', 'p', ':', '51.30', ',', 'm', ':', '59.00', '}]']
2016-01-18 16:46:49 [jd] INFO: ['[{', 'id', ':', 'J_11143980', ',', 'p', ':', '65.50', ',', 'm', ':', '79.00', '}]']
2016-01-18 16:46:49 [jd] INFO: ['[{', 'id', ':', 'J_10145820', ',', 'p', ':', '50.30', ',', 'm', ':', '58.00', '}]']
2016-01-18 16:46:49 [jd] INFO: ['[{', 'id', ':', 'J_10155439', ',', 'p', ':', '59.00', ',', 'm', ':', '118.00', '}]']
2016-01-18 16:46:49 [jd] INFO: ['[{', 'id', ':', 'J_10155760', ',', 'p', ':', '55.20', ',', 'm', ':', '62.00', '}]']
2016-01-18 16:46:49 [jd] INFO: ['[{', 'id', ':', 'J_11215733', ',', 'p', ':', '71.60', ',', 'm', ':', '79.00', '}]']
2016-01-18 16:46:49 [jd] INFO: ['[{', 'id', ':', 'J_10401561', ',', 'p', ':', '44.30', ',', 'm', ':', '96.00', '}]']
2016-01-18 16:46:49 [jd] INFO: ['[{', 'id', ':', 'J_11226044', ',', 'p', ':', '43.80', ',', 'm', ':', '49.00', '}]']
2016-01-18 16:46:49 [jd] INFO: ['[{', 'id', ':', 'J_10877510', ',', 'p', ':', '50.80', ',', 'm', ':', '59.80', '}]']
2016-01-18 16:46:49 [jd] INFO: ['[{', 'id', ':', 'J_11788102', ',', 'p', ':', '49.50', ',', 'm', ':', '59.00', '}]']
2016-01-18 16:46:49 [jd] INFO: ['[{', 'id', ':', 'J_11449691', ',', 'p', ':', '49.30', ',', 'm', ':', '58.00', '}]']
2016-01-18 16:46:49 [jd] INFO: ['[{', 'id', ':', 'J_11195920', ',', 'p', ':', '70.70', ',', 'm', ':', '78.00', '}]']
2016-01-18 16:46:49 [jd] INFO: ['[{', 'id', ':', 'J_1692663420', ',', 'p', ':', '48.80', ',', 'm', ':', '69.80', '}]']
2016-01-18 16:46:49 [jd] INFO: ['[{', 'id', ':', 'J_1373646901', ',', 'p', ':', '47.00', ',', 'm', ':', '59.00', '}]']
2016-01-18 16:46:49 [jd] INFO: ['[{', 'id', ':', 'J_11583894', ',', 'p', ':', '58.70', ',', 'm', ':', '69.00', '}]']
2016-01-18 16:46:49 [jd] INFO: ['[{', 'id', ':', 'J_11831000', ',', 'p', ':', '112.60', ',', 'm', ':', '128.00', '}]']
2016-01-18 16:46:49 [jd] INFO: ['[{', 'id', ':', 'J_10993153', ',', 'p', ':', '69.50', ',', 'm', ':', '79.00', '}]']
2016-01-18 16:46:49 [jd] INFO: ['[{', 'id', ':', 'J_10003289', ',', 'p', ':', '39.00', ',', 'm', ':', '48.00', '}]']
2016-01-18 16:46:49 [jd] INFO: ['[{', 'id', ':', 'J_10041311748', ',', 'p', ':', '185.00', ',', 'm', ':', '258.00', '}]']
2016-01-18 16:46:49 [jd] INFO: ['skuids input error']
2016-01-18 16:46:49 [jd] INFO: XXXXXXXXXXXXXXXXX0
2016-01-18 16:46:49 [jd] INFO: ['[{', 'id', ':', 'J_11334161', ',', 'p', ':', '41.00', ',', 'm', ':', '49.00', '}]']
2016-01-18 16:46:49 [jd] INFO: ['[{', 'id', ':', 'J_11228633', ',', 'p', ':', '60.70', ',', 'm', ':', '69.00', '}]']
2016-01-18 16:46:49 [jd] INFO: ['skuids input error']
2016-01-18 16:46:49 [jd] INFO: XXXXXXXXXXXXXXXXX0
2016-01-18 16:46:49 [jd] INFO: ['[{', 'id', ':', 'J_11266265', ',', 'p', ':', '106.30', ',', 'm', ':', '119.00', '}]']
2016-01-18 16:46:49 [jd] INFO: ['[{', 'id', ':', 'J_11267580', ',', 'p', ':', '97.40', ',', 'm', ':', '109.00', '}]']
2016-01-18 16:46:49 [jd] INFO: ['[{', 'id', ':', 'J_11860575', ',', 'p', ':', '53.20', ',', 'm', ':', '59.80', '}]']
2016-01-18 16:46:49 [jd] INFO: ['[{', 'id', ':', 'J_11370752', ',', 'p', ':', '110.20', ',', 'm', ':', '129.60', '}]']
2016-01-18 16:46:49 [jd] INFO: ['[{', 'id', ':', 'J_11315544', ',', 'p', ':', '169.00', ',', 'm', ':', '208.00', '}]']
2016-01-18 16:46:49 [jd] INFO: ['[{', 'id', ':', 'J_11858311', ',', 'p', ':', '60.70', ',', 'm', ':', '69.00', '}]']
2016-01-18 16:46:49 [jd] INFO: ['[{', 'id', ':', 'J_10100458', ',', 'p', ':', '84.90', ',', 'm', ':', '98.00', '}]']
2016-01-18 16:46:49 [jd] INFO: ['[{', 'id', ':', 'J_10156037', ',', 'p', ':', '56.10', ',', 'm', ':', '66.00', '}]']
2016-01-18 16:46:49 [jd] INFO: ['[{', 'id', ':', 'J_10156682', ',', 'p', ':', '54.20', ',', 'm', ':', '59.80', '}]']
2016-01-18 16:46:49 [jd] INFO: ['[{', 'id', ':', 'J_10475911', ',', 'p', ':', '56.10', ',', 'm', ':', '59.00', '}]']
2016-01-18 16:46:49 [jd] INFO: ['[{', 'id', ':', 'J_10253191', ',', 'p', ':', '54.00', ',', 'm', ':', '108.00', '}]']
2016-01-18 16:46:49 [jd] INFO: ['[{', 'id', ':', 'J_10157197', ',', 'p', ':', '58.70', ',', 'm', ':', '69.00', '}]']
2016-01-18 16:46:49 [jd] INFO: ['[{', 'id', ':', 'J_10222738', ',', 'p', ':', '52.80', ',', 'm', ':', '65.00', '}]']
2016-01-18 16:46:49 [jd] INFO: ['[{', 'id', ':', 'J_10298860', ',', 'p', ':', '58.10', ',', 'm', ':', '65.00', '}]']
2016-01-18 16:46:49 [jd] INFO: ['[{', 'id', ':', 'J_10253339', ',', 'p', ':', '59.00', ',', 'm', ':', '118.00', '}]']
2016-01-18 16:46:49 [jd] INFO: ['[{', 'id', ':', 'J_10349908', ',', 'p', ':', '57.50', ',', 'm', ':', '65.00', '}]']
2016-01-18 16:46:49 [jd] INFO: ['[{', 'id', ':', 'J_10348954', ',', 'p', ':', '52.30', ',', 'm', ':', '55.00', '}]']
2016-01-18 16:46:49 [jd] INFO: ['[{', 'id', ':', 'J_10380573', ',', 'p', ':', '41.00', ',', 'm', ':', '49.00', '}]']
2016-01-18 16:46:49 [jd] INFO: ['[{', 'id', ':', 'J_10310894', ',', 'p', ':', '55.30', ',', 'm', ':', '66.00', '}]']
2016-01-18 16:46:49 [jd] INFO: ['[{', 'p', ':', '74.50', ',', 'm', ':', '89.00', ',', 'id', ':', 'J_10374007', '}]']
2016-01-18 16:46:49 [jd] INFO: ['[{', 'id', ':', 'J_10399317', ',', 'p', ':', '54.60', ',', 'm', ':', '59.00', '}]']
2016-01-18 16:46:49 [jd] INFO: ['[{', 'id', ':', 'J_10400338', ',', 'p', ':', '84.60', ',', 'm', ':', '99.50', '}]']
2016-01-18 16:46:49 [jd] INFO: ['[{', 'id', ':', 'J_10401020', ',', 'p', ':', '27.90', ',', 'm', ':', '69.80', '}]']
2016-01-18 16:46:49 [jd] INFO: ['[{', 'id', ':', 'J_10059995', ',', 'p', ':', '65.60', ',', 'm', ':', '69.00', '}]']
2016-01-18 16:46:49 [jd] INFO: ['[{', 'id', ':', 'J_10059668', ',', 'p', ':', '55.30', ',', 'm', ':', '66.00', '}]']
2016-01-18 16:46:49 [jd] INFO: ['[{', 'id', ':', 'J_10059523', ',', 'p', ':', '73.40', ',', 'm', ':', '89.00', '}]']
2016-01-18 16:46:49 [jd] INFO: ['[{', 'id', ':', 'J_10058940', ',', 'p', ':', '25.60', ',', 'm', ':', '29.00', '}]']
2016-01-18 16:46:49 [jd] INFO: ['[{', 'id', ':', 'J_10063724', ',', 'p', ':', '46.80', ',', 'm', ':', '55.00', '}]']
2016-01-18 16:46:49 [jd] INFO: ['[{', 'id', ':', 'J_10063732', ',', 'p', ':', '55.40', ',', 'm', ':', '59.00', '}]']
2016-01-18 16:46:49 [jd] INFO: ['[{', 'id', ':', 'J_10063882', ',', 'p', ':', '52.70', ',', 'm', ':', '59.00', '}]']
2016-01-18 16:46:49 [jd] INFO: ['[{', 'id', ':', 'J_10064252', ',', 'p', ':', '52.70', ',', 'm', ':', '59.00', '}]']
2016-01-18 16:46:49 [jd] INFO: ['[{', 'id', ':', 'J_10066579', ',', 'p', ':', '38.50', ',', 'm', ':', '46.00', '}]']
2016-01-18 16:46:49 [jd] INFO: ['[{', 'id', ':', 'J_10066415', ',', 'p', ':', '49.50', ',', 'm', ':', '99.00', '}]']
2016-01-18 16:46:49 [jd] INFO: ['[{', 'id', ':', 'J_10064487', ',', 'p', ':', '56.10', ',', 'm', ':', '59.00', '}]']
2016-01-18 16:46:49 [jd] INFO: ['[{', 'id', ':', 'J_10064345', ',', 'p', ':', '52.70', ',', 'm', ':', '59.00', '}]']
2016-01-18 16:46:49 [jd] INFO: ['[{', 'id', ':', 'J_10066470', ',', 'p', ':', '57.80', ',', 'm', ':', '69.00', '}]']
2016-01-18 16:46:49 [jd] INFO: ['[{', 'id', ':', 'J_10066746', ',', 'p', ':', '55.30', ',', 'm', ':', '66.00', '}]']
2016-01-18 16:46:49 [jd] INFO: ['[{', 'id', ':', 'J_10695602', ',', 'p', ':', '63.20', ',', 'm', ':', '79.00', '}]']
2016-01-18 16:46:49 [jd] INFO: ['[{', 'id', ':', 'J_10066826', ',', 'p', ':', '82.90', ',', 'm', ':', '99.00', '}]']
2016-01-18 16:46:49 [jd] INFO: ['[{', 'id', ':', 'J_11320549', ',', 'p', ':', '79.10', ',', 'm', ':', '89.80', '}]']
2016-01-18 16:46:49 [jd] INFO: ['[{', 'id', ':', 'J_10690740', ',', 'p', ':', '37.10', ',', 'm', ':', '99.00', '}]']
2016-01-18 16:46:49 [jd] INFO: ['[{', 'id', ':', 'J_11583896', ',', 'p', ':', '50.20', ',', 'm', ':', '59.00', '}]']
2016-01-18 16:46:49 [jd] INFO: ['[{', 'id', ':', 'J_11554276', ',', 'p', ':', '50.70', ',', 'm', ':', '59.90', '}]']
2016-01-18 16:46:49 [jd] INFO: ['[{', 'id', ':', 'J_11673259', ',', 'p', ':', '33.00', ',', 'm', ':', '39.00', '}]']
2016-01-18 16:46:49 [jd] INFO: ['[{', 'id', ':', 'J_11483650', ',', 'p', ':', '46.70', ',', 'm', ':', '59.80', '}]']
2016-01-18 16:46:49 [jd] INFO: ['[{', 'id', ':', 'J_11619195', ',', 'p', ':', '118.20', ',', 'm', ':', '139.00', '}]']
2016-01-18 16:46:49 [jd] INFO: ['[{', 'id', ':', 'J_11551720', ',', 'p', ':', '40.30', ',', 'm', ':', '48.80', '}]']
2016-01-18 16:46:49 [jd] INFO: ['[{', 'id', ':', 'J_11615002', ',', 'p', ':', '50.20', ',', 'm', ':', '59.00', '}]']
2016-01-18 16:46:49 [jd] INFO: ['[{', 'id', ':', 'J_10058149', ',', 'p', ':', '70.50', ',', 'm', ':', '79.00', '}]']
2016-01-18 16:46:49 [jd] INFO: ['[{', 'id', ':', 'J_11478491', ',', 'p', ':', '37.80', ',', 'm', ':', '44.50', '}]']
2016-01-18 16:46:49 [jd] INFO: ['[{', 'id', ':', 'J_11675424', ',', 'p', ':', '134.70', ',', 'm', ':', '179.60', '}]']
2016-01-18 16:46:49 [jd] INFO: ['[{', 'id', ':', 'J_11531628', ',', 'p', ':', '84.80', ',', 'm', ':', '99.80', '}]']
2016-01-18 16:46:49 [jd] INFO: ['[{', 'id', ':', 'J_11099999', ',', 'p', ':', '50.20', ',', 'm', ':', '59.00', '}]']
2016-01-18 16:46:49 [jd] INFO: ['[{', 'id', ':', 'J_11735703', ',', 'p', ':', '45.90', ',', 'm', ':', '54.00', '}]']
2016-01-18 16:46:49 [jd] INFO: ['[{', 'id', ':', 'J_1492966862', ',', 'p', ':', '117.60', ',', 'm', ':', '158.00', '}]']
2016-01-18 16:46:49 [jd] INFO: ['[{', 'id', ':', 'J_11405200', ',', 'p', ':', '33.20', ',', 'm', ':', '39.00', '}]']
2016-01-18 16:46:49 [jd] INFO: ['[{', 'id', ':', 'J_11678876', ',', 'p', ':', '58.50', ',', 'm', ':', '72.00', '}]']
2016-01-18 16:46:49 [jd] INFO: ['[{', 'id', ':', 'J_11597881', ',', 'p', ':', '33.80', ',', 'm', ':', '39.80', '}]']
2016-01-18 16:46:49 [jd] INFO: ['[{', 'id', ':', 'J_11414279', ',', 'p', ':', '51.30', ',', 'm', ':', '59.00', '}]']
2016-01-18 16:46:49 [jd] INFO: ['[{', 'id', ':', 'J_1481696209', ',', 'p', ':', '39.50', ',', 'm', ':', '59.80', '}]']
2016-01-18 16:46:49 [jd] INFO: ['[{', 'id', ':', 'J_11666421', ',', 'p', ':', '95.20', ',', 'm', ':', '119.00', '}]']
2016-01-18 16:46:49 [jd] INFO: ['[{', 'id', ':', 'J_11778521', ',', 'p', ':', '32.30', ',', 'm', ':', '38.00', '}]']
2016-01-18 16:46:49 [jd] INFO: ['[{', 'id', ':', 'J_11674495', ',', 'p', ':', '50.90', ',', 'm', ':', '59.80', '}]']
2016-01-18 16:46:49 [jd] INFO: ['[{', 'id', ':', 'J_11204878', ',', 'p', ':', '73.10', ',', 'm', ':', '86.00', '}]']
2016-01-18 16:46:49 [jd] INFO: ['[{', 'id', ':', 'J_11721937', ',', 'p', ':', '64.20', ',', 'm', ':', '79.00', '}]']
2016-01-18 16:46:49 [jd] INFO: ['[{', 'id', ':', 'J_11825215', ',', 'p', ':', '112.60', ',', 'm', ':', '128.00', '}]']
2016-01-18 16:46:49 [jd] INFO: ['[{', 'id', ':', 'J_11365562', ',', 'p', ':', '78.30', ',', 'm', ':', '89.00', '}]']
2016-01-18 16:46:49 [jd] INFO: ['[{', 'id', ':', 'J_11313001', ',', 'p', ':', '68.70', ',', 'm', ':', '79.00', '}]']
2016-01-18 16:46:49 [jd] INFO: ['[{', 'id', ':', 'J_11737525', ',', 'p', ':', '33.20', ',', 'm', ':', '39.00', '}]']
2016-01-18 16:46:50 [jd] INFO: ['[{', 'id', ':', 'J_11757874', ',', 'p', ':', '34.30', ',', 'm', ':', '39.00', '}]']
2016-01-18 16:46:50 [jd] INFO: ['[{', 'id', ':', 'J_11686232', ',', 'p', ':', '48.70', ',', 'm', ':', '59.00', '}]']
2016-01-18 16:46:50 [jd] INFO: ['[{', 'id', ':', 'J_10954266', ',', 'p', ':', '55.50', ',', 'm', ':', '69.00', '}]']
2016-01-18 16:46:50 [jd] INFO: ['[{', 'id', ':', 'J_10995997', ',', 'p', ':', '56.90', ',', 'm', ':', '59.90', '}]']
2016-01-18 16:46:50 [jd] INFO: ['[{', 'id', ':', 'J_11268157', ',', 'p', ':', '83.30', ',', 'm', ':', '98.00', '}]']
2016-01-18 16:46:50 [jd] INFO: ['[{', 'id', ':', 'J_10705165', ',', 'p', ':', '66.00', ',', 'm', ':', '75.00', '}]']
2016-01-18 16:46:50 [jd] INFO: ['[{', 'id', ':', 'J_11372522', ',', 'p', ':', '77.40', ',', 'm', ':', '89.00', '}]']
2016-01-18 16:46:50 [jd] INFO: ['[{', 'id', ':', 'J_10854658', ',', 'p', ':', '22.40', ',', 'm', ':', '59.80', '}]']
2016-01-18 16:46:50 [jd] INFO: ['[{', 'id', ':', 'J_11597883', ',', 'p', ':', '61.70', ',', 'm', ':', '69.80', '}]']
2016-01-18 16:46:50 [jd] INFO: ['[{', 'id', ':', 'J_11592496', ',', 'p', ':', '70.50', ',', 'm', ':', '79.80', '}]']
2016-01-18 16:46:50 [jd] INFO: ['[{', 'id', ':', 'J_11494929', ',', 'p', ':', '64.60', ',', 'm', ':', '76.00', '}]']
2016-01-18 16:46:50 [jd] INFO: ['[{', 'id', ':', 'J_11825782', ',', 'p', ':', '112.60', ',', 'm', ':', '128.00', '}]']
2016-01-18 16:46:50 [jd] INFO: ['[{', 'id', ':', 'J_1257259160', ',', 'p', ':', '59.50', ',', 'm', ':', '79.00', '}]']
2016-01-18 16:46:50 [jd] INFO: ['[{', 'id', ':', 'J_10746087', ',', 'p', ':', '54.90', ',', 'm', ':', '65.00', '}]']
2016-01-18 16:46:50 [jd] INFO: ['[{', 'id', ':', 'J_10306897', ',', 'p', ':', '58.70', ',', 'm', ':', '69.00', '}]']
2016-01-18 16:46:50 [jd] INFO: ['[{', 'id', ':', 'J_1521523892', ',', 'p', ':', '63.00', ',', 'm', ':', '79.80', '}]']
2016-01-18 16:46:50 [jd] INFO: ['[{', 'id', ':', 'J_1226644329', ',', 'p', ':', '63.20', ',', 'm', ':', '79.00', '}]']
2016-01-18 16:46:50 [jd] INFO: ['[{', 'id', ':', 'J_1539331675', ',', 'p', ':', '59.80', ',', 'm', ':', '59.80', '}]']
2016-01-18 16:46:50 [jd] INFO: ['[{', 'id', ':', 'J_1253691521', ',', 'p', ':', '52.00', ',', 'm', ':', '69.80', '}]']
2016-01-18 16:46:50 [jd] INFO: ['[{', 'id', ':', 'J_1492308970', ',', 'p', ':', '63.00', ',', 'm', ':', '79.00', '}]']
2016-01-18 16:46:50 [jd] INFO: ['[{', 'id', ':', 'J_10473045', ',', 'p', ':', '43.80', ',', 'm', ':', '49.00', '}]']
2016-01-18 16:46:50 [jd] INFO: ['[{', 'id', ':', 'J_11346397', ',', 'p', ':', '62.70', ',', 'm', ':', '69.00', '}]']
2016-01-18 16:46:50 [jd] INFO: ['[{', 'id', ':', 'J_10477015', ',', 'p', ':', '54.40', ',', 'm', ':', '65.00', '}]']
2016-01-18 16:46:50 [jd] INFO: ['[{', 'id', ':', 'J_10477918', ',', 'p', ':', '61.10', ',', 'm', ':', '69.80', '}]']
2016-01-18 16:46:50 [jd] INFO: ['[{', 'id', ':', 'J_10476911', ',', 'p', ':', '58.10', ',', 'm', ':', '65.00', '}]']
2016-01-18 16:46:50 [jd] INFO: ['[{', 'id', ':', 'J_10478269', ',', 'p', ':', '62.80', ',', 'm', ':', '75.00', '}]']
2016-01-18 16:46:50 [jd] INFO: ['[{', 'id', ':', 'J_10490700', ',', 'p', ':', '60.70', ',', 'm', ':', '69.00', '}]']
2016-01-18 16:46:50 [jd] INFO: ['[{', 'id', ':', 'J_10501157', ',', 'p', ':', '74.50', ',', 'm', ':', '89.00', '}]']
2016-01-18 16:46:50 [jd] INFO: ['[{', 'id', ':', 'J_10538729', ',', 'p', ':', '83.60', ',', 'm', ':', '99.80', '}]']
2016-01-18 16:46:50 [jd] INFO: ['[{', 'id', ':', 'J_10545459', ',', 'p', ':', '56.30', ',', 'm', ':', '63.00', '}]']
2016-01-18 16:46:50 [jd] INFO: ['[{', 'id', ':', 'J_10616754', ',', 'p', ':', '56.10', ',', 'm', ':', '59.00', '}]']
2016-01-18 16:46:50 [jd] INFO: ['[{', 'id', ':', 'J_10505081', ',', 'p', ':', '59.50', ',', 'm', ':', '69.00', '}]']
2016-01-18 16:46:50 [jd] INFO: ['[{', 'id', ':', 'J_10687322', ',', 'p', ':', '23.40', ',', 'm', ':', '39.00', '}]']
2016-01-18 16:46:50 [jd] INFO: ['[{', 'id', ':', 'J_10591299', ',', 'p', ':', '82.90', ',', 'm', ':', '99.00', '}]']
2016-01-18 16:46:50 [jd] INFO: ['[{', 'id', ':', 'J_10616756', ',', 'p', ':', '61.80', ',', 'm', ':', '65.00', '}]']
2016-01-18 16:46:50 [jd] INFO: ['[{', 'id', ':', 'J_10066883', ',', 'p', ':', '62.80', ',', 'm', ':', '75.00', '}]']
2016-01-18 16:46:50 [jd] INFO: ['[{', 'id', ':', 'J_10067396', ',', 'p', ':', '66.80', ',', 'm', ':', '79.80', '}]']
2016-01-18 16:46:50 [jd] INFO: ['[{', 'id', ':', 'J_10067520', ',', 'p', ':', '57.80', ',', 'm', ':', '69.00', '}]']
2016-01-18 16:46:50 [jd] INFO: ['[{', 'id', ':', 'J_10078868', ',', 'p', ':', '33.60', ',', 'm', ':', '39.00', '}]']
2016-01-18 16:46:50 [jd] INFO: ['[{', 'id', ':', 'J_10078486', ',', 'p', ':', '18.00', ',', 'm', ':', '39.00', '}]']
2016-01-18 16:46:50 [jd] INFO: ['[{', 'id', ':', 'J_10067768', ',', 'p', ':', '57.80', ',', 'm', ':', '69.00', '}]']
2016-01-18 16:46:50 [jd] INFO: ['[{', 'id', ':', 'J_10067414', ',', 'p', ':', '57.80', ',', 'm', ':', '69.00', '}]']
2016-01-18 16:46:50 [jd] INFO: ['[{', 'id', ':', 'J_10078863', ',', 'p', ':', '24.50', ',', 'm', ':', '28.00', '}]']
2016-01-18 16:46:50 [jd] INFO: ['[{', 'id', ':', 'J_10079271', ',', 'p', ':', '91.50', ',', 'm', ':', '98.00', '}]']
2016-01-18 16:46:50 [jd] INFO: ['[{', 'id', ':', 'J_10079109', ',', 'p', ':', '50.90', ',', 'm', ':', '59.90', '}]']
2016-01-18 16:46:50 [jd] INFO: ['[{', 'id', ':', 'J_10079404', ',', 'p', ':', '15.90', ',', 'm', ':', '39.80', '}]']
2016-01-18 16:46:50 [jd] INFO: ['[{', 'id', ':', 'J_10079680', ',', 'p', ':', '51.60', ',', 'm', ':', '59.80', '}]']
2016-01-18 16:46:50 [jd] INFO: ['[{', 'id', ':', 'J_10079927', ',', 'p', ':', '67.80', ',', 'm', ':', '79.80', '}]']
2016-01-18 16:46:50 [jd] INFO: ['[{', 'id', ':', 'J_11407830', ',', 'p', ':', '92.20', ',', 'm', ':', '109.00', '}]']
2016-01-18 16:46:50 [jd] INFO: ['[{', 'id', ':', 'J_10080309', ',', 'p', ':', '75.70', ',', 'm', ':', '89.00', '}]']
2016-01-18 16:46:50 [jd] INFO: ['[{', 'id', ':', 'J_10080292', ',', 'p', ':', '47.60', ',', 'm', ':', '56.00', '}]']
2016-01-18 16:46:50 [jd] INFO: ['[{', 'id', ':', 'J_11269625', ',', 'p', ':', '75.70', ',', 'm', ':', '89.00', '}]']
2016-01-18 16:46:50 [jd] INFO: ['[{', 'id', ':', 'J_11775285', ',', 'p', ':', '63.20', ',', 'm', ':', '79.00', '}]']
2016-01-18 16:46:50 [jd] INFO: ['[{', 'id', ':', 'J_11343640', ',', 'p', ':', '61.60', ',', 'm', ':', '69.80', '}]']
2016-01-18 16:46:50 [jd] INFO: ['[{', 'id', ':', 'J_10401559', ',', 'p', ':', '84.30', ',', 'm', ':', '96.00', '}]']
2016-01-18 16:46:50 [jd] INFO: ['[{', 'id', ':', 'J_11800589', ',', 'p', ':', '61.40', ',', 'm', ':', '69.00', '}]']
2016-01-18 16:46:50 [jd] INFO: ['[{', 'id', ':', 'J_11113845', ',', 'p', ':', '39.50', ',', 'm', ':', '79.00', '}]']
2016-01-18 16:46:50 [jd] INFO: ['[{', 'id', ':', 'J_10080110', ',', 'p', ':', '72.40', ',', 'm', ':', '79.80', '}]']
2016-01-18 16:46:50 [jd] INFO: ['[{', 'id', ':', 'J_11599588', ',', 'p', ':', '71.20', ',', 'm', ':', '89.00', '}]']
2016-01-18 16:46:50 [jd] INFO: ['[{', 'id', ':', 'J_11687609', ',', 'p', ':', '67.80', ',', 'm', ':', '79.80', '}]']
2016-01-18 16:46:50 [jd] INFO: ['[{', 'id', ':', 'J_11671874', ',', 'p', ':', '57.60', ',', 'm', ':', '68.00', '}]']
2016-01-18 16:46:50 [jd] INFO: ['[{', 'id', ':', 'J_11358580', ',', 'p', ':', '67.80', ',', 'm', ':', '79.00', '}]']
2016-01-18 16:46:50 [jd] INFO: ['[{', 'id', ':', 'J_11343650', ',', 'p', ':', '59.30', ',', 'm', ':', '69.80', '}]']
2016-01-18 16:46:50 [jd] INFO: ['[{', 'id', ':', 'J_1394398542', ',', 'p', ':', '73.80', ',', 'm', ':', '108.00', '}]']
2016-01-18 16:46:50 [jd] INFO: ['[{', 'id', ':', 'J_10982140', ',', 'p', ':', '85.30', ',', 'm', ':', '98.00', '}]']
2016-01-18 16:46:50 [jd] INFO: ['[{', 'id', ':', 'J_1043526450', ',', 'p', ':', '64.10', ',', 'm', ':', '89.00', '}]']
2016-01-18 16:46:50 [jd] INFO: ['[{', 'id', ':', 'J_11356406', ',', 'p', ':', '77.40', ',', 'm', ':', '89.00', '}]']
2016-01-18 16:46:50 [jd] INFO: ['[{', 'id', ':', 'J_11204852', ',', 'p', ':', '64.60', ',', 'm', ':', '76.00', '}]']
2016-01-18 16:46:50 [jd] INFO: ['[{', 'id', ':', 'J_10143812', ',', 'p', ':', '83.30', ',', 'm', ':', '98.00', '}]']
2016-01-18 16:46:50 [jd] INFO: ['[{', 'id', ':', 'J_11155648', ',', 'p', ':', '41.50', ',', 'm', ':', '49.00', '}]']
2016-01-18 16:46:50 [jd] INFO: ['[{', 'id', ':', 'J_11761109', ',', 'p', ':', '41.70', ',', 'm', ':', '49.00', '}]']
2016-01-18 16:46:50 [jd] INFO: ['[{', 'id', ':', 'J_11294333', ',', 'p', ':', '86.10', ',', 'm', ':', '99.00', '}]']
2016-01-18 16:46:50 [jd] INFO: ['[{', 'id', ':', 'J_1417557860', ',', 'p', ':', '72.00', ',', 'm', ':', '96.00', '}]']
2016-01-18 16:46:50 [jd] INFO: ['[{', 'id', ':', 'J_11520818', ',', 'p', ':', '108.50', ',', 'm', ':', '128.00', '}]']
2016-01-18 16:46:50 [jd] INFO: ['[{', 'id', ':', 'J_11825971', ',', 'p', ':', '112.60', ',', 'm', ':', '128.00', '}]']
2016-01-18 16:46:50 [jd] INFO: ['[{', 'id', ':', 'J_11398601', ',', 'p', ':', '50.20', ',', 'm', ':', '59.00', '}]']
2016-01-18 16:46:50 [jd] INFO: ['[{', 'id', ':', 'J_11553443', ',', 'p', ':', '42.30', ',', 'm', ':', '49.80', '}]']
2016-01-18 16:46:50 [jd] INFO: ['[{', 'id', ':', 'J_11365561', ',', 'p', ':', '55.50', ',', 'm', ':', '69.00', '}]']
2016-01-18 16:46:50 [jd] INFO: ['[{', 'id', ':', 'J_11320552', ',', 'p', ':', '64.20', ',', 'm', ':', '89.80', '}]']
2016-01-18 16:46:50 [jd] INFO: ['[{', 'id', ':', 'J_11349422', ',', 'p', ':', '67.20', ',', 'm', ':', '79.00', '}]']
2016-01-18 16:46:50 [jd] INFO: ['skuids input error']
2016-01-18 16:46:50 [jd] INFO: XXXXXXXXXXXXXXXXX0
2016-01-18 16:46:50 [jd] INFO: ['[{', 'id', ':', 'J_11675423', ',', 'p', ':', '134.70', ',', 'm', ':', '179.60', '}]']
2016-01-18 16:46:50 [jd] INFO: ['[{', 'id', ':', 'J_11821339', ',', 'p', ':', '67.20', ',', 'm', ':', '79.00', '}]']
2016-01-18 16:46:50 [jd] INFO: ['[{', 'id', ':', 'J_11253426', ',', 'p', ':', '41.40', ',', 'm', ':', '49.00', '}]']
2016-01-18 16:46:50 [jd] INFO: ['[{', 'id', ':', 'J_11216937', ',', 'p', ':', '46.70', ',', 'm', ':', '55.00', '}]']
2016-01-18 16:46:50 [jd] INFO: ['[{', 'id', ':', 'J_11644150', ',', 'p', ':', '58.70', ',', 'm', ':', '69.00', '}]']
2016-01-18 16:46:50 [jd] INFO: ['[{', 'id', ':', 'J_1496315187', ',', 'p', ':', '53.50', ',', 'm', ':', '79.00', '}]']
2016-01-18 16:46:50 [jd] INFO: ['[{', 'id', ':', 'J_10814897', ',', 'p', ':', '56.60', ',', 'm', ':', '65.00', '}]']
2016-01-18 16:46:50 [jd] INFO: ['[{', 'id', ':', 'J_10255674', ',', 'p', ':', '58.30', ',', 'm', ':', '69.00', '}]']
2016-01-18 16:46:50 [jd] INFO: ['[{', 'id', ':', 'J_1558306770', ',', 'p', ':', '53.80', ',', 'm', ':', '75.00', '}]']
2016-01-18 16:46:50 [jd] INFO: ['[{', 'id', ':', 'J_10980252', ',', 'p', ':', '47.20', ',', 'm', ':', '59.00', '}]']
2016-01-18 16:46:50 [jd] INFO: ['[{', 'id', ':', 'J_10079184', ',', 'p', ':', '45.70', ',', 'm', ':', '49.00', '}]']
2016-01-18 16:46:50 [jd] INFO: ['[{', 'id', ':', 'J_11465883', ',', 'p', ':', '62.70', ',', 'm', ':', '69.00', '}]']
2016-01-18 16:46:50 [jd] INFO: ['[{', 'id', ':', 'J_10746257', ',', 'p', ':', '62.60', ',', 'm', ':', '79.00', '}]']
2016-01-18 16:46:50 [jd] INFO: ['[{', 'id', ':', 'J_11186951', ',', 'p', ':', '63.40', ',', 'm', ':', '79.00', '}]']
2016-01-18 16:46:50 [jd] INFO: ['[{', 'id', ':', 'J_11151620', ',', 'p', ':', '41.50', ',', 'm', ':', '44.50', '}]']
2016-01-18 16:46:50 [jd] INFO: ['[{', 'id', ':', 'J_10690722', ',', 'p', ':', '89.80', ',', 'm', ':', '99.00', '}]']
2016-01-18 16:46:50 [jd] INFO: ['[{', 'id', ':', 'J_11447848', ',', 'p', ':', '39.40', ',', 'm', ':', '49.00', '}]']
2016-01-18 16:46:50 [jd] INFO: ['[{', 'id', ':', 'J_10687326', ',', 'p', ':', '58.50', ',', 'm', ':', '69.80', '}]']
2016-01-18 16:46:50 [jd] INFO: ['[{', 'id', ':', 'J_11163173', ',', 'p', ':', '42.20', ',', 'm', ':', '49.80', '}]']
2016-01-18 16:46:50 [jd] INFO: ['[{', 'id', ':', 'J_10697182', ',', 'p', ':', '55.50', ',', 'm', ':', '69.00', '}]']
2016-01-18 16:46:50 [jd] INFO: ['[{', 'id', ':', 'J_11598663', ',', 'p', ':', '84.20', ',', 'm', ':', '99.00', '}]']
2016-01-18 16:46:50 [jd] INFO: ['[{', 'id', ':', 'J_10701707', ',', 'p', ':', '31.90', ',', 'm', ':', '79.80', '}]']
2016-01-18 16:46:50 [jd] INFO: ['[{', 'id', ':', 'J_10701705', ',', 'p', ':', '34.20', ',', 'm', ':', '79.80', '}]']
2016-01-18 16:46:50 [jd] INFO: ['[{', 'id', ':', 'J_10745983', ',', 'p', ':', '52.40', ',', 'm', ':', '59.00', '}]']
2016-01-18 16:46:50 [jd] INFO: ['[{', 'id', ':', 'J_10710578', ',', 'p', ':', '38.50', ',', 'm', ':', '46.00', '}]']
2016-01-18 16:46:51 [jd] INFO: ['[{', 'id', ':', 'J_10710567', ',', 'p', ':', '41.70', ',', 'm', ':', '49.80', '}]']
2016-01-18 16:46:51 [jd] INFO: ['[{', 'id', ':', 'J_10710568', ',', 'p', ':', '58.50', ',', 'm', ':', '69.80', '}]']
2016-01-18 16:46:51 [jd] INFO: ['[{', 'id', ':', 'J_10746313', ',', 'p', ':', '53.10', ',', 'm', ':', '59.80', '}]']
2016-01-18 16:46:51 [jd] INFO: ['[{', 'id', ':', 'J_10742424', ',', 'p', ':', '61.20', ',', 'm', ':', '69.00', '}]']
2016-01-18 16:46:51 [jd] INFO: ['[{', 'id', ':', 'J_10746596', ',', 'p', ':', '57.70', ',', 'm', ':', '65.00', '}]']
2016-01-18 16:46:51 [jd] INFO: ['[{', 'id', ':', 'J_10746565', ',', 'p', ':', '55.90', ',', 'm', ':', '59.00', '}]']
2016-01-18 16:46:51 [jd] INFO: ['[{', 'id', ':', 'J_10080628', ',', 'p', ':', '84.20', ',', 'm', ':', '99.00', '}]']
2016-01-18 16:46:51 [jd] INFO: ['[{', 'id', ':', 'J_10094286', ',', 'p', ':', '78.60', ',', 'm', ':', '88.00', '}]']
2016-01-18 16:46:51 [jd] INFO: ['[{', 'id', ':', 'J_10100810', ',', 'p', ':', '55.30', ',', 'm', ':', '65.00', '}]']
2016-01-18 16:46:51 [jd] INFO: ['[{', 'id', ':', 'J_10080826', ',', 'p', ':', '25.60', ',', 'm', ':', '59.80', '}]']
2016-01-18 16:46:51 [jd] INFO: ['[{', 'id', ':', 'J_10100256', ',', 'p', ':', '60.50', ',', 'm', ':', '69.80', '}]']
2016-01-18 16:46:51 [jd] INFO: ['[{', 'id', ':', 'J_10080683', ',', 'p', ':', '61.10', ',', 'm', ':', '66.00', '}]']
2016-01-18 16:46:51 [jd] INFO: ['[{', 'id', ':', 'J_10123025', ',', 'p', ':', '53.40', ',', 'm', ':', '59.80', '}]']
2016-01-18 16:46:51 [jd] INFO: ['[{', 'id', ':', 'J_10132427', ',', 'p', ':', '51.80', ',', 'm', ':', '58.00', '}]']
2016-01-18 16:46:51 [jd] INFO: ['[{', 'id', ':', 'J_10133344', ',', 'p', ':', '63.20', ',', 'm', ':', '68.00', '}]']
2016-01-18 16:46:51 [jd] INFO: ['[{', 'id', ':', 'J_10137938', ',', 'p', ':', '62.80', ',', 'm', ':', '75.00', '}]']
2016-01-18 16:46:51 [jd] INFO: ['[{', 'id', ':', 'J_10137821', ',', 'p', ':', '57.80', ',', 'm', ':', '69.00', '}]']
2016-01-18 16:46:51 [jd] INFO: ['[{', 'id', ':', 'J_10136445', ',', 'p', ':', '52.80', ',', 'm', ':', '65.00', '}]']
2016-01-18 16:46:51 [jd] INFO: ['[{', 'id', ':', 'J_10133832', ',', 'p', ':', '51.80', ',', 'm', ':', '58.00', '}]']
2016-01-18 16:46:51 [jd] INFO: ['[{', 'id', ':', 'J_10134294', ',', 'p', ':', '58.70', ',', 'm', ':', '69.00', '}]']
2016-01-18 16:46:51 [jd] INFO: ['[{', 'id', ':', 'J_11078100', ',', 'p', ':', '61.60', ',', 'm', ':', '69.80', '}]']
2016-01-18 16:46:51 [jd] INFO: ['[{', 'id', ':', 'J_10138102', ',', 'p', ':', '54.40', ',', 'm', ':', '65.00', '}]']
2016-01-18 16:46:51 [jd] INFO: ['[{', 'id', ':', 'J_10067435', ',', 'p', ':', '63.70', ',', 'm', ':', '75.00', '}]']
2016-01-18 16:46:51 [jd] INFO: ['[{', 'id', ':', 'J_10311441', ',', 'p', ':', '67.20', ',', 'm', ':', '79.00', '}]']
2016-01-18 16:46:51 [jd] INFO: ['[{', 'id', ':', 'J_11525283', ',', 'p', ':', '67.20', ',', 'm', ':', '79.00', '}]']
2016-01-18 16:46:51 [jd] INFO: ['[{', 'id', ':', 'J_11256776', ',', 'p', ':', '67.80', ',', 'm', ':', '79.80', '}]']
2016-01-18 16:46:51 [jd] INFO: ['[{', 'id', ':', 'J_11741166', ',', 'p', ':', '66.80', ',', 'm', ':', '85.00', '}]']
2016-01-18 16:46:51 [jd] INFO: ['[{', 'id', ':', 'J_11324152', ',', 'p', ':', '54.90', ',', 'm', ':', '69.00', '}]']
2016-01-18 16:46:51 [jd] INFO: ['[{', 'id', ':', 'J_11449803', ',', 'p', ':', '51.80', ',', 'm', ':', '65.00', '}]']
2016-01-18 16:46:51 [jd] INFO: ['[{', 'id', ':', 'J_11409707', ',', 'p', ':', '96.60', ',', 'm', ':', '139.00', '}]']
2016-01-18 16:46:51 [jd] INFO: ['[{', 'id', ':', 'J_11553647', ',', 'p', ':', '55.20', ',', 'm', ':', '69.00', '}]']
2016-01-18 16:46:51 [jd] INFO: ['[{', 'id', ':', 'J_10063390', ',', 'p', ':', '79.50', ',', 'm', ':', '89.00', '}]']
2016-01-18 16:46:51 [jd] INFO: ['[{', 'id', ':', 'J_11670385', ',', 'p', ':', '67.20', ',', 'm', ':', '79.00', '}]']
2016-01-18 16:46:51 [jd] INFO: ['[{', 'id', ':', 'J_11494704', ',', 'p', ':', '40.20', ',', 'm', ':', '49.00', '}]']
2016-01-18 16:46:51 [jd] INFO: ['[{', 'id', ':', 'J_11544991', ',', 'p', ':', '68.30', ',', 'm', ':', '78.00', '}]']
2016-01-18 16:46:51 [jd] INFO: ['[{', 'id', ':', 'J_11703581', ',', 'p', ':', '63.20', ',', 'm', ':', '79.00', '}]']
2016-01-18 16:46:51 [jd] INFO: ['[{', 'id', ':', 'J_11788303', ',', 'p', ':', '40.40', ',', 'm', ':', '49.00', '}]']
2016-01-18 16:46:51 [jd] INFO: ['[{', 'id', ':', 'J_10922250', ',', 'p', ':', '51.30', ',', 'm', ':', '69.00', '}]']
2016-01-18 16:46:51 [jd] INFO: ['[{', 'id', ':', 'J_11390426', ',', 'p', ':', '66.20', ',', 'm', ':', '78.00', '}]']
2016-01-18 16:46:51 [jd] INFO: ['[{', 'id', ':', 'J_11586638', ',', 'p', ':', '23.70', ',', 'm', ':', '28.00', '}]']
2016-01-18 16:46:51 [jd] INFO: ['[{', 'id', ':', 'J_11025556', ',', 'p', ':', '31.40', ',', 'm', ':', '35.00', '}]']
2016-01-18 16:46:51 [jd] INFO: ['[{', 'id', ':', 'J_1754785547', ',', 'p', ':', '59.20', ',', 'm', ':', '79.00', '}]']
2016-01-18 16:46:51 [jd] INFO: ['[{', 'id', ':', 'J_10058440', ',', 'p', ':', '64.60', ',', 'm', ':', '68.00', '}]']
2016-01-18 16:46:51 [jd] INFO: ['[{', 'id', ':', 'J_10058439', ',', 'p', ':', '54.50', ',', 'm', ':', '66.00', '}]']
2016-01-18 16:46:51 [jd] INFO: ['[{', 'id', ':', 'J_10058422', ',', 'p', ':', '62.70', ',', 'm', ':', '66.00', '}]']
2016-01-18 16:46:51 [jd] INFO: ['[{', 'id', ':', 'J_11789213', ',', 'p', ':', '61.80', ',', 'm', ':', '76.00', '}]']
2016-01-18 16:46:51 [jd] INFO: ['[{', 'id', ':', 'J_11693896', ',', 'p', ':', '79.20', ',', 'm', ':', '99.00', '}]']
2016-01-18 16:46:51 [jd] INFO: ['[{', 'id', ':', 'J_11498791', ',', 'p', ':', '63.00', ',', 'm', ':', '79.00', '}]']
2016-01-18 16:46:51 [jd] INFO: ['[{', 'id', ':', 'J_11785190', ',', 'p', ':', '50.20', ',', 'm', ':', '59.00', '}]']
2016-01-18 16:46:51 [jd] INFO: ['[{', 'id', ':', 'J_1028096295', ',', 'p', ':', '56.00', ',', 'm', ':', '79.00', '}]']
2016-01-18 16:46:51 [jd] INFO: ['[{', 'id', ':', 'J_11631886', ',', 'p', ':', '58.70', ',', 'm', ':', '69.00', '}]']
2016-01-18 16:46:51 [jd] INFO: ['[{', 'id', ':', 'J_11663326', ',', 'p', ':', '37.80', ',', 'm', ':', '44.50', '}]']
2016-01-18 16:46:51 [jd] INFO: ['[{', 'id', ':', 'J_11615429', ',', 'p', ':', '59.30', ',', 'm', ':', '69.80', '}]']
2016-01-18 16:46:51 [jd] INFO: ['[{', 'id', ':', 'J_11706272', ',', 'p', ':', '79.20', ',', 'm', ':', '99.00', '}]']
2016-01-18 16:46:51 [jd] INFO: ['[{', 'id', ':', 'J_11542456', ',', 'p', ':', '75.60', ',', 'm', ':', '89.00', '}]']
2016-01-18 16:46:51 [jd] INFO: ['[{', 'id', ':', 'J_10582435', ',', 'p', ':', '56.10', ',', 'm', ':', '69.00', '}]']
2016-01-18 16:46:51 [jd] INFO: ['[{', 'id', ':', 'J_11826182', ',', 'p', ':', '55.20', ',', 'm', ':', '69.00', '}]']
2016-01-18 16:46:51 [jd] INFO: ['[{', 'id', ':', 'J_11689740', ',', 'p', ':', '81.70', ',', 'm', ':', '99.00', '}]']
2016-01-18 16:46:51 [jd] INFO: ['[{', 'id', ':', 'J_11307260', ',', 'p', ':', '63.60', ',', 'm', ':', '79.00', '}]']
2016-01-18 16:46:51 [jd] INFO: ['[{', 'id', ':', 'J_10854653', ',', 'p', ':', '31.40', ',', 'm', ':', '68.00', '}]']
2016-01-18 16:46:51 [jd] INFO: ['[{', 'id', ':', 'J_11613152', ',', 'p', ':', '63.30', ',', 'm', ':', '69.80', '}]']
2016-01-18 16:46:51 [jd] INFO: ['[{', 'id', ':', 'J_11045511', ',', 'p', ':', '107.00', ',', 'm', ':', '118.00', '}]']
2016-01-18 16:46:51 [jd] INFO: ['[{', 'id', ':', 'J_11495324', ',', 'p', ':', '66.60', ',', 'm', ':', '82.00', '}]']
2016-01-18 16:46:51 [jd] INFO: ['[{', 'id', ':', 'J_11075718', ',', 'p', ':', '84.20', ',', 'm', ':', '99.00', '}]']
2016-01-18 16:46:51 [jd] INFO: ['[{', 'id', ':', 'J_11103306', ',', 'p', ':', '108.70', ',', 'm', ':', '128.00', '}]']
2016-01-18 16:46:51 [jd] INFO: ['[{', 'id', ':', 'J_10927992', ',', 'p', ':', '33.90', ',', 'm', ':', '39.00', '}]']
2016-01-18 16:46:51 [jd] INFO: ['[{', 'id', ':', 'J_10704980', ',', 'p', ':', '63.70', ',', 'm', ':', '79.80', '}]']
2016-01-18 16:46:51 [jd] INFO: ['[{', 'id', ':', 'J_11053132', ',', 'p', ':', '63.60', ',', 'm', ':', '79.00', '}]']
2016-01-18 16:46:51 [jd] INFO: ['[{', 'id', ':', 'J_11778526', ',', 'p', ':', '52.70', ',', 'm', ':', '62.00', '}]']
2016-01-18 16:46:51 [jd] INFO: ['[{', 'id', ':', 'J_10977150', ',', 'p', ':', '30.50', ',', 'm', ':', '35.00', '}]']
2016-01-18 16:46:51 [jd] INFO: ['[{', 'id', ':', 'J_11253091', ',', 'p', ':', '55.10', ',', 'm', ':', '69.00', '}]']
2016-01-18 16:46:51 [jd] INFO: ['[{', 'id', ':', 'J_11478583', ',', 'p', ':', '40.20', ',', 'm', ':', '45.00', '}]']
2016-01-18 16:46:51 [jd] INFO: ['[{', 'id', ':', 'J_10878933', ',', 'p', ':', '62.60', ',', 'm', ':', '69.00', '}]']
2016-01-18 16:46:51 [jd] INFO: ['[{', 'id', ':', 'J_10797773', ',', 'p', ':', '67.20', ',', 'm', ':', '79.00', '}]']
2016-01-18 16:46:51 [jd] INFO: ['[{', 'id', ':', 'J_10779574', ',', 'p', ':', '54.40', ',', 'm', ':', '64.00', '}]']
2016-01-18 16:46:51 [jd] INFO: ['[{', 'id', ':', 'J_10804900', ',', 'p', ':', '44.90', ',', 'm', ':', '89.80', '}]']
2016-01-18 16:46:51 [jd] INFO: ['[{', 'id', ':', 'J_10804901', ',', 'p', ':', '75.20', ',', 'm', ':', '89.80', '}]']
2016-01-18 16:46:51 [jd] INFO: ['[{', 'id', ':', 'J_10100140', ',', 'p', ':', '69.10', ',', 'm', ':', '85.00', '}]']
2016-01-18 16:46:51 [jd] INFO: ['[{', 'id', ':', 'J_10808066', ',', 'p', ':', '31.90', ',', 'm', ':', '59.80', '}]']
2016-01-18 16:46:51 [jd] INFO: ['[{', 'id', ':', 'J_10814895', ',', 'p', ':', '61.50', ',', 'm', ':', '65.00', '}]']
2016-01-18 16:46:51 [jd] INFO: ['[{', 'id', ':', 'J_10814910', ',', 'p', ':', '60.40', ',', 'm', ':', '68.00', '}]']
2016-01-18 16:46:51 [jd] INFO: ['[{', 'id', ':', 'J_10843146', ',', 'p', ':', '29.50', ',', 'm', ':', '59.00', '}]']
2016-01-18 16:46:51 [jd] INFO: ['[{', 'id', ':', 'J_10869175', ',', 'p', ':', '78.30', ',', 'm', ':', '89.00', '}]']
2016-01-18 16:46:51 [jd] INFO: ['[{', 'id', ':', 'J_10898799', ',', 'p', ':', '51.60', ',', 'm', ':', '59.00', '}]']
2016-01-18 16:46:51 [jd] INFO: ['[{', 'id', ':', 'J_10899967', ',', 'p', ':', '52.70', ',', 'm', ':', '59.00', '}]']
2016-01-18 16:46:51 [jd] INFO: ['[{', 'id', ':', 'J_10918727', ',', 'p', ':', '97.40', ',', 'm', ':', '109.00', '}]']
2016-01-18 16:46:51 [jd] INFO: ['[{', 'p', ':', '75.70', ',', 'm', ':', '89.00', ',', 'id', ':', 'J_10874074', '}]']
2016-01-18 16:46:51 [jd] INFO: ['[{', 'id', ':', 'J_10138429', ',', 'p', ':', '52.70', ',', 'm', ':', '59.00', '}]']
2016-01-18 16:46:51 [jd] INFO: ['[{', 'id', ':', 'J_10925136', ',', 'p', ':', '53.70', ',', 'm', ':', '58.00', '}]']
2016-01-18 16:46:51 [jd] INFO: ['[{', 'id', ':', 'J_10138678', ',', 'p', ':', '57.80', ',', 'm', ':', '69.00', '}]']
2016-01-18 16:46:51 [jd] INFO: ['[{', 'id', ':', 'J_10138844', ',', 'p', ':', '57.80', ',', 'm', ':', '69.00', '}]']
2016-01-18 16:46:51 [jd] INFO: ['[{', 'id', ':', 'J_10138915', ',', 'p', ':', '56.10', ',', 'm', ':', '59.00', '}]']
2016-01-18 16:46:51 [jd] INFO: ['[{', 'id', ':', 'J_10138979', ',', 'p', ':', '40.20', ',', 'm', ':', '45.00', '}]']
2016-01-18 16:46:51 [jd] INFO: ['[{', 'id', ':', 'J_10142636', ',', 'p', ':', '57.80', ',', 'm', ':', '69.00', '}]']
2016-01-18 16:46:51 [jd] INFO: ['[{', 'id', ':', 'J_10139255', ',', 'p', ':', '53.40', ',', 'm', ':', '59.80', '}]']
2016-01-18 16:46:51 [jd] INFO: ['[{', 'id', ':', 'J_10142705', ',', 'p', ':', '54.40', ',', 'm', ':', '65.00', '}]']
2016-01-18 16:46:51 [jd] INFO: ['[{', 'id', ':', 'J_10143471', ',', 'p', ':', '60.30', ',', 'm', ':', '72.00', '}]']
2016-01-18 16:46:51 [jd] INFO: ['[{', 'id', ':', 'J_10143699', ',', 'p', ':', '62.80', ',', 'm', ':', '75.00', '}]']
2016-01-18 16:46:51 [jd] INFO: ['[{', 'id', ':', 'J_10143647', ',', 'p', ':', '51.90', ',', 'm', ':', '62.00', '}]']
2016-01-18 16:46:51 [jd] INFO: ['[{', 'id', ':', 'J_10143708', ',', 'p', ':', '55.30', ',', 'm', ':', '66.00', '}]']
2016-01-18 16:46:51 [jd] INFO: ['[{', 'id', ':', 'J_10144012', ',', 'p', ':', '58.80', ',', 'm', ':', '98.00', '}]']
2016-01-18 16:46:51 [jd] INFO: ['[{', 'id', ':', 'J_10144144', ',', 'p', ':', '57.80', ',', 'm', ':', '69.00', '}]']
2016-01-18 16:46:51 [jd] INFO: ['[{', 'id', ':', 'J_10066936', ',', 'p', ':', '67.40', ',', 'm', ':', '79.50', '}]']
2016-01-18 16:46:51 [jd] INFO: ['[{', 'id', ':', 'J_11701869', ',', 'p', ':', '55.20', ',', 'm', ':', '69.00', '}]']
2016-01-18 16:46:51 [jd] INFO: ['[{', 'id', ':', 'J_10080294', ',', 'p', ':', '84.80', ',', 'm', ':', '99.80', '}]']
2016-01-18 16:46:51 [jd] INFO: ['skuids input error']
2016-01-18 16:46:51 [jd] INFO: XXXXXXXXXXXXXXXXX0
2016-01-18 16:46:51 [jd] INFO: ['[{', 'id', ':', 'J_11078111', ',', 'p', ':', '59.90', ',', 'm', ':', '69.80', '}]']
2016-01-18 16:46:51 [jd] INFO: ['[{', 'id', ':', 'J_11753276', ',', 'p', ':', '67.20', ',', 'm', ':', '79.00', '}]']
2016-01-18 16:46:51 [jd] INFO: ['[{', 'id', ':', 'J_10100190', ',', 'p', ':', '52.30', ',', 'm', ':', '79.00', '}]']
2016-01-18 16:46:51 [jd] INFO: ['[{', 'id', ':', 'J_11740734', ',', 'p', ':', '47.20', ',', 'm', ':', '59.00', '}]']
2016-01-18 16:46:51 [jd] INFO: ['[{', 'id', ':', 'J_10058902', ',', 'p', ':', '45.30', ',', 'm', ':', '52.00', '}]']
2016-01-18 16:46:51 [scrapy] INFO: Closing spider (finished)
2016-01-18 16:46:51 [scrapy] INFO: Stored json feed (348 items) in: jd.json
2016-01-18 16:46:51 [scrapy] INFO: Dumping Scrapy stats:
{'downloader/request_bytes': 118479,
 'downloader/request_count': 357,
 'downloader/request_method_count/GET': 357,
 'downloader/response_bytes': 293482,
 'downloader/response_count': 357,
 'downloader/response_status_count/200': 356,
 'downloader/response_status_count/302': 1,
 'finish_reason': 'finished',
 'finish_time': datetime.datetime(2016, 1, 18, 8, 46, 51, 982000),
 'item_scraped_count': 348,
 'log_count/INFO': 534,
 'log_count/WARNING': 5,
 'request_depth_max': 3,
 'response_received_count': 356,
 'scheduler/dequeued': 357,
 'scheduler/dequeued/memory': 357,
 'scheduler/enqueued': 357,
 'scheduler/enqueued/memory': 357,
 'start_time': datetime.datetime(2016, 1, 18, 8, 46, 43, 938000)}
2016-01-18 16:46:51 [scrapy] INFO: Spider closed (finished)
2016-01-18 16:51:55 [scrapy] INFO: Scrapy 1.0.3 started (bot: jd)
2016-01-18 16:51:55 [scrapy] INFO: Optional features available: ssl, http11
2016-01-18 16:51:55 [scrapy] INFO: Overridden settings: {'NEWSPIDER_MODULE': 'jd.spiders', 'FEED_URI': 'jd.json', 'LOG_LEVEL': 'INFO', 'SPIDER_MODULES': ['jd.spiders'], 'BOT_NAME': 'jd', 'FEED_FORMAT': 'json', 'LOG_FILE': 'test.log'}
2016-01-18 16:51:55 [scrapy] INFO: Enabled extensions: CloseSpider, FeedExporter, TelnetConsole, LogStats, CoreStats, SpiderState
2016-01-18 16:51:56 [scrapy] INFO: Enabled downloader middlewares: HttpAuthMiddleware, DownloadTimeoutMiddleware, UserAgentMiddleware, RetryMiddleware, DefaultHeadersMiddleware, MetaRefreshMiddleware, HttpCompressionMiddleware, RedirectMiddleware, CookiesMiddleware, ChunkedTransferMiddleware, DownloaderStats
2016-01-18 16:51:56 [scrapy] INFO: Enabled spider middlewares: HttpErrorMiddleware, OffsiteMiddleware, RefererMiddleware, UrlLengthMiddleware, DepthMiddleware
2016-01-18 16:51:56 [scrapy] INFO: Enabled item pipelines: 
2016-01-18 16:51:56 [scrapy] INFO: Spider opened
2016-01-18 16:51:56 [scrapy] INFO: Crawled 0 pages (at 0 pages/min), scraped 0 items (at 0 items/min)
2016-01-18 16:51:59 [py.warnings] WARNING: E:\workspace\4.5_64_Learning\Crawler\jd\spiders\jd_spider.py:39: ScrapyDeprecationWarning: scrapy.selector.HtmlXPathSelector is deprecated, instantiate scrapy.Selector instead.
  hxs = HtmlXPathSelector(response)

2016-01-18 16:51:59 [py.warnings] WARNING: E:\workspace\4.5_64_Learning\Crawler\jd\spiders\jd_spider.py:41: ScrapyDeprecationWarning: Call to deprecated function select. Use .xpath() instead.
  pages_num = hxs.select("//*[@id='J_bottomPage']/span[2]/em[1]/b/text()").extract()[0]

2016-01-18 16:51:59 [py.warnings] WARNING: c:\python27\lib\site-packages\scrapy\selector\unified.py:108: ScrapyDeprecationWarning: scrapy.selector.HtmlXPathSelector is deprecated, instantiate scrapy.Selector instead.
  for x in result]

2016-01-18 16:51:59 [py.warnings] WARNING: E:\workspace\4.5_64_Learning\Crawler\jd\spiders\jd_spider.py:43: ScrapyDeprecationWarning: Call to deprecated function select. Use .xpath() instead.
  page_url = hxs.select("//*[@id='J_bottomPage']/span[1]/a[2]/@href").extract()[0]

2016-01-18 16:51:59 [jd] INFO: --------------------------
2016-01-18 16:51:59 [py.warnings] WARNING: E:\workspace\4.5_64_Learning\Crawler\jd\spiders\jd_spider.py:92: ScrapyDeprecationWarning: scrapy.selector.HtmlXPathSelector is deprecated, instantiate scrapy.Selector instead.
  hxs = HtmlXPathSelector(response)

2016-01-18 16:51:59 [jd] INFO: !!!!!!!!!!!!!!!!!!!!!!!!
2016-01-18 16:51:59 [jd] INFO: [u'<div class="gl-i-wrap">\n              <div class="gl-i-tab">\n                <div class="gl-i-tab-trigger">\n                  <span title="Java\u7f16\u7a0b\u601d\u60f3\uff08\u7b2c4\u7248\uff09" class="item selected">\u5355\u4ef6</span>\n                                      <span title="JAVA\u7f16\u7a0b\u601d\u60f3+\u7b97\u6cd5\u5bfc\u8bba\uff08\u4eac\u4e1c\u5957\u88c5\u51712\u518c\uff09" class="item">\u5957\u88c52\u4ef6</span>\n                                      <span title="C++ Primer\u4e2d\u6587\u7248 \u7b2c5\u7248+Java\u7f16\u7a0b\u601d\u60f3 \u7b2c4\u7248\uff08\u4eac\u4e1c\u5957\u88c5\u51712\u518c\uff09" class="item">\u5957\u88c52\u4ef6</span>\n                                  </div>\n                <div class="gl-i-tab-content">\n                                        <div class="tab-content-item tab-cnt-i-selected j-sku-item" data-sku="10058164" venderid="1000004052" jdzy_shop_id="1000004052" ts_venderid="">\n  <div class="p-img">\n    <a target="_blank" href="http://item.jd.com/10058164.html">\n                    <img width="200" height="200" data-img="1" src="//img14.360buyimg.com/n7/jfs/t2191/111/699154754/198998/32d7bfe0/5624b582Nbc01af5b.jpg">\n          </a>\n      </div>\n  <div class="p-price">\n    <strong class="J_price"><em></em><i></i></strong>\n    <div class="p-icons J-pro-icons">\n          </div>\n  </div>\n  <div class="p-name">\n    <a target="_blank" title="" href="http://item.jd.com/10058164.html">\n      <em>Java\u7f16\u7a0b\u601d\u60f3\uff08\u7b2c4\u7248\uff09</em>\n      <i class="promo-words"></i>\n    </a>\n  </div>\n      <div class="p-bookdetails">\n      <span class="p-bi-name">\n                  <span class="author_type_1" style="display: ;">\n                                                       [\u7f8e]                <a title="Bruce  Eckel" href="http://book.jd.com/writer/Bruce%20%20Eckel_1.html" target="_blank"> Bruce  Eckel </a>                                        \u8457          </span>\n                            <span class="author_type_2" style="display: none;">\n                                                                     <a title="\u9648\u660a\u9e4f" href="http://book.jd.com/writer/%E9%99%88%E6%98%8A%E9%B9%8F_1.html" target="_blank"> \u9648\u660a\u9e4f </a>                                        \u8bd1          </span>\n                        </span>\n      <em>|</em>      <span class="p-bi-store">\n                  <a title="\u673a\u68b0\u5de5\u4e1a\u51fa\u7248\u793e" href="http://book.jd.com/publish/%E6%9C%BA%E6%A2%B0%E5%B7%A5%E4%B8%9A%E5%87%BA%E7%89%88%E7%A4%BE_1.html" target="_blank">\u673a\u68b0\u5de5\u4e1a\u51fa\u7248\u793e</a>\n              </span>\n      <em>|</em>      <span class="p-bi-date">\n        2007-06      </span>\n    </div>\n        <div class="p-shop hide" data-score="4" data-reputation="0" data-shopid="" data-done="1"></div>\n    <div class="p-commit"><strong>\u5df2\u6709<a target="_blank" href="http://item.jd.com/10058164.html#comments-list">13284</a>\u4eba\u8bc4\u4ef7</strong></div>\n    <div class="p-shopnum">\n      <span class="curr-shop">\u4eac\u4e1c\u81ea\u8425</span>\n    </div>\n    <div class="p-operate">\n      <a class="p-o-btn focus J_focus" data-sku="10058164" href="javascript:;">\n        <i></i>\u5173\u6ce8\n      </a>\n      <a class="p-o-btn addcart" target="_blank" href="http://gate.jd.com/InitCart.aspx?pid=10058164&amp;pcount=1&amp;ptype=1">\n        <i></i>\u52a0\u5165\u8d2d\u7269\u8f66\n      </a>\n    </div>\n    <div class="p-stock" data-isdeliveryable="5" style="display: none;"></div>\n    <div class="p-service">\u7531 \u4eac\u4e1c \u53d1\u8d27</div>\n    <div class="p-summary">\n      <a href="http://item.jd.com/10058164.html#recommend-editor" target="_blank">\u66f4\u591a&gt;</a>\n    </div>\n    <div class="p-addtocart">\n      <a data-sku="10058164" href="http://gate.jd.com/InitCart.aspx?pid=10058164&amp;pcount=1&amp;ptype=1"><i></i>\u52a0\u5165\u8d2d\u7269\u8f66</a>\n    </div>\n  </div>\n                                        <div class="tab-content-item j-sku-item" data-sku="11311645" venderid="1000004052" jdzy_shop_id="1000004052" ts_venderid="">\n  <div class="p-img">\n    <a target="_blank" href="http://item.jd.com/11311645.html">\n                    <img width="200" height="200" data-img="1" src="//img10.360buyimg.com/n7/g14/M06/0D/12/rBEhVVIgPNgIAAAAAAK9Rjrq1cQAACppgNZ_cEAAr1e362.jpg">\n          </a>\n      </div>\n  <div class="p-price">\n    <strong class="J_price"><em></em><i></i></strong>\n    <div class="p-icons J-pro-icons">\n          </div>\n  </div>\n  <div class="p-name">\n    <a target="_blank" title="" href="http://item.jd.com/11311645.html">\n      <em>JAVA\u7f16\u7a0b\u601d\u60f3+\u7b97\u6cd5\u5bfc\u8bba\uff08\u4eac\u4e1c\u5957\u88c5\u51712\u518c\uff09</em>\n      <i class="promo-words"></i>\n    </a>\n  </div>\n      <div class="p-bookdetails">\n      <span class="p-bi-name">\n                  <span class="author_type_1" style="display: ;">\n                                                       [\u7f8e]                <a title="Bruce  Eckel" href="http://book.jd.com/writer/Bruce%20%20Eckel_1.html" target="_blank"> Bruce  Eckel </a>                                        \u8457          </span>\n                            <span class="author_type_2" style="display: none;">\n                                                                     <a title="\u9648\u660a\u9e4f" href="http://book.jd.com/writer/%E9%99%88%E6%98%8A%E9%B9%8F_1.html" target="_blank"> \u9648\u660a\u9e4f </a>                                        \u8bd1          </span>\n                        </span>\n      <em>|</em>      <span class="p-bi-store">\n                  <a title="\u673a\u68b0\u5de5\u4e1a\u51fa\u7248\u793e" href="http://book.jd.com/publish/%E6%9C%BA%E6%A2%B0%E5%B7%A5%E4%B8%9A%E5%87%BA%E7%89%88%E7%A4%BE_1.html" target="_blank">\u673a\u68b0\u5de5\u4e1a\u51fa\u7248\u793e</a>\n              </span>\n      <em>|</em>      <span class="p-bi-date">\n        2007-06      </span>\n    </div>\n        <div class="p-shop hide" data-score="4" data-reputation="0" data-shopid="" data-done="1"></div>\n    <div class="p-commit"><strong>\u5df2\u6709<a target="_blank" href="http://item.jd.com/11311645.html#comments-list">20731</a>\u4eba\u8bc4\u4ef7</strong></div>\n    <div class="p-shopnum">\n      <span class="curr-shop">\u4eac\u4e1c\u81ea\u8425</span>\n    </div>\n    <div class="p-operate">\n      <a class="p-o-btn focus J_focus" data-sku="11311645" href="javascript:;">\n        <i></i>\u5173\u6ce8\n      </a>\n      <a class="p-o-btn addcart" target="_blank" href="http://gate.jd.com/InitCart.aspx?pid=11311645&amp;pcount=1&amp;ptype=1">\n        <i></i>\u52a0\u5165\u8d2d\u7269\u8f66\n      </a>\n    </div>\n    <div class="p-stock" data-isdeliveryable="5" style="display: none;"></div>\n    <div class="p-service">\u7531 \u4eac\u4e1c \u53d1\u8d27</div>\n    <div class="p-summary">\n      <a href="http://item.jd.com/11311645.html#recommend-editor" target="_blank">\u66f4\u591a&gt;</a>\n    </div>\n    <div class="p-addtocart">\n      <a data-sku="11311645" href="http://gate.jd.com/InitCart.aspx?pid=11311645&amp;pcount=1&amp;ptype=1"><i></i>\u52a0\u5165\u8d2d\u7269\u8f66</a>\n    </div>\n  </div>\n                                        <div class="tab-content-item j-sku-item" data-sku="11339988" venderid="1000004052" jdzy_shop_id="1000004052" ts_venderid="">\n  <div class="p-img">\n    <a target="_blank" href="http://item.jd.com/11339988.html">\n                    <img width="200" height="200" data-img="1" src="//img13.360buyimg.com/n7/g13/M00/12/14/rBEhU1Jo0LUIAAAAAAIS0Hj-jkQAAEiWgOWcZAAAhLo476.jpg">\n          </a>\n      </div>\n  <div class="p-price">\n    <strong class="J_price"><em></em><i></i></strong>\n    <div class="p-icons J-pro-icons">\n          </div>\n  </div>\n  <div class="p-name">\n    <a target="_blank" title="" href="http://item.jd.com/11339988.html">\n      <em>C++ Primer\u4e2d\u6587\u7248 \u7b2c5\u7248+Java\u7f16\u7a0b\u601d\u60f3 \u7b2c4\u7248\uff08\u4eac\u4e1c\u5957\u88c5\u51712\u518c\uff09</em>\n      <i class="promo-words"></i>\n    </a>\n  </div>\n      <div class="p-bookdetails">\n      <span class="p-bi-name">\n                  <span class="author_type_1" style="display: ;">\n                                                       [\u7f8e]                <a title="Bruce  Eckel" href="http://book.jd.com/writer/Bruce%20%20Eckel_1.html" target="_blank"> Bruce  Eckel </a>                                        \u8457          </span>\n                            <span class="author_type_2" style="display: none;">\n                                                                     <a title="\u9648\u660a\u9e4f" href="http://book.jd.com/writer/%E9%99%88%E6%98%8A%E9%B9%8F_1.html" target="_blank"> \u9648\u660a\u9e4f </a>                                        \u8bd1          </span>\n                        </span>\n      <em>|</em>      <span class="p-bi-store">\n                  <a title="\u673a\u68b0\u5de5\u4e1a\u51fa\u7248\u793e" href="http://book.jd.com/publish/%E6%9C%BA%E6%A2%B0%E5%B7%A5%E4%B8%9A%E5%87%BA%E7%89%88%E7%A4%BE_1.html" target="_blank">\u673a\u68b0\u5de5\u4e1a\u51fa\u7248\u793e</a>\n              </span>\n      <em>|</em>      <span class="p-bi-date">\n        2007-06      </span>\n    </div>\n        <div class="p-shop hide" data-score="4" data-reputation="0" data-shopid="" data-done="1"></div>\n    <div class="p-commit"><strong>\u5df2\u6709<a target="_blank" href="http://item.jd.com/11339988.html#comments-list">20447</a>\u4eba\u8bc4\u4ef7</strong></div>\n    <div class="p-shopnum">\n      <span class="curr-shop">\u4eac\u4e1c\u81ea\u8425</span>\n    </div>\n    <div class="p-operate">\n      <a class="p-o-btn focus J_focus" data-sku="11339988" href="javascript:;">\n        <i></i>\u5173\u6ce8\n      </a>\n      <a class="p-o-btn addcart" target="_blank" href="http://gate.jd.com/InitCart.aspx?pid=11339988&amp;pcount=1&amp;ptype=1">\n        <i></i>\u52a0\u5165\u8d2d\u7269\u8f66\n      </a>\n    </div>\n    <div class="p-stock" data-isdeliveryable="5" style="display: none;"></div>\n    <div class="p-service">\u7531 \u4eac\u4e1c \u53d1\u8d27</div>\n    <div class="p-summary">\n      <a href="http://item.jd.com/11339988.html#recommend-editor" target="_blank">\u66f4\u591a&gt;</a>\n    </div>\n    <div class="p-addtocart">\n      <a data-sku="11339988" href="http://gate.jd.com/InitCart.aspx?pid=11339988&amp;pcount=1&amp;ptype=1"><i></i>\u52a0\u5165\u8d2d\u7269\u8f66</a>\n    </div>\n  </div>\n                                  </div>\n              </div>\n            </div>']
2016-01-18 16:51:59 [jd] INFO: !!!!!!!!!!!!!!!!!!!!!!!!
2016-01-18 16:51:59 [jd] INFO: !!!!!!!!!!!!!!!!!!!!!!!!
2016-01-18 16:51:59 [jd] INFO: [u'<div class="gl-i-wrap">\n              <div class="gl-i-tab">\n                <div class="gl-i-tab-trigger">\n                  <span title="Java\u7f16\u7a0b\u601d\u60f3\uff08\u7b2c4\u7248\uff09" class="item selected">\u5355\u4ef6</span>\n                                      <span title="JAVA\u7f16\u7a0b\u601d\u60f3+\u7b97\u6cd5\u5bfc\u8bba\uff08\u4eac\u4e1c\u5957\u88c5\u51712\u518c\uff09" class="item">\u5957\u88c52\u4ef6</span>\n                                      <span title="C++ Primer\u4e2d\u6587\u7248 \u7b2c5\u7248+Java\u7f16\u7a0b\u601d\u60f3 \u7b2c4\u7248\uff08\u4eac\u4e1c\u5957\u88c5\u51712\u518c\uff09" class="item">\u5957\u88c52\u4ef6</span>\n                                  </div>\n                <div class="gl-i-tab-content">\n                                        <div class="tab-content-item tab-cnt-i-selected j-sku-item" data-sku="10058164" venderid="1000004052" jdzy_shop_id="1000004052" ts_venderid="">\n  <div class="p-img">\n    <a target="_blank" href="http://item.jd.com/10058164.html">\n                    <img width="200" height="200" data-img="1" src="//img14.360buyimg.com/n7/jfs/t2191/111/699154754/198998/32d7bfe0/5624b582Nbc01af5b.jpg">\n          </a>\n      </div>\n  <div class="p-price">\n    <strong class="J_price"><em></em><i></i></strong>\n    <div class="p-icons J-pro-icons">\n          </div>\n  </div>\n  <div class="p-name">\n    <a target="_blank" title="" href="http://item.jd.com/10058164.html">\n      <em>Java\u7f16\u7a0b\u601d\u60f3\uff08\u7b2c4\u7248\uff09</em>\n      <i class="promo-words"></i>\n    </a>\n  </div>\n      <div class="p-bookdetails">\n      <span class="p-bi-name">\n                  <span class="author_type_1" style="display: ;">\n                                                       [\u7f8e]                <a title="Bruce  Eckel" href="http://book.jd.com/writer/Bruce%20%20Eckel_1.html" target="_blank"> Bruce  Eckel </a>                                        \u8457          </span>\n                            <span class="author_type_2" style="display: none;">\n                                                                     <a title="\u9648\u660a\u9e4f" href="http://book.jd.com/writer/%E9%99%88%E6%98%8A%E9%B9%8F_1.html" target="_blank"> \u9648\u660a\u9e4f </a>                                        \u8bd1          </span>\n                        </span>\n      <em>|</em>      <span class="p-bi-store">\n                  <a title="\u673a\u68b0\u5de5\u4e1a\u51fa\u7248\u793e" href="http://book.jd.com/publish/%E6%9C%BA%E6%A2%B0%E5%B7%A5%E4%B8%9A%E5%87%BA%E7%89%88%E7%A4%BE_1.html" target="_blank">\u673a\u68b0\u5de5\u4e1a\u51fa\u7248\u793e</a>\n              </span>\n      <em>|</em>      <span class="p-bi-date">\n        2007-06      </span>\n    </div>\n        <div class="p-shop hide" data-score="4" data-reputation="0" data-shopid="" data-done="1"></div>\n    <div class="p-commit"><strong>\u5df2\u6709<a target="_blank" href="http://item.jd.com/10058164.html#comments-list">13284</a>\u4eba\u8bc4\u4ef7</strong></div>\n    <div class="p-shopnum">\n      <span class="curr-shop">\u4eac\u4e1c\u81ea\u8425</span>\n    </div>\n    <div class="p-operate">\n      <a class="p-o-btn focus J_focus" data-sku="10058164" href="javascript:;">\n        <i></i>\u5173\u6ce8\n      </a>\n      <a class="p-o-btn addcart" target="_blank" href="http://gate.jd.com/InitCart.aspx?pid=10058164&amp;pcount=1&amp;ptype=1">\n        <i></i>\u52a0\u5165\u8d2d\u7269\u8f66\n      </a>\n    </div>\n    <div class="p-stock" data-isdeliveryable="5" style="display: none;"></div>\n    <div class="p-service">\u7531 \u4eac\u4e1c \u53d1\u8d27</div>\n    <div class="p-summary">\n      <a href="http://item.jd.com/10058164.html#recommend-editor" target="_blank">\u66f4\u591a&gt;</a>\n    </div>\n    <div class="p-addtocart">\n      <a data-sku="10058164" href="http://gate.jd.com/InitCart.aspx?pid=10058164&amp;pcount=1&amp;ptype=1"><i></i>\u52a0\u5165\u8d2d\u7269\u8f66</a>\n    </div>\n  </div>\n                                        <div class="tab-content-item j-sku-item" data-sku="11311645" venderid="1000004052" jdzy_shop_id="1000004052" ts_venderid="">\n  <div class="p-img">\n    <a target="_blank" href="http://item.jd.com/11311645.html">\n                    <img width="200" height="200" data-img="1" src="//img10.360buyimg.com/n7/g14/M06/0D/12/rBEhVVIgPNgIAAAAAAK9Rjrq1cQAACppgNZ_cEAAr1e362.jpg">\n          </a>\n      </div>\n  <div class="p-price">\n    <strong class="J_price"><em></em><i></i></strong>\n    <div class="p-icons J-pro-icons">\n          </div>\n  </div>\n  <div class="p-name">\n    <a target="_blank" title="" href="http://item.jd.com/11311645.html">\n      <em>JAVA\u7f16\u7a0b\u601d\u60f3+\u7b97\u6cd5\u5bfc\u8bba\uff08\u4eac\u4e1c\u5957\u88c5\u51712\u518c\uff09</em>\n      <i class="promo-words"></i>\n    </a>\n  </div>\n      <div class="p-bookdetails">\n      <span class="p-bi-name">\n                  <span class="author_type_1" style="display: ;">\n                                                       [\u7f8e]                <a title="Bruce  Eckel" href="http://book.jd.com/writer/Bruce%20%20Eckel_1.html" target="_blank"> Bruce  Eckel </a>                                        \u8457          </span>\n                            <span class="author_type_2" style="display: none;">\n                                                                     <a title="\u9648\u660a\u9e4f" href="http://book.jd.com/writer/%E9%99%88%E6%98%8A%E9%B9%8F_1.html" target="_blank"> \u9648\u660a\u9e4f </a>                                        \u8bd1          </span>\n                        </span>\n      <em>|</em>      <span class="p-bi-store">\n                  <a title="\u673a\u68b0\u5de5\u4e1a\u51fa\u7248\u793e" href="http://book.jd.com/publish/%E6%9C%BA%E6%A2%B0%E5%B7%A5%E4%B8%9A%E5%87%BA%E7%89%88%E7%A4%BE_1.html" target="_blank">\u673a\u68b0\u5de5\u4e1a\u51fa\u7248\u793e</a>\n              </span>\n      <em>|</em>      <span class="p-bi-date">\n        2007-06      </span>\n    </div>\n        <div class="p-shop hide" data-score="4" data-reputation="0" data-shopid="" data-done="1"></div>\n    <div class="p-commit"><strong>\u5df2\u6709<a target="_blank" href="http://item.jd.com/11311645.html#comments-list">20731</a>\u4eba\u8bc4\u4ef7</strong></div>\n    <div class="p-shopnum">\n      <span class="curr-shop">\u4eac\u4e1c\u81ea\u8425</span>\n    </div>\n    <div class="p-operate">\n      <a class="p-o-btn focus J_focus" data-sku="11311645" href="javascript:;">\n        <i></i>\u5173\u6ce8\n      </a>\n      <a class="p-o-btn addcart" target="_blank" href="http://gate.jd.com/InitCart.aspx?pid=11311645&amp;pcount=1&amp;ptype=1">\n        <i></i>\u52a0\u5165\u8d2d\u7269\u8f66\n      </a>\n    </div>\n    <div class="p-stock" data-isdeliveryable="5" style="display: none;"></div>\n    <div class="p-service">\u7531 \u4eac\u4e1c \u53d1\u8d27</div>\n    <div class="p-summary">\n      <a href="http://item.jd.com/11311645.html#recommend-editor" target="_blank">\u66f4\u591a&gt;</a>\n    </div>\n    <div class="p-addtocart">\n      <a data-sku="11311645" href="http://gate.jd.com/InitCart.aspx?pid=11311645&amp;pcount=1&amp;ptype=1"><i></i>\u52a0\u5165\u8d2d\u7269\u8f66</a>\n    </div>\n  </div>\n                                        <div class="tab-content-item j-sku-item" data-sku="11339988" venderid="1000004052" jdzy_shop_id="1000004052" ts_venderid="">\n  <div class="p-img">\n    <a target="_blank" href="http://item.jd.com/11339988.html">\n                    <img width="200" height="200" data-img="1" src="//img13.360buyimg.com/n7/g13/M00/12/14/rBEhU1Jo0LUIAAAAAAIS0Hj-jkQAAEiWgOWcZAAAhLo476.jpg">\n          </a>\n      </div>\n  <div class="p-price">\n    <strong class="J_price"><em></em><i></i></strong>\n    <div class="p-icons J-pro-icons">\n          </div>\n  </div>\n  <div class="p-name">\n    <a target="_blank" title="" href="http://item.jd.com/11339988.html">\n      <em>C++ Primer\u4e2d\u6587\u7248 \u7b2c5\u7248+Java\u7f16\u7a0b\u601d\u60f3 \u7b2c4\u7248\uff08\u4eac\u4e1c\u5957\u88c5\u51712\u518c\uff09</em>\n      <i class="promo-words"></i>\n    </a>\n  </div>\n      <div class="p-bookdetails">\n      <span class="p-bi-name">\n                  <span class="author_type_1" style="display: ;">\n                                                       [\u7f8e]                <a title="Bruce  Eckel" href="http://book.jd.com/writer/Bruce%20%20Eckel_1.html" target="_blank"> Bruce  Eckel </a>                                        \u8457          </span>\n                            <span class="author_type_2" style="display: none;">\n                                                                     <a title="\u9648\u660a\u9e4f" href="http://book.jd.com/writer/%E9%99%88%E6%98%8A%E9%B9%8F_1.html" target="_blank"> \u9648\u660a\u9e4f </a>                                        \u8bd1          </span>\n                        </span>\n      <em>|</em>      <span class="p-bi-store">\n                  <a title="\u673a\u68b0\u5de5\u4e1a\u51fa\u7248\u793e" href="http://book.jd.com/publish/%E6%9C%BA%E6%A2%B0%E5%B7%A5%E4%B8%9A%E5%87%BA%E7%89%88%E7%A4%BE_1.html" target="_blank">\u673a\u68b0\u5de5\u4e1a\u51fa\u7248\u793e</a>\n              </span>\n      <em>|</em>      <span class="p-bi-date">\n        2007-06      </span>\n    </div>\n        <div class="p-shop hide" data-score="4" data-reputation="0" data-shopid="" data-done="1"></div>\n    <div class="p-commit"><strong>\u5df2\u6709<a target="_blank" href="http://item.jd.com/11339988.html#comments-list">20447</a>\u4eba\u8bc4\u4ef7</strong></div>\n    <div class="p-shopnum">\n      <span class="curr-shop">\u4eac\u4e1c\u81ea\u8425</span>\n    </div>\n    <div class="p-operate">\n      <a class="p-o-btn focus J_focus" data-sku="11339988" href="javascript:;">\n        <i></i>\u5173\u6ce8\n      </a>\n      <a class="p-o-btn addcart" target="_blank" href="http://gate.jd.com/InitCart.aspx?pid=11339988&amp;pcount=1&amp;ptype=1">\n        <i></i>\u52a0\u5165\u8d2d\u7269\u8f66\n      </a>\n    </div>\n    <div class="p-stock" data-isdeliveryable="5" style="display: none;"></div>\n    <div class="p-service">\u7531 \u4eac\u4e1c \u53d1\u8d27</div>\n    <div class="p-summary">\n      <a href="http://item.jd.com/11339988.html#recommend-editor" target="_blank">\u66f4\u591a&gt;</a>\n    </div>\n    <div class="p-addtocart">\n      <a data-sku="11339988" href="http://gate.jd.com/InitCart.aspx?pid=11339988&amp;pcount=1&amp;ptype=1"><i></i>\u52a0\u5165\u8d2d\u7269\u8f66</a>\n    </div>\n  </div>\n                                  </div>\n              </div>\n            </div>']
2016-01-18 16:51:59 [jd] INFO: !!!!!!!!!!!!!!!!!!!!!!!!
2016-01-18 16:51:59 [jd] INFO: !!!!!!!!!!!!!!!!!!!!!!!!
2016-01-18 16:51:59 [jd] INFO: [u'<div class="gl-i-wrap">\n              <div class="gl-i-tab">\n                <div class="gl-i-tab-trigger">\n                  <span title="Java\u7f16\u7a0b\u601d\u60f3\uff08\u7b2c4\u7248\uff09" class="item selected">\u5355\u4ef6</span>\n                                      <span title="JAVA\u7f16\u7a0b\u601d\u60f3+\u7b97\u6cd5\u5bfc\u8bba\uff08\u4eac\u4e1c\u5957\u88c5\u51712\u518c\uff09" class="item">\u5957\u88c52\u4ef6</span>\n                                      <span title="C++ Primer\u4e2d\u6587\u7248 \u7b2c5\u7248+Java\u7f16\u7a0b\u601d\u60f3 \u7b2c4\u7248\uff08\u4eac\u4e1c\u5957\u88c5\u51712\u518c\uff09" class="item">\u5957\u88c52\u4ef6</span>\n                                  </div>\n                <div class="gl-i-tab-content">\n                                        <div class="tab-content-item tab-cnt-i-selected j-sku-item" data-sku="10058164" venderid="1000004052" jdzy_shop_id="1000004052" ts_venderid="">\n  <div class="p-img">\n    <a target="_blank" href="http://item.jd.com/10058164.html">\n                    <img width="200" height="200" data-img="1" src="//img14.360buyimg.com/n7/jfs/t2191/111/699154754/198998/32d7bfe0/5624b582Nbc01af5b.jpg">\n          </a>\n      </div>\n  <div class="p-price">\n    <strong class="J_price"><em></em><i></i></strong>\n    <div class="p-icons J-pro-icons">\n          </div>\n  </div>\n  <div class="p-name">\n    <a target="_blank" title="" href="http://item.jd.com/10058164.html">\n      <em>Java\u7f16\u7a0b\u601d\u60f3\uff08\u7b2c4\u7248\uff09</em>\n      <i class="promo-words"></i>\n    </a>\n  </div>\n      <div class="p-bookdetails">\n      <span class="p-bi-name">\n                  <span class="author_type_1" style="display: ;">\n                                                       [\u7f8e]                <a title="Bruce  Eckel" href="http://book.jd.com/writer/Bruce%20%20Eckel_1.html" target="_blank"> Bruce  Eckel </a>                                        \u8457          </span>\n                            <span class="author_type_2" style="display: none;">\n                                                                     <a title="\u9648\u660a\u9e4f" href="http://book.jd.com/writer/%E9%99%88%E6%98%8A%E9%B9%8F_1.html" target="_blank"> \u9648\u660a\u9e4f </a>                                        \u8bd1          </span>\n                        </span>\n      <em>|</em>      <span class="p-bi-store">\n                  <a title="\u673a\u68b0\u5de5\u4e1a\u51fa\u7248\u793e" href="http://book.jd.com/publish/%E6%9C%BA%E6%A2%B0%E5%B7%A5%E4%B8%9A%E5%87%BA%E7%89%88%E7%A4%BE_1.html" target="_blank">\u673a\u68b0\u5de5\u4e1a\u51fa\u7248\u793e</a>\n              </span>\n      <em>|</em>      <span class="p-bi-date">\n        2007-06      </span>\n    </div>\n        <div class="p-shop hide" data-score="4" data-reputation="0" data-shopid="" data-done="1"></div>\n    <div class="p-commit"><strong>\u5df2\u6709<a target="_blank" href="http://item.jd.com/10058164.html#comments-list">13284</a>\u4eba\u8bc4\u4ef7</strong></div>\n    <div class="p-shopnum">\n      <span class="curr-shop">\u4eac\u4e1c\u81ea\u8425</span>\n    </div>\n    <div class="p-operate">\n      <a class="p-o-btn focus J_focus" data-sku="10058164" href="javascript:;">\n        <i></i>\u5173\u6ce8\n      </a>\n      <a class="p-o-btn addcart" target="_blank" href="http://gate.jd.com/InitCart.aspx?pid=10058164&amp;pcount=1&amp;ptype=1">\n        <i></i>\u52a0\u5165\u8d2d\u7269\u8f66\n      </a>\n    </div>\n    <div class="p-stock" data-isdeliveryable="5" style="display: none;"></div>\n    <div class="p-service">\u7531 \u4eac\u4e1c \u53d1\u8d27</div>\n    <div class="p-summary">\n      <a href="http://item.jd.com/10058164.html#recommend-editor" target="_blank">\u66f4\u591a&gt;</a>\n    </div>\n    <div class="p-addtocart">\n      <a data-sku="10058164" href="http://gate.jd.com/InitCart.aspx?pid=10058164&amp;pcount=1&amp;ptype=1"><i></i>\u52a0\u5165\u8d2d\u7269\u8f66</a>\n    </div>\n  </div>\n                                        <div class="tab-content-item j-sku-item" data-sku="11311645" venderid="1000004052" jdzy_shop_id="1000004052" ts_venderid="">\n  <div class="p-img">\n    <a target="_blank" href="http://item.jd.com/11311645.html">\n                    <img width="200" height="200" data-img="1" src="//img10.360buyimg.com/n7/g14/M06/0D/12/rBEhVVIgPNgIAAAAAAK9Rjrq1cQAACppgNZ_cEAAr1e362.jpg">\n          </a>\n      </div>\n  <div class="p-price">\n    <strong class="J_price"><em></em><i></i></strong>\n    <div class="p-icons J-pro-icons">\n          </div>\n  </div>\n  <div class="p-name">\n    <a target="_blank" title="" href="http://item.jd.com/11311645.html">\n      <em>JAVA\u7f16\u7a0b\u601d\u60f3+\u7b97\u6cd5\u5bfc\u8bba\uff08\u4eac\u4e1c\u5957\u88c5\u51712\u518c\uff09</em>\n      <i class="promo-words"></i>\n    </a>\n  </div>\n      <div class="p-bookdetails">\n      <span class="p-bi-name">\n                  <span class="author_type_1" style="display: ;">\n                                                       [\u7f8e]                <a title="Bruce  Eckel" href="http://book.jd.com/writer/Bruce%20%20Eckel_1.html" target="_blank"> Bruce  Eckel </a>                                        \u8457          </span>\n                            <span class="author_type_2" style="display: none;">\n                                                                     <a title="\u9648\u660a\u9e4f" href="http://book.jd.com/writer/%E9%99%88%E6%98%8A%E9%B9%8F_1.html" target="_blank"> \u9648\u660a\u9e4f </a>                                        \u8bd1          </span>\n                        </span>\n      <em>|</em>      <span class="p-bi-store">\n                  <a title="\u673a\u68b0\u5de5\u4e1a\u51fa\u7248\u793e" href="http://book.jd.com/publish/%E6%9C%BA%E6%A2%B0%E5%B7%A5%E4%B8%9A%E5%87%BA%E7%89%88%E7%A4%BE_1.html" target="_blank">\u673a\u68b0\u5de5\u4e1a\u51fa\u7248\u793e</a>\n              </span>\n      <em>|</em>      <span class="p-bi-date">\n        2007-06      </span>\n    </div>\n        <div class="p-shop hide" data-score="4" data-reputation="0" data-shopid="" data-done="1"></div>\n    <div class="p-commit"><strong>\u5df2\u6709<a target="_blank" href="http://item.jd.com/11311645.html#comments-list">20731</a>\u4eba\u8bc4\u4ef7</strong></div>\n    <div class="p-shopnum">\n      <span class="curr-shop">\u4eac\u4e1c\u81ea\u8425</span>\n    </div>\n    <div class="p-operate">\n      <a class="p-o-btn focus J_focus" data-sku="11311645" href="javascript:;">\n        <i></i>\u5173\u6ce8\n      </a>\n      <a class="p-o-btn addcart" target="_blank" href="http://gate.jd.com/InitCart.aspx?pid=11311645&amp;pcount=1&amp;ptype=1">\n        <i></i>\u52a0\u5165\u8d2d\u7269\u8f66\n      </a>\n    </div>\n    <div class="p-stock" data-isdeliveryable="5" style="display: none;"></div>\n    <div class="p-service">\u7531 \u4eac\u4e1c \u53d1\u8d27</div>\n    <div class="p-summary">\n      <a href="http://item.jd.com/11311645.html#recommend-editor" target="_blank">\u66f4\u591a&gt;</a>\n    </div>\n    <div class="p-addtocart">\n      <a data-sku="11311645" href="http://gate.jd.com/InitCart.aspx?pid=11311645&amp;pcount=1&amp;ptype=1"><i></i>\u52a0\u5165\u8d2d\u7269\u8f66</a>\n    </div>\n  </div>\n                                        <div class="tab-content-item j-sku-item" data-sku="11339988" venderid="1000004052" jdzy_shop_id="1000004052" ts_venderid="">\n  <div class="p-img">\n    <a target="_blank" href="http://item.jd.com/11339988.html">\n                    <img width="200" height="200" data-img="1" src="//img13.360buyimg.com/n7/g13/M00/12/14/rBEhU1Jo0LUIAAAAAAIS0Hj-jkQAAEiWgOWcZAAAhLo476.jpg">\n          </a>\n      </div>\n  <div class="p-price">\n    <strong class="J_price"><em></em><i></i></strong>\n    <div class="p-icons J-pro-icons">\n          </div>\n  </div>\n  <div class="p-name">\n    <a target="_blank" title="" href="http://item.jd.com/11339988.html">\n      <em>C++ Primer\u4e2d\u6587\u7248 \u7b2c5\u7248+Java\u7f16\u7a0b\u601d\u60f3 \u7b2c4\u7248\uff08\u4eac\u4e1c\u5957\u88c5\u51712\u518c\uff09</em>\n      <i class="promo-words"></i>\n    </a>\n  </div>\n      <div class="p-bookdetails">\n      <span class="p-bi-name">\n                  <span class="author_type_1" style="display: ;">\n                                                       [\u7f8e]                <a title="Bruce  Eckel" href="http://book.jd.com/writer/Bruce%20%20Eckel_1.html" target="_blank"> Bruce  Eckel </a>                                        \u8457          </span>\n                            <span class="author_type_2" style="display: none;">\n                                                                     <a title="\u9648\u660a\u9e4f" href="http://book.jd.com/writer/%E9%99%88%E6%98%8A%E9%B9%8F_1.html" target="_blank"> \u9648\u660a\u9e4f </a>                                        \u8bd1          </span>\n                        </span>\n      <em>|</em>      <span class="p-bi-store">\n                  <a title="\u673a\u68b0\u5de5\u4e1a\u51fa\u7248\u793e" href="http://book.jd.com/publish/%E6%9C%BA%E6%A2%B0%E5%B7%A5%E4%B8%9A%E5%87%BA%E7%89%88%E7%A4%BE_1.html" target="_blank">\u673a\u68b0\u5de5\u4e1a\u51fa\u7248\u793e</a>\n              </span>\n      <em>|</em>      <span class="p-bi-date">\n        2007-06      </span>\n    </div>\n        <div class="p-shop hide" data-score="4" data-reputation="0" data-shopid="" data-done="1"></div>\n    <div class="p-commit"><strong>\u5df2\u6709<a target="_blank" href="http://item.jd.com/11339988.html#comments-list">20447</a>\u4eba\u8bc4\u4ef7</strong></div>\n    <div class="p-shopnum">\n      <span class="curr-shop">\u4eac\u4e1c\u81ea\u8425</span>\n    </div>\n    <div class="p-operate">\n      <a class="p-o-btn focus J_focus" data-sku="11339988" href="javascript:;">\n        <i></i>\u5173\u6ce8\n      </a>\n      <a class="p-o-btn addcart" target="_blank" href="http://gate.jd.com/InitCart.aspx?pid=11339988&amp;pcount=1&amp;ptype=1">\n        <i></i>\u52a0\u5165\u8d2d\u7269\u8f66\n      </a>\n    </div>\n    <div class="p-stock" data-isdeliveryable="5" style="display: none;"></div>\n    <div class="p-service">\u7531 \u4eac\u4e1c \u53d1\u8d27</div>\n    <div class="p-summary">\n      <a href="http://item.jd.com/11339988.html#recommend-editor" target="_blank">\u66f4\u591a&gt;</a>\n    </div>\n    <div class="p-addtocart">\n      <a data-sku="11339988" href="http://gate.jd.com/InitCart.aspx?pid=11339988&amp;pcount=1&amp;ptype=1"><i></i>\u52a0\u5165\u8d2d\u7269\u8f66</a>\n    </div>\n  </div>\n                                  </div>\n              </div>\n            </div>']
2016-01-18 16:51:59 [jd] INFO: !!!!!!!!!!!!!!!!!!!!!!!!
2016-01-18 16:51:59 [jd] INFO: !!!!!!!!!!!!!!!!!!!!!!!!
2016-01-18 16:51:59 [jd] INFO: [u'<div class="gl-i-wrap">\n              <div class="gl-i-tab">\n                <div class="gl-i-tab-trigger">\n                  <span title="Java\u7f16\u7a0b\u601d\u60f3\uff08\u7b2c4\u7248\uff09" class="item selected">\u5355\u4ef6</span>\n                                      <span title="JAVA\u7f16\u7a0b\u601d\u60f3+\u7b97\u6cd5\u5bfc\u8bba\uff08\u4eac\u4e1c\u5957\u88c5\u51712\u518c\uff09" class="item">\u5957\u88c52\u4ef6</span>\n                                      <span title="C++ Primer\u4e2d\u6587\u7248 \u7b2c5\u7248+Java\u7f16\u7a0b\u601d\u60f3 \u7b2c4\u7248\uff08\u4eac\u4e1c\u5957\u88c5\u51712\u518c\uff09" class="item">\u5957\u88c52\u4ef6</span>\n                                  </div>\n                <div class="gl-i-tab-content">\n                                        <div class="tab-content-item tab-cnt-i-selected j-sku-item" data-sku="10058164" venderid="1000004052" jdzy_shop_id="1000004052" ts_venderid="">\n  <div class="p-img">\n    <a target="_blank" href="http://item.jd.com/10058164.html">\n                    <img width="200" height="200" data-img="1" src="//img14.360buyimg.com/n7/jfs/t2191/111/699154754/198998/32d7bfe0/5624b582Nbc01af5b.jpg">\n          </a>\n      </div>\n  <div class="p-price">\n    <strong class="J_price"><em></em><i></i></strong>\n    <div class="p-icons J-pro-icons">\n          </div>\n  </div>\n  <div class="p-name">\n    <a target="_blank" title="" href="http://item.jd.com/10058164.html">\n      <em>Java\u7f16\u7a0b\u601d\u60f3\uff08\u7b2c4\u7248\uff09</em>\n      <i class="promo-words"></i>\n    </a>\n  </div>\n      <div class="p-bookdetails">\n      <span class="p-bi-name">\n                  <span class="author_type_1" style="display: ;">\n                                                       [\u7f8e]                <a title="Bruce  Eckel" href="http://book.jd.com/writer/Bruce%20%20Eckel_1.html" target="_blank"> Bruce  Eckel </a>                                        \u8457          </span>\n                            <span class="author_type_2" style="display: none;">\n                                                                     <a title="\u9648\u660a\u9e4f" href="http://book.jd.com/writer/%E9%99%88%E6%98%8A%E9%B9%8F_1.html" target="_blank"> \u9648\u660a\u9e4f </a>                                        \u8bd1          </span>\n                        </span>\n      <em>|</em>      <span class="p-bi-store">\n                  <a title="\u673a\u68b0\u5de5\u4e1a\u51fa\u7248\u793e" href="http://book.jd.com/publish/%E6%9C%BA%E6%A2%B0%E5%B7%A5%E4%B8%9A%E5%87%BA%E7%89%88%E7%A4%BE_1.html" target="_blank">\u673a\u68b0\u5de5\u4e1a\u51fa\u7248\u793e</a>\n              </span>\n      <em>|</em>      <span class="p-bi-date">\n        2007-06      </span>\n    </div>\n        <div class="p-shop hide" data-score="4" data-reputation="0" data-shopid="" data-done="1"></div>\n    <div class="p-commit"><strong>\u5df2\u6709<a target="_blank" href="http://item.jd.com/10058164.html#comments-list">13284</a>\u4eba\u8bc4\u4ef7</strong></div>\n    <div class="p-shopnum">\n      <span class="curr-shop">\u4eac\u4e1c\u81ea\u8425</span>\n    </div>\n    <div class="p-operate">\n      <a class="p-o-btn focus J_focus" data-sku="10058164" href="javascript:;">\n        <i></i>\u5173\u6ce8\n      </a>\n      <a class="p-o-btn addcart" target="_blank" href="http://gate.jd.com/InitCart.aspx?pid=10058164&amp;pcount=1&amp;ptype=1">\n        <i></i>\u52a0\u5165\u8d2d\u7269\u8f66\n      </a>\n    </div>\n    <div class="p-stock" data-isdeliveryable="5" style="display: none;"></div>\n    <div class="p-service">\u7531 \u4eac\u4e1c \u53d1\u8d27</div>\n    <div class="p-summary">\n      <a href="http://item.jd.com/10058164.html#recommend-editor" target="_blank">\u66f4\u591a&gt;</a>\n    </div>\n    <div class="p-addtocart">\n      <a data-sku="10058164" href="http://gate.jd.com/InitCart.aspx?pid=10058164&amp;pcount=1&amp;ptype=1"><i></i>\u52a0\u5165\u8d2d\u7269\u8f66</a>\n    </div>\n  </div>\n                                        <div class="tab-content-item j-sku-item" data-sku="11311645" venderid="1000004052" jdzy_shop_id="1000004052" ts_venderid="">\n  <div class="p-img">\n    <a target="_blank" href="http://item.jd.com/11311645.html">\n                    <img width="200" height="200" data-img="1" src="//img10.360buyimg.com/n7/g14/M06/0D/12/rBEhVVIgPNgIAAAAAAK9Rjrq1cQAACppgNZ_cEAAr1e362.jpg">\n          </a>\n      </div>\n  <div class="p-price">\n    <strong class="J_price"><em></em><i></i></strong>\n    <div class="p-icons J-pro-icons">\n          </div>\n  </div>\n  <div class="p-name">\n    <a target="_blank" title="" href="http://item.jd.com/11311645.html">\n      <em>JAVA\u7f16\u7a0b\u601d\u60f3+\u7b97\u6cd5\u5bfc\u8bba\uff08\u4eac\u4e1c\u5957\u88c5\u51712\u518c\uff09</em>\n      <i class="promo-words"></i>\n    </a>\n  </div>\n      <div class="p-bookdetails">\n      <span class="p-bi-name">\n                  <span class="author_type_1" style="display: ;">\n                                                       [\u7f8e]                <a title="Bruce  Eckel" href="http://book.jd.com/writer/Bruce%20%20Eckel_1.html" target="_blank"> Bruce  Eckel </a>                                        \u8457          </span>\n                            <span class="author_type_2" style="display: none;">\n                                                                     <a title="\u9648\u660a\u9e4f" href="http://book.jd.com/writer/%E9%99%88%E6%98%8A%E9%B9%8F_1.html" target="_blank"> \u9648\u660a\u9e4f </a>                                        \u8bd1          </span>\n                        </span>\n      <em>|</em>      <span class="p-bi-store">\n                  <a title="\u673a\u68b0\u5de5\u4e1a\u51fa\u7248\u793e" href="http://book.jd.com/publish/%E6%9C%BA%E6%A2%B0%E5%B7%A5%E4%B8%9A%E5%87%BA%E7%89%88%E7%A4%BE_1.html" target="_blank">\u673a\u68b0\u5de5\u4e1a\u51fa\u7248\u793e</a>\n              </span>\n      <em>|</em>      <span class="p-bi-date">\n        2007-06      </span>\n    </div>\n        <div class="p-shop hide" data-score="4" data-reputation="0" data-shopid="" data-done="1"></div>\n    <div class="p-commit"><strong>\u5df2\u6709<a target="_blank" href="http://item.jd.com/11311645.html#comments-list">20731</a>\u4eba\u8bc4\u4ef7</strong></div>\n    <div class="p-shopnum">\n      <span class="curr-shop">\u4eac\u4e1c\u81ea\u8425</span>\n    </div>\n    <div class="p-operate">\n      <a class="p-o-btn focus J_focus" data-sku="11311645" href="javascript:;">\n        <i></i>\u5173\u6ce8\n      </a>\n      <a class="p-o-btn addcart" target="_blank" href="http://gate.jd.com/InitCart.aspx?pid=11311645&amp;pcount=1&amp;ptype=1">\n        <i></i>\u52a0\u5165\u8d2d\u7269\u8f66\n      </a>\n    </div>\n    <div class="p-stock" data-isdeliveryable="5" style="display: none;"></div>\n    <div class="p-service">\u7531 \u4eac\u4e1c \u53d1\u8d27</div>\n    <div class="p-summary">\n      <a href="http://item.jd.com/11311645.html#recommend-editor" target="_blank">\u66f4\u591a&gt;</a>\n    </div>\n    <div class="p-addtocart">\n      <a data-sku="11311645" href="http://gate.jd.com/InitCart.aspx?pid=11311645&amp;pcount=1&amp;ptype=1"><i></i>\u52a0\u5165\u8d2d\u7269\u8f66</a>\n    </div>\n  </div>\n                                        <div class="tab-content-item j-sku-item" data-sku="11339988" venderid="1000004052" jdzy_shop_id="1000004052" ts_venderid="">\n  <div class="p-img">\n    <a target="_blank" href="http://item.jd.com/11339988.html">\n                    <img width="200" height="200" data-img="1" src="//img13.360buyimg.com/n7/g13/M00/12/14/rBEhU1Jo0LUIAAAAAAIS0Hj-jkQAAEiWgOWcZAAAhLo476.jpg">\n          </a>\n      </div>\n  <div class="p-price">\n    <strong class="J_price"><em></em><i></i></strong>\n    <div class="p-icons J-pro-icons">\n          </div>\n  </div>\n  <div class="p-name">\n    <a target="_blank" title="" href="http://item.jd.com/11339988.html">\n      <em>C++ Primer\u4e2d\u6587\u7248 \u7b2c5\u7248+Java\u7f16\u7a0b\u601d\u60f3 \u7b2c4\u7248\uff08\u4eac\u4e1c\u5957\u88c5\u51712\u518c\uff09</em>\n      <i class="promo-words"></i>\n    </a>\n  </div>\n      <div class="p-bookdetails">\n      <span class="p-bi-name">\n                  <span class="author_type_1" style="display: ;">\n                                                       [\u7f8e]                <a title="Bruce  Eckel" href="http://book.jd.com/writer/Bruce%20%20Eckel_1.html" target="_blank"> Bruce  Eckel </a>                                        \u8457          </span>\n                            <span class="author_type_2" style="display: none;">\n                                                                     <a title="\u9648\u660a\u9e4f" href="http://book.jd.com/writer/%E9%99%88%E6%98%8A%E9%B9%8F_1.html" target="_blank"> \u9648\u660a\u9e4f </a>                                        \u8bd1          </span>\n                        </span>\n      <em>|</em>      <span class="p-bi-store">\n                  <a title="\u673a\u68b0\u5de5\u4e1a\u51fa\u7248\u793e" href="http://book.jd.com/publish/%E6%9C%BA%E6%A2%B0%E5%B7%A5%E4%B8%9A%E5%87%BA%E7%89%88%E7%A4%BE_1.html" target="_blank">\u673a\u68b0\u5de5\u4e1a\u51fa\u7248\u793e</a>\n              </span>\n      <em>|</em>      <span class="p-bi-date">\n        2007-06      </span>\n    </div>\n        <div class="p-shop hide" data-score="4" data-reputation="0" data-shopid="" data-done="1"></div>\n    <div class="p-commit"><strong>\u5df2\u6709<a target="_blank" href="http://item.jd.com/11339988.html#comments-list">20447</a>\u4eba\u8bc4\u4ef7</strong></div>\n    <div class="p-shopnum">\n      <span class="curr-shop">\u4eac\u4e1c\u81ea\u8425</span>\n    </div>\n    <div class="p-operate">\n      <a class="p-o-btn focus J_focus" data-sku="11339988" href="javascript:;">\n        <i></i>\u5173\u6ce8\n      </a>\n      <a class="p-o-btn addcart" target="_blank" href="http://gate.jd.com/InitCart.aspx?pid=11339988&amp;pcount=1&amp;ptype=1">\n        <i></i>\u52a0\u5165\u8d2d\u7269\u8f66\n      </a>\n    </div>\n    <div class="p-stock" data-isdeliveryable="5" style="display: none;"></div>\n    <div class="p-service">\u7531 \u4eac\u4e1c \u53d1\u8d27</div>\n    <div class="p-summary">\n      <a href="http://item.jd.com/11339988.html#recommend-editor" target="_blank">\u66f4\u591a&gt;</a>\n    </div>\n    <div class="p-addtocart">\n      <a data-sku="11339988" href="http://gate.jd.com/InitCart.aspx?pid=11339988&amp;pcount=1&amp;ptype=1"><i></i>\u52a0\u5165\u8d2d\u7269\u8f66</a>\n    </div>\n  </div>\n                                  </div>\n              </div>\n            </div>']
2016-01-18 16:51:59 [jd] INFO: !!!!!!!!!!!!!!!!!!!!!!!!
2016-01-18 16:51:59 [jd] INFO: !!!!!!!!!!!!!!!!!!!!!!!!
2016-01-18 16:51:59 [jd] INFO: [u'<div class="gl-i-wrap">\n              <div class="gl-i-tab">\n                <div class="gl-i-tab-trigger">\n                  <span title="Java\u7f16\u7a0b\u601d\u60f3\uff08\u7b2c4\u7248\uff09" class="item selected">\u5355\u4ef6</span>\n                                      <span title="JAVA\u7f16\u7a0b\u601d\u60f3+\u7b97\u6cd5\u5bfc\u8bba\uff08\u4eac\u4e1c\u5957\u88c5\u51712\u518c\uff09" class="item">\u5957\u88c52\u4ef6</span>\n                                      <span title="C++ Primer\u4e2d\u6587\u7248 \u7b2c5\u7248+Java\u7f16\u7a0b\u601d\u60f3 \u7b2c4\u7248\uff08\u4eac\u4e1c\u5957\u88c5\u51712\u518c\uff09" class="item">\u5957\u88c52\u4ef6</span>\n                                  </div>\n                <div class="gl-i-tab-content">\n                                        <div class="tab-content-item tab-cnt-i-selected j-sku-item" data-sku="10058164" venderid="1000004052" jdzy_shop_id="1000004052" ts_venderid="">\n  <div class="p-img">\n    <a target="_blank" href="http://item.jd.com/10058164.html">\n                    <img width="200" height="200" data-img="1" src="//img14.360buyimg.com/n7/jfs/t2191/111/699154754/198998/32d7bfe0/5624b582Nbc01af5b.jpg">\n          </a>\n      </div>\n  <div class="p-price">\n    <strong class="J_price"><em></em><i></i></strong>\n    <div class="p-icons J-pro-icons">\n          </div>\n  </div>\n  <div class="p-name">\n    <a target="_blank" title="" href="http://item.jd.com/10058164.html">\n      <em>Java\u7f16\u7a0b\u601d\u60f3\uff08\u7b2c4\u7248\uff09</em>\n      <i class="promo-words"></i>\n    </a>\n  </div>\n      <div class="p-bookdetails">\n      <span class="p-bi-name">\n                  <span class="author_type_1" style="display: ;">\n                                                       [\u7f8e]                <a title="Bruce  Eckel" href="http://book.jd.com/writer/Bruce%20%20Eckel_1.html" target="_blank"> Bruce  Eckel </a>                                        \u8457          </span>\n                            <span class="author_type_2" style="display: none;">\n                                                                     <a title="\u9648\u660a\u9e4f" href="http://book.jd.com/writer/%E9%99%88%E6%98%8A%E9%B9%8F_1.html" target="_blank"> \u9648\u660a\u9e4f </a>                                        \u8bd1          </span>\n                        </span>\n      <em>|</em>      <span class="p-bi-store">\n                  <a title="\u673a\u68b0\u5de5\u4e1a\u51fa\u7248\u793e" href="http://book.jd.com/publish/%E6%9C%BA%E6%A2%B0%E5%B7%A5%E4%B8%9A%E5%87%BA%E7%89%88%E7%A4%BE_1.html" target="_blank">\u673a\u68b0\u5de5\u4e1a\u51fa\u7248\u793e</a>\n              </span>\n      <em>|</em>      <span class="p-bi-date">\n        2007-06      </span>\n    </div>\n        <div class="p-shop hide" data-score="4" data-reputation="0" data-shopid="" data-done="1"></div>\n    <div class="p-commit"><strong>\u5df2\u6709<a target="_blank" href="http://item.jd.com/10058164.html#comments-list">13284</a>\u4eba\u8bc4\u4ef7</strong></div>\n    <div class="p-shopnum">\n      <span class="curr-shop">\u4eac\u4e1c\u81ea\u8425</span>\n    </div>\n    <div class="p-operate">\n      <a class="p-o-btn focus J_focus" data-sku="10058164" href="javascript:;">\n        <i></i>\u5173\u6ce8\n      </a>\n      <a class="p-o-btn addcart" target="_blank" href="http://gate.jd.com/InitCart.aspx?pid=10058164&amp;pcount=1&amp;ptype=1">\n        <i></i>\u52a0\u5165\u8d2d\u7269\u8f66\n      </a>\n    </div>\n    <div class="p-stock" data-isdeliveryable="5" style="display: none;"></div>\n    <div class="p-service">\u7531 \u4eac\u4e1c \u53d1\u8d27</div>\n    <div class="p-summary">\n      <a href="http://item.jd.com/10058164.html#recommend-editor" target="_blank">\u66f4\u591a&gt;</a>\n    </div>\n    <div class="p-addtocart">\n      <a data-sku="10058164" href="http://gate.jd.com/InitCart.aspx?pid=10058164&amp;pcount=1&amp;ptype=1"><i></i>\u52a0\u5165\u8d2d\u7269\u8f66</a>\n    </div>\n  </div>\n                                        <div class="tab-content-item j-sku-item" data-sku="11311645" venderid="1000004052" jdzy_shop_id="1000004052" ts_venderid="">\n  <div class="p-img">\n    <a target="_blank" href="http://item.jd.com/11311645.html">\n                    <img width="200" height="200" data-img="1" src="//img10.360buyimg.com/n7/g14/M06/0D/12/rBEhVVIgPNgIAAAAAAK9Rjrq1cQAACppgNZ_cEAAr1e362.jpg">\n          </a>\n      </div>\n  <div class="p-price">\n    <strong class="J_price"><em></em><i></i></strong>\n    <div class="p-icons J-pro-icons">\n          </div>\n  </div>\n  <div class="p-name">\n    <a target="_blank" title="" href="http://item.jd.com/11311645.html">\n      <em>JAVA\u7f16\u7a0b\u601d\u60f3+\u7b97\u6cd5\u5bfc\u8bba\uff08\u4eac\u4e1c\u5957\u88c5\u51712\u518c\uff09</em>\n      <i class="promo-words"></i>\n    </a>\n  </div>\n      <div class="p-bookdetails">\n      <span class="p-bi-name">\n                  <span class="author_type_1" style="display: ;">\n                                                       [\u7f8e]                <a title="Bruce  Eckel" href="http://book.jd.com/writer/Bruce%20%20Eckel_1.html" target="_blank"> Bruce  Eckel </a>                                        \u8457          </span>\n                            <span class="author_type_2" style="display: none;">\n                                                                     <a title="\u9648\u660a\u9e4f" href="http://book.jd.com/writer/%E9%99%88%E6%98%8A%E9%B9%8F_1.html" target="_blank"> \u9648\u660a\u9e4f </a>                                        \u8bd1          </span>\n                        </span>\n      <em>|</em>      <span class="p-bi-store">\n                  <a title="\u673a\u68b0\u5de5\u4e1a\u51fa\u7248\u793e" href="http://book.jd.com/publish/%E6%9C%BA%E6%A2%B0%E5%B7%A5%E4%B8%9A%E5%87%BA%E7%89%88%E7%A4%BE_1.html" target="_blank">\u673a\u68b0\u5de5\u4e1a\u51fa\u7248\u793e</a>\n              </span>\n      <em>|</em>      <span class="p-bi-date">\n        2007-06      </span>\n    </div>\n        <div class="p-shop hide" data-score="4" data-reputation="0" data-shopid="" data-done="1"></div>\n    <div class="p-commit"><strong>\u5df2\u6709<a target="_blank" href="http://item.jd.com/11311645.html#comments-list">20731</a>\u4eba\u8bc4\u4ef7</strong></div>\n    <div class="p-shopnum">\n      <span class="curr-shop">\u4eac\u4e1c\u81ea\u8425</span>\n    </div>\n    <div class="p-operate">\n      <a class="p-o-btn focus J_focus" data-sku="11311645" href="javascript:;">\n        <i></i>\u5173\u6ce8\n      </a>\n      <a class="p-o-btn addcart" target="_blank" href="http://gate.jd.com/InitCart.aspx?pid=11311645&amp;pcount=1&amp;ptype=1">\n        <i></i>\u52a0\u5165\u8d2d\u7269\u8f66\n      </a>\n    </div>\n    <div class="p-stock" data-isdeliveryable="5" style="display: none;"></div>\n    <div class="p-service">\u7531 \u4eac\u4e1c \u53d1\u8d27</div>\n    <div class="p-summary">\n      <a href="http://item.jd.com/11311645.html#recommend-editor" target="_blank">\u66f4\u591a&gt;</a>\n    </div>\n    <div class="p-addtocart">\n      <a data-sku="11311645" href="http://gate.jd.com/InitCart.aspx?pid=11311645&amp;pcount=1&amp;ptype=1"><i></i>\u52a0\u5165\u8d2d\u7269\u8f66</a>\n    </div>\n  </div>\n                                        <div class="tab-content-item j-sku-item" data-sku="11339988" venderid="1000004052" jdzy_shop_id="1000004052" ts_venderid="">\n  <div class="p-img">\n    <a target="_blank" href="http://item.jd.com/11339988.html">\n                    <img width="200" height="200" data-img="1" src="//img13.360buyimg.com/n7/g13/M00/12/14/rBEhU1Jo0LUIAAAAAAIS0Hj-jkQAAEiWgOWcZAAAhLo476.jpg">\n          </a>\n      </div>\n  <div class="p-price">\n    <strong class="J_price"><em></em><i></i></strong>\n    <div class="p-icons J-pro-icons">\n          </div>\n  </div>\n  <div class="p-name">\n    <a target="_blank" title="" href="http://item.jd.com/11339988.html">\n      <em>C++ Primer\u4e2d\u6587\u7248 \u7b2c5\u7248+Java\u7f16\u7a0b\u601d\u60f3 \u7b2c4\u7248\uff08\u4eac\u4e1c\u5957\u88c5\u51712\u518c\uff09</em>\n      <i class="promo-words"></i>\n    </a>\n  </div>\n      <div class="p-bookdetails">\n      <span class="p-bi-name">\n                  <span class="author_type_1" style="display: ;">\n                                                       [\u7f8e]                <a title="Bruce  Eckel" href="http://book.jd.com/writer/Bruce%20%20Eckel_1.html" target="_blank"> Bruce  Eckel </a>                                        \u8457          </span>\n                            <span class="author_type_2" style="display: none;">\n                                                                     <a title="\u9648\u660a\u9e4f" href="http://book.jd.com/writer/%E9%99%88%E6%98%8A%E9%B9%8F_1.html" target="_blank"> \u9648\u660a\u9e4f </a>                                        \u8bd1          </span>\n                        </span>\n      <em>|</em>      <span class="p-bi-store">\n                  <a title="\u673a\u68b0\u5de5\u4e1a\u51fa\u7248\u793e" href="http://book.jd.com/publish/%E6%9C%BA%E6%A2%B0%E5%B7%A5%E4%B8%9A%E5%87%BA%E7%89%88%E7%A4%BE_1.html" target="_blank">\u673a\u68b0\u5de5\u4e1a\u51fa\u7248\u793e</a>\n              </span>\n      <em>|</em>      <span class="p-bi-date">\n        2007-06      </span>\n    </div>\n        <div class="p-shop hide" data-score="4" data-reputation="0" data-shopid="" data-done="1"></div>\n    <div class="p-commit"><strong>\u5df2\u6709<a target="_blank" href="http://item.jd.com/11339988.html#comments-list">20447</a>\u4eba\u8bc4\u4ef7</strong></div>\n    <div class="p-shopnum">\n      <span class="curr-shop">\u4eac\u4e1c\u81ea\u8425</span>\n    </div>\n    <div class="p-operate">\n      <a class="p-o-btn focus J_focus" data-sku="11339988" href="javascript:;">\n        <i></i>\u5173\u6ce8\n      </a>\n      <a class="p-o-btn addcart" target="_blank" href="http://gate.jd.com/InitCart.aspx?pid=11339988&amp;pcount=1&amp;ptype=1">\n        <i></i>\u52a0\u5165\u8d2d\u7269\u8f66\n      </a>\n    </div>\n    <div class="p-stock" data-isdeliveryable="5" style="display: none;"></div>\n    <div class="p-service">\u7531 \u4eac\u4e1c \u53d1\u8d27</div>\n    <div class="p-summary">\n      <a href="http://item.jd.com/11339988.html#recommend-editor" target="_blank">\u66f4\u591a&gt;</a>\n    </div>\n    <div class="p-addtocart">\n      <a data-sku="11339988" href="http://gate.jd.com/InitCart.aspx?pid=11339988&amp;pcount=1&amp;ptype=1"><i></i>\u52a0\u5165\u8d2d\u7269\u8f66</a>\n    </div>\n  </div>\n                                  </div>\n              </div>\n            </div>']
2016-01-18 16:51:59 [jd] INFO: !!!!!!!!!!!!!!!!!!!!!!!!
2016-01-18 16:51:59 [jd] INFO: !!!!!!!!!!!!!!!!!!!!!!!!
2016-01-18 16:51:59 [jd] INFO: [u'<div class="gl-i-wrap">\n              <div class="gl-i-tab">\n                <div class="gl-i-tab-trigger">\n                  <span title="Java\u7f16\u7a0b\u601d\u60f3\uff08\u7b2c4\u7248\uff09" class="item selected">\u5355\u4ef6</span>\n                                      <span title="JAVA\u7f16\u7a0b\u601d\u60f3+\u7b97\u6cd5\u5bfc\u8bba\uff08\u4eac\u4e1c\u5957\u88c5\u51712\u518c\uff09" class="item">\u5957\u88c52\u4ef6</span>\n                                      <span title="C++ Primer\u4e2d\u6587\u7248 \u7b2c5\u7248+Java\u7f16\u7a0b\u601d\u60f3 \u7b2c4\u7248\uff08\u4eac\u4e1c\u5957\u88c5\u51712\u518c\uff09" class="item">\u5957\u88c52\u4ef6</span>\n                                  </div>\n                <div class="gl-i-tab-content">\n                                        <div class="tab-content-item tab-cnt-i-selected j-sku-item" data-sku="10058164" venderid="1000004052" jdzy_shop_id="1000004052" ts_venderid="">\n  <div class="p-img">\n    <a target="_blank" href="http://item.jd.com/10058164.html">\n                    <img width="200" height="200" data-img="1" src="//img14.360buyimg.com/n7/jfs/t2191/111/699154754/198998/32d7bfe0/5624b582Nbc01af5b.jpg">\n          </a>\n      </div>\n  <div class="p-price">\n    <strong class="J_price"><em></em><i></i></strong>\n    <div class="p-icons J-pro-icons">\n          </div>\n  </div>\n  <div class="p-name">\n    <a target="_blank" title="" href="http://item.jd.com/10058164.html">\n      <em>Java\u7f16\u7a0b\u601d\u60f3\uff08\u7b2c4\u7248\uff09</em>\n      <i class="promo-words"></i>\n    </a>\n  </div>\n      <div class="p-bookdetails">\n      <span class="p-bi-name">\n                  <span class="author_type_1" style="display: ;">\n                                                       [\u7f8e]                <a title="Bruce  Eckel" href="http://book.jd.com/writer/Bruce%20%20Eckel_1.html" target="_blank"> Bruce  Eckel </a>                                        \u8457          </span>\n                            <span class="author_type_2" style="display: none;">\n                                                                     <a title="\u9648\u660a\u9e4f" href="http://book.jd.com/writer/%E9%99%88%E6%98%8A%E9%B9%8F_1.html" target="_blank"> \u9648\u660a\u9e4f </a>                                        \u8bd1          </span>\n                        </span>\n      <em>|</em>      <span class="p-bi-store">\n                  <a title="\u673a\u68b0\u5de5\u4e1a\u51fa\u7248\u793e" href="http://book.jd.com/publish/%E6%9C%BA%E6%A2%B0%E5%B7%A5%E4%B8%9A%E5%87%BA%E7%89%88%E7%A4%BE_1.html" target="_blank">\u673a\u68b0\u5de5\u4e1a\u51fa\u7248\u793e</a>\n              </span>\n      <em>|</em>      <span class="p-bi-date">\n        2007-06      </span>\n    </div>\n        <div class="p-shop hide" data-score="4" data-reputation="0" data-shopid="" data-done="1"></div>\n    <div class="p-commit"><strong>\u5df2\u6709<a target="_blank" href="http://item.jd.com/10058164.html#comments-list">13284</a>\u4eba\u8bc4\u4ef7</strong></div>\n    <div class="p-shopnum">\n      <span class="curr-shop">\u4eac\u4e1c\u81ea\u8425</span>\n    </div>\n    <div class="p-operate">\n      <a class="p-o-btn focus J_focus" data-sku="10058164" href="javascript:;">\n        <i></i>\u5173\u6ce8\n      </a>\n      <a class="p-o-btn addcart" target="_blank" href="http://gate.jd.com/InitCart.aspx?pid=10058164&amp;pcount=1&amp;ptype=1">\n        <i></i>\u52a0\u5165\u8d2d\u7269\u8f66\n      </a>\n    </div>\n    <div class="p-stock" data-isdeliveryable="5" style="display: none;"></div>\n    <div class="p-service">\u7531 \u4eac\u4e1c \u53d1\u8d27</div>\n    <div class="p-summary">\n      <a href="http://item.jd.com/10058164.html#recommend-editor" target="_blank">\u66f4\u591a&gt;</a>\n    </div>\n    <div class="p-addtocart">\n      <a data-sku="10058164" href="http://gate.jd.com/InitCart.aspx?pid=10058164&amp;pcount=1&amp;ptype=1"><i></i>\u52a0\u5165\u8d2d\u7269\u8f66</a>\n    </div>\n  </div>\n                                        <div class="tab-content-item j-sku-item" data-sku="11311645" venderid="1000004052" jdzy_shop_id="1000004052" ts_venderid="">\n  <div class="p-img">\n    <a target="_blank" href="http://item.jd.com/11311645.html">\n                    <img width="200" height="200" data-img="1" src="//img10.360buyimg.com/n7/g14/M06/0D/12/rBEhVVIgPNgIAAAAAAK9Rjrq1cQAACppgNZ_cEAAr1e362.jpg">\n          </a>\n      </div>\n  <div class="p-price">\n    <strong class="J_price"><em></em><i></i></strong>\n    <div class="p-icons J-pro-icons">\n          </div>\n  </div>\n  <div class="p-name">\n    <a target="_blank" title="" href="http://item.jd.com/11311645.html">\n      <em>JAVA\u7f16\u7a0b\u601d\u60f3+\u7b97\u6cd5\u5bfc\u8bba\uff08\u4eac\u4e1c\u5957\u88c5\u51712\u518c\uff09</em>\n      <i class="promo-words"></i>\n    </a>\n  </div>\n      <div class="p-bookdetails">\n      <span class="p-bi-name">\n                  <span class="author_type_1" style="display: ;">\n                                                       [\u7f8e]                <a title="Bruce  Eckel" href="http://book.jd.com/writer/Bruce%20%20Eckel_1.html" target="_blank"> Bruce  Eckel </a>                                        \u8457          </span>\n                            <span class="author_type_2" style="display: none;">\n                                                                     <a title="\u9648\u660a\u9e4f" href="http://book.jd.com/writer/%E9%99%88%E6%98%8A%E9%B9%8F_1.html" target="_blank"> \u9648\u660a\u9e4f </a>                                        \u8bd1          </span>\n                        </span>\n      <em>|</em>      <span class="p-bi-store">\n                  <a title="\u673a\u68b0\u5de5\u4e1a\u51fa\u7248\u793e" href="http://book.jd.com/publish/%E6%9C%BA%E6%A2%B0%E5%B7%A5%E4%B8%9A%E5%87%BA%E7%89%88%E7%A4%BE_1.html" target="_blank">\u673a\u68b0\u5de5\u4e1a\u51fa\u7248\u793e</a>\n              </span>\n      <em>|</em>      <span class="p-bi-date">\n        2007-06      </span>\n    </div>\n        <div class="p-shop hide" data-score="4" data-reputation="0" data-shopid="" data-done="1"></div>\n    <div class="p-commit"><strong>\u5df2\u6709<a target="_blank" href="http://item.jd.com/11311645.html#comments-list">20731</a>\u4eba\u8bc4\u4ef7</strong></div>\n    <div class="p-shopnum">\n      <span class="curr-shop">\u4eac\u4e1c\u81ea\u8425</span>\n    </div>\n    <div class="p-operate">\n      <a class="p-o-btn focus J_focus" data-sku="11311645" href="javascript:;">\n        <i></i>\u5173\u6ce8\n      </a>\n      <a class="p-o-btn addcart" target="_blank" href="http://gate.jd.com/InitCart.aspx?pid=11311645&amp;pcount=1&amp;ptype=1">\n        <i></i>\u52a0\u5165\u8d2d\u7269\u8f66\n      </a>\n    </div>\n    <div class="p-stock" data-isdeliveryable="5" style="display: none;"></div>\n    <div class="p-service">\u7531 \u4eac\u4e1c \u53d1\u8d27</div>\n    <div class="p-summary">\n      <a href="http://item.jd.com/11311645.html#recommend-editor" target="_blank">\u66f4\u591a&gt;</a>\n    </div>\n    <div class="p-addtocart">\n      <a data-sku="11311645" href="http://gate.jd.com/InitCart.aspx?pid=11311645&amp;pcount=1&amp;ptype=1"><i></i>\u52a0\u5165\u8d2d\u7269\u8f66</a>\n    </div>\n  </div>\n                                        <div class="tab-content-item j-sku-item" data-sku="11339988" venderid="1000004052" jdzy_shop_id="1000004052" ts_venderid="">\n  <div class="p-img">\n    <a target="_blank" href="http://item.jd.com/11339988.html">\n                    <img width="200" height="200" data-img="1" src="//img13.360buyimg.com/n7/g13/M00/12/14/rBEhU1Jo0LUIAAAAAAIS0Hj-jkQAAEiWgOWcZAAAhLo476.jpg">\n          </a>\n      </div>\n  <div class="p-price">\n    <strong class="J_price"><em></em><i></i></strong>\n    <div class="p-icons J-pro-icons">\n          </div>\n  </div>\n  <div class="p-name">\n    <a target="_blank" title="" href="http://item.jd.com/11339988.html">\n      <em>C++ Primer\u4e2d\u6587\u7248 \u7b2c5\u7248+Java\u7f16\u7a0b\u601d\u60f3 \u7b2c4\u7248\uff08\u4eac\u4e1c\u5957\u88c5\u51712\u518c\uff09</em>\n      <i class="promo-words"></i>\n    </a>\n  </div>\n      <div class="p-bookdetails">\n      <span class="p-bi-name">\n                  <span class="author_type_1" style="display: ;">\n                                                       [\u7f8e]                <a title="Bruce  Eckel" href="http://book.jd.com/writer/Bruce%20%20Eckel_1.html" target="_blank"> Bruce  Eckel </a>                                        \u8457          </span>\n                            <span class="author_type_2" style="display: none;">\n                                                                     <a title="\u9648\u660a\u9e4f" href="http://book.jd.com/writer/%E9%99%88%E6%98%8A%E9%B9%8F_1.html" target="_blank"> \u9648\u660a\u9e4f </a>                                        \u8bd1          </span>\n                        </span>\n      <em>|</em>      <span class="p-bi-store">\n                  <a title="\u673a\u68b0\u5de5\u4e1a\u51fa\u7248\u793e" href="http://book.jd.com/publish/%E6%9C%BA%E6%A2%B0%E5%B7%A5%E4%B8%9A%E5%87%BA%E7%89%88%E7%A4%BE_1.html" target="_blank">\u673a\u68b0\u5de5\u4e1a\u51fa\u7248\u793e</a>\n              </span>\n      <em>|</em>      <span class="p-bi-date">\n        2007-06      </span>\n    </div>\n        <div class="p-shop hide" data-score="4" data-reputation="0" data-shopid="" data-done="1"></div>\n    <div class="p-commit"><strong>\u5df2\u6709<a target="_blank" href="http://item.jd.com/11339988.html#comments-list">20447</a>\u4eba\u8bc4\u4ef7</strong></div>\n    <div class="p-shopnum">\n      <span class="curr-shop">\u4eac\u4e1c\u81ea\u8425</span>\n    </div>\n    <div class="p-operate">\n      <a class="p-o-btn focus J_focus" data-sku="11339988" href="javascript:;">\n        <i></i>\u5173\u6ce8\n      </a>\n      <a class="p-o-btn addcart" target="_blank" href="http://gate.jd.com/InitCart.aspx?pid=11339988&amp;pcount=1&amp;ptype=1">\n        <i></i>\u52a0\u5165\u8d2d\u7269\u8f66\n      </a>\n    </div>\n    <div class="p-stock" data-isdeliveryable="5" style="display: none;"></div>\n    <div class="p-service">\u7531 \u4eac\u4e1c \u53d1\u8d27</div>\n    <div class="p-summary">\n      <a href="http://item.jd.com/11339988.html#recommend-editor" target="_blank">\u66f4\u591a&gt;</a>\n    </div>\n    <div class="p-addtocart">\n      <a data-sku="11339988" href="http://gate.jd.com/InitCart.aspx?pid=11339988&amp;pcount=1&amp;ptype=1"><i></i>\u52a0\u5165\u8d2d\u7269\u8f66</a>\n    </div>\n  </div>\n                                  </div>\n              </div>\n            </div>']
2016-01-18 16:51:59 [jd] INFO: !!!!!!!!!!!!!!!!!!!!!!!!
2016-01-18 16:51:59 [jd] INFO: !!!!!!!!!!!!!!!!!!!!!!!!
2016-01-18 16:51:59 [jd] INFO: [u'<div class="gl-i-wrap">\n              <div class="gl-i-tab">\n                <div class="gl-i-tab-trigger">\n                  <span title="\u6df1\u5165\u7406\u89e3Java\u865a\u62df\u673a\uff1aJVM\u9ad8\u7ea7\u7279\u6027\u4e0e\u6700\u4f73\u5b9e\u8df5\uff08\u7b2c2\u7248\uff09" class="item selected">\u5355\u4ef6</span>\n                                      <span title="Java\u865a\u62df\u673a\u5957\u88c5\uff08\u4eac\u4e1c\u5957\u88c5\u51712\u518c\uff09" class="item">\u5957\u88c52\u4ef6</span>\n                                      <span title="\u6df1\u5165\u7406\u89e3Java\u9ad8\u7ea7\u4e3b\u9898\uff1a\u6df1\u5165\u7406\u89e3Java\u865a\u62df\u673a+\u6df1\u5165\u7406\u89e3OSGi\uff08\u4eac\u4e1c\u5957\u88c5\u51712\u518c\uff09" class="item">\u5957\u88c52\u4ef6</span>\n                                      <span title="Java\u9ad8\u7ea7\u4e3b\u9898\uff1aJava\u5b89\u5168\u7f16\u7801\u6807\u51c6+\u6df1\u5165\u7406\u89e3Java\u865a\u62df\u673a\uff08\u7b2c2\u7248\uff09\uff08\u4eac\u4e1c\u5957\u88c5\u51712\u518c\uff09" class="item">\u5957\u88c52\u4ef6</span>\n                                  </div>\n                <div class="gl-i-tab-content">\n                                        <div class="tab-content-item tab-cnt-i-selected j-sku-item" data-sku="11252778" venderid="1000004052" jdzy_shop_id="1000004052" ts_venderid="">\n  <div class="p-img">\n    <a target="_blank" href="http://item.jd.com/11252778.html">\n                    <img width="200" height="200" data-img="1" src="//img13.360buyimg.com/n7/g12/M00/0D/11/rBEQYFGsb1UIAAAAAAOWsjOfTaEAACpKQBilzYAA5bK952.jpg">\n          </a>\n      </div>\n  <div class="p-price">\n    <strong class="J_price"><em></em><i></i></strong>\n    <div class="p-icons J-pro-icons">\n          </div>\n  </div>\n  <div class="p-name">\n    <a target="_blank" title="" href="http://item.jd.com/11252778.html">\n      <em>\u6df1\u5165\u7406\u89e3Java\u865a\u62df\u673a\uff1aJVM\u9ad8\u7ea7\u7279\u6027\u4e0e\u6700\u4f73\u5b9e\u8df5\uff08\u7b2c2\u7248\uff09</em>\n      <i class="promo-words"></i>\n    </a>\n  </div>\n      <div class="p-bookdetails">\n      <span class="p-bi-name">\n                  <span class="author_type_1" style="display: ;">\n                                                                     <a title="\u5468\u5fd7\u660e" href="http://book.jd.com/writer/%E5%91%A8%E5%BF%97%E6%98%8E_1.html" target="_blank"> \u5468\u5fd7\u660e </a>                                        \u8457          </span>\n                        </span>\n      <em>|</em>      <span class="p-bi-store">\n                  <a title="\u673a\u68b0\u5de5\u4e1a\u51fa\u7248\u793e" href="http://book.jd.com/publish/%E6%9C%BA%E6%A2%B0%E5%B7%A5%E4%B8%9A%E5%87%BA%E7%89%88%E7%A4%BE_1.html" target="_blank">\u673a\u68b0\u5de5\u4e1a\u51fa\u7248\u793e</a>\n              </span>\n      <em>|</em>      <span class="p-bi-date">\n        2013-05      </span>\n    </div>\n        <div class="p-shop hide" data-score="4" data-reputation="0" data-shopid="" data-done="1"></div>\n    <div class="p-commit"><strong>\u5df2\u6709<a target="_blank" href="http://item.jd.com/11252778.html#comments-list">3308</a>\u4eba\u8bc4\u4ef7</strong></div>\n    <div class="p-shopnum">\n      <span class="curr-shop">\u4eac\u4e1c\u81ea\u8425</span>\n    </div>\n    <div class="p-operate">\n      <a class="p-o-btn focus J_focus" data-sku="11252778" href="javascript:;">\n        <i></i>\u5173\u6ce8\n      </a>\n      <a class="p-o-btn addcart" target="_blank" href="http://gate.jd.com/InitCart.aspx?pid=11252778&amp;pcount=1&amp;ptype=1">\n        <i></i>\u52a0\u5165\u8d2d\u7269\u8f66\n      </a>\n    </div>\n    <div class="p-stock" data-isdeliveryable="5" style="display: none;"></div>\n    <div class="p-service">\u7531 \u4eac\u4e1c \u53d1\u8d27</div>\n    <div class="p-summary">\n      <a href="http://item.jd.com/11252778.html#recommend-editor" target="_blank">\u66f4\u591a&gt;</a>\n    </div>\n    <div class="p-addtocart">\n      <a data-sku="11252778" href="http://gate.jd.com/InitCart.aspx?pid=11252778&amp;pcount=1&amp;ptype=1"><i></i>\u52a0\u5165\u8d2d\u7269\u8f66</a>\n    </div>\n  </div>\n                                        <div class="tab-content-item j-sku-item" data-sku="11311997" venderid="1000004052" jdzy_shop_id="1000004052" ts_venderid="">\n  <div class="p-img">\n    <a target="_blank" href="http://item.jd.com/11311997.html">\n                    <img width="200" height="200" data-img="1" src="//img12.360buyimg.com/n7/g14/M03/0E/0D/rBEhVVIm1nQIAAAAAAcwEUzMuNoAAC0FQForAwABzAp321.jpg">\n          </a>\n      </div>\n  <div class="p-price">\n    <strong class="J_price"><em></em><i></i></strong>\n    <div class="p-icons J-pro-icons">\n          </div>\n  </div>\n  <div class="p-name">\n    <a target="_blank" title="" href="http://item.jd.com/11311997.html">\n      <em>Java\u865a\u62df\u673a\u5957\u88c5\uff08\u4eac\u4e1c\u5957\u88c5\u51712\u518c\uff09</em>\n      <i class="promo-words"></i>\n    </a>\n  </div>\n      <div class="p-bookdetails">\n      <span class="p-bi-name">\n                  <span class="author_type_1" style="display: ;">\n                                                                     <a title="\u5468\u5fd7\u660e" href="http://book.jd.com/writer/%E5%91%A8%E5%BF%97%E6%98%8E_1.html" target="_blank"> \u5468\u5fd7\u660e </a>                                        \u8457          </span>\n                        </span>\n      <em>|</em>      <span class="p-bi-store">\n                  <a title="\u673a\u68b0\u5de5\u4e1a\u51fa\u7248\u793e" href="http://book.jd.com/publish/%E6%9C%BA%E6%A2%B0%E5%B7%A5%E4%B8%9A%E5%87%BA%E7%89%88%E7%A4%BE_1.html" target="_blank">\u673a\u68b0\u5de5\u4e1a\u51fa\u7248\u793e</a>\n              </span>\n      <em>|</em>      <span class="p-bi-date">\n        2013-05      </span>\n    </div>\n        <div class="p-shop hide" data-score="4" data-reputation="0" data-shopid="" data-done="1"></div>\n    <div class="p-commit"><strong>\u5df2\u6709<a target="_blank" href="http://item.jd.com/11311997.html#comments-list">3514</a>\u4eba\u8bc4\u4ef7</strong></div>\n    <div class="p-shopnum">\n      <span class="curr-shop">\u4eac\u4e1c\u81ea\u8425</span>\n    </div>\n    <div class="p-operate">\n      <a class="p-o-btn focus J_focus" data-sku="11311997" href="javascript:;">\n        <i></i>\u5173\u6ce8\n      </a>\n      <a class="p-o-btn addcart" target="_blank" href="http://gate.jd.com/InitCart.aspx?pid=11311997&amp;pcount=1&amp;ptype=1">\n        <i></i>\u52a0\u5165\u8d2d\u7269\u8f66\n      </a>\n    </div>\n    <div class="p-stock" data-isdeliveryable="5" style="display: none;"></div>\n    <div class="p-service">\u7531 \u4eac\u4e1c \u53d1\u8d27</div>\n    <div class="p-summary">\n      <a href="http://item.jd.com/11311997.html#recommend-editor" target="_blank">\u66f4\u591a&gt;</a>\n    </div>\n    <div class="p-addtocart">\n      <a data-sku="11311997" href="http://gate.jd.com/InitCart.aspx?pid=11311997&amp;pcount=1&amp;ptype=1"><i></i>\u52a0\u5165\u8d2d\u7269\u8f66</a>\n    </div>\n  </div>\n                                        <div class="tab-content-item j-sku-item" data-sku="11312105" venderid="1000004052" jdzy_shop_id="1000004052" ts_venderid="">\n  <div class="p-img">\n    <a target="_blank" href="http://item.jd.com/11312105.html">\n                    <img width="200" height="200" data-img="1" src="//img10.360buyimg.com/n7/g14/M03/0E/0D/rBEhV1Im1n8IAAAAAAeBcl1YVuMAAC0FgBtWzQAB4GK355.jpg">\n          </a>\n      </div>\n  <div class="p-price">\n    <strong class="J_price"><em></em><i></i></strong>\n    <div class="p-icons J-pro-icons">\n          </div>\n  </div>\n  <div class="p-name">\n    <a target="_blank" title="" href="http://item.jd.com/11312105.html">\n      <em>\u6df1\u5165\u7406\u89e3Java\u9ad8\u7ea7\u4e3b\u9898\uff1a\u6df1\u5165\u7406\u89e3Java\u865a\u62df\u673a+\u6df1\u5165\u7406\u89e3OSGi\uff08\u4eac\u4e1c\u5957\u88c5\u51712\u518c\uff09</em>\n      <i class="promo-words"></i>\n    </a>\n  </div>\n      <div class="p-bookdetails">\n      <span class="p-bi-name">\n                  <span class="author_type_1" style="display: ;">\n                                                                     <a title="\u5468\u5fd7\u660e" href="http://book.jd.com/writer/%E5%91%A8%E5%BF%97%E6%98%8E_1.html" target="_blank"> \u5468\u5fd7\u660e </a>                                        \u8457          </span>\n                        </span>\n      <em>|</em>      <span class="p-bi-store">\n                  <a title="\u673a\u68b0\u5de5\u4e1a\u51fa\u7248\u793e" href="http://book.jd.com/publish/%E6%9C%BA%E6%A2%B0%E5%B7%A5%E4%B8%9A%E5%87%BA%E7%89%88%E7%A4%BE_1.html" target="_blank">\u673a\u68b0\u5de5\u4e1a\u51fa\u7248\u793e</a>\n              </span>\n      <em>|</em>      <span class="p-bi-date">\n        2013-05      </span>\n    </div>\n        <div class="p-shop hide" data-score="4" data-reputation="0" data-shopid="" data-done="1"></div>\n    <div class="p-commit"><strong>\u5df2\u6709<a target="_blank" href="http://item.jd.com/11312105.html#comments-list">3600</a>\u4eba\u8bc4\u4ef7</strong></div>\n    <div class="p-shopnum">\n      <span class="curr-shop">\u4eac\u4e1c\u81ea\u8425</span>\n    </div>\n    <div class="p-operate">\n      <a class="p-o-btn focus J_focus" data-sku="11312105" href="javascript:;">\n        <i></i>\u5173\u6ce8\n      </a>\n      <a class="p-o-btn addcart" target="_blank" href="http://gate.jd.com/InitCart.aspx?pid=11312105&amp;pcount=1&amp;ptype=1">\n        <i></i>\u52a0\u5165\u8d2d\u7269\u8f66\n      </a>\n    </div>\n    <div class="p-stock" data-isdeliveryable="5" style="display: none;"></div>\n    <div class="p-service">\u7531 \u4eac\u4e1c \u53d1\u8d27</div>\n    <div class="p-summary">\n      <a href="http://item.jd.com/11312105.html#recommend-editor" target="_blank">\u66f4\u591a&gt;</a>\n    </div>\n    <div class="p-addtocart">\n      <a data-sku="11312105" href="http://gate.jd.com/InitCart.aspx?pid=11312105&amp;pcount=1&amp;ptype=1"><i></i>\u52a0\u5165\u8d2d\u7269\u8f66</a>\n    </div>\n  </div>\n                                        <div class="tab-content-item j-sku-item" data-sku="11312110" venderid="1000004052" jdzy_shop_id="1000004052" ts_venderid="">\n  <div class="p-img">\n    <a target="_blank" href="http://item.jd.com/11312110.html">\n                    <img width="200" height="200" data-img="1" src="//img10.360buyimg.com/n7/g14/M03/0E/0D/rBEhV1Im1n8IAAAAAAcHltD_3_8AAC0FgC-1WoABweu831.jpg">\n          </a>\n      </div>\n  <div class="p-price">\n    <strong class="J_price"><em></em><i></i></strong>\n    <div class="p-icons J-pro-icons">\n          </div>\n  </div>\n  <div class="p-name">\n    <a target="_blank" title="" href="http://item.jd.com/11312110.html">\n      <em>Java\u9ad8\u7ea7\u4e3b\u9898\uff1aJava\u5b89\u5168\u7f16\u7801\u6807\u51c6+\u6df1\u5165\u7406\u89e3Java\u865a\u62df\u673a\uff08\u7b2c2\u7248\uff09\uff08\u4eac\u4e1c\u5957\u88c5\u51712\u518c\uff09</em>\n      <i class="promo-words"></i>\n    </a>\n  </div>\n      <div class="p-bookdetails">\n      <span class="p-bi-name">\n                  <span class="author_type_1" style="display: ;">\n                                                                     <a title="\u5468\u5fd7\u660e" href="http://book.jd.com/writer/%E5%91%A8%E5%BF%97%E6%98%8E_1.html" target="_blank"> \u5468\u5fd7\u660e </a>                                        \u8457          </span>\n                        </span>\n      <em>|</em>      <span class="p-bi-store">\n                  <a title="\u673a\u68b0\u5de5\u4e1a\u51fa\u7248\u793e" href="http://book.jd.com/publish/%E6%9C%BA%E6%A2%B0%E5%B7%A5%E4%B8%9A%E5%87%BA%E7%89%88%E7%A4%BE_1.html" target="_blank">\u673a\u68b0\u5de5\u4e1a\u51fa\u7248\u793e</a>\n              </span>\n      <em>|</em>      <span class="p-bi-date">\n        2013-05      </span>\n    </div>\n        <div class="p-shop hide" data-score="4" data-reputation="0" data-shopid="" data-done="1"></div>\n    <div class="p-commit"><strong>\u5df2\u6709<a target="_blank" href="http://item.jd.com/11312110.html#comments-list">3392</a>\u4eba\u8bc4\u4ef7</strong></div>\n    <div class="p-shopnum">\n      <span class="curr-shop">\u4eac\u4e1c\u81ea\u8425</span>\n    </div>\n    <div class="p-operate">\n      <a class="p-o-btn focus J_focus" data-sku="11312110" href="javascript:;">\n        <i></i>\u5173\u6ce8\n      </a>\n      <a class="p-o-btn addcart" target="_blank" href="http://gate.jd.com/InitCart.aspx?pid=11312110&amp;pcount=1&amp;ptype=1">\n        <i></i>\u52a0\u5165\u8d2d\u7269\u8f66\n      </a>\n    </div>\n    <div class="p-stock" data-isdeliveryable="5" style="display: none;"></div>\n    <div class="p-service">\u7531 \u4eac\u4e1c \u53d1\u8d27</div>\n    <div class="p-summary">\n      <a href="http://item.jd.com/11312110.html#recommend-editor" target="_blank">\u66f4\u591a&gt;</a>\n    </div>\n    <div class="p-addtocart">\n      <a data-sku="11312110" href="http://gate.jd.com/InitCart.aspx?pid=11312110&amp;pcount=1&amp;ptype=1"><i></i>\u52a0\u5165\u8d2d\u7269\u8f66</a>\n    </div>\n  </div>\n                                  </div>\n              </div>\n            </div>']
2016-01-18 16:51:59 [jd] INFO: !!!!!!!!!!!!!!!!!!!!!!!!
2016-01-18 16:51:59 [jd] INFO: !!!!!!!!!!!!!!!!!!!!!!!!
2016-01-18 16:51:59 [jd] INFO: [u'<div class="gl-i-wrap">\n              <div class="gl-i-tab">\n                <div class="gl-i-tab-trigger">\n                  <span title="\u6df1\u5165\u7406\u89e3Java\u865a\u62df\u673a\uff1aJVM\u9ad8\u7ea7\u7279\u6027\u4e0e\u6700\u4f73\u5b9e\u8df5\uff08\u7b2c2\u7248\uff09" class="item selected">\u5355\u4ef6</span>\n                                      <span title="Java\u865a\u62df\u673a\u5957\u88c5\uff08\u4eac\u4e1c\u5957\u88c5\u51712\u518c\uff09" class="item">\u5957\u88c52\u4ef6</span>\n                                      <span title="\u6df1\u5165\u7406\u89e3Java\u9ad8\u7ea7\u4e3b\u9898\uff1a\u6df1\u5165\u7406\u89e3Java\u865a\u62df\u673a+\u6df1\u5165\u7406\u89e3OSGi\uff08\u4eac\u4e1c\u5957\u88c5\u51712\u518c\uff09" class="item">\u5957\u88c52\u4ef6</span>\n                                      <span title="Java\u9ad8\u7ea7\u4e3b\u9898\uff1aJava\u5b89\u5168\u7f16\u7801\u6807\u51c6+\u6df1\u5165\u7406\u89e3Java\u865a\u62df\u673a\uff08\u7b2c2\u7248\uff09\uff08\u4eac\u4e1c\u5957\u88c5\u51712\u518c\uff09" class="item">\u5957\u88c52\u4ef6</span>\n                                  </div>\n                <div class="gl-i-tab-content">\n                                        <div class="tab-content-item tab-cnt-i-selected j-sku-item" data-sku="11252778" venderid="1000004052" jdzy_shop_id="1000004052" ts_venderid="">\n  <div class="p-img">\n    <a target="_blank" href="http://item.jd.com/11252778.html">\n                    <img width="200" height="200" data-img="1" src="//img13.360buyimg.com/n7/g12/M00/0D/11/rBEQYFGsb1UIAAAAAAOWsjOfTaEAACpKQBilzYAA5bK952.jpg">\n          </a>\n      </div>\n  <div class="p-price">\n    <strong class="J_price"><em></em><i></i></strong>\n    <div class="p-icons J-pro-icons">\n          </div>\n  </div>\n  <div class="p-name">\n    <a target="_blank" title="" href="http://item.jd.com/11252778.html">\n      <em>\u6df1\u5165\u7406\u89e3Java\u865a\u62df\u673a\uff1aJVM\u9ad8\u7ea7\u7279\u6027\u4e0e\u6700\u4f73\u5b9e\u8df5\uff08\u7b2c2\u7248\uff09</em>\n      <i class="promo-words"></i>\n    </a>\n  </div>\n      <div class="p-bookdetails">\n      <span class="p-bi-name">\n                  <span class="author_type_1" style="display: ;">\n                                                                     <a title="\u5468\u5fd7\u660e" href="http://book.jd.com/writer/%E5%91%A8%E5%BF%97%E6%98%8E_1.html" target="_blank"> \u5468\u5fd7\u660e </a>                                        \u8457          </span>\n                        </span>\n      <em>|</em>      <span class="p-bi-store">\n                  <a title="\u673a\u68b0\u5de5\u4e1a\u51fa\u7248\u793e" href="http://book.jd.com/publish/%E6%9C%BA%E6%A2%B0%E5%B7%A5%E4%B8%9A%E5%87%BA%E7%89%88%E7%A4%BE_1.html" target="_blank">\u673a\u68b0\u5de5\u4e1a\u51fa\u7248\u793e</a>\n              </span>\n      <em>|</em>      <span class="p-bi-date">\n        2013-05      </span>\n    </div>\n        <div class="p-shop hide" data-score="4" data-reputation="0" data-shopid="" data-done="1"></div>\n    <div class="p-commit"><strong>\u5df2\u6709<a target="_blank" href="http://item.jd.com/11252778.html#comments-list">3308</a>\u4eba\u8bc4\u4ef7</strong></div>\n    <div class="p-shopnum">\n      <span class="curr-shop">\u4eac\u4e1c\u81ea\u8425</span>\n    </div>\n    <div class="p-operate">\n      <a class="p-o-btn focus J_focus" data-sku="11252778" href="javascript:;">\n        <i></i>\u5173\u6ce8\n      </a>\n      <a class="p-o-btn addcart" target="_blank" href="http://gate.jd.com/InitCart.aspx?pid=11252778&amp;pcount=1&amp;ptype=1">\n        <i></i>\u52a0\u5165\u8d2d\u7269\u8f66\n      </a>\n    </div>\n    <div class="p-stock" data-isdeliveryable="5" style="display: none;"></div>\n    <div class="p-service">\u7531 \u4eac\u4e1c \u53d1\u8d27</div>\n    <div class="p-summary">\n      <a href="http://item.jd.com/11252778.html#recommend-editor" target="_blank">\u66f4\u591a&gt;</a>\n    </div>\n    <div class="p-addtocart">\n      <a data-sku="11252778" href="http://gate.jd.com/InitCart.aspx?pid=11252778&amp;pcount=1&amp;ptype=1"><i></i>\u52a0\u5165\u8d2d\u7269\u8f66</a>\n    </div>\n  </div>\n                                        <div class="tab-content-item j-sku-item" data-sku="11311997" venderid="1000004052" jdzy_shop_id="1000004052" ts_venderid="">\n  <div class="p-img">\n    <a target="_blank" href="http://item.jd.com/11311997.html">\n                    <img width="200" height="200" data-img="1" src="//img12.360buyimg.com/n7/g14/M03/0E/0D/rBEhVVIm1nQIAAAAAAcwEUzMuNoAAC0FQForAwABzAp321.jpg">\n          </a>\n      </div>\n  <div class="p-price">\n    <strong class="J_price"><em></em><i></i></strong>\n    <div class="p-icons J-pro-icons">\n          </div>\n  </div>\n  <div class="p-name">\n    <a target="_blank" title="" href="http://item.jd.com/11311997.html">\n      <em>Java\u865a\u62df\u673a\u5957\u88c5\uff08\u4eac\u4e1c\u5957\u88c5\u51712\u518c\uff09</em>\n      <i class="promo-words"></i>\n    </a>\n  </div>\n      <div class="p-bookdetails">\n      <span class="p-bi-name">\n                  <span class="author_type_1" style="display: ;">\n                                                                     <a title="\u5468\u5fd7\u660e" href="http://book.jd.com/writer/%E5%91%A8%E5%BF%97%E6%98%8E_1.html" target="_blank"> \u5468\u5fd7\u660e </a>                                        \u8457          </span>\n                        </span>\n      <em>|</em>      <span class="p-bi-store">\n                  <a title="\u673a\u68b0\u5de5\u4e1a\u51fa\u7248\u793e" href="http://book.jd.com/publish/%E6%9C%BA%E6%A2%B0%E5%B7%A5%E4%B8%9A%E5%87%BA%E7%89%88%E7%A4%BE_1.html" target="_blank">\u673a\u68b0\u5de5\u4e1a\u51fa\u7248\u793e</a>\n              </span>\n      <em>|</em>      <span class="p-bi-date">\n        2013-05      </span>\n    </div>\n        <div class="p-shop hide" data-score="4" data-reputation="0" data-shopid="" data-done="1"></div>\n    <div class="p-commit"><strong>\u5df2\u6709<a target="_blank" href="http://item.jd.com/11311997.html#comments-list">3514</a>\u4eba\u8bc4\u4ef7</strong></div>\n    <div class="p-shopnum">\n      <span class="curr-shop">\u4eac\u4e1c\u81ea\u8425</span>\n    </div>\n    <div class="p-operate">\n      <a class="p-o-btn focus J_focus" data-sku="11311997" href="javascript:;">\n        <i></i>\u5173\u6ce8\n      </a>\n      <a class="p-o-btn addcart" target="_blank" href="http://gate.jd.com/InitCart.aspx?pid=11311997&amp;pcount=1&amp;ptype=1">\n        <i></i>\u52a0\u5165\u8d2d\u7269\u8f66\n      </a>\n    </div>\n    <div class="p-stock" data-isdeliveryable="5" style="display: none;"></div>\n    <div class="p-service">\u7531 \u4eac\u4e1c \u53d1\u8d27</div>\n    <div class="p-summary">\n      <a href="http://item.jd.com/11311997.html#recommend-editor" target="_blank">\u66f4\u591a&gt;</a>\n    </div>\n    <div class="p-addtocart">\n      <a data-sku="11311997" href="http://gate.jd.com/InitCart.aspx?pid=11311997&amp;pcount=1&amp;ptype=1"><i></i>\u52a0\u5165\u8d2d\u7269\u8f66</a>\n    </div>\n  </div>\n                                        <div class="tab-content-item j-sku-item" data-sku="11312105" venderid="1000004052" jdzy_shop_id="1000004052" ts_venderid="">\n  <div class="p-img">\n    <a target="_blank" href="http://item.jd.com/11312105.html">\n                    <img width="200" height="200" data-img="1" src="//img10.360buyimg.com/n7/g14/M03/0E/0D/rBEhV1Im1n8IAAAAAAeBcl1YVuMAAC0FgBtWzQAB4GK355.jpg">\n          </a>\n      </div>\n  <div class="p-price">\n    <strong class="J_price"><em></em><i></i></strong>\n    <div class="p-icons J-pro-icons">\n          </div>\n  </div>\n  <div class="p-name">\n    <a target="_blank" title="" href="http://item.jd.com/11312105.html">\n      <em>\u6df1\u5165\u7406\u89e3Java\u9ad8\u7ea7\u4e3b\u9898\uff1a\u6df1\u5165\u7406\u89e3Java\u865a\u62df\u673a+\u6df1\u5165\u7406\u89e3OSGi\uff08\u4eac\u4e1c\u5957\u88c5\u51712\u518c\uff09</em>\n      <i class="promo-words"></i>\n    </a>\n  </div>\n      <div class="p-bookdetails">\n      <span class="p-bi-name">\n                  <span class="author_type_1" style="display: ;">\n                                                                     <a title="\u5468\u5fd7\u660e" href="http://book.jd.com/writer/%E5%91%A8%E5%BF%97%E6%98%8E_1.html" target="_blank"> \u5468\u5fd7\u660e </a>                                        \u8457          </span>\n                        </span>\n      <em>|</em>      <span class="p-bi-store">\n                  <a title="\u673a\u68b0\u5de5\u4e1a\u51fa\u7248\u793e" href="http://book.jd.com/publish/%E6%9C%BA%E6%A2%B0%E5%B7%A5%E4%B8%9A%E5%87%BA%E7%89%88%E7%A4%BE_1.html" target="_blank">\u673a\u68b0\u5de5\u4e1a\u51fa\u7248\u793e</a>\n              </span>\n      <em>|</em>      <span class="p-bi-date">\n        2013-05      </span>\n    </div>\n        <div class="p-shop hide" data-score="4" data-reputation="0" data-shopid="" data-done="1"></div>\n    <div class="p-commit"><strong>\u5df2\u6709<a target="_blank" href="http://item.jd.com/11312105.html#comments-list">3600</a>\u4eba\u8bc4\u4ef7</strong></div>\n    <div class="p-shopnum">\n      <span class="curr-shop">\u4eac\u4e1c\u81ea\u8425</span>\n    </div>\n    <div class="p-operate">\n      <a class="p-o-btn focus J_focus" data-sku="11312105" href="javascript:;">\n        <i></i>\u5173\u6ce8\n      </a>\n      <a class="p-o-btn addcart" target="_blank" href="http://gate.jd.com/InitCart.aspx?pid=11312105&amp;pcount=1&amp;ptype=1">\n        <i></i>\u52a0\u5165\u8d2d\u7269\u8f66\n      </a>\n    </div>\n    <div class="p-stock" data-isdeliveryable="5" style="display: none;"></div>\n    <div class="p-service">\u7531 \u4eac\u4e1c \u53d1\u8d27</div>\n    <div class="p-summary">\n      <a href="http://item.jd.com/11312105.html#recommend-editor" target="_blank">\u66f4\u591a&gt;</a>\n    </div>\n    <div class="p-addtocart">\n      <a data-sku="11312105" href="http://gate.jd.com/InitCart.aspx?pid=11312105&amp;pcount=1&amp;ptype=1"><i></i>\u52a0\u5165\u8d2d\u7269\u8f66</a>\n    </div>\n  </div>\n                                        <div class="tab-content-item j-sku-item" data-sku="11312110" venderid="1000004052" jdzy_shop_id="1000004052" ts_venderid="">\n  <div class="p-img">\n    <a target="_blank" href="http://item.jd.com/11312110.html">\n                    <img width="200" height="200" data-img="1" src="//img10.360buyimg.com/n7/g14/M03/0E/0D/rBEhV1Im1n8IAAAAAAcHltD_3_8AAC0FgC-1WoABweu831.jpg">\n          </a>\n      </div>\n  <div class="p-price">\n    <strong class="J_price"><em></em><i></i></strong>\n    <div class="p-icons J-pro-icons">\n          </div>\n  </div>\n  <div class="p-name">\n    <a target="_blank" title="" href="http://item.jd.com/11312110.html">\n      <em>Java\u9ad8\u7ea7\u4e3b\u9898\uff1aJava\u5b89\u5168\u7f16\u7801\u6807\u51c6+\u6df1\u5165\u7406\u89e3Java\u865a\u62df\u673a\uff08\u7b2c2\u7248\uff09\uff08\u4eac\u4e1c\u5957\u88c5\u51712\u518c\uff09</em>\n      <i class="promo-words"></i>\n    </a>\n  </div>\n      <div class="p-bookdetails">\n      <span class="p-bi-name">\n                  <span class="author_type_1" style="display: ;">\n                                                                     <a title="\u5468\u5fd7\u660e" href="http://book.jd.com/writer/%E5%91%A8%E5%BF%97%E6%98%8E_1.html" target="_blank"> \u5468\u5fd7\u660e </a>                                        \u8457          </span>\n                        </span>\n      <em>|</em>      <span class="p-bi-store">\n                  <a title="\u673a\u68b0\u5de5\u4e1a\u51fa\u7248\u793e" href="http://book.jd.com/publish/%E6%9C%BA%E6%A2%B0%E5%B7%A5%E4%B8%9A%E5%87%BA%E7%89%88%E7%A4%BE_1.html" target="_blank">\u673a\u68b0\u5de5\u4e1a\u51fa\u7248\u793e</a>\n              </span>\n      <em>|</em>      <span class="p-bi-date">\n        2013-05      </span>\n    </div>\n        <div class="p-shop hide" data-score="4" data-reputation="0" data-shopid="" data-done="1"></div>\n    <div class="p-commit"><strong>\u5df2\u6709<a target="_blank" href="http://item.jd.com/11312110.html#comments-list">3392</a>\u4eba\u8bc4\u4ef7</strong></div>\n    <div class="p-shopnum">\n      <span class="curr-shop">\u4eac\u4e1c\u81ea\u8425</span>\n    </div>\n    <div class="p-operate">\n      <a class="p-o-btn focus J_focus" data-sku="11312110" href="javascript:;">\n        <i></i>\u5173\u6ce8\n      </a>\n      <a class="p-o-btn addcart" target="_blank" href="http://gate.jd.com/InitCart.aspx?pid=11312110&amp;pcount=1&amp;ptype=1">\n        <i></i>\u52a0\u5165\u8d2d\u7269\u8f66\n      </a>\n    </div>\n    <div class="p-stock" data-isdeliveryable="5" style="display: none;"></div>\n    <div class="p-service">\u7531 \u4eac\u4e1c \u53d1\u8d27</div>\n    <div class="p-summary">\n      <a href="http://item.jd.com/11312110.html#recommend-editor" target="_blank">\u66f4\u591a&gt;</a>\n    </div>\n    <div class="p-addtocart">\n      <a data-sku="11312110" href="http://gate.jd.com/InitCart.aspx?pid=11312110&amp;pcount=1&amp;ptype=1"><i></i>\u52a0\u5165\u8d2d\u7269\u8f66</a>\n    </div>\n  </div>\n                                  </div>\n              </div>\n            </div>']
2016-01-18 16:51:59 [jd] INFO: !!!!!!!!!!!!!!!!!!!!!!!!
2016-01-18 16:51:59 [jd] INFO: !!!!!!!!!!!!!!!!!!!!!!!!
2016-01-18 16:51:59 [jd] INFO: [u'<div class="gl-i-wrap">\n              <div class="gl-i-tab">\n                <div class="gl-i-tab-trigger">\n                  <span title="\u6df1\u5165\u7406\u89e3Java\u865a\u62df\u673a\uff1aJVM\u9ad8\u7ea7\u7279\u6027\u4e0e\u6700\u4f73\u5b9e\u8df5\uff08\u7b2c2\u7248\uff09" class="item selected">\u5355\u4ef6</span>\n                                      <span title="Java\u865a\u62df\u673a\u5957\u88c5\uff08\u4eac\u4e1c\u5957\u88c5\u51712\u518c\uff09" class="item">\u5957\u88c52\u4ef6</span>\n                                      <span title="\u6df1\u5165\u7406\u89e3Java\u9ad8\u7ea7\u4e3b\u9898\uff1a\u6df1\u5165\u7406\u89e3Java\u865a\u62df\u673a+\u6df1\u5165\u7406\u89e3OSGi\uff08\u4eac\u4e1c\u5957\u88c5\u51712\u518c\uff09" class="item">\u5957\u88c52\u4ef6</span>\n                                      <span title="Java\u9ad8\u7ea7\u4e3b\u9898\uff1aJava\u5b89\u5168\u7f16\u7801\u6807\u51c6+\u6df1\u5165\u7406\u89e3Java\u865a\u62df\u673a\uff08\u7b2c2\u7248\uff09\uff08\u4eac\u4e1c\u5957\u88c5\u51712\u518c\uff09" class="item">\u5957\u88c52\u4ef6</span>\n                                  </div>\n                <div class="gl-i-tab-content">\n                                        <div class="tab-content-item tab-cnt-i-selected j-sku-item" data-sku="11252778" venderid="1000004052" jdzy_shop_id="1000004052" ts_venderid="">\n  <div class="p-img">\n    <a target="_blank" href="http://item.jd.com/11252778.html">\n                    <img width="200" height="200" data-img="1" src="//img13.360buyimg.com/n7/g12/M00/0D/11/rBEQYFGsb1UIAAAAAAOWsjOfTaEAACpKQBilzYAA5bK952.jpg">\n          </a>\n      </div>\n  <div class="p-price">\n    <strong class="J_price"><em></em><i></i></strong>\n    <div class="p-icons J-pro-icons">\n          </div>\n  </div>\n  <div class="p-name">\n    <a target="_blank" title="" href="http://item.jd.com/11252778.html">\n      <em>\u6df1\u5165\u7406\u89e3Java\u865a\u62df\u673a\uff1aJVM\u9ad8\u7ea7\u7279\u6027\u4e0e\u6700\u4f73\u5b9e\u8df5\uff08\u7b2c2\u7248\uff09</em>\n      <i class="promo-words"></i>\n    </a>\n  </div>\n      <div class="p-bookdetails">\n      <span class="p-bi-name">\n                  <span class="author_type_1" style="display: ;">\n                                                                     <a title="\u5468\u5fd7\u660e" href="http://book.jd.com/writer/%E5%91%A8%E5%BF%97%E6%98%8E_1.html" target="_blank"> \u5468\u5fd7\u660e </a>                                        \u8457          </span>\n                        </span>\n      <em>|</em>      <span class="p-bi-store">\n                  <a title="\u673a\u68b0\u5de5\u4e1a\u51fa\u7248\u793e" href="http://book.jd.com/publish/%E6%9C%BA%E6%A2%B0%E5%B7%A5%E4%B8%9A%E5%87%BA%E7%89%88%E7%A4%BE_1.html" target="_blank">\u673a\u68b0\u5de5\u4e1a\u51fa\u7248\u793e</a>\n              </span>\n      <em>|</em>      <span class="p-bi-date">\n        2013-05      </span>\n    </div>\n        <div class="p-shop hide" data-score="4" data-reputation="0" data-shopid="" data-done="1"></div>\n    <div class="p-commit"><strong>\u5df2\u6709<a target="_blank" href="http://item.jd.com/11252778.html#comments-list">3308</a>\u4eba\u8bc4\u4ef7</strong></div>\n    <div class="p-shopnum">\n      <span class="curr-shop">\u4eac\u4e1c\u81ea\u8425</span>\n    </div>\n    <div class="p-operate">\n      <a class="p-o-btn focus J_focus" data-sku="11252778" href="javascript:;">\n        <i></i>\u5173\u6ce8\n      </a>\n      <a class="p-o-btn addcart" target="_blank" href="http://gate.jd.com/InitCart.aspx?pid=11252778&amp;pcount=1&amp;ptype=1">\n        <i></i>\u52a0\u5165\u8d2d\u7269\u8f66\n      </a>\n    </div>\n    <div class="p-stock" data-isdeliveryable="5" style="display: none;"></div>\n    <div class="p-service">\u7531 \u4eac\u4e1c \u53d1\u8d27</div>\n    <div class="p-summary">\n      <a href="http://item.jd.com/11252778.html#recommend-editor" target="_blank">\u66f4\u591a&gt;</a>\n    </div>\n    <div class="p-addtocart">\n      <a data-sku="11252778" href="http://gate.jd.com/InitCart.aspx?pid=11252778&amp;pcount=1&amp;ptype=1"><i></i>\u52a0\u5165\u8d2d\u7269\u8f66</a>\n    </div>\n  </div>\n                                        <div class="tab-content-item j-sku-item" data-sku="11311997" venderid="1000004052" jdzy_shop_id="1000004052" ts_venderid="">\n  <div class="p-img">\n    <a target="_blank" href="http://item.jd.com/11311997.html">\n                    <img width="200" height="200" data-img="1" src="//img12.360buyimg.com/n7/g14/M03/0E/0D/rBEhVVIm1nQIAAAAAAcwEUzMuNoAAC0FQForAwABzAp321.jpg">\n          </a>\n      </div>\n  <div class="p-price">\n    <strong class="J_price"><em></em><i></i></strong>\n    <div class="p-icons J-pro-icons">\n          </div>\n  </div>\n  <div class="p-name">\n    <a target="_blank" title="" href="http://item.jd.com/11311997.html">\n      <em>Java\u865a\u62df\u673a\u5957\u88c5\uff08\u4eac\u4e1c\u5957\u88c5\u51712\u518c\uff09</em>\n      <i class="promo-words"></i>\n    </a>\n  </div>\n      <div class="p-bookdetails">\n      <span class="p-bi-name">\n                  <span class="author_type_1" style="display: ;">\n                                                                     <a title="\u5468\u5fd7\u660e" href="http://book.jd.com/writer/%E5%91%A8%E5%BF%97%E6%98%8E_1.html" target="_blank"> \u5468\u5fd7\u660e </a>                                        \u8457          </span>\n                        </span>\n      <em>|</em>      <span class="p-bi-store">\n                  <a title="\u673a\u68b0\u5de5\u4e1a\u51fa\u7248\u793e" href="http://book.jd.com/publish/%E6%9C%BA%E6%A2%B0%E5%B7%A5%E4%B8%9A%E5%87%BA%E7%89%88%E7%A4%BE_1.html" target="_blank">\u673a\u68b0\u5de5\u4e1a\u51fa\u7248\u793e</a>\n              </span>\n      <em>|</em>      <span class="p-bi-date">\n        2013-05      </span>\n    </div>\n        <div class="p-shop hide" data-score="4" data-reputation="0" data-shopid="" data-done="1"></div>\n    <div class="p-commit"><strong>\u5df2\u6709<a target="_blank" href="http://item.jd.com/11311997.html#comments-list">3514</a>\u4eba\u8bc4\u4ef7</strong></div>\n    <div class="p-shopnum">\n      <span class="curr-shop">\u4eac\u4e1c\u81ea\u8425</span>\n    </div>\n    <div class="p-operate">\n      <a class="p-o-btn focus J_focus" data-sku="11311997" href="javascript:;">\n        <i></i>\u5173\u6ce8\n      </a>\n      <a class="p-o-btn addcart" target="_blank" href="http://gate.jd.com/InitCart.aspx?pid=11311997&amp;pcount=1&amp;ptype=1">\n        <i></i>\u52a0\u5165\u8d2d\u7269\u8f66\n      </a>\n    </div>\n    <div class="p-stock" data-isdeliveryable="5" style="display: none;"></div>\n    <div class="p-service">\u7531 \u4eac\u4e1c \u53d1\u8d27</div>\n    <div class="p-summary">\n      <a href="http://item.jd.com/11311997.html#recommend-editor" target="_blank">\u66f4\u591a&gt;</a>\n    </div>\n    <div class="p-addtocart">\n      <a data-sku="11311997" href="http://gate.jd.com/InitCart.aspx?pid=11311997&amp;pcount=1&amp;ptype=1"><i></i>\u52a0\u5165\u8d2d\u7269\u8f66</a>\n    </div>\n  </div>\n                                        <div class="tab-content-item j-sku-item" data-sku="11312105" venderid="1000004052" jdzy_shop_id="1000004052" ts_venderid="">\n  <div class="p-img">\n    <a target="_blank" href="http://item.jd.com/11312105.html">\n                    <img width="200" height="200" data-img="1" src="//img10.360buyimg.com/n7/g14/M03/0E/0D/rBEhV1Im1n8IAAAAAAeBcl1YVuMAAC0FgBtWzQAB4GK355.jpg">\n          </a>\n      </div>\n  <div class="p-price">\n    <strong class="J_price"><em></em><i></i></strong>\n    <div class="p-icons J-pro-icons">\n          </div>\n  </div>\n  <div class="p-name">\n    <a target="_blank" title="" href="http://item.jd.com/11312105.html">\n      <em>\u6df1\u5165\u7406\u89e3Java\u9ad8\u7ea7\u4e3b\u9898\uff1a\u6df1\u5165\u7406\u89e3Java\u865a\u62df\u673a+\u6df1\u5165\u7406\u89e3OSGi\uff08\u4eac\u4e1c\u5957\u88c5\u51712\u518c\uff09</em>\n      <i class="promo-words"></i>\n    </a>\n  </div>\n      <div class="p-bookdetails">\n      <span class="p-bi-name">\n                  <span class="author_type_1" style="display: ;">\n                                                                     <a title="\u5468\u5fd7\u660e" href="http://book.jd.com/writer/%E5%91%A8%E5%BF%97%E6%98%8E_1.html" target="_blank"> \u5468\u5fd7\u660e </a>                                        \u8457          </span>\n                        </span>\n      <em>|</em>      <span class="p-bi-store">\n                  <a title="\u673a\u68b0\u5de5\u4e1a\u51fa\u7248\u793e" href="http://book.jd.com/publish/%E6%9C%BA%E6%A2%B0%E5%B7%A5%E4%B8%9A%E5%87%BA%E7%89%88%E7%A4%BE_1.html" target="_blank">\u673a\u68b0\u5de5\u4e1a\u51fa\u7248\u793e</a>\n              </span>\n      <em>|</em>      <span class="p-bi-date">\n        2013-05      </span>\n    </div>\n        <div class="p-shop hide" data-score="4" data-reputation="0" data-shopid="" data-done="1"></div>\n    <div class="p-commit"><strong>\u5df2\u6709<a target="_blank" href="http://item.jd.com/11312105.html#comments-list">3600</a>\u4eba\u8bc4\u4ef7</strong></div>\n    <div class="p-shopnum">\n      <span class="curr-shop">\u4eac\u4e1c\u81ea\u8425</span>\n    </div>\n    <div class="p-operate">\n      <a class="p-o-btn focus J_focus" data-sku="11312105" href="javascript:;">\n        <i></i>\u5173\u6ce8\n      </a>\n      <a class="p-o-btn addcart" target="_blank" href="http://gate.jd.com/InitCart.aspx?pid=11312105&amp;pcount=1&amp;ptype=1">\n        <i></i>\u52a0\u5165\u8d2d\u7269\u8f66\n      </a>\n    </div>\n    <div class="p-stock" data-isdeliveryable="5" style="display: none;"></div>\n    <div class="p-service">\u7531 \u4eac\u4e1c \u53d1\u8d27</div>\n    <div class="p-summary">\n      <a href="http://item.jd.com/11312105.html#recommend-editor" target="_blank">\u66f4\u591a&gt;</a>\n    </div>\n    <div class="p-addtocart">\n      <a data-sku="11312105" href="http://gate.jd.com/InitCart.aspx?pid=11312105&amp;pcount=1&amp;ptype=1"><i></i>\u52a0\u5165\u8d2d\u7269\u8f66</a>\n    </div>\n  </div>\n                                        <div class="tab-content-item j-sku-item" data-sku="11312110" venderid="1000004052" jdzy_shop_id="1000004052" ts_venderid="">\n  <div class="p-img">\n    <a target="_blank" href="http://item.jd.com/11312110.html">\n                    <img width="200" height="200" data-img="1" src="//img10.360buyimg.com/n7/g14/M03/0E/0D/rBEhV1Im1n8IAAAAAAcHltD_3_8AAC0FgC-1WoABweu831.jpg">\n          </a>\n      </div>\n  <div class="p-price">\n    <strong class="J_price"><em></em><i></i></strong>\n    <div class="p-icons J-pro-icons">\n          </div>\n  </div>\n  <div class="p-name">\n    <a target="_blank" title="" href="http://item.jd.com/11312110.html">\n      <em>Java\u9ad8\u7ea7\u4e3b\u9898\uff1aJava\u5b89\u5168\u7f16\u7801\u6807\u51c6+\u6df1\u5165\u7406\u89e3Java\u865a\u62df\u673a\uff08\u7b2c2\u7248\uff09\uff08\u4eac\u4e1c\u5957\u88c5\u51712\u518c\uff09</em>\n      <i class="promo-words"></i>\n    </a>\n  </div>\n      <div class="p-bookdetails">\n      <span class="p-bi-name">\n                  <span class="author_type_1" style="display: ;">\n                                                                     <a title="\u5468\u5fd7\u660e" href="http://book.jd.com/writer/%E5%91%A8%E5%BF%97%E6%98%8E_1.html" target="_blank"> \u5468\u5fd7\u660e </a>                                        \u8457          </span>\n                        </span>\n      <em>|</em>      <span class="p-bi-store">\n                  <a title="\u673a\u68b0\u5de5\u4e1a\u51fa\u7248\u793e" href="http://book.jd.com/publish/%E6%9C%BA%E6%A2%B0%E5%B7%A5%E4%B8%9A%E5%87%BA%E7%89%88%E7%A4%BE_1.html" target="_blank">\u673a\u68b0\u5de5\u4e1a\u51fa\u7248\u793e</a>\n              </span>\n      <em>|</em>      <span class="p-bi-date">\n        2013-05      </span>\n    </div>\n        <div class="p-shop hide" data-score="4" data-reputation="0" data-shopid="" data-done="1"></div>\n    <div class="p-commit"><strong>\u5df2\u6709<a target="_blank" href="http://item.jd.com/11312110.html#comments-list">3392</a>\u4eba\u8bc4\u4ef7</strong></div>\n    <div class="p-shopnum">\n      <span class="curr-shop">\u4eac\u4e1c\u81ea\u8425</span>\n    </div>\n    <div class="p-operate">\n      <a class="p-o-btn focus J_focus" data-sku="11312110" href="javascript:;">\n        <i></i>\u5173\u6ce8\n      </a>\n      <a class="p-o-btn addcart" target="_blank" href="http://gate.jd.com/InitCart.aspx?pid=11312110&amp;pcount=1&amp;ptype=1">\n        <i></i>\u52a0\u5165\u8d2d\u7269\u8f66\n      </a>\n    </div>\n    <div class="p-stock" data-isdeliveryable="5" style="display: none;"></div>\n    <div class="p-service">\u7531 \u4eac\u4e1c \u53d1\u8d27</div>\n    <div class="p-summary">\n      <a href="http://item.jd.com/11312110.html#recommend-editor" target="_blank">\u66f4\u591a&gt;</a>\n    </div>\n    <div class="p-addtocart">\n      <a data-sku="11312110" href="http://gate.jd.com/InitCart.aspx?pid=11312110&amp;pcount=1&amp;ptype=1"><i></i>\u52a0\u5165\u8d2d\u7269\u8f66</a>\n    </div>\n  </div>\n                                  </div>\n              </div>\n            </div>']
2016-01-18 16:51:59 [jd] INFO: !!!!!!!!!!!!!!!!!!!!!!!!
2016-01-18 16:51:59 [jd] INFO: !!!!!!!!!!!!!!!!!!!!!!!!
2016-01-18 16:51:59 [jd] INFO: [u'<div class="gl-i-wrap">\n              <div class="gl-i-tab">\n                <div class="gl-i-tab-trigger">\n                  <span title="\u6df1\u5165\u7406\u89e3Java\u865a\u62df\u673a\uff1aJVM\u9ad8\u7ea7\u7279\u6027\u4e0e\u6700\u4f73\u5b9e\u8df5\uff08\u7b2c2\u7248\uff09" class="item selected">\u5355\u4ef6</span>\n                                      <span title="Java\u865a\u62df\u673a\u5957\u88c5\uff08\u4eac\u4e1c\u5957\u88c5\u51712\u518c\uff09" class="item">\u5957\u88c52\u4ef6</span>\n                                      <span title="\u6df1\u5165\u7406\u89e3Java\u9ad8\u7ea7\u4e3b\u9898\uff1a\u6df1\u5165\u7406\u89e3Java\u865a\u62df\u673a+\u6df1\u5165\u7406\u89e3OSGi\uff08\u4eac\u4e1c\u5957\u88c5\u51712\u518c\uff09" class="item">\u5957\u88c52\u4ef6</span>\n                                      <span title="Java\u9ad8\u7ea7\u4e3b\u9898\uff1aJava\u5b89\u5168\u7f16\u7801\u6807\u51c6+\u6df1\u5165\u7406\u89e3Java\u865a\u62df\u673a\uff08\u7b2c2\u7248\uff09\uff08\u4eac\u4e1c\u5957\u88c5\u51712\u518c\uff09" class="item">\u5957\u88c52\u4ef6</span>\n                                  </div>\n                <div class="gl-i-tab-content">\n                                        <div class="tab-content-item tab-cnt-i-selected j-sku-item" data-sku="11252778" venderid="1000004052" jdzy_shop_id="1000004052" ts_venderid="">\n  <div class="p-img">\n    <a target="_blank" href="http://item.jd.com/11252778.html">\n                    <img width="200" height="200" data-img="1" src="//img13.360buyimg.com/n7/g12/M00/0D/11/rBEQYFGsb1UIAAAAAAOWsjOfTaEAACpKQBilzYAA5bK952.jpg">\n          </a>\n      </div>\n  <div class="p-price">\n    <strong class="J_price"><em></em><i></i></strong>\n    <div class="p-icons J-pro-icons">\n          </div>\n  </div>\n  <div class="p-name">\n    <a target="_blank" title="" href="http://item.jd.com/11252778.html">\n      <em>\u6df1\u5165\u7406\u89e3Java\u865a\u62df\u673a\uff1aJVM\u9ad8\u7ea7\u7279\u6027\u4e0e\u6700\u4f73\u5b9e\u8df5\uff08\u7b2c2\u7248\uff09</em>\n      <i class="promo-words"></i>\n    </a>\n  </div>\n      <div class="p-bookdetails">\n      <span class="p-bi-name">\n                  <span class="author_type_1" style="display: ;">\n                                                                     <a title="\u5468\u5fd7\u660e" href="http://book.jd.com/writer/%E5%91%A8%E5%BF%97%E6%98%8E_1.html" target="_blank"> \u5468\u5fd7\u660e </a>                                        \u8457          </span>\n                        </span>\n      <em>|</em>      <span class="p-bi-store">\n                  <a title="\u673a\u68b0\u5de5\u4e1a\u51fa\u7248\u793e" href="http://book.jd.com/publish/%E6%9C%BA%E6%A2%B0%E5%B7%A5%E4%B8%9A%E5%87%BA%E7%89%88%E7%A4%BE_1.html" target="_blank">\u673a\u68b0\u5de5\u4e1a\u51fa\u7248\u793e</a>\n              </span>\n      <em>|</em>      <span class="p-bi-date">\n        2013-05      </span>\n    </div>\n        <div class="p-shop hide" data-score="4" data-reputation="0" data-shopid="" data-done="1"></div>\n    <div class="p-commit"><strong>\u5df2\u6709<a target="_blank" href="http://item.jd.com/11252778.html#comments-list">3308</a>\u4eba\u8bc4\u4ef7</strong></div>\n    <div class="p-shopnum">\n      <span class="curr-shop">\u4eac\u4e1c\u81ea\u8425</span>\n    </div>\n    <div class="p-operate">\n      <a class="p-o-btn focus J_focus" data-sku="11252778" href="javascript:;">\n        <i></i>\u5173\u6ce8\n      </a>\n      <a class="p-o-btn addcart" target="_blank" href="http://gate.jd.com/InitCart.aspx?pid=11252778&amp;pcount=1&amp;ptype=1">\n        <i></i>\u52a0\u5165\u8d2d\u7269\u8f66\n      </a>\n    </div>\n    <div class="p-stock" data-isdeliveryable="5" style="display: none;"></div>\n    <div class="p-service">\u7531 \u4eac\u4e1c \u53d1\u8d27</div>\n    <div class="p-summary">\n      <a href="http://item.jd.com/11252778.html#recommend-editor" target="_blank">\u66f4\u591a&gt;</a>\n    </div>\n    <div class="p-addtocart">\n      <a data-sku="11252778" href="http://gate.jd.com/InitCart.aspx?pid=11252778&amp;pcount=1&amp;ptype=1"><i></i>\u52a0\u5165\u8d2d\u7269\u8f66</a>\n    </div>\n  </div>\n                                        <div class="tab-content-item j-sku-item" data-sku="11311997" venderid="1000004052" jdzy_shop_id="1000004052" ts_venderid="">\n  <div class="p-img">\n    <a target="_blank" href="http://item.jd.com/11311997.html">\n                    <img width="200" height="200" data-img="1" src="//img12.360buyimg.com/n7/g14/M03/0E/0D/rBEhVVIm1nQIAAAAAAcwEUzMuNoAAC0FQForAwABzAp321.jpg">\n          </a>\n      </div>\n  <div class="p-price">\n    <strong class="J_price"><em></em><i></i></strong>\n    <div class="p-icons J-pro-icons">\n          </div>\n  </div>\n  <div class="p-name">\n    <a target="_blank" title="" href="http://item.jd.com/11311997.html">\n      <em>Java\u865a\u62df\u673a\u5957\u88c5\uff08\u4eac\u4e1c\u5957\u88c5\u51712\u518c\uff09</em>\n      <i class="promo-words"></i>\n    </a>\n  </div>\n      <div class="p-bookdetails">\n      <span class="p-bi-name">\n                  <span class="author_type_1" style="display: ;">\n                                                                     <a title="\u5468\u5fd7\u660e" href="http://book.jd.com/writer/%E5%91%A8%E5%BF%97%E6%98%8E_1.html" target="_blank"> \u5468\u5fd7\u660e </a>                                        \u8457          </span>\n                        </span>\n      <em>|</em>      <span class="p-bi-store">\n                  <a title="\u673a\u68b0\u5de5\u4e1a\u51fa\u7248\u793e" href="http://book.jd.com/publish/%E6%9C%BA%E6%A2%B0%E5%B7%A5%E4%B8%9A%E5%87%BA%E7%89%88%E7%A4%BE_1.html" target="_blank">\u673a\u68b0\u5de5\u4e1a\u51fa\u7248\u793e</a>\n              </span>\n      <em>|</em>      <span class="p-bi-date">\n        2013-05      </span>\n    </div>\n        <div class="p-shop hide" data-score="4" data-reputation="0" data-shopid="" data-done="1"></div>\n    <div class="p-commit"><strong>\u5df2\u6709<a target="_blank" href="http://item.jd.com/11311997.html#comments-list">3514</a>\u4eba\u8bc4\u4ef7</strong></div>\n    <div class="p-shopnum">\n      <span class="curr-shop">\u4eac\u4e1c\u81ea\u8425</span>\n    </div>\n    <div class="p-operate">\n      <a class="p-o-btn focus J_focus" data-sku="11311997" href="javascript:;">\n        <i></i>\u5173\u6ce8\n      </a>\n      <a class="p-o-btn addcart" target="_blank" href="http://gate.jd.com/InitCart.aspx?pid=11311997&amp;pcount=1&amp;ptype=1">\n        <i></i>\u52a0\u5165\u8d2d\u7269\u8f66\n      </a>\n    </div>\n    <div class="p-stock" data-isdeliveryable="5" style="display: none;"></div>\n    <div class="p-service">\u7531 \u4eac\u4e1c \u53d1\u8d27</div>\n    <div class="p-summary">\n      <a href="http://item.jd.com/11311997.html#recommend-editor" target="_blank">\u66f4\u591a&gt;</a>\n    </div>\n    <div class="p-addtocart">\n      <a data-sku="11311997" href="http://gate.jd.com/InitCart.aspx?pid=11311997&amp;pcount=1&amp;ptype=1"><i></i>\u52a0\u5165\u8d2d\u7269\u8f66</a>\n    </div>\n  </div>\n                                        <div class="tab-content-item j-sku-item" data-sku="11312105" venderid="1000004052" jdzy_shop_id="1000004052" ts_venderid="">\n  <div class="p-img">\n    <a target="_blank" href="http://item.jd.com/11312105.html">\n                    <img width="200" height="200" data-img="1" src="//img10.360buyimg.com/n7/g14/M03/0E/0D/rBEhV1Im1n8IAAAAAAeBcl1YVuMAAC0FgBtWzQAB4GK355.jpg">\n          </a>\n      </div>\n  <div class="p-price">\n    <strong class="J_price"><em></em><i></i></strong>\n    <div class="p-icons J-pro-icons">\n          </div>\n  </div>\n  <div class="p-name">\n    <a target="_blank" title="" href="http://item.jd.com/11312105.html">\n      <em>\u6df1\u5165\u7406\u89e3Java\u9ad8\u7ea7\u4e3b\u9898\uff1a\u6df1\u5165\u7406\u89e3Java\u865a\u62df\u673a+\u6df1\u5165\u7406\u89e3OSGi\uff08\u4eac\u4e1c\u5957\u88c5\u51712\u518c\uff09</em>\n      <i class="promo-words"></i>\n    </a>\n  </div>\n      <div class="p-bookdetails">\n      <span class="p-bi-name">\n                  <span class="author_type_1" style="display: ;">\n                                                                     <a title="\u5468\u5fd7\u660e" href="http://book.jd.com/writer/%E5%91%A8%E5%BF%97%E6%98%8E_1.html" target="_blank"> \u5468\u5fd7\u660e </a>                                        \u8457          </span>\n                        </span>\n      <em>|</em>      <span class="p-bi-store">\n                  <a title="\u673a\u68b0\u5de5\u4e1a\u51fa\u7248\u793e" href="http://book.jd.com/publish/%E6%9C%BA%E6%A2%B0%E5%B7%A5%E4%B8%9A%E5%87%BA%E7%89%88%E7%A4%BE_1.html" target="_blank">\u673a\u68b0\u5de5\u4e1a\u51fa\u7248\u793e</a>\n              </span>\n      <em>|</em>      <span class="p-bi-date">\n        2013-05      </span>\n    </div>\n        <div class="p-shop hide" data-score="4" data-reputation="0" data-shopid="" data-done="1"></div>\n    <div class="p-commit"><strong>\u5df2\u6709<a target="_blank" href="http://item.jd.com/11312105.html#comments-list">3600</a>\u4eba\u8bc4\u4ef7</strong></div>\n    <div class="p-shopnum">\n      <span class="curr-shop">\u4eac\u4e1c\u81ea\u8425</span>\n    </div>\n    <div class="p-operate">\n      <a class="p-o-btn focus J_focus" data-sku="11312105" href="javascript:;">\n        <i></i>\u5173\u6ce8\n      </a>\n      <a class="p-o-btn addcart" target="_blank" href="http://gate.jd.com/InitCart.aspx?pid=11312105&amp;pcount=1&amp;ptype=1">\n        <i></i>\u52a0\u5165\u8d2d\u7269\u8f66\n      </a>\n    </div>\n    <div class="p-stock" data-isdeliveryable="5" style="display: none;"></div>\n    <div class="p-service">\u7531 \u4eac\u4e1c \u53d1\u8d27</div>\n    <div class="p-summary">\n      <a href="http://item.jd.com/11312105.html#recommend-editor" target="_blank">\u66f4\u591a&gt;</a>\n    </div>\n    <div class="p-addtocart">\n      <a data-sku="11312105" href="http://gate.jd.com/InitCart.aspx?pid=11312105&amp;pcount=1&amp;ptype=1"><i></i>\u52a0\u5165\u8d2d\u7269\u8f66</a>\n    </div>\n  </div>\n                                        <div class="tab-content-item j-sku-item" data-sku="11312110" venderid="1000004052" jdzy_shop_id="1000004052" ts_venderid="">\n  <div class="p-img">\n    <a target="_blank" href="http://item.jd.com/11312110.html">\n                    <img width="200" height="200" data-img="1" src="//img10.360buyimg.com/n7/g14/M03/0E/0D/rBEhV1Im1n8IAAAAAAcHltD_3_8AAC0FgC-1WoABweu831.jpg">\n          </a>\n      </div>\n  <div class="p-price">\n    <strong class="J_price"><em></em><i></i></strong>\n    <div class="p-icons J-pro-icons">\n          </div>\n  </div>\n  <div class="p-name">\n    <a target="_blank" title="" href="http://item.jd.com/11312110.html">\n      <em>Java\u9ad8\u7ea7\u4e3b\u9898\uff1aJava\u5b89\u5168\u7f16\u7801\u6807\u51c6+\u6df1\u5165\u7406\u89e3Java\u865a\u62df\u673a\uff08\u7b2c2\u7248\uff09\uff08\u4eac\u4e1c\u5957\u88c5\u51712\u518c\uff09</em>\n      <i class="promo-words"></i>\n    </a>\n  </div>\n      <div class="p-bookdetails">\n      <span class="p-bi-name">\n                  <span class="author_type_1" style="display: ;">\n                                                                     <a title="\u5468\u5fd7\u660e" href="http://book.jd.com/writer/%E5%91%A8%E5%BF%97%E6%98%8E_1.html" target="_blank"> \u5468\u5fd7\u660e </a>                                        \u8457          </span>\n                        </span>\n      <em>|</em>      <span class="p-bi-store">\n                  <a title="\u673a\u68b0\u5de5\u4e1a\u51fa\u7248\u793e" href="http://book.jd.com/publish/%E6%9C%BA%E6%A2%B0%E5%B7%A5%E4%B8%9A%E5%87%BA%E7%89%88%E7%A4%BE_1.html" target="_blank">\u673a\u68b0\u5de5\u4e1a\u51fa\u7248\u793e</a>\n              </span>\n      <em>|</em>      <span class="p-bi-date">\n        2013-05      </span>\n    </div>\n        <div class="p-shop hide" data-score="4" data-reputation="0" data-shopid="" data-done="1"></div>\n    <div class="p-commit"><strong>\u5df2\u6709<a target="_blank" href="http://item.jd.com/11312110.html#comments-list">3392</a>\u4eba\u8bc4\u4ef7</strong></div>\n    <div class="p-shopnum">\n      <span class="curr-shop">\u4eac\u4e1c\u81ea\u8425</span>\n    </div>\n    <div class="p-operate">\n      <a class="p-o-btn focus J_focus" data-sku="11312110" href="javascript:;">\n        <i></i>\u5173\u6ce8\n      </a>\n      <a class="p-o-btn addcart" target="_blank" href="http://gate.jd.com/InitCart.aspx?pid=11312110&amp;pcount=1&amp;ptype=1">\n        <i></i>\u52a0\u5165\u8d2d\u7269\u8f66\n      </a>\n    </div>\n    <div class="p-stock" data-isdeliveryable="5" style="display: none;"></div>\n    <div class="p-service">\u7531 \u4eac\u4e1c \u53d1\u8d27</div>\n    <div class="p-summary">\n      <a href="http://item.jd.com/11312110.html#recommend-editor" target="_blank">\u66f4\u591a&gt;</a>\n    </div>\n    <div class="p-addtocart">\n      <a data-sku="11312110" href="http://gate.jd.com/InitCart.aspx?pid=11312110&amp;pcount=1&amp;ptype=1"><i></i>\u52a0\u5165\u8d2d\u7269\u8f66</a>\n    </div>\n  </div>\n                                  </div>\n              </div>\n            </div>']
2016-01-18 16:51:59 [jd] INFO: !!!!!!!!!!!!!!!!!!!!!!!!
2016-01-18 16:51:59 [jd] INFO: !!!!!!!!!!!!!!!!!!!!!!!!
2016-01-18 16:51:59 [jd] INFO: [u'<div class="gl-i-wrap">\n              <div class="gl-i-tab">\n                <div class="gl-i-tab-trigger">\n                  <span title="\u6df1\u5165\u7406\u89e3Java\u865a\u62df\u673a\uff1aJVM\u9ad8\u7ea7\u7279\u6027\u4e0e\u6700\u4f73\u5b9e\u8df5\uff08\u7b2c2\u7248\uff09" class="item selected">\u5355\u4ef6</span>\n                                      <span title="Java\u865a\u62df\u673a\u5957\u88c5\uff08\u4eac\u4e1c\u5957\u88c5\u51712\u518c\uff09" class="item">\u5957\u88c52\u4ef6</span>\n                                      <span title="\u6df1\u5165\u7406\u89e3Java\u9ad8\u7ea7\u4e3b\u9898\uff1a\u6df1\u5165\u7406\u89e3Java\u865a\u62df\u673a+\u6df1\u5165\u7406\u89e3OSGi\uff08\u4eac\u4e1c\u5957\u88c5\u51712\u518c\uff09" class="item">\u5957\u88c52\u4ef6</span>\n                                      <span title="Java\u9ad8\u7ea7\u4e3b\u9898\uff1aJava\u5b89\u5168\u7f16\u7801\u6807\u51c6+\u6df1\u5165\u7406\u89e3Java\u865a\u62df\u673a\uff08\u7b2c2\u7248\uff09\uff08\u4eac\u4e1c\u5957\u88c5\u51712\u518c\uff09" class="item">\u5957\u88c52\u4ef6</span>\n                                  </div>\n                <div class="gl-i-tab-content">\n                                        <div class="tab-content-item tab-cnt-i-selected j-sku-item" data-sku="11252778" venderid="1000004052" jdzy_shop_id="1000004052" ts_venderid="">\n  <div class="p-img">\n    <a target="_blank" href="http://item.jd.com/11252778.html">\n                    <img width="200" height="200" data-img="1" src="//img13.360buyimg.com/n7/g12/M00/0D/11/rBEQYFGsb1UIAAAAAAOWsjOfTaEAACpKQBilzYAA5bK952.jpg">\n          </a>\n      </div>\n  <div class="p-price">\n    <strong class="J_price"><em></em><i></i></strong>\n    <div class="p-icons J-pro-icons">\n          </div>\n  </div>\n  <div class="p-name">\n    <a target="_blank" title="" href="http://item.jd.com/11252778.html">\n      <em>\u6df1\u5165\u7406\u89e3Java\u865a\u62df\u673a\uff1aJVM\u9ad8\u7ea7\u7279\u6027\u4e0e\u6700\u4f73\u5b9e\u8df5\uff08\u7b2c2\u7248\uff09</em>\n      <i class="promo-words"></i>\n    </a>\n  </div>\n      <div class="p-bookdetails">\n      <span class="p-bi-name">\n                  <span class="author_type_1" style="display: ;">\n                                                                     <a title="\u5468\u5fd7\u660e" href="http://book.jd.com/writer/%E5%91%A8%E5%BF%97%E6%98%8E_1.html" target="_blank"> \u5468\u5fd7\u660e </a>                                        \u8457          </span>\n                        </span>\n      <em>|</em>      <span class="p-bi-store">\n                  <a title="\u673a\u68b0\u5de5\u4e1a\u51fa\u7248\u793e" href="http://book.jd.com/publish/%E6%9C%BA%E6%A2%B0%E5%B7%A5%E4%B8%9A%E5%87%BA%E7%89%88%E7%A4%BE_1.html" target="_blank">\u673a\u68b0\u5de5\u4e1a\u51fa\u7248\u793e</a>\n              </span>\n      <em>|</em>      <span class="p-bi-date">\n        2013-05      </span>\n    </div>\n        <div class="p-shop hide" data-score="4" data-reputation="0" data-shopid="" data-done="1"></div>\n    <div class="p-commit"><strong>\u5df2\u6709<a target="_blank" href="http://item.jd.com/11252778.html#comments-list">3308</a>\u4eba\u8bc4\u4ef7</strong></div>\n    <div class="p-shopnum">\n      <span class="curr-shop">\u4eac\u4e1c\u81ea\u8425</span>\n    </div>\n    <div class="p-operate">\n      <a class="p-o-btn focus J_focus" data-sku="11252778" href="javascript:;">\n        <i></i>\u5173\u6ce8\n      </a>\n      <a class="p-o-btn addcart" target="_blank" href="http://gate.jd.com/InitCart.aspx?pid=11252778&amp;pcount=1&amp;ptype=1">\n        <i></i>\u52a0\u5165\u8d2d\u7269\u8f66\n      </a>\n    </div>\n    <div class="p-stock" data-isdeliveryable="5" style="display: none;"></div>\n    <div class="p-service">\u7531 \u4eac\u4e1c \u53d1\u8d27</div>\n    <div class="p-summary">\n      <a href="http://item.jd.com/11252778.html#recommend-editor" target="_blank">\u66f4\u591a&gt;</a>\n    </div>\n    <div class="p-addtocart">\n      <a data-sku="11252778" href="http://gate.jd.com/InitCart.aspx?pid=11252778&amp;pcount=1&amp;ptype=1"><i></i>\u52a0\u5165\u8d2d\u7269\u8f66</a>\n    </div>\n  </div>\n                                        <div class="tab-content-item j-sku-item" data-sku="11311997" venderid="1000004052" jdzy_shop_id="1000004052" ts_venderid="">\n  <div class="p-img">\n    <a target="_blank" href="http://item.jd.com/11311997.html">\n                    <img width="200" height="200" data-img="1" src="//img12.360buyimg.com/n7/g14/M03/0E/0D/rBEhVVIm1nQIAAAAAAcwEUzMuNoAAC0FQForAwABzAp321.jpg">\n          </a>\n      </div>\n  <div class="p-price">\n    <strong class="J_price"><em></em><i></i></strong>\n    <div class="p-icons J-pro-icons">\n          </div>\n  </div>\n  <div class="p-name">\n    <a target="_blank" title="" href="http://item.jd.com/11311997.html">\n      <em>Java\u865a\u62df\u673a\u5957\u88c5\uff08\u4eac\u4e1c\u5957\u88c5\u51712\u518c\uff09</em>\n      <i class="promo-words"></i>\n    </a>\n  </div>\n      <div class="p-bookdetails">\n      <span class="p-bi-name">\n                  <span class="author_type_1" style="display: ;">\n                                                                     <a title="\u5468\u5fd7\u660e" href="http://book.jd.com/writer/%E5%91%A8%E5%BF%97%E6%98%8E_1.html" target="_blank"> \u5468\u5fd7\u660e </a>                                        \u8457          </span>\n                        </span>\n      <em>|</em>      <span class="p-bi-store">\n                  <a title="\u673a\u68b0\u5de5\u4e1a\u51fa\u7248\u793e" href="http://book.jd.com/publish/%E6%9C%BA%E6%A2%B0%E5%B7%A5%E4%B8%9A%E5%87%BA%E7%89%88%E7%A4%BE_1.html" target="_blank">\u673a\u68b0\u5de5\u4e1a\u51fa\u7248\u793e</a>\n              </span>\n      <em>|</em>      <span class="p-bi-date">\n        2013-05      </span>\n    </div>\n        <div class="p-shop hide" data-score="4" data-reputation="0" data-shopid="" data-done="1"></div>\n    <div class="p-commit"><strong>\u5df2\u6709<a target="_blank" href="http://item.jd.com/11311997.html#comments-list">3514</a>\u4eba\u8bc4\u4ef7</strong></div>\n    <div class="p-shopnum">\n      <span class="curr-shop">\u4eac\u4e1c\u81ea\u8425</span>\n    </div>\n    <div class="p-operate">\n      <a class="p-o-btn focus J_focus" data-sku="11311997" href="javascript:;">\n        <i></i>\u5173\u6ce8\n      </a>\n      <a class="p-o-btn addcart" target="_blank" href="http://gate.jd.com/InitCart.aspx?pid=11311997&amp;pcount=1&amp;ptype=1">\n        <i></i>\u52a0\u5165\u8d2d\u7269\u8f66\n      </a>\n    </div>\n    <div class="p-stock" data-isdeliveryable="5" style="display: none;"></div>\n    <div class="p-service">\u7531 \u4eac\u4e1c \u53d1\u8d27</div>\n    <div class="p-summary">\n      <a href="http://item.jd.com/11311997.html#recommend-editor" target="_blank">\u66f4\u591a&gt;</a>\n    </div>\n    <div class="p-addtocart">\n      <a data-sku="11311997" href="http://gate.jd.com/InitCart.aspx?pid=11311997&amp;pcount=1&amp;ptype=1"><i></i>\u52a0\u5165\u8d2d\u7269\u8f66</a>\n    </div>\n  </div>\n                                        <div class="tab-content-item j-sku-item" data-sku="11312105" venderid="1000004052" jdzy_shop_id="1000004052" ts_venderid="">\n  <div class="p-img">\n    <a target="_blank" href="http://item.jd.com/11312105.html">\n                    <img width="200" height="200" data-img="1" src="//img10.360buyimg.com/n7/g14/M03/0E/0D/rBEhV1Im1n8IAAAAAAeBcl1YVuMAAC0FgBtWzQAB4GK355.jpg">\n          </a>\n      </div>\n  <div class="p-price">\n    <strong class="J_price"><em></em><i></i></strong>\n    <div class="p-icons J-pro-icons">\n          </div>\n  </div>\n  <div class="p-name">\n    <a target="_blank" title="" href="http://item.jd.com/11312105.html">\n      <em>\u6df1\u5165\u7406\u89e3Java\u9ad8\u7ea7\u4e3b\u9898\uff1a\u6df1\u5165\u7406\u89e3Java\u865a\u62df\u673a+\u6df1\u5165\u7406\u89e3OSGi\uff08\u4eac\u4e1c\u5957\u88c5\u51712\u518c\uff09</em>\n      <i class="promo-words"></i>\n    </a>\n  </div>\n      <div class="p-bookdetails">\n      <span class="p-bi-name">\n                  <span class="author_type_1" style="display: ;">\n                                                                     <a title="\u5468\u5fd7\u660e" href="http://book.jd.com/writer/%E5%91%A8%E5%BF%97%E6%98%8E_1.html" target="_blank"> \u5468\u5fd7\u660e </a>                                        \u8457          </span>\n                        </span>\n      <em>|</em>      <span class="p-bi-store">\n                  <a title="\u673a\u68b0\u5de5\u4e1a\u51fa\u7248\u793e" href="http://book.jd.com/publish/%E6%9C%BA%E6%A2%B0%E5%B7%A5%E4%B8%9A%E5%87%BA%E7%89%88%E7%A4%BE_1.html" target="_blank">\u673a\u68b0\u5de5\u4e1a\u51fa\u7248\u793e</a>\n              </span>\n      <em>|</em>      <span class="p-bi-date">\n        2013-05      </span>\n    </div>\n        <div class="p-shop hide" data-score="4" data-reputation="0" data-shopid="" data-done="1"></div>\n    <div class="p-commit"><strong>\u5df2\u6709<a target="_blank" href="http://item.jd.com/11312105.html#comments-list">3600</a>\u4eba\u8bc4\u4ef7</strong></div>\n    <div class="p-shopnum">\n      <span class="curr-shop">\u4eac\u4e1c\u81ea\u8425</span>\n    </div>\n    <div class="p-operate">\n      <a class="p-o-btn focus J_focus" data-sku="11312105" href="javascript:;">\n        <i></i>\u5173\u6ce8\n      </a>\n      <a class="p-o-btn addcart" target="_blank" href="http://gate.jd.com/InitCart.aspx?pid=11312105&amp;pcount=1&amp;ptype=1">\n        <i></i>\u52a0\u5165\u8d2d\u7269\u8f66\n      </a>\n    </div>\n    <div class="p-stock" data-isdeliveryable="5" style="display: none;"></div>\n    <div class="p-service">\u7531 \u4eac\u4e1c \u53d1\u8d27</div>\n    <div class="p-summary">\n      <a href="http://item.jd.com/11312105.html#recommend-editor" target="_blank">\u66f4\u591a&gt;</a>\n    </div>\n    <div class="p-addtocart">\n      <a data-sku="11312105" href="http://gate.jd.com/InitCart.aspx?pid=11312105&amp;pcount=1&amp;ptype=1"><i></i>\u52a0\u5165\u8d2d\u7269\u8f66</a>\n    </div>\n  </div>\n                                        <div class="tab-content-item j-sku-item" data-sku="11312110" venderid="1000004052" jdzy_shop_id="1000004052" ts_venderid="">\n  <div class="p-img">\n    <a target="_blank" href="http://item.jd.com/11312110.html">\n                    <img width="200" height="200" data-img="1" src="//img10.360buyimg.com/n7/g14/M03/0E/0D/rBEhV1Im1n8IAAAAAAcHltD_3_8AAC0FgC-1WoABweu831.jpg">\n          </a>\n      </div>\n  <div class="p-price">\n    <strong class="J_price"><em></em><i></i></strong>\n    <div class="p-icons J-pro-icons">\n          </div>\n  </div>\n  <div class="p-name">\n    <a target="_blank" title="" href="http://item.jd.com/11312110.html">\n      <em>Java\u9ad8\u7ea7\u4e3b\u9898\uff1aJava\u5b89\u5168\u7f16\u7801\u6807\u51c6+\u6df1\u5165\u7406\u89e3Java\u865a\u62df\u673a\uff08\u7b2c2\u7248\uff09\uff08\u4eac\u4e1c\u5957\u88c5\u51712\u518c\uff09</em>\n      <i class="promo-words"></i>\n    </a>\n  </div>\n      <div class="p-bookdetails">\n      <span class="p-bi-name">\n                  <span class="author_type_1" style="display: ;">\n                                                                     <a title="\u5468\u5fd7\u660e" href="http://book.jd.com/writer/%E5%91%A8%E5%BF%97%E6%98%8E_1.html" target="_blank"> \u5468\u5fd7\u660e </a>                                        \u8457          </span>\n                        </span>\n      <em>|</em>      <span class="p-bi-store">\n                  <a title="\u673a\u68b0\u5de5\u4e1a\u51fa\u7248\u793e" href="http://book.jd.com/publish/%E6%9C%BA%E6%A2%B0%E5%B7%A5%E4%B8%9A%E5%87%BA%E7%89%88%E7%A4%BE_1.html" target="_blank">\u673a\u68b0\u5de5\u4e1a\u51fa\u7248\u793e</a>\n              </span>\n      <em>|</em>      <span class="p-bi-date">\n        2013-05      </span>\n    </div>\n        <div class="p-shop hide" data-score="4" data-reputation="0" data-shopid="" data-done="1"></div>\n    <div class="p-commit"><strong>\u5df2\u6709<a target="_blank" href="http://item.jd.com/11312110.html#comments-list">3392</a>\u4eba\u8bc4\u4ef7</strong></div>\n    <div class="p-shopnum">\n      <span class="curr-shop">\u4eac\u4e1c\u81ea\u8425</span>\n    </div>\n    <div class="p-operate">\n      <a class="p-o-btn focus J_focus" data-sku="11312110" href="javascript:;">\n        <i></i>\u5173\u6ce8\n      </a>\n      <a class="p-o-btn addcart" target="_blank" href="http://gate.jd.com/InitCart.aspx?pid=11312110&amp;pcount=1&amp;ptype=1">\n        <i></i>\u52a0\u5165\u8d2d\u7269\u8f66\n      </a>\n    </div>\n    <div class="p-stock" data-isdeliveryable="5" style="display: none;"></div>\n    <div class="p-service">\u7531 \u4eac\u4e1c \u53d1\u8d27</div>\n    <div class="p-summary">\n      <a href="http://item.jd.com/11312110.html#recommend-editor" target="_blank">\u66f4\u591a&gt;</a>\n    </div>\n    <div class="p-addtocart">\n      <a data-sku="11312110" href="http://gate.jd.com/InitCart.aspx?pid=11312110&amp;pcount=1&amp;ptype=1"><i></i>\u52a0\u5165\u8d2d\u7269\u8f66</a>\n    </div>\n  </div>\n                                  </div>\n              </div>\n            </div>']
2016-01-18 16:51:59 [jd] INFO: !!!!!!!!!!!!!!!!!!!!!!!!
2016-01-18 16:51:59 [jd] INFO: !!!!!!!!!!!!!!!!!!!!!!!!
2016-01-18 16:51:59 [jd] INFO: [u'<div class="gl-i-wrap">\n              <div class="gl-i-tab">\n                <div class="gl-i-tab-trigger">\n                  <span title="\u6df1\u5165\u7406\u89e3Java\u865a\u62df\u673a\uff1aJVM\u9ad8\u7ea7\u7279\u6027\u4e0e\u6700\u4f73\u5b9e\u8df5\uff08\u7b2c2\u7248\uff09" class="item selected">\u5355\u4ef6</span>\n                                      <span title="Java\u865a\u62df\u673a\u5957\u88c5\uff08\u4eac\u4e1c\u5957\u88c5\u51712\u518c\uff09" class="item">\u5957\u88c52\u4ef6</span>\n                                      <span title="\u6df1\u5165\u7406\u89e3Java\u9ad8\u7ea7\u4e3b\u9898\uff1a\u6df1\u5165\u7406\u89e3Java\u865a\u62df\u673a+\u6df1\u5165\u7406\u89e3OSGi\uff08\u4eac\u4e1c\u5957\u88c5\u51712\u518c\uff09" class="item">\u5957\u88c52\u4ef6</span>\n                                      <span title="Java\u9ad8\u7ea7\u4e3b\u9898\uff1aJava\u5b89\u5168\u7f16\u7801\u6807\u51c6+\u6df1\u5165\u7406\u89e3Java\u865a\u62df\u673a\uff08\u7b2c2\u7248\uff09\uff08\u4eac\u4e1c\u5957\u88c5\u51712\u518c\uff09" class="item">\u5957\u88c52\u4ef6</span>\n                                  </div>\n                <div class="gl-i-tab-content">\n                                        <div class="tab-content-item tab-cnt-i-selected j-sku-item" data-sku="11252778" venderid="1000004052" jdzy_shop_id="1000004052" ts_venderid="">\n  <div class="p-img">\n    <a target="_blank" href="http://item.jd.com/11252778.html">\n                    <img width="200" height="200" data-img="1" src="//img13.360buyimg.com/n7/g12/M00/0D/11/rBEQYFGsb1UIAAAAAAOWsjOfTaEAACpKQBilzYAA5bK952.jpg">\n          </a>\n      </div>\n  <div class="p-price">\n    <strong class="J_price"><em></em><i></i></strong>\n    <div class="p-icons J-pro-icons">\n          </div>\n  </div>\n  <div class="p-name">\n    <a target="_blank" title="" href="http://item.jd.com/11252778.html">\n      <em>\u6df1\u5165\u7406\u89e3Java\u865a\u62df\u673a\uff1aJVM\u9ad8\u7ea7\u7279\u6027\u4e0e\u6700\u4f73\u5b9e\u8df5\uff08\u7b2c2\u7248\uff09</em>\n      <i class="promo-words"></i>\n    </a>\n  </div>\n      <div class="p-bookdetails">\n      <span class="p-bi-name">\n                  <span class="author_type_1" style="display: ;">\n                                                                     <a title="\u5468\u5fd7\u660e" href="http://book.jd.com/writer/%E5%91%A8%E5%BF%97%E6%98%8E_1.html" target="_blank"> \u5468\u5fd7\u660e </a>                                        \u8457          </span>\n                        </span>\n      <em>|</em>      <span class="p-bi-store">\n                  <a title="\u673a\u68b0\u5de5\u4e1a\u51fa\u7248\u793e" href="http://book.jd.com/publish/%E6%9C%BA%E6%A2%B0%E5%B7%A5%E4%B8%9A%E5%87%BA%E7%89%88%E7%A4%BE_1.html" target="_blank">\u673a\u68b0\u5de5\u4e1a\u51fa\u7248\u793e</a>\n              </span>\n      <em>|</em>      <span class="p-bi-date">\n        2013-05      </span>\n    </div>\n        <div class="p-shop hide" data-score="4" data-reputation="0" data-shopid="" data-done="1"></div>\n    <div class="p-commit"><strong>\u5df2\u6709<a target="_blank" href="http://item.jd.com/11252778.html#comments-list">3308</a>\u4eba\u8bc4\u4ef7</strong></div>\n    <div class="p-shopnum">\n      <span class="curr-shop">\u4eac\u4e1c\u81ea\u8425</span>\n    </div>\n    <div class="p-operate">\n      <a class="p-o-btn focus J_focus" data-sku="11252778" href="javascript:;">\n        <i></i>\u5173\u6ce8\n      </a>\n      <a class="p-o-btn addcart" target="_blank" href="http://gate.jd.com/InitCart.aspx?pid=11252778&amp;pcount=1&amp;ptype=1">\n        <i></i>\u52a0\u5165\u8d2d\u7269\u8f66\n      </a>\n    </div>\n    <div class="p-stock" data-isdeliveryable="5" style="display: none;"></div>\n    <div class="p-service">\u7531 \u4eac\u4e1c \u53d1\u8d27</div>\n    <div class="p-summary">\n      <a href="http://item.jd.com/11252778.html#recommend-editor" target="_blank">\u66f4\u591a&gt;</a>\n    </div>\n    <div class="p-addtocart">\n      <a data-sku="11252778" href="http://gate.jd.com/InitCart.aspx?pid=11252778&amp;pcount=1&amp;ptype=1"><i></i>\u52a0\u5165\u8d2d\u7269\u8f66</a>\n    </div>\n  </div>\n                                        <div class="tab-content-item j-sku-item" data-sku="11311997" venderid="1000004052" jdzy_shop_id="1000004052" ts_venderid="">\n  <div class="p-img">\n    <a target="_blank" href="http://item.jd.com/11311997.html">\n                    <img width="200" height="200" data-img="1" src="//img12.360buyimg.com/n7/g14/M03/0E/0D/rBEhVVIm1nQIAAAAAAcwEUzMuNoAAC0FQForAwABzAp321.jpg">\n          </a>\n      </div>\n  <div class="p-price">\n    <strong class="J_price"><em></em><i></i></strong>\n    <div class="p-icons J-pro-icons">\n          </div>\n  </div>\n  <div class="p-name">\n    <a target="_blank" title="" href="http://item.jd.com/11311997.html">\n      <em>Java\u865a\u62df\u673a\u5957\u88c5\uff08\u4eac\u4e1c\u5957\u88c5\u51712\u518c\uff09</em>\n      <i class="promo-words"></i>\n    </a>\n  </div>\n      <div class="p-bookdetails">\n      <span class="p-bi-name">\n                  <span class="author_type_1" style="display: ;">\n                                                                     <a title="\u5468\u5fd7\u660e" href="http://book.jd.com/writer/%E5%91%A8%E5%BF%97%E6%98%8E_1.html" target="_blank"> \u5468\u5fd7\u660e </a>                                        \u8457          </span>\n                        </span>\n      <em>|</em>      <span class="p-bi-store">\n                  <a title="\u673a\u68b0\u5de5\u4e1a\u51fa\u7248\u793e" href="http://book.jd.com/publish/%E6%9C%BA%E6%A2%B0%E5%B7%A5%E4%B8%9A%E5%87%BA%E7%89%88%E7%A4%BE_1.html" target="_blank">\u673a\u68b0\u5de5\u4e1a\u51fa\u7248\u793e</a>\n              </span>\n      <em>|</em>      <span class="p-bi-date">\n        2013-05      </span>\n    </div>\n        <div class="p-shop hide" data-score="4" data-reputation="0" data-shopid="" data-done="1"></div>\n    <div class="p-commit"><strong>\u5df2\u6709<a target="_blank" href="http://item.jd.com/11311997.html#comments-list">3514</a>\u4eba\u8bc4\u4ef7</strong></div>\n    <div class="p-shopnum">\n      <span class="curr-shop">\u4eac\u4e1c\u81ea\u8425</span>\n    </div>\n    <div class="p-operate">\n      <a class="p-o-btn focus J_focus" data-sku="11311997" href="javascript:;">\n        <i></i>\u5173\u6ce8\n      </a>\n      <a class="p-o-btn addcart" target="_blank" href="http://gate.jd.com/InitCart.aspx?pid=11311997&amp;pcount=1&amp;ptype=1">\n        <i></i>\u52a0\u5165\u8d2d\u7269\u8f66\n      </a>\n    </div>\n    <div class="p-stock" data-isdeliveryable="5" style="display: none;"></div>\n    <div class="p-service">\u7531 \u4eac\u4e1c \u53d1\u8d27</div>\n    <div class="p-summary">\n      <a href="http://item.jd.com/11311997.html#recommend-editor" target="_blank">\u66f4\u591a&gt;</a>\n    </div>\n    <div class="p-addtocart">\n      <a data-sku="11311997" href="http://gate.jd.com/InitCart.aspx?pid=11311997&amp;pcount=1&amp;ptype=1"><i></i>\u52a0\u5165\u8d2d\u7269\u8f66</a>\n    </div>\n  </div>\n                                        <div class="tab-content-item j-sku-item" data-sku="11312105" venderid="1000004052" jdzy_shop_id="1000004052" ts_venderid="">\n  <div class="p-img">\n    <a target="_blank" href="http://item.jd.com/11312105.html">\n                    <img width="200" height="200" data-img="1" src="//img10.360buyimg.com/n7/g14/M03/0E/0D/rBEhV1Im1n8IAAAAAAeBcl1YVuMAAC0FgBtWzQAB4GK355.jpg">\n          </a>\n      </div>\n  <div class="p-price">\n    <strong class="J_price"><em></em><i></i></strong>\n    <div class="p-icons J-pro-icons">\n          </div>\n  </div>\n  <div class="p-name">\n    <a target="_blank" title="" href="http://item.jd.com/11312105.html">\n      <em>\u6df1\u5165\u7406\u89e3Java\u9ad8\u7ea7\u4e3b\u9898\uff1a\u6df1\u5165\u7406\u89e3Java\u865a\u62df\u673a+\u6df1\u5165\u7406\u89e3OSGi\uff08\u4eac\u4e1c\u5957\u88c5\u51712\u518c\uff09</em>\n      <i class="promo-words"></i>\n    </a>\n  </div>\n      <div class="p-bookdetails">\n      <span class="p-bi-name">\n                  <span class="author_type_1" style="display: ;">\n                                                                     <a title="\u5468\u5fd7\u660e" href="http://book.jd.com/writer/%E5%91%A8%E5%BF%97%E6%98%8E_1.html" target="_blank"> \u5468\u5fd7\u660e </a>                                        \u8457          </span>\n                        </span>\n      <em>|</em>      <span class="p-bi-store">\n                  <a title="\u673a\u68b0\u5de5\u4e1a\u51fa\u7248\u793e" href="http://book.jd.com/publish/%E6%9C%BA%E6%A2%B0%E5%B7%A5%E4%B8%9A%E5%87%BA%E7%89%88%E7%A4%BE_1.html" target="_blank">\u673a\u68b0\u5de5\u4e1a\u51fa\u7248\u793e</a>\n              </span>\n      <em>|</em>      <span class="p-bi-date">\n        2013-05      </span>\n    </div>\n        <div class="p-shop hide" data-score="4" data-reputation="0" data-shopid="" data-done="1"></div>\n    <div class="p-commit"><strong>\u5df2\u6709<a target="_blank" href="http://item.jd.com/11312105.html#comments-list">3600</a>\u4eba\u8bc4\u4ef7</strong></div>\n    <div class="p-shopnum">\n      <span class="curr-shop">\u4eac\u4e1c\u81ea\u8425</span>\n    </div>\n    <div class="p-operate">\n      <a class="p-o-btn focus J_focus" data-sku="11312105" href="javascript:;">\n        <i></i>\u5173\u6ce8\n      </a>\n      <a class="p-o-btn addcart" target="_blank" href="http://gate.jd.com/InitCart.aspx?pid=11312105&amp;pcount=1&amp;ptype=1">\n        <i></i>\u52a0\u5165\u8d2d\u7269\u8f66\n      </a>\n    </div>\n    <div class="p-stock" data-isdeliveryable="5" style="display: none;"></div>\n    <div class="p-service">\u7531 \u4eac\u4e1c \u53d1\u8d27</div>\n    <div class="p-summary">\n      <a href="http://item.jd.com/11312105.html#recommend-editor" target="_blank">\u66f4\u591a&gt;</a>\n    </div>\n    <div class="p-addtocart">\n      <a data-sku="11312105" href="http://gate.jd.com/InitCart.aspx?pid=11312105&amp;pcount=1&amp;ptype=1"><i></i>\u52a0\u5165\u8d2d\u7269\u8f66</a>\n    </div>\n  </div>\n                                        <div class="tab-content-item j-sku-item" data-sku="11312110" venderid="1000004052" jdzy_shop_id="1000004052" ts_venderid="">\n  <div class="p-img">\n    <a target="_blank" href="http://item.jd.com/11312110.html">\n                    <img width="200" height="200" data-img="1" src="//img10.360buyimg.com/n7/g14/M03/0E/0D/rBEhV1Im1n8IAAAAAAcHltD_3_8AAC0FgC-1WoABweu831.jpg">\n          </a>\n      </div>\n  <div class="p-price">\n    <strong class="J_price"><em></em><i></i></strong>\n    <div class="p-icons J-pro-icons">\n          </div>\n  </div>\n  <div class="p-name">\n    <a target="_blank" title="" href="http://item.jd.com/11312110.html">\n      <em>Java\u9ad8\u7ea7\u4e3b\u9898\uff1aJava\u5b89\u5168\u7f16\u7801\u6807\u51c6+\u6df1\u5165\u7406\u89e3Java\u865a\u62df\u673a\uff08\u7b2c2\u7248\uff09\uff08\u4eac\u4e1c\u5957\u88c5\u51712\u518c\uff09</em>\n      <i class="promo-words"></i>\n    </a>\n  </div>\n      <div class="p-bookdetails">\n      <span class="p-bi-name">\n                  <span class="author_type_1" style="display: ;">\n                                                                     <a title="\u5468\u5fd7\u660e" href="http://book.jd.com/writer/%E5%91%A8%E5%BF%97%E6%98%8E_1.html" target="_blank"> \u5468\u5fd7\u660e </a>                                        \u8457          </span>\n                        </span>\n      <em>|</em>      <span class="p-bi-store">\n                  <a title="\u673a\u68b0\u5de5\u4e1a\u51fa\u7248\u793e" href="http://book.jd.com/publish/%E6%9C%BA%E6%A2%B0%E5%B7%A5%E4%B8%9A%E5%87%BA%E7%89%88%E7%A4%BE_1.html" target="_blank">\u673a\u68b0\u5de5\u4e1a\u51fa\u7248\u793e</a>\n              </span>\n      <em>|</em>      <span class="p-bi-date">\n        2013-05      </span>\n    </div>\n        <div class="p-shop hide" data-score="4" data-reputation="0" data-shopid="" data-done="1"></div>\n    <div class="p-commit"><strong>\u5df2\u6709<a target="_blank" href="http://item.jd.com/11312110.html#comments-list">3392</a>\u4eba\u8bc4\u4ef7</strong></div>\n    <div class="p-shopnum">\n      <span class="curr-shop">\u4eac\u4e1c\u81ea\u8425</span>\n    </div>\n    <div class="p-operate">\n      <a class="p-o-btn focus J_focus" data-sku="11312110" href="javascript:;">\n        <i></i>\u5173\u6ce8\n      </a>\n      <a class="p-o-btn addcart" target="_blank" href="http://gate.jd.com/InitCart.aspx?pid=11312110&amp;pcount=1&amp;ptype=1">\n        <i></i>\u52a0\u5165\u8d2d\u7269\u8f66\n      </a>\n    </div>\n    <div class="p-stock" data-isdeliveryable="5" style="display: none;"></div>\n    <div class="p-service">\u7531 \u4eac\u4e1c \u53d1\u8d27</div>\n    <div class="p-summary">\n      <a href="http://item.jd.com/11312110.html#recommend-editor" target="_blank">\u66f4\u591a&gt;</a>\n    </div>\n    <div class="p-addtocart">\n      <a data-sku="11312110" href="http://gate.jd.com/InitCart.aspx?pid=11312110&amp;pcount=1&amp;ptype=1"><i></i>\u52a0\u5165\u8d2d\u7269\u8f66</a>\n    </div>\n  </div>\n                                  </div>\n              </div>\n            </div>']
2016-01-18 16:51:59 [jd] INFO: !!!!!!!!!!!!!!!!!!!!!!!!
2016-01-18 16:51:59 [jd] INFO: --------------------------
2016-01-18 16:51:59 [jd] INFO: --------------------------
2016-01-18 16:51:59 [jd] INFO: --------------------------
2016-01-18 16:51:59 [jd] INFO: --------------------------
2016-01-18 16:52:00 [jd] INFO: !!!!!!!!!!!!!!!!!!!!!!!!
2016-01-18 16:52:00 [jd] INFO: [u'<div class="gl-i-wrap">\n              <div class="gl-i-tab">\n                <div class="gl-i-tab-trigger">\n                  <span title="Sun\u516c\u53f8\u6838\u5fc3\u6280\u672f\u4e1b\u4e66\uff1aJAVA\u6838\u5fc3\u6280\u672f\uff08\u53771\uff09\uff1a\u57fa\u7840\u77e5\u8bc6\uff08\u539f\u4e66\u7b2c8\u7248\uff09" class="item selected">\u5355\u4ef6</span>\n                                      <span title="JAVA\u6838\u5fc3\u6280\u672f\uff1a\u53771+\u53772\uff08\u539f\u4e66\u7b2c8\u7248\uff09\uff08\u4eac\u4e1c\u5957\u88c5\u51712\u518c\uff09" class="item">\u5957\u88c52\u4ef6</span>\n                                  </div>\n                <div class="gl-i-tab-content">\n                                        <div class="tab-content-item tab-cnt-i-selected j-sku-item" data-sku="10058538" venderid="0" jdzy_shop_id="0" ts_venderid="">\n  <div class="p-img">\n    <a target="_blank" href="http://item.jd.com/10058538.html">\n                    <img width="200" height="200" data-img="1" src="//img13.360buyimg.com/n7/15919/a5f8ab1b-2e13-4449-a2cc-34a06b43cf37.jpg">\n          </a>\n      </div>\n  <div class="p-price">\n    <strong class="J_price"><em></em><i></i></strong>\n    <div class="p-icons J-pro-icons">\n          </div>\n  </div>\n  <div class="p-name">\n    <a target="_blank" title="" href="http://item.jd.com/10058538.html">\n      <em>Sun\u516c\u53f8\u6838\u5fc3\u6280\u672f\u4e1b\u4e66\uff1aJAVA\u6838\u5fc3\u6280\u672f\uff08\u53771\uff09\uff1a\u57fa\u7840\u77e5\u8bc6\uff08\u539f\u4e66\u7b2c8\u7248\uff09</em>\n      <i class="promo-words"></i>\n    </a>\n  </div>\n      <div class="p-bookdetails">\n      <span class="p-bi-name">\n                  <span class="author_type_1" style="display: ;">\n                                                       [\u7f8e]                <a title="\u660a\u65af\u7279\u66fc" href="http://book.jd.com/writer/%E6%98%8A%E6%96%AF%E7%89%B9%E6%9B%BC_1.html" target="_blank"> \u660a\u65af\u7279\u66fc </a>                                                        \uff0c                             <a title="Gary Comell" href="http://book.jd.com/writer/Gary%20Comell_1.html" target="_blank"> Gary Comell </a>                                        \u8457          </span>\n                            <span class="author_type_2" style="display: none;">\n                                                                     <a title="\u53f6\u4e43\u6587" href="http://book.jd.com/writer/%E5%8F%B6%E4%B9%83%E6%96%87_1.html" target="_blank"> \u53f6\u4e43\u6587 </a>                                                        \uff0c                             <a title="\u909d\u52b2\u7b60" href="http://book.jd.com/writer/%E9%82%9D%E5%8A%B2%E7%AD%A0_1.html" target="_blank"> \u909d\u52b2\u7b60 </a>                                           \u7b49            \u8bd1          </span>\n                        </span>\n      <em>|</em>      <span class="p-bi-store">\n                  <a title="\u673a\u68b0\u5de5\u4e1a\u51fa\u7248\u793e" href="http://book.jd.com/publish/%E6%9C%BA%E6%A2%B0%E5%B7%A5%E4%B8%9A%E5%87%BA%E7%89%88%E7%A4%BE_1.html" target="_blank">\u673a\u68b0\u5de5\u4e1a\u51fa\u7248\u793e</a>\n              </span>\n      <em>|</em>      <span class="p-bi-date">\n        2008-06      </span>\n    </div>\n        <div class="p-shop hide" data-score="4" data-reputation="0" data-shopid="" data-done="1"></div>\n    <div class="p-commit"><strong>\u5df2\u6709<a target="_blank" href="http://item.jd.com/10058538.html#comments-list">2623</a>\u4eba\u8bc4\u4ef7</strong></div>\n    <div class="p-shopnum">\n      <span class="curr-shop">\u4eac\u4e1c\u81ea\u8425</span>\n    </div>\n    <div class="p-operate">\n      <a class="p-o-btn focus J_focus" data-sku="10058538" href="javascript:;">\n        <i></i>\u5173\u6ce8\n      </a>\n      <a class="p-o-btn addcart" target="_blank" href="http://gate.jd.com/InitCart.aspx?pid=10058538&amp;pcount=1&amp;ptype=1">\n        <i></i>\u52a0\u5165\u8d2d\u7269\u8f66\n      </a>\n    </div>\n    <div class="p-stock" data-isdeliveryable="5" style="display: none;"></div>\n    <div class="p-service">\u7531 \u4eac\u4e1c \u53d1\u8d27</div>\n    <div class="p-summary">\n      <a href="http://item.jd.com/10058538.html#recommend-editor" target="_blank">\u66f4\u591a&gt;</a>\n    </div>\n    <div class="p-addtocart">\n      <a data-sku="10058538" href="http://gate.jd.com/InitCart.aspx?pid=10058538&amp;pcount=1&amp;ptype=1"><i></i>\u52a0\u5165\u8d2d\u7269\u8f66</a>\n    </div>\n  </div>\n                                        <div class="tab-content-item j-sku-item" data-sku="11230276" venderid="0" jdzy_shop_id="0" ts_venderid="">\n  <div class="p-img">\n    <a target="_blank" href="http://item.jd.com/11230276.html">\n                    <img width="200" height="200" data-img="1" src="//img11.360buyimg.com/n7/g14/M05/0D/15/rBEhVVIhQfAIAAAAAAUNgeOfL54AACrGAEBIPUABQ2Z482.jpg">\n          </a>\n      </div>\n  <div class="p-price">\n    <strong class="J_price"><em></em><i></i></strong>\n    <div class="p-icons J-pro-icons">\n          </div>\n  </div>\n  <div class="p-name">\n    <a target="_blank" title="" href="http://item.jd.com/11230276.html">\n      <em>JAVA\u6838\u5fc3\u6280\u672f\uff1a\u53771+\u53772\uff08\u539f\u4e66\u7b2c8\u7248\uff09\uff08\u4eac\u4e1c\u5957\u88c5\u51712\u518c\uff09</em>\n      <i class="promo-words"></i>\n    </a>\n  </div>\n      <div class="p-bookdetails">\n      <span class="p-bi-name">\n                  <span class="author_type_1" style="display: ;">\n                                                       [\u7f8e]                <a title="\u660a\u65af\u7279\u66fc" href="http://book.jd.com/writer/%E6%98%8A%E6%96%AF%E7%89%B9%E6%9B%BC_1.html" target="_blank"> \u660a\u65af\u7279\u66fc </a>                                                        \uff0c                             <a title="Gary Comell" href="http://book.jd.com/writer/Gary%20Comell_1.html" target="_blank"> Gary Comell </a>                                        \u8457          </span>\n                            <span class="author_type_2" style="display: none;">\n                                                                     <a title="\u53f6\u4e43\u6587" href="http://book.jd.com/writer/%E5%8F%B6%E4%B9%83%E6%96%87_1.html" target="_blank"> \u53f6\u4e43\u6587 </a>                                                        \uff0c                             <a title="\u909d\u52b2\u7b60" href="http://book.jd.com/writer/%E9%82%9D%E5%8A%B2%E7%AD%A0_1.html" target="_blank"> \u909d\u52b2\u7b60 </a>                                           \u7b49            \u8bd1          </span>\n                        </span>\n      <em>|</em>      <span class="p-bi-store">\n                  <a title="\u673a\u68b0\u5de5\u4e1a\u51fa\u7248\u793e" href="http://book.jd.com/publish/%E6%9C%BA%E6%A2%B0%E5%B7%A5%E4%B8%9A%E5%87%BA%E7%89%88%E7%A4%BE_1.html" target="_blank">\u673a\u68b0\u5de5\u4e1a\u51fa\u7248\u793e</a>\n              </span>\n      <em>|</em>      <span class="p-bi-date">\n        2008-06      </span>\n    </div>\n        <div class="p-shop hide" data-score="4" data-reputation="0" data-shopid="" data-done="1"></div>\n    <div class="p-commit"><strong>\u5df2\u6709<a target="_blank" href="http://item.jd.com/11230276.html#comments-list">4419</a>\u4eba\u8bc4\u4ef7</strong></div>\n    <div class="p-shopnum">\n      <span class="curr-shop">\u4eac\u4e1c\u81ea\u8425</span>\n    </div>\n    <div class="p-operate">\n      <a class="p-o-btn focus J_focus" data-sku="11230276" href="javascript:;">\n        <i></i>\u5173\u6ce8\n      </a>\n      <a class="p-o-btn addcart" target="_blank" href="http://gate.jd.com/InitCart.aspx?pid=11230276&amp;pcount=1&amp;ptype=1">\n        <i></i>\u52a0\u5165\u8d2d\u7269\u8f66\n      </a>\n    </div>\n    <div class="p-stock" data-isdeliveryable="5" style="display: none;"></div>\n    <div class="p-service">\u7531 \u4eac\u4e1c \u53d1\u8d27</div>\n    <div class="p-summary">\n      <a href="http://item.jd.com/11230276.html#recommend-editor" target="_blank">\u66f4\u591a&gt;</a>\n    </div>\n    <div class="p-addtocart">\n      <a data-sku="11230276" href="http://gate.jd.com/InitCart.aspx?pid=11230276&amp;pcount=1&amp;ptype=1"><i></i>\u52a0\u5165\u8d2d\u7269\u8f66</a>\n    </div>\n  </div>\n                                  </div>\n              </div>\n            </div>']
2016-01-18 16:52:00 [jd] INFO: !!!!!!!!!!!!!!!!!!!!!!!!
2016-01-18 16:52:00 [jd] INFO: !!!!!!!!!!!!!!!!!!!!!!!!
2016-01-18 16:52:00 [jd] INFO: [u'<div class="gl-i-wrap">\n              <div class="gl-i-tab">\n                <div class="gl-i-tab-trigger">\n                  <span title="Sun\u516c\u53f8\u6838\u5fc3\u6280\u672f\u4e1b\u4e66\uff1aJAVA\u6838\u5fc3\u6280\u672f\uff08\u53771\uff09\uff1a\u57fa\u7840\u77e5\u8bc6\uff08\u539f\u4e66\u7b2c8\u7248\uff09" class="item selected">\u5355\u4ef6</span>\n                                      <span title="JAVA\u6838\u5fc3\u6280\u672f\uff1a\u53771+\u53772\uff08\u539f\u4e66\u7b2c8\u7248\uff09\uff08\u4eac\u4e1c\u5957\u88c5\u51712\u518c\uff09" class="item">\u5957\u88c52\u4ef6</span>\n                                  </div>\n                <div class="gl-i-tab-content">\n                                        <div class="tab-content-item tab-cnt-i-selected j-sku-item" data-sku="10058538" venderid="0" jdzy_shop_id="0" ts_venderid="">\n  <div class="p-img">\n    <a target="_blank" href="http://item.jd.com/10058538.html">\n                    <img width="200" height="200" data-img="1" src="//img13.360buyimg.com/n7/15919/a5f8ab1b-2e13-4449-a2cc-34a06b43cf37.jpg">\n          </a>\n      </div>\n  <div class="p-price">\n    <strong class="J_price"><em></em><i></i></strong>\n    <div class="p-icons J-pro-icons">\n          </div>\n  </div>\n  <div class="p-name">\n    <a target="_blank" title="" href="http://item.jd.com/10058538.html">\n      <em>Sun\u516c\u53f8\u6838\u5fc3\u6280\u672f\u4e1b\u4e66\uff1aJAVA\u6838\u5fc3\u6280\u672f\uff08\u53771\uff09\uff1a\u57fa\u7840\u77e5\u8bc6\uff08\u539f\u4e66\u7b2c8\u7248\uff09</em>\n      <i class="promo-words"></i>\n    </a>\n  </div>\n      <div class="p-bookdetails">\n      <span class="p-bi-name">\n                  <span class="author_type_1" style="display: ;">\n                                                       [\u7f8e]                <a title="\u660a\u65af\u7279\u66fc" href="http://book.jd.com/writer/%E6%98%8A%E6%96%AF%E7%89%B9%E6%9B%BC_1.html" target="_blank"> \u660a\u65af\u7279\u66fc </a>                                                        \uff0c                             <a title="Gary Comell" href="http://book.jd.com/writer/Gary%20Comell_1.html" target="_blank"> Gary Comell </a>                                        \u8457          </span>\n                            <span class="author_type_2" style="display: none;">\n                                                                     <a title="\u53f6\u4e43\u6587" href="http://book.jd.com/writer/%E5%8F%B6%E4%B9%83%E6%96%87_1.html" target="_blank"> \u53f6\u4e43\u6587 </a>                                                        \uff0c                             <a title="\u909d\u52b2\u7b60" href="http://book.jd.com/writer/%E9%82%9D%E5%8A%B2%E7%AD%A0_1.html" target="_blank"> \u909d\u52b2\u7b60 </a>                                           \u7b49            \u8bd1          </span>\n                        </span>\n      <em>|</em>      <span class="p-bi-store">\n                  <a title="\u673a\u68b0\u5de5\u4e1a\u51fa\u7248\u793e" href="http://book.jd.com/publish/%E6%9C%BA%E6%A2%B0%E5%B7%A5%E4%B8%9A%E5%87%BA%E7%89%88%E7%A4%BE_1.html" target="_blank">\u673a\u68b0\u5de5\u4e1a\u51fa\u7248\u793e</a>\n              </span>\n      <em>|</em>      <span class="p-bi-date">\n        2008-06      </span>\n    </div>\n        <div class="p-shop hide" data-score="4" data-reputation="0" data-shopid="" data-done="1"></div>\n    <div class="p-commit"><strong>\u5df2\u6709<a target="_blank" href="http://item.jd.com/10058538.html#comments-list">2623</a>\u4eba\u8bc4\u4ef7</strong></div>\n    <div class="p-shopnum">\n      <span class="curr-shop">\u4eac\u4e1c\u81ea\u8425</span>\n    </div>\n    <div class="p-operate">\n      <a class="p-o-btn focus J_focus" data-sku="10058538" href="javascript:;">\n        <i></i>\u5173\u6ce8\n      </a>\n      <a class="p-o-btn addcart" target="_blank" href="http://gate.jd.com/InitCart.aspx?pid=10058538&amp;pcount=1&amp;ptype=1">\n        <i></i>\u52a0\u5165\u8d2d\u7269\u8f66\n      </a>\n    </div>\n    <div class="p-stock" data-isdeliveryable="5" style="display: none;"></div>\n    <div class="p-service">\u7531 \u4eac\u4e1c \u53d1\u8d27</div>\n    <div class="p-summary">\n      <a href="http://item.jd.com/10058538.html#recommend-editor" target="_blank">\u66f4\u591a&gt;</a>\n    </div>\n    <div class="p-addtocart">\n      <a data-sku="10058538" href="http://gate.jd.com/InitCart.aspx?pid=10058538&amp;pcount=1&amp;ptype=1"><i></i>\u52a0\u5165\u8d2d\u7269\u8f66</a>\n    </div>\n  </div>\n                                        <div class="tab-content-item j-sku-item" data-sku="11230276" venderid="0" jdzy_shop_id="0" ts_venderid="">\n  <div class="p-img">\n    <a target="_blank" href="http://item.jd.com/11230276.html">\n                    <img width="200" height="200" data-img="1" src="//img11.360buyimg.com/n7/g14/M05/0D/15/rBEhVVIhQfAIAAAAAAUNgeOfL54AACrGAEBIPUABQ2Z482.jpg">\n          </a>\n      </div>\n  <div class="p-price">\n    <strong class="J_price"><em></em><i></i></strong>\n    <div class="p-icons J-pro-icons">\n          </div>\n  </div>\n  <div class="p-name">\n    <a target="_blank" title="" href="http://item.jd.com/11230276.html">\n      <em>JAVA\u6838\u5fc3\u6280\u672f\uff1a\u53771+\u53772\uff08\u539f\u4e66\u7b2c8\u7248\uff09\uff08\u4eac\u4e1c\u5957\u88c5\u51712\u518c\uff09</em>\n      <i class="promo-words"></i>\n    </a>\n  </div>\n      <div class="p-bookdetails">\n      <span class="p-bi-name">\n                  <span class="author_type_1" style="display: ;">\n                                                       [\u7f8e]                <a title="\u660a\u65af\u7279\u66fc" href="http://book.jd.com/writer/%E6%98%8A%E6%96%AF%E7%89%B9%E6%9B%BC_1.html" target="_blank"> \u660a\u65af\u7279\u66fc </a>                                                        \uff0c                             <a title="Gary Comell" href="http://book.jd.com/writer/Gary%20Comell_1.html" target="_blank"> Gary Comell </a>                                        \u8457          </span>\n                            <span class="author_type_2" style="display: none;">\n                                                                     <a title="\u53f6\u4e43\u6587" href="http://book.jd.com/writer/%E5%8F%B6%E4%B9%83%E6%96%87_1.html" target="_blank"> \u53f6\u4e43\u6587 </a>                                                        \uff0c                             <a title="\u909d\u52b2\u7b60" href="http://book.jd.com/writer/%E9%82%9D%E5%8A%B2%E7%AD%A0_1.html" target="_blank"> \u909d\u52b2\u7b60 </a>                                           \u7b49            \u8bd1          </span>\n                        </span>\n      <em>|</em>      <span class="p-bi-store">\n                  <a title="\u673a\u68b0\u5de5\u4e1a\u51fa\u7248\u793e" href="http://book.jd.com/publish/%E6%9C%BA%E6%A2%B0%E5%B7%A5%E4%B8%9A%E5%87%BA%E7%89%88%E7%A4%BE_1.html" target="_blank">\u673a\u68b0\u5de5\u4e1a\u51fa\u7248\u793e</a>\n              </span>\n      <em>|</em>      <span class="p-bi-date">\n        2008-06      </span>\n    </div>\n        <div class="p-shop hide" data-score="4" data-reputation="0" data-shopid="" data-done="1"></div>\n    <div class="p-commit"><strong>\u5df2\u6709<a target="_blank" href="http://item.jd.com/11230276.html#comments-list">4419</a>\u4eba\u8bc4\u4ef7</strong></div>\n    <div class="p-shopnum">\n      <span class="curr-shop">\u4eac\u4e1c\u81ea\u8425</span>\n    </div>\n    <div class="p-operate">\n      <a class="p-o-btn focus J_focus" data-sku="11230276" href="javascript:;">\n        <i></i>\u5173\u6ce8\n      </a>\n      <a class="p-o-btn addcart" target="_blank" href="http://gate.jd.com/InitCart.aspx?pid=11230276&amp;pcount=1&amp;ptype=1">\n        <i></i>\u52a0\u5165\u8d2d\u7269\u8f66\n      </a>\n    </div>\n    <div class="p-stock" data-isdeliveryable="5" style="display: none;"></div>\n    <div class="p-service">\u7531 \u4eac\u4e1c \u53d1\u8d27</div>\n    <div class="p-summary">\n      <a href="http://item.jd.com/11230276.html#recommend-editor" target="_blank">\u66f4\u591a&gt;</a>\n    </div>\n    <div class="p-addtocart">\n      <a data-sku="11230276" href="http://gate.jd.com/InitCart.aspx?pid=11230276&amp;pcount=1&amp;ptype=1"><i></i>\u52a0\u5165\u8d2d\u7269\u8f66</a>\n    </div>\n  </div>\n                                  </div>\n              </div>\n            </div>']
2016-01-18 16:52:00 [jd] INFO: !!!!!!!!!!!!!!!!!!!!!!!!
2016-01-18 16:52:00 [jd] INFO: !!!!!!!!!!!!!!!!!!!!!!!!
2016-01-18 16:52:00 [jd] INFO: [u'<div class="gl-i-wrap">\n              <div class="gl-i-tab">\n                <div class="gl-i-tab-trigger">\n                  <span title="Sun\u516c\u53f8\u6838\u5fc3\u6280\u672f\u4e1b\u4e66\uff1aJAVA\u6838\u5fc3\u6280\u672f\uff08\u53771\uff09\uff1a\u57fa\u7840\u77e5\u8bc6\uff08\u539f\u4e66\u7b2c8\u7248\uff09" class="item selected">\u5355\u4ef6</span>\n                                      <span title="JAVA\u6838\u5fc3\u6280\u672f\uff1a\u53771+\u53772\uff08\u539f\u4e66\u7b2c8\u7248\uff09\uff08\u4eac\u4e1c\u5957\u88c5\u51712\u518c\uff09" class="item">\u5957\u88c52\u4ef6</span>\n                                  </div>\n                <div class="gl-i-tab-content">\n                                        <div class="tab-content-item tab-cnt-i-selected j-sku-item" data-sku="10058538" venderid="0" jdzy_shop_id="0" ts_venderid="">\n  <div class="p-img">\n    <a target="_blank" href="http://item.jd.com/10058538.html">\n                    <img width="200" height="200" data-img="1" src="//img13.360buyimg.com/n7/15919/a5f8ab1b-2e13-4449-a2cc-34a06b43cf37.jpg">\n          </a>\n      </div>\n  <div class="p-price">\n    <strong class="J_price"><em></em><i></i></strong>\n    <div class="p-icons J-pro-icons">\n          </div>\n  </div>\n  <div class="p-name">\n    <a target="_blank" title="" href="http://item.jd.com/10058538.html">\n      <em>Sun\u516c\u53f8\u6838\u5fc3\u6280\u672f\u4e1b\u4e66\uff1aJAVA\u6838\u5fc3\u6280\u672f\uff08\u53771\uff09\uff1a\u57fa\u7840\u77e5\u8bc6\uff08\u539f\u4e66\u7b2c8\u7248\uff09</em>\n      <i class="promo-words"></i>\n    </a>\n  </div>\n      <div class="p-bookdetails">\n      <span class="p-bi-name">\n                  <span class="author_type_1" style="display: ;">\n                                                       [\u7f8e]                <a title="\u660a\u65af\u7279\u66fc" href="http://book.jd.com/writer/%E6%98%8A%E6%96%AF%E7%89%B9%E6%9B%BC_1.html" target="_blank"> \u660a\u65af\u7279\u66fc </a>                                                        \uff0c                             <a title="Gary Comell" href="http://book.jd.com/writer/Gary%20Comell_1.html" target="_blank"> Gary Comell </a>                                        \u8457          </span>\n                            <span class="author_type_2" style="display: none;">\n                                                                     <a title="\u53f6\u4e43\u6587" href="http://book.jd.com/writer/%E5%8F%B6%E4%B9%83%E6%96%87_1.html" target="_blank"> \u53f6\u4e43\u6587 </a>                                                        \uff0c                             <a title="\u909d\u52b2\u7b60" href="http://book.jd.com/writer/%E9%82%9D%E5%8A%B2%E7%AD%A0_1.html" target="_blank"> \u909d\u52b2\u7b60 </a>                                           \u7b49            \u8bd1          </span>\n                        </span>\n      <em>|</em>      <span class="p-bi-store">\n                  <a title="\u673a\u68b0\u5de5\u4e1a\u51fa\u7248\u793e" href="http://book.jd.com/publish/%E6%9C%BA%E6%A2%B0%E5%B7%A5%E4%B8%9A%E5%87%BA%E7%89%88%E7%A4%BE_1.html" target="_blank">\u673a\u68b0\u5de5\u4e1a\u51fa\u7248\u793e</a>\n              </span>\n      <em>|</em>      <span class="p-bi-date">\n        2008-06      </span>\n    </div>\n        <div class="p-shop hide" data-score="4" data-reputation="0" data-shopid="" data-done="1"></div>\n    <div class="p-commit"><strong>\u5df2\u6709<a target="_blank" href="http://item.jd.com/10058538.html#comments-list">2623</a>\u4eba\u8bc4\u4ef7</strong></div>\n    <div class="p-shopnum">\n      <span class="curr-shop">\u4eac\u4e1c\u81ea\u8425</span>\n    </div>\n    <div class="p-operate">\n      <a class="p-o-btn focus J_focus" data-sku="10058538" href="javascript:;">\n        <i></i>\u5173\u6ce8\n      </a>\n      <a class="p-o-btn addcart" target="_blank" href="http://gate.jd.com/InitCart.aspx?pid=10058538&amp;pcount=1&amp;ptype=1">\n        <i></i>\u52a0\u5165\u8d2d\u7269\u8f66\n      </a>\n    </div>\n    <div class="p-stock" data-isdeliveryable="5" style="display: none;"></div>\n    <div class="p-service">\u7531 \u4eac\u4e1c \u53d1\u8d27</div>\n    <div class="p-summary">\n      <a href="http://item.jd.com/10058538.html#recommend-editor" target="_blank">\u66f4\u591a&gt;</a>\n    </div>\n    <div class="p-addtocart">\n      <a data-sku="10058538" href="http://gate.jd.com/InitCart.aspx?pid=10058538&amp;pcount=1&amp;ptype=1"><i></i>\u52a0\u5165\u8d2d\u7269\u8f66</a>\n    </div>\n  </div>\n                                        <div class="tab-content-item j-sku-item" data-sku="11230276" venderid="0" jdzy_shop_id="0" ts_venderid="">\n  <div class="p-img">\n    <a target="_blank" href="http://item.jd.com/11230276.html">\n                    <img width="200" height="200" data-img="1" src="//img11.360buyimg.com/n7/g14/M05/0D/15/rBEhVVIhQfAIAAAAAAUNgeOfL54AACrGAEBIPUABQ2Z482.jpg">\n          </a>\n      </div>\n  <div class="p-price">\n    <strong class="J_price"><em></em><i></i></strong>\n    <div class="p-icons J-pro-icons">\n          </div>\n  </div>\n  <div class="p-name">\n    <a target="_blank" title="" href="http://item.jd.com/11230276.html">\n      <em>JAVA\u6838\u5fc3\u6280\u672f\uff1a\u53771+\u53772\uff08\u539f\u4e66\u7b2c8\u7248\uff09\uff08\u4eac\u4e1c\u5957\u88c5\u51712\u518c\uff09</em>\n      <i class="promo-words"></i>\n    </a>\n  </div>\n      <div class="p-bookdetails">\n      <span class="p-bi-name">\n                  <span class="author_type_1" style="display: ;">\n                                                       [\u7f8e]                <a title="\u660a\u65af\u7279\u66fc" href="http://book.jd.com/writer/%E6%98%8A%E6%96%AF%E7%89%B9%E6%9B%BC_1.html" target="_blank"> \u660a\u65af\u7279\u66fc </a>                                                        \uff0c                             <a title="Gary Comell" href="http://book.jd.com/writer/Gary%20Comell_1.html" target="_blank"> Gary Comell </a>                                        \u8457          </span>\n                            <span class="author_type_2" style="display: none;">\n                                                                     <a title="\u53f6\u4e43\u6587" href="http://book.jd.com/writer/%E5%8F%B6%E4%B9%83%E6%96%87_1.html" target="_blank"> \u53f6\u4e43\u6587 </a>                                                        \uff0c                             <a title="\u909d\u52b2\u7b60" href="http://book.jd.com/writer/%E9%82%9D%E5%8A%B2%E7%AD%A0_1.html" target="_blank"> \u909d\u52b2\u7b60 </a>                                           \u7b49            \u8bd1          </span>\n                        </span>\n      <em>|</em>      <span class="p-bi-store">\n                  <a title="\u673a\u68b0\u5de5\u4e1a\u51fa\u7248\u793e" href="http://book.jd.com/publish/%E6%9C%BA%E6%A2%B0%E5%B7%A5%E4%B8%9A%E5%87%BA%E7%89%88%E7%A4%BE_1.html" target="_blank">\u673a\u68b0\u5de5\u4e1a\u51fa\u7248\u793e</a>\n              </span>\n      <em>|</em>      <span class="p-bi-date">\n        2008-06      </span>\n    </div>\n        <div class="p-shop hide" data-score="4" data-reputation="0" data-shopid="" data-done="1"></div>\n    <div class="p-commit"><strong>\u5df2\u6709<a target="_blank" href="http://item.jd.com/11230276.html#comments-list">4419</a>\u4eba\u8bc4\u4ef7</strong></div>\n    <div class="p-shopnum">\n      <span class="curr-shop">\u4eac\u4e1c\u81ea\u8425</span>\n    </div>\n    <div class="p-operate">\n      <a class="p-o-btn focus J_focus" data-sku="11230276" href="javascript:;">\n        <i></i>\u5173\u6ce8\n      </a>\n      <a class="p-o-btn addcart" target="_blank" href="http://gate.jd.com/InitCart.aspx?pid=11230276&amp;pcount=1&amp;ptype=1">\n        <i></i>\u52a0\u5165\u8d2d\u7269\u8f66\n      </a>\n    </div>\n    <div class="p-stock" data-isdeliveryable="5" style="display: none;"></div>\n    <div class="p-service">\u7531 \u4eac\u4e1c \u53d1\u8d27</div>\n    <div class="p-summary">\n      <a href="http://item.jd.com/11230276.html#recommend-editor" target="_blank">\u66f4\u591a&gt;</a>\n    </div>\n    <div class="p-addtocart">\n      <a data-sku="11230276" href="http://gate.jd.com/InitCart.aspx?pid=11230276&amp;pcount=1&amp;ptype=1"><i></i>\u52a0\u5165\u8d2d\u7269\u8f66</a>\n    </div>\n  </div>\n                                  </div>\n              </div>\n            </div>']
2016-01-18 16:52:00 [jd] INFO: !!!!!!!!!!!!!!!!!!!!!!!!
2016-01-18 16:52:00 [jd] INFO: !!!!!!!!!!!!!!!!!!!!!!!!
2016-01-18 16:52:00 [jd] INFO: [u'<div class="gl-i-wrap">\n              <div class="gl-i-tab">\n                <div class="gl-i-tab-trigger">\n                  <span title="Sun\u516c\u53f8\u6838\u5fc3\u6280\u672f\u4e1b\u4e66\uff1aJAVA\u6838\u5fc3\u6280\u672f\uff08\u53771\uff09\uff1a\u57fa\u7840\u77e5\u8bc6\uff08\u539f\u4e66\u7b2c8\u7248\uff09" class="item selected">\u5355\u4ef6</span>\n                                      <span title="JAVA\u6838\u5fc3\u6280\u672f\uff1a\u53771+\u53772\uff08\u539f\u4e66\u7b2c8\u7248\uff09\uff08\u4eac\u4e1c\u5957\u88c5\u51712\u518c\uff09" class="item">\u5957\u88c52\u4ef6</span>\n                                  </div>\n                <div class="gl-i-tab-content">\n                                        <div class="tab-content-item tab-cnt-i-selected j-sku-item" data-sku="10058538" venderid="0" jdzy_shop_id="0" ts_venderid="">\n  <div class="p-img">\n    <a target="_blank" href="http://item.jd.com/10058538.html">\n                    <img width="200" height="200" data-img="1" src="//img13.360buyimg.com/n7/15919/a5f8ab1b-2e13-4449-a2cc-34a06b43cf37.jpg">\n          </a>\n      </div>\n  <div class="p-price">\n    <strong class="J_price"><em></em><i></i></strong>\n    <div class="p-icons J-pro-icons">\n          </div>\n  </div>\n  <div class="p-name">\n    <a target="_blank" title="" href="http://item.jd.com/10058538.html">\n      <em>Sun\u516c\u53f8\u6838\u5fc3\u6280\u672f\u4e1b\u4e66\uff1aJAVA\u6838\u5fc3\u6280\u672f\uff08\u53771\uff09\uff1a\u57fa\u7840\u77e5\u8bc6\uff08\u539f\u4e66\u7b2c8\u7248\uff09</em>\n      <i class="promo-words"></i>\n    </a>\n  </div>\n      <div class="p-bookdetails">\n      <span class="p-bi-name">\n                  <span class="author_type_1" style="display: ;">\n                                                       [\u7f8e]                <a title="\u660a\u65af\u7279\u66fc" href="http://book.jd.com/writer/%E6%98%8A%E6%96%AF%E7%89%B9%E6%9B%BC_1.html" target="_blank"> \u660a\u65af\u7279\u66fc </a>                                                        \uff0c                             <a title="Gary Comell" href="http://book.jd.com/writer/Gary%20Comell_1.html" target="_blank"> Gary Comell </a>                                        \u8457          </span>\n                            <span class="author_type_2" style="display: none;">\n                                                                     <a title="\u53f6\u4e43\u6587" href="http://book.jd.com/writer/%E5%8F%B6%E4%B9%83%E6%96%87_1.html" target="_blank"> \u53f6\u4e43\u6587 </a>                                                        \uff0c                             <a title="\u909d\u52b2\u7b60" href="http://book.jd.com/writer/%E9%82%9D%E5%8A%B2%E7%AD%A0_1.html" target="_blank"> \u909d\u52b2\u7b60 </a>                                           \u7b49            \u8bd1          </span>\n                        </span>\n      <em>|</em>      <span class="p-bi-store">\n                  <a title="\u673a\u68b0\u5de5\u4e1a\u51fa\u7248\u793e" href="http://book.jd.com/publish/%E6%9C%BA%E6%A2%B0%E5%B7%A5%E4%B8%9A%E5%87%BA%E7%89%88%E7%A4%BE_1.html" target="_blank">\u673a\u68b0\u5de5\u4e1a\u51fa\u7248\u793e</a>\n              </span>\n      <em>|</em>      <span class="p-bi-date">\n        2008-06      </span>\n    </div>\n        <div class="p-shop hide" data-score="4" data-reputation="0" data-shopid="" data-done="1"></div>\n    <div class="p-commit"><strong>\u5df2\u6709<a target="_blank" href="http://item.jd.com/10058538.html#comments-list">2623</a>\u4eba\u8bc4\u4ef7</strong></div>\n    <div class="p-shopnum">\n      <span class="curr-shop">\u4eac\u4e1c\u81ea\u8425</span>\n    </div>\n    <div class="p-operate">\n      <a class="p-o-btn focus J_focus" data-sku="10058538" href="javascript:;">\n        <i></i>\u5173\u6ce8\n      </a>\n      <a class="p-o-btn addcart" target="_blank" href="http://gate.jd.com/InitCart.aspx?pid=10058538&amp;pcount=1&amp;ptype=1">\n        <i></i>\u52a0\u5165\u8d2d\u7269\u8f66\n      </a>\n    </div>\n    <div class="p-stock" data-isdeliveryable="5" style="display: none;"></div>\n    <div class="p-service">\u7531 \u4eac\u4e1c \u53d1\u8d27</div>\n    <div class="p-summary">\n      <a href="http://item.jd.com/10058538.html#recommend-editor" target="_blank">\u66f4\u591a&gt;</a>\n    </div>\n    <div class="p-addtocart">\n      <a data-sku="10058538" href="http://gate.jd.com/InitCart.aspx?pid=10058538&amp;pcount=1&amp;ptype=1"><i></i>\u52a0\u5165\u8d2d\u7269\u8f66</a>\n    </div>\n  </div>\n                                        <div class="tab-content-item j-sku-item" data-sku="11230276" venderid="0" jdzy_shop_id="0" ts_venderid="">\n  <div class="p-img">\n    <a target="_blank" href="http://item.jd.com/11230276.html">\n                    <img width="200" height="200" data-img="1" src="//img11.360buyimg.com/n7/g14/M05/0D/15/rBEhVVIhQfAIAAAAAAUNgeOfL54AACrGAEBIPUABQ2Z482.jpg">\n          </a>\n      </div>\n  <div class="p-price">\n    <strong class="J_price"><em></em><i></i></strong>\n    <div class="p-icons J-pro-icons">\n          </div>\n  </div>\n  <div class="p-name">\n    <a target="_blank" title="" href="http://item.jd.com/11230276.html">\n      <em>JAVA\u6838\u5fc3\u6280\u672f\uff1a\u53771+\u53772\uff08\u539f\u4e66\u7b2c8\u7248\uff09\uff08\u4eac\u4e1c\u5957\u88c5\u51712\u518c\uff09</em>\n      <i class="promo-words"></i>\n    </a>\n  </div>\n      <div class="p-bookdetails">\n      <span class="p-bi-name">\n                  <span class="author_type_1" style="display: ;">\n                                                       [\u7f8e]                <a title="\u660a\u65af\u7279\u66fc" href="http://book.jd.com/writer/%E6%98%8A%E6%96%AF%E7%89%B9%E6%9B%BC_1.html" target="_blank"> \u660a\u65af\u7279\u66fc </a>                                                        \uff0c                             <a title="Gary Comell" href="http://book.jd.com/writer/Gary%20Comell_1.html" target="_blank"> Gary Comell </a>                                        \u8457          </span>\n                            <span class="author_type_2" style="display: none;">\n                                                                     <a title="\u53f6\u4e43\u6587" href="http://book.jd.com/writer/%E5%8F%B6%E4%B9%83%E6%96%87_1.html" target="_blank"> \u53f6\u4e43\u6587 </a>                                                        \uff0c                             <a title="\u909d\u52b2\u7b60" href="http://book.jd.com/writer/%E9%82%9D%E5%8A%B2%E7%AD%A0_1.html" target="_blank"> \u909d\u52b2\u7b60 </a>                                           \u7b49            \u8bd1          </span>\n                        </span>\n      <em>|</em>      <span class="p-bi-store">\n                  <a title="\u673a\u68b0\u5de5\u4e1a\u51fa\u7248\u793e" href="http://book.jd.com/publish/%E6%9C%BA%E6%A2%B0%E5%B7%A5%E4%B8%9A%E5%87%BA%E7%89%88%E7%A4%BE_1.html" target="_blank">\u673a\u68b0\u5de5\u4e1a\u51fa\u7248\u793e</a>\n              </span>\n      <em>|</em>      <span class="p-bi-date">\n        2008-06      </span>\n    </div>\n        <div class="p-shop hide" data-score="4" data-reputation="0" data-shopid="" data-done="1"></div>\n    <div class="p-commit"><strong>\u5df2\u6709<a target="_blank" href="http://item.jd.com/11230276.html#comments-list">4419</a>\u4eba\u8bc4\u4ef7</strong></div>\n    <div class="p-shopnum">\n      <span class="curr-shop">\u4eac\u4e1c\u81ea\u8425</span>\n    </div>\n    <div class="p-operate">\n      <a class="p-o-btn focus J_focus" data-sku="11230276" href="javascript:;">\n        <i></i>\u5173\u6ce8\n      </a>\n      <a class="p-o-btn addcart" target="_blank" href="http://gate.jd.com/InitCart.aspx?pid=11230276&amp;pcount=1&amp;ptype=1">\n        <i></i>\u52a0\u5165\u8d2d\u7269\u8f66\n      </a>\n    </div>\n    <div class="p-stock" data-isdeliveryable="5" style="display: none;"></div>\n    <div class="p-service">\u7531 \u4eac\u4e1c \u53d1\u8d27</div>\n    <div class="p-summary">\n      <a href="http://item.jd.com/11230276.html#recommend-editor" target="_blank">\u66f4\u591a&gt;</a>\n    </div>\n    <div class="p-addtocart">\n      <a data-sku="11230276" href="http://gate.jd.com/InitCart.aspx?pid=11230276&amp;pcount=1&amp;ptype=1"><i></i>\u52a0\u5165\u8d2d\u7269\u8f66</a>\n    </div>\n  </div>\n                                  </div>\n              </div>\n            </div>']
2016-01-18 16:52:00 [jd] INFO: !!!!!!!!!!!!!!!!!!!!!!!!
2016-01-18 16:52:00 [jd] INFO: !!!!!!!!!!!!!!!!!!!!!!!!
2016-01-18 16:52:00 [jd] INFO: [u'<div class="gl-i-wrap">\n              <div class="gl-i-tab">\n                <div class="gl-i-tab-trigger">\n                  <span title="Sun\u516c\u53f8\u6838\u5fc3\u6280\u672f\u4e1b\u4e66\uff1aJAVA\u6838\u5fc3\u6280\u672f\uff08\u53771\uff09\uff1a\u57fa\u7840\u77e5\u8bc6\uff08\u539f\u4e66\u7b2c8\u7248\uff09" class="item selected">\u5355\u4ef6</span>\n                                      <span title="JAVA\u6838\u5fc3\u6280\u672f\uff1a\u53771+\u53772\uff08\u539f\u4e66\u7b2c8\u7248\uff09\uff08\u4eac\u4e1c\u5957\u88c5\u51712\u518c\uff09" class="item">\u5957\u88c52\u4ef6</span>\n                                  </div>\n                <div class="gl-i-tab-content">\n                                        <div class="tab-content-item tab-cnt-i-selected j-sku-item" data-sku="10058538" venderid="0" jdzy_shop_id="0" ts_venderid="">\n  <div class="p-img">\n    <a target="_blank" href="http://item.jd.com/10058538.html">\n                    <img width="200" height="200" data-img="1" src="//img13.360buyimg.com/n7/15919/a5f8ab1b-2e13-4449-a2cc-34a06b43cf37.jpg">\n          </a>\n      </div>\n  <div class="p-price">\n    <strong class="J_price"><em></em><i></i></strong>\n    <div class="p-icons J-pro-icons">\n          </div>\n  </div>\n  <div class="p-name">\n    <a target="_blank" title="" href="http://item.jd.com/10058538.html">\n      <em>Sun\u516c\u53f8\u6838\u5fc3\u6280\u672f\u4e1b\u4e66\uff1aJAVA\u6838\u5fc3\u6280\u672f\uff08\u53771\uff09\uff1a\u57fa\u7840\u77e5\u8bc6\uff08\u539f\u4e66\u7b2c8\u7248\uff09</em>\n      <i class="promo-words"></i>\n    </a>\n  </div>\n      <div class="p-bookdetails">\n      <span class="p-bi-name">\n                  <span class="author_type_1" style="display: ;">\n                                                       [\u7f8e]                <a title="\u660a\u65af\u7279\u66fc" href="http://book.jd.com/writer/%E6%98%8A%E6%96%AF%E7%89%B9%E6%9B%BC_1.html" target="_blank"> \u660a\u65af\u7279\u66fc </a>                                                        \uff0c                             <a title="Gary Comell" href="http://book.jd.com/writer/Gary%20Comell_1.html" target="_blank"> Gary Comell </a>                                        \u8457          </span>\n                            <span class="author_type_2" style="display: none;">\n                                                                     <a title="\u53f6\u4e43\u6587" href="http://book.jd.com/writer/%E5%8F%B6%E4%B9%83%E6%96%87_1.html" target="_blank"> \u53f6\u4e43\u6587 </a>                                                        \uff0c                             <a title="\u909d\u52b2\u7b60" href="http://book.jd.com/writer/%E9%82%9D%E5%8A%B2%E7%AD%A0_1.html" target="_blank"> \u909d\u52b2\u7b60 </a>                                           \u7b49            \u8bd1          </span>\n                        </span>\n      <em>|</em>      <span class="p-bi-store">\n                  <a title="\u673a\u68b0\u5de5\u4e1a\u51fa\u7248\u793e" href="http://book.jd.com/publish/%E6%9C%BA%E6%A2%B0%E5%B7%A5%E4%B8%9A%E5%87%BA%E7%89%88%E7%A4%BE_1.html" target="_blank">\u673a\u68b0\u5de5\u4e1a\u51fa\u7248\u793e</a>\n              </span>\n      <em>|</em>      <span class="p-bi-date">\n        2008-06      </span>\n    </div>\n        <div class="p-shop hide" data-score="4" data-reputation="0" data-shopid="" data-done="1"></div>\n    <div class="p-commit"><strong>\u5df2\u6709<a target="_blank" href="http://item.jd.com/10058538.html#comments-list">2623</a>\u4eba\u8bc4\u4ef7</strong></div>\n    <div class="p-shopnum">\n      <span class="curr-shop">\u4eac\u4e1c\u81ea\u8425</span>\n    </div>\n    <div class="p-operate">\n      <a class="p-o-btn focus J_focus" data-sku="10058538" href="javascript:;">\n        <i></i>\u5173\u6ce8\n      </a>\n      <a class="p-o-btn addcart" target="_blank" href="http://gate.jd.com/InitCart.aspx?pid=10058538&amp;pcount=1&amp;ptype=1">\n        <i></i>\u52a0\u5165\u8d2d\u7269\u8f66\n      </a>\n    </div>\n    <div class="p-stock" data-isdeliveryable="5" style="display: none;"></div>\n    <div class="p-service">\u7531 \u4eac\u4e1c \u53d1\u8d27</div>\n    <div class="p-summary">\n      <a href="http://item.jd.com/10058538.html#recommend-editor" target="_blank">\u66f4\u591a&gt;</a>\n    </div>\n    <div class="p-addtocart">\n      <a data-sku="10058538" href="http://gate.jd.com/InitCart.aspx?pid=10058538&amp;pcount=1&amp;ptype=1"><i></i>\u52a0\u5165\u8d2d\u7269\u8f66</a>\n    </div>\n  </div>\n                                        <div class="tab-content-item j-sku-item" data-sku="11230276" venderid="0" jdzy_shop_id="0" ts_venderid="">\n  <div class="p-img">\n    <a target="_blank" href="http://item.jd.com/11230276.html">\n                    <img width="200" height="200" data-img="1" src="//img11.360buyimg.com/n7/g14/M05/0D/15/rBEhVVIhQfAIAAAAAAUNgeOfL54AACrGAEBIPUABQ2Z482.jpg">\n          </a>\n      </div>\n  <div class="p-price">\n    <strong class="J_price"><em></em><i></i></strong>\n    <div class="p-icons J-pro-icons">\n          </div>\n  </div>\n  <div class="p-name">\n    <a target="_blank" title="" href="http://item.jd.com/11230276.html">\n      <em>JAVA\u6838\u5fc3\u6280\u672f\uff1a\u53771+\u53772\uff08\u539f\u4e66\u7b2c8\u7248\uff09\uff08\u4eac\u4e1c\u5957\u88c5\u51712\u518c\uff09</em>\n      <i class="promo-words"></i>\n    </a>\n  </div>\n      <div class="p-bookdetails">\n      <span class="p-bi-name">\n                  <span class="author_type_1" style="display: ;">\n                                                       [\u7f8e]                <a title="\u660a\u65af\u7279\u66fc" href="http://book.jd.com/writer/%E6%98%8A%E6%96%AF%E7%89%B9%E6%9B%BC_1.html" target="_blank"> \u660a\u65af\u7279\u66fc </a>                                                        \uff0c                             <a title="Gary Comell" href="http://book.jd.com/writer/Gary%20Comell_1.html" target="_blank"> Gary Comell </a>                                        \u8457          </span>\n                            <span class="author_type_2" style="display: none;">\n                                                                     <a title="\u53f6\u4e43\u6587" href="http://book.jd.com/writer/%E5%8F%B6%E4%B9%83%E6%96%87_1.html" target="_blank"> \u53f6\u4e43\u6587 </a>                                                        \uff0c                             <a title="\u909d\u52b2\u7b60" href="http://book.jd.com/writer/%E9%82%9D%E5%8A%B2%E7%AD%A0_1.html" target="_blank"> \u909d\u52b2\u7b60 </a>                                           \u7b49            \u8bd1          </span>\n                        </span>\n      <em>|</em>      <span class="p-bi-store">\n                  <a title="\u673a\u68b0\u5de5\u4e1a\u51fa\u7248\u793e" href="http://book.jd.com/publish/%E6%9C%BA%E6%A2%B0%E5%B7%A5%E4%B8%9A%E5%87%BA%E7%89%88%E7%A4%BE_1.html" target="_blank">\u673a\u68b0\u5de5\u4e1a\u51fa\u7248\u793e</a>\n              </span>\n      <em>|</em>      <span class="p-bi-date">\n        2008-06      </span>\n    </div>\n        <div class="p-shop hide" data-score="4" data-reputation="0" data-shopid="" data-done="1"></div>\n    <div class="p-commit"><strong>\u5df2\u6709<a target="_blank" href="http://item.jd.com/11230276.html#comments-list">4419</a>\u4eba\u8bc4\u4ef7</strong></div>\n    <div class="p-shopnum">\n      <span class="curr-shop">\u4eac\u4e1c\u81ea\u8425</span>\n    </div>\n    <div class="p-operate">\n      <a class="p-o-btn focus J_focus" data-sku="11230276" href="javascript:;">\n        <i></i>\u5173\u6ce8\n      </a>\n      <a class="p-o-btn addcart" target="_blank" href="http://gate.jd.com/InitCart.aspx?pid=11230276&amp;pcount=1&amp;ptype=1">\n        <i></i>\u52a0\u5165\u8d2d\u7269\u8f66\n      </a>\n    </div>\n    <div class="p-stock" data-isdeliveryable="5" style="display: none;"></div>\n    <div class="p-service">\u7531 \u4eac\u4e1c \u53d1\u8d27</div>\n    <div class="p-summary">\n      <a href="http://item.jd.com/11230276.html#recommend-editor" target="_blank">\u66f4\u591a&gt;</a>\n    </div>\n    <div class="p-addtocart">\n      <a data-sku="11230276" href="http://gate.jd.com/InitCart.aspx?pid=11230276&amp;pcount=1&amp;ptype=1"><i></i>\u52a0\u5165\u8d2d\u7269\u8f66</a>\n    </div>\n  </div>\n                                  </div>\n              </div>\n            </div>']
2016-01-18 16:52:00 [jd] INFO: !!!!!!!!!!!!!!!!!!!!!!!!
2016-01-18 16:52:00 [jd] INFO: !!!!!!!!!!!!!!!!!!!!!!!!
2016-01-18 16:52:00 [jd] INFO: [u'<div class="gl-i-wrap">\n              <div class="gl-i-tab">\n                <div class="gl-i-tab-trigger">\n                  <span title="Sun\u516c\u53f8\u6838\u5fc3\u6280\u672f\u4e1b\u4e66\uff1aJAVA\u6838\u5fc3\u6280\u672f\uff08\u53771\uff09\uff1a\u57fa\u7840\u77e5\u8bc6\uff08\u539f\u4e66\u7b2c8\u7248\uff09" class="item selected">\u5355\u4ef6</span>\n                                      <span title="JAVA\u6838\u5fc3\u6280\u672f\uff1a\u53771+\u53772\uff08\u539f\u4e66\u7b2c8\u7248\uff09\uff08\u4eac\u4e1c\u5957\u88c5\u51712\u518c\uff09" class="item">\u5957\u88c52\u4ef6</span>\n                                  </div>\n                <div class="gl-i-tab-content">\n                                        <div class="tab-content-item tab-cnt-i-selected j-sku-item" data-sku="10058538" venderid="0" jdzy_shop_id="0" ts_venderid="">\n  <div class="p-img">\n    <a target="_blank" href="http://item.jd.com/10058538.html">\n                    <img width="200" height="200" data-img="1" src="//img13.360buyimg.com/n7/15919/a5f8ab1b-2e13-4449-a2cc-34a06b43cf37.jpg">\n          </a>\n      </div>\n  <div class="p-price">\n    <strong class="J_price"><em></em><i></i></strong>\n    <div class="p-icons J-pro-icons">\n          </div>\n  </div>\n  <div class="p-name">\n    <a target="_blank" title="" href="http://item.jd.com/10058538.html">\n      <em>Sun\u516c\u53f8\u6838\u5fc3\u6280\u672f\u4e1b\u4e66\uff1aJAVA\u6838\u5fc3\u6280\u672f\uff08\u53771\uff09\uff1a\u57fa\u7840\u77e5\u8bc6\uff08\u539f\u4e66\u7b2c8\u7248\uff09</em>\n      <i class="promo-words"></i>\n    </a>\n  </div>\n      <div class="p-bookdetails">\n      <span class="p-bi-name">\n                  <span class="author_type_1" style="display: ;">\n                                                       [\u7f8e]                <a title="\u660a\u65af\u7279\u66fc" href="http://book.jd.com/writer/%E6%98%8A%E6%96%AF%E7%89%B9%E6%9B%BC_1.html" target="_blank"> \u660a\u65af\u7279\u66fc </a>                                                        \uff0c                             <a title="Gary Comell" href="http://book.jd.com/writer/Gary%20Comell_1.html" target="_blank"> Gary Comell </a>                                        \u8457          </span>\n                            <span class="author_type_2" style="display: none;">\n                                                                     <a title="\u53f6\u4e43\u6587" href="http://book.jd.com/writer/%E5%8F%B6%E4%B9%83%E6%96%87_1.html" target="_blank"> \u53f6\u4e43\u6587 </a>                                                        \uff0c                             <a title="\u909d\u52b2\u7b60" href="http://book.jd.com/writer/%E9%82%9D%E5%8A%B2%E7%AD%A0_1.html" target="_blank"> \u909d\u52b2\u7b60 </a>                                           \u7b49            \u8bd1          </span>\n                        </span>\n      <em>|</em>      <span class="p-bi-store">\n                  <a title="\u673a\u68b0\u5de5\u4e1a\u51fa\u7248\u793e" href="http://book.jd.com/publish/%E6%9C%BA%E6%A2%B0%E5%B7%A5%E4%B8%9A%E5%87%BA%E7%89%88%E7%A4%BE_1.html" target="_blank">\u673a\u68b0\u5de5\u4e1a\u51fa\u7248\u793e</a>\n              </span>\n      <em>|</em>      <span class="p-bi-date">\n        2008-06      </span>\n    </div>\n        <div class="p-shop hide" data-score="4" data-reputation="0" data-shopid="" data-done="1"></div>\n    <div class="p-commit"><strong>\u5df2\u6709<a target="_blank" href="http://item.jd.com/10058538.html#comments-list">2623</a>\u4eba\u8bc4\u4ef7</strong></div>\n    <div class="p-shopnum">\n      <span class="curr-shop">\u4eac\u4e1c\u81ea\u8425</span>\n    </div>\n    <div class="p-operate">\n      <a class="p-o-btn focus J_focus" data-sku="10058538" href="javascript:;">\n        <i></i>\u5173\u6ce8\n      </a>\n      <a class="p-o-btn addcart" target="_blank" href="http://gate.jd.com/InitCart.aspx?pid=10058538&amp;pcount=1&amp;ptype=1">\n        <i></i>\u52a0\u5165\u8d2d\u7269\u8f66\n      </a>\n    </div>\n    <div class="p-stock" data-isdeliveryable="5" style="display: none;"></div>\n    <div class="p-service">\u7531 \u4eac\u4e1c \u53d1\u8d27</div>\n    <div class="p-summary">\n      <a href="http://item.jd.com/10058538.html#recommend-editor" target="_blank">\u66f4\u591a&gt;</a>\n    </div>\n    <div class="p-addtocart">\n      <a data-sku="10058538" href="http://gate.jd.com/InitCart.aspx?pid=10058538&amp;pcount=1&amp;ptype=1"><i></i>\u52a0\u5165\u8d2d\u7269\u8f66</a>\n    </div>\n  </div>\n                                        <div class="tab-content-item j-sku-item" data-sku="11230276" venderid="0" jdzy_shop_id="0" ts_venderid="">\n  <div class="p-img">\n    <a target="_blank" href="http://item.jd.com/11230276.html">\n                    <img width="200" height="200" data-img="1" src="//img11.360buyimg.com/n7/g14/M05/0D/15/rBEhVVIhQfAIAAAAAAUNgeOfL54AACrGAEBIPUABQ2Z482.jpg">\n          </a>\n      </div>\n  <div class="p-price">\n    <strong class="J_price"><em></em><i></i></strong>\n    <div class="p-icons J-pro-icons">\n          </div>\n  </div>\n  <div class="p-name">\n    <a target="_blank" title="" href="http://item.jd.com/11230276.html">\n      <em>JAVA\u6838\u5fc3\u6280\u672f\uff1a\u53771+\u53772\uff08\u539f\u4e66\u7b2c8\u7248\uff09\uff08\u4eac\u4e1c\u5957\u88c5\u51712\u518c\uff09</em>\n      <i class="promo-words"></i>\n    </a>\n  </div>\n      <div class="p-bookdetails">\n      <span class="p-bi-name">\n                  <span class="author_type_1" style="display: ;">\n                                                       [\u7f8e]                <a title="\u660a\u65af\u7279\u66fc" href="http://book.jd.com/writer/%E6%98%8A%E6%96%AF%E7%89%B9%E6%9B%BC_1.html" target="_blank"> \u660a\u65af\u7279\u66fc </a>                                                        \uff0c                             <a title="Gary Comell" href="http://book.jd.com/writer/Gary%20Comell_1.html" target="_blank"> Gary Comell </a>                                        \u8457          </span>\n                            <span class="author_type_2" style="display: none;">\n                                                                     <a title="\u53f6\u4e43\u6587" href="http://book.jd.com/writer/%E5%8F%B6%E4%B9%83%E6%96%87_1.html" target="_blank"> \u53f6\u4e43\u6587 </a>                                                        \uff0c                             <a title="\u909d\u52b2\u7b60" href="http://book.jd.com/writer/%E9%82%9D%E5%8A%B2%E7%AD%A0_1.html" target="_blank"> \u909d\u52b2\u7b60 </a>                                           \u7b49            \u8bd1          </span>\n                        </span>\n      <em>|</em>      <span class="p-bi-store">\n                  <a title="\u673a\u68b0\u5de5\u4e1a\u51fa\u7248\u793e" href="http://book.jd.com/publish/%E6%9C%BA%E6%A2%B0%E5%B7%A5%E4%B8%9A%E5%87%BA%E7%89%88%E7%A4%BE_1.html" target="_blank">\u673a\u68b0\u5de5\u4e1a\u51fa\u7248\u793e</a>\n              </span>\n      <em>|</em>      <span class="p-bi-date">\n        2008-06      </span>\n    </div>\n        <div class="p-shop hide" data-score="4" data-reputation="0" data-shopid="" data-done="1"></div>\n    <div class="p-commit"><strong>\u5df2\u6709<a target="_blank" href="http://item.jd.com/11230276.html#comments-list">4419</a>\u4eba\u8bc4\u4ef7</strong></div>\n    <div class="p-shopnum">\n      <span class="curr-shop">\u4eac\u4e1c\u81ea\u8425</span>\n    </div>\n    <div class="p-operate">\n      <a class="p-o-btn focus J_focus" data-sku="11230276" href="javascript:;">\n        <i></i>\u5173\u6ce8\n      </a>\n      <a class="p-o-btn addcart" target="_blank" href="http://gate.jd.com/InitCart.aspx?pid=11230276&amp;pcount=1&amp;ptype=1">\n        <i></i>\u52a0\u5165\u8d2d\u7269\u8f66\n      </a>\n    </div>\n    <div class="p-stock" data-isdeliveryable="5" style="display: none;"></div>\n    <div class="p-service">\u7531 \u4eac\u4e1c \u53d1\u8d27</div>\n    <div class="p-summary">\n      <a href="http://item.jd.com/11230276.html#recommend-editor" target="_blank">\u66f4\u591a&gt;</a>\n    </div>\n    <div class="p-addtocart">\n      <a data-sku="11230276" href="http://gate.jd.com/InitCart.aspx?pid=11230276&amp;pcount=1&amp;ptype=1"><i></i>\u52a0\u5165\u8d2d\u7269\u8f66</a>\n    </div>\n  </div>\n                                  </div>\n              </div>\n            </div>']
2016-01-18 16:52:00 [jd] INFO: !!!!!!!!!!!!!!!!!!!!!!!!
2016-01-18 16:52:00 [jd] INFO: !!!!!!!!!!!!!!!!!!!!!!!!
2016-01-18 16:52:00 [jd] INFO: [u'<div class="gl-i-wrap">\n              <div class="gl-i-tab">\n                <div class="gl-i-tab-trigger">\n                  <span title="O\'Reilly\uff1a\u5b66\u4e60OpenCV\uff08\u4e2d\u6587\u7248\uff09" class="item selected">\u5355\u4ef6</span>\n                                      <span title="O\'Reilly\uff1a\u6570\u636e\u4e4b\u9b45\uff08\u4eac\u4e1c\u5957\u88c5\u51713\u518c\uff09" class="item">\u5957\u88c53\u4ef6</span>\n                                  </div>\n                <div class="gl-i-tab-content">\n                                        <div class="tab-content-item tab-cnt-i-selected j-sku-item" data-sku="10080298" venderid="1000004111" jdzy_shop_id="1000004111" ts_venderid="">\n  <div class="p-img">\n    <a target="_blank" href="http://item.jd.com/10080298.html">\n                    <img width="200" height="200" data-img="1" data-lazy-img="//img13.360buyimg.com/n7/jfs/t1438/301/113414529/248440/5f293254/555bff7aNf7cd14ef.jpg">\n          </a>\n      </div>\n  <div class="p-price">\n    <strong class="J_price"><em></em><i></i></strong>\n    <div class="p-icons J-pro-icons">\n          </div>\n  </div>\n  <div class="p-name">\n    <a target="_blank" title="" href="http://item.jd.com/10080298.html">\n      <em>O\'Reilly\uff1a\u5b66\u4e60OpenCV\uff08\u4e2d\u6587\u7248\uff09</em>\n      <i class="promo-words"></i>\n    </a>\n  </div>\n      <div class="p-bookdetails">\n      <span class="p-bi-name">\n                  <span class="author_type_1" style="display: ;">\n                                                       [\u7f8e]                <a title="\u5e03\u62c9\u5fb7\u65af\u57fa" href="http://book.jd.com/writer/%E5%B8%83%E6%8B%89%E5%BE%B7%E6%96%AF%E5%9F%BA_1.html" target="_blank"> \u5e03\u62c9\u5fb7\u65af\u57fa </a>                                                        \uff0c               [\u7f8e]                <a title="\u514b\u52d2" href="http://book.jd.com/writer/%E5%85%8B%E5%8B%92_1.html" target="_blank"> \u514b\u52d2 </a>                                        \u8457          </span>\n                            <span class="author_type_2" style="display: none;">\n                                                                     <a title="\u4e8e\u4ed5\u742a" href="http://book.jd.com/writer/%E4%BA%8E%E4%BB%95%E7%90%AA_1.html" target="_blank"> \u4e8e\u4ed5\u742a </a>                                                        \uff0c                             <a title="\u5218\u745e\u796f" href="http://book.jd.com/writer/%E5%88%98%E7%91%9E%E7%A5%AF_1.html" target="_blank"> \u5218\u745e\u796f </a>                                        \u8bd1          </span>\n                        </span>\n      <em>|</em>      <span class="p-bi-store">\n                  <a title="\u6e05\u534e\u5927\u5b66\u51fa\u7248\u793e" href="http://book.jd.com/publish/%E6%B8%85%E5%8D%8E%E5%A4%A7%E5%AD%A6%E5%87%BA%E7%89%88%E7%A4%BE_1.html" target="_blank">\u6e05\u534e\u5927\u5b66\u51fa\u7248\u793e</a>\n              </span>\n      <em>|</em>      <span class="p-bi-date">\n        2009-10      </span>\n    </div>\n        <div class="p-shop hide" data-score="4" data-reputation="0" data-shopid="" data-done="1"></div>\n    <div class="p-commit"><strong>\u5df2\u6709<a target="_blank" href="http://item.jd.com/10080298.html#comments-list">1400</a>\u4eba\u8bc4\u4ef7</strong></div>\n    <div class="p-shopnum">\n      <span class="curr-shop">\u4eac\u4e1c\u81ea\u8425</span>\n    </div>\n    <div class="p-operate">\n      <a class="p-o-btn focus J_focus" data-sku="10080298" href="javascript:;">\n        <i></i>\u5173\u6ce8\n      </a>\n      <a class="p-o-btn addcart" target="_blank" href="http://gate.jd.com/InitCart.aspx?pid=10080298&amp;pcount=1&amp;ptype=1">\n        <i></i>\u52a0\u5165\u8d2d\u7269\u8f66\n      </a>\n    </div>\n    <div class="p-stock" data-isdeliveryable="5" style="display: none;"></div>\n    <div class="p-service">\u7531 \u4eac\u4e1c \u53d1\u8d27</div>\n    <div class="p-summary">\n      <a href="http://item.jd.com/10080298.html#recommend-editor" target="_blank">\u66f4\u591a&gt;</a>\n    </div>\n    <div class="p-addtocart">\n      <a data-sku="10080298" href="http://gate.jd.com/InitCart.aspx?pid=10080298&amp;pcount=1&amp;ptype=1"><i></i>\u52a0\u5165\u8d2d\u7269\u8f66</a>\n    </div>\n  </div>\n                                        <div class="tab-content-item j-sku-item" data-sku="11322663" venderid="1000004111" jdzy_shop_id="1000004111" ts_venderid="">\n  <div class="p-img">\n    <a target="_blank" href="http://item.jd.com/11322663.html">\n                    <img width="200" height="200" data-img="1" data-lazy-img="//img13.360buyimg.com/n7/g13/M06/0C/06/rBEhUlI5JEcIAAAAAALbze1MS64AADRoQKQLZoAAtvl748.jpg">\n          </a>\n      </div>\n  <div class="p-price">\n    <strong class="J_price"><em></em><i></i></strong>\n    <div class="p-icons J-pro-icons">\n          </div>\n  </div>\n  <div class="p-name">\n    <a target="_blank" title="" href="http://item.jd.com/11322663.html">\n      <em>O\'Reilly\uff1a\u6570\u636e\u4e4b\u9b45\uff08\u4eac\u4e1c\u5957\u88c5\u51713\u518c\uff09</em>\n      <i class="promo-words"></i>\n    </a>\n  </div>\n      <div class="p-bookdetails">\n      <span class="p-bi-name">\n                  <span class="author_type_1" style="display: ;">\n                                                       [\u7f8e]                <a title="\u5e03\u62c9\u5fb7\u65af\u57fa" href="http://book.jd.com/writer/%E5%B8%83%E6%8B%89%E5%BE%B7%E6%96%AF%E5%9F%BA_1.html" target="_blank"> \u5e03\u62c9\u5fb7\u65af\u57fa </a>                                                        \uff0c               [\u7f8e]                <a title="\u514b\u52d2" href="http://book.jd.com/writer/%E5%85%8B%E5%8B%92_1.html" target="_blank"> \u514b\u52d2 </a>                                        \u8457          </span>\n                            <span class="author_type_2" style="display: none;">\n                                                                     <a title="\u4e8e\u4ed5\u742a" href="http://book.jd.com/writer/%E4%BA%8E%E4%BB%95%E7%90%AA_1.html" target="_blank"> \u4e8e\u4ed5\u742a </a>                                                        \uff0c                             <a title="\u5218\u745e\u796f" href="http://book.jd.com/writer/%E5%88%98%E7%91%9E%E7%A5%AF_1.html" target="_blank"> \u5218\u745e\u796f </a>                                        \u8bd1          </span>\n                        </span>\n      <em>|</em>      <span class="p-bi-store">\n                  <a title="\u6e05\u534e\u5927\u5b66\u51fa\u7248\u793e" href="http://book.jd.com/publish/%E6%B8%85%E5%8D%8E%E5%A4%A7%E5%AD%A6%E5%87%BA%E7%89%88%E7%A4%BE_1.html" target="_blank">\u6e05\u534e\u5927\u5b66\u51fa\u7248\u793e</a>\n              </span>\n      <em>|</em>      <span class="p-bi-date">\n        2009-10      </span>\n    </div>\n        <div class="p-shop hide" data-score="4" data-reputation="0" data-shopid="" data-done="1"></div>\n    <div class="p-commit"><strong>\u5df2\u6709<a target="_blank" href="http://item.jd.com/11322663.html#comments-list">4484</a>\u4eba\u8bc4\u4ef7</strong></div>\n    <div class="p-shopnum">\n      <span class="curr-shop">\u4eac\u4e1c\u81ea\u8425</span>\n    </div>\n    <div class="p-operate">\n      <a class="p-o-btn focus J_focus" data-sku="11322663" href="javascript:;">\n        <i></i>\u5173\u6ce8\n      </a>\n      <a class="p-o-btn addcart" target="_blank" href="http://gate.jd.com/InitCart.aspx?pid=11322663&amp;pcount=1&amp;ptype=1">\n        <i></i>\u52a0\u5165\u8d2d\u7269\u8f66\n      </a>\n    </div>\n    <div class="p-stock" data-isdeliveryable="5" style="display: none;"></div>\n    <div class="p-service">\u7531 \u4eac\u4e1c \u53d1\u8d27</div>\n    <div class="p-summary">\n      <a href="http://item.jd.com/11322663.html#recommend-editor" target="_blank">\u66f4\u591a&gt;</a>\n    </div>\n    <div class="p-addtocart">\n      <a data-sku="11322663" href="http://gate.jd.com/InitCart.aspx?pid=11322663&amp;pcount=1&amp;ptype=1"><i></i>\u52a0\u5165\u8d2d\u7269\u8f66</a>\n    </div>\n  </div>\n                                  </div>\n              </div>\n            </div>']
2016-01-18 16:52:00 [jd] INFO: !!!!!!!!!!!!!!!!!!!!!!!!
2016-01-18 16:52:00 [jd] INFO: !!!!!!!!!!!!!!!!!!!!!!!!
2016-01-18 16:52:00 [jd] INFO: [u'<div class="gl-i-wrap">\n              <div class="gl-i-tab">\n                <div class="gl-i-tab-trigger">\n                  <span title="O\'Reilly\uff1a\u5b66\u4e60OpenCV\uff08\u4e2d\u6587\u7248\uff09" class="item selected">\u5355\u4ef6</span>\n                                      <span title="O\'Reilly\uff1a\u6570\u636e\u4e4b\u9b45\uff08\u4eac\u4e1c\u5957\u88c5\u51713\u518c\uff09" class="item">\u5957\u88c53\u4ef6</span>\n                                  </div>\n                <div class="gl-i-tab-content">\n                                        <div class="tab-content-item tab-cnt-i-selected j-sku-item" data-sku="10080298" venderid="1000004111" jdzy_shop_id="1000004111" ts_venderid="">\n  <div class="p-img">\n    <a target="_blank" href="http://item.jd.com/10080298.html">\n                    <img width="200" height="200" data-img="1" data-lazy-img="//img13.360buyimg.com/n7/jfs/t1438/301/113414529/248440/5f293254/555bff7aNf7cd14ef.jpg">\n          </a>\n      </div>\n  <div class="p-price">\n    <strong class="J_price"><em></em><i></i></strong>\n    <div class="p-icons J-pro-icons">\n          </div>\n  </div>\n  <div class="p-name">\n    <a target="_blank" title="" href="http://item.jd.com/10080298.html">\n      <em>O\'Reilly\uff1a\u5b66\u4e60OpenCV\uff08\u4e2d\u6587\u7248\uff09</em>\n      <i class="promo-words"></i>\n    </a>\n  </div>\n      <div class="p-bookdetails">\n      <span class="p-bi-name">\n                  <span class="author_type_1" style="display: ;">\n                                                       [\u7f8e]                <a title="\u5e03\u62c9\u5fb7\u65af\u57fa" href="http://book.jd.com/writer/%E5%B8%83%E6%8B%89%E5%BE%B7%E6%96%AF%E5%9F%BA_1.html" target="_blank"> \u5e03\u62c9\u5fb7\u65af\u57fa </a>                                                        \uff0c               [\u7f8e]                <a title="\u514b\u52d2" href="http://book.jd.com/writer/%E5%85%8B%E5%8B%92_1.html" target="_blank"> \u514b\u52d2 </a>                                        \u8457          </span>\n                            <span class="author_type_2" style="display: none;">\n                                                                     <a title="\u4e8e\u4ed5\u742a" href="http://book.jd.com/writer/%E4%BA%8E%E4%BB%95%E7%90%AA_1.html" target="_blank"> \u4e8e\u4ed5\u742a </a>                                                        \uff0c                             <a title="\u5218\u745e\u796f" href="http://book.jd.com/writer/%E5%88%98%E7%91%9E%E7%A5%AF_1.html" target="_blank"> \u5218\u745e\u796f </a>                                        \u8bd1          </span>\n                        </span>\n      <em>|</em>      <span class="p-bi-store">\n                  <a title="\u6e05\u534e\u5927\u5b66\u51fa\u7248\u793e" href="http://book.jd.com/publish/%E6%B8%85%E5%8D%8E%E5%A4%A7%E5%AD%A6%E5%87%BA%E7%89%88%E7%A4%BE_1.html" target="_blank">\u6e05\u534e\u5927\u5b66\u51fa\u7248\u793e</a>\n              </span>\n      <em>|</em>      <span class="p-bi-date">\n        2009-10      </span>\n    </div>\n        <div class="p-shop hide" data-score="4" data-reputation="0" data-shopid="" data-done="1"></div>\n    <div class="p-commit"><strong>\u5df2\u6709<a target="_blank" href="http://item.jd.com/10080298.html#comments-list">1400</a>\u4eba\u8bc4\u4ef7</strong></div>\n    <div class="p-shopnum">\n      <span class="curr-shop">\u4eac\u4e1c\u81ea\u8425</span>\n    </div>\n    <div class="p-operate">\n      <a class="p-o-btn focus J_focus" data-sku="10080298" href="javascript:;">\n        <i></i>\u5173\u6ce8\n      </a>\n      <a class="p-o-btn addcart" target="_blank" href="http://gate.jd.com/InitCart.aspx?pid=10080298&amp;pcount=1&amp;ptype=1">\n        <i></i>\u52a0\u5165\u8d2d\u7269\u8f66\n      </a>\n    </div>\n    <div class="p-stock" data-isdeliveryable="5" style="display: none;"></div>\n    <div class="p-service">\u7531 \u4eac\u4e1c \u53d1\u8d27</div>\n    <div class="p-summary">\n      <a href="http://item.jd.com/10080298.html#recommend-editor" target="_blank">\u66f4\u591a&gt;</a>\n    </div>\n    <div class="p-addtocart">\n      <a data-sku="10080298" href="http://gate.jd.com/InitCart.aspx?pid=10080298&amp;pcount=1&amp;ptype=1"><i></i>\u52a0\u5165\u8d2d\u7269\u8f66</a>\n    </div>\n  </div>\n                                        <div class="tab-content-item j-sku-item" data-sku="11322663" venderid="1000004111" jdzy_shop_id="1000004111" ts_venderid="">\n  <div class="p-img">\n    <a target="_blank" href="http://item.jd.com/11322663.html">\n                    <img width="200" height="200" data-img="1" data-lazy-img="//img13.360buyimg.com/n7/g13/M06/0C/06/rBEhUlI5JEcIAAAAAALbze1MS64AADRoQKQLZoAAtvl748.jpg">\n          </a>\n      </div>\n  <div class="p-price">\n    <strong class="J_price"><em></em><i></i></strong>\n    <div class="p-icons J-pro-icons">\n          </div>\n  </div>\n  <div class="p-name">\n    <a target="_blank" title="" href="http://item.jd.com/11322663.html">\n      <em>O\'Reilly\uff1a\u6570\u636e\u4e4b\u9b45\uff08\u4eac\u4e1c\u5957\u88c5\u51713\u518c\uff09</em>\n      <i class="promo-words"></i>\n    </a>\n  </div>\n      <div class="p-bookdetails">\n      <span class="p-bi-name">\n                  <span class="author_type_1" style="display: ;">\n                                                       [\u7f8e]                <a title="\u5e03\u62c9\u5fb7\u65af\u57fa" href="http://book.jd.com/writer/%E5%B8%83%E6%8B%89%E5%BE%B7%E6%96%AF%E5%9F%BA_1.html" target="_blank"> \u5e03\u62c9\u5fb7\u65af\u57fa </a>                                                        \uff0c               [\u7f8e]                <a title="\u514b\u52d2" href="http://book.jd.com/writer/%E5%85%8B%E5%8B%92_1.html" target="_blank"> \u514b\u52d2 </a>                                        \u8457          </span>\n                            <span class="author_type_2" style="display: none;">\n                                                                     <a title="\u4e8e\u4ed5\u742a" href="http://book.jd.com/writer/%E4%BA%8E%E4%BB%95%E7%90%AA_1.html" target="_blank"> \u4e8e\u4ed5\u742a </a>                                                        \uff0c                             <a title="\u5218\u745e\u796f" href="http://book.jd.com/writer/%E5%88%98%E7%91%9E%E7%A5%AF_1.html" target="_blank"> \u5218\u745e\u796f </a>                                        \u8bd1          </span>\n                        </span>\n      <em>|</em>      <span class="p-bi-store">\n                  <a title="\u6e05\u534e\u5927\u5b66\u51fa\u7248\u793e" href="http://book.jd.com/publish/%E6%B8%85%E5%8D%8E%E5%A4%A7%E5%AD%A6%E5%87%BA%E7%89%88%E7%A4%BE_1.html" target="_blank">\u6e05\u534e\u5927\u5b66\u51fa\u7248\u793e</a>\n              </span>\n      <em>|</em>      <span class="p-bi-date">\n        2009-10      </span>\n    </div>\n        <div class="p-shop hide" data-score="4" data-reputation="0" data-shopid="" data-done="1"></div>\n    <div class="p-commit"><strong>\u5df2\u6709<a target="_blank" href="http://item.jd.com/11322663.html#comments-list">4484</a>\u4eba\u8bc4\u4ef7</strong></div>\n    <div class="p-shopnum">\n      <span class="curr-shop">\u4eac\u4e1c\u81ea\u8425</span>\n    </div>\n    <div class="p-operate">\n      <a class="p-o-btn focus J_focus" data-sku="11322663" href="javascript:;">\n        <i></i>\u5173\u6ce8\n      </a>\n      <a class="p-o-btn addcart" target="_blank" href="http://gate.jd.com/InitCart.aspx?pid=11322663&amp;pcount=1&amp;ptype=1">\n        <i></i>\u52a0\u5165\u8d2d\u7269\u8f66\n      </a>\n    </div>\n    <div class="p-stock" data-isdeliveryable="5" style="display: none;"></div>\n    <div class="p-service">\u7531 \u4eac\u4e1c \u53d1\u8d27</div>\n    <div class="p-summary">\n      <a href="http://item.jd.com/11322663.html#recommend-editor" target="_blank">\u66f4\u591a&gt;</a>\n    </div>\n    <div class="p-addtocart">\n      <a data-sku="11322663" href="http://gate.jd.com/InitCart.aspx?pid=11322663&amp;pcount=1&amp;ptype=1"><i></i>\u52a0\u5165\u8d2d\u7269\u8f66</a>\n    </div>\n  </div>\n                                  </div>\n              </div>\n            </div>']
2016-01-18 16:52:00 [jd] INFO: !!!!!!!!!!!!!!!!!!!!!!!!
2016-01-18 16:52:00 [jd] INFO: !!!!!!!!!!!!!!!!!!!!!!!!
2016-01-18 16:52:00 [jd] INFO: [u'<div class="gl-i-wrap">\n              <div class="gl-i-tab">\n                <div class="gl-i-tab-trigger">\n                  <span title="O\'Reilly\uff1a\u5b66\u4e60OpenCV\uff08\u4e2d\u6587\u7248\uff09" class="item selected">\u5355\u4ef6</span>\n                                      <span title="O\'Reilly\uff1a\u6570\u636e\u4e4b\u9b45\uff08\u4eac\u4e1c\u5957\u88c5\u51713\u518c\uff09" class="item">\u5957\u88c53\u4ef6</span>\n                                  </div>\n                <div class="gl-i-tab-content">\n                                        <div class="tab-content-item tab-cnt-i-selected j-sku-item" data-sku="10080298" venderid="1000004111" jdzy_shop_id="1000004111" ts_venderid="">\n  <div class="p-img">\n    <a target="_blank" href="http://item.jd.com/10080298.html">\n                    <img width="200" height="200" data-img="1" data-lazy-img="//img13.360buyimg.com/n7/jfs/t1438/301/113414529/248440/5f293254/555bff7aNf7cd14ef.jpg">\n          </a>\n      </div>\n  <div class="p-price">\n    <strong class="J_price"><em></em><i></i></strong>\n    <div class="p-icons J-pro-icons">\n          </div>\n  </div>\n  <div class="p-name">\n    <a target="_blank" title="" href="http://item.jd.com/10080298.html">\n      <em>O\'Reilly\uff1a\u5b66\u4e60OpenCV\uff08\u4e2d\u6587\u7248\uff09</em>\n      <i class="promo-words"></i>\n    </a>\n  </div>\n      <div class="p-bookdetails">\n      <span class="p-bi-name">\n                  <span class="author_type_1" style="display: ;">\n                                                       [\u7f8e]                <a title="\u5e03\u62c9\u5fb7\u65af\u57fa" href="http://book.jd.com/writer/%E5%B8%83%E6%8B%89%E5%BE%B7%E6%96%AF%E5%9F%BA_1.html" target="_blank"> \u5e03\u62c9\u5fb7\u65af\u57fa </a>                                                        \uff0c               [\u7f8e]                <a title="\u514b\u52d2" href="http://book.jd.com/writer/%E5%85%8B%E5%8B%92_1.html" target="_blank"> \u514b\u52d2 </a>                                        \u8457          </span>\n                            <span class="author_type_2" style="display: none;">\n                                                                     <a title="\u4e8e\u4ed5\u742a" href="http://book.jd.com/writer/%E4%BA%8E%E4%BB%95%E7%90%AA_1.html" target="_blank"> \u4e8e\u4ed5\u742a </a>                                                        \uff0c                             <a title="\u5218\u745e\u796f" href="http://book.jd.com/writer/%E5%88%98%E7%91%9E%E7%A5%AF_1.html" target="_blank"> \u5218\u745e\u796f </a>                                        \u8bd1          </span>\n                        </span>\n      <em>|</em>      <span class="p-bi-store">\n                  <a title="\u6e05\u534e\u5927\u5b66\u51fa\u7248\u793e" href="http://book.jd.com/publish/%E6%B8%85%E5%8D%8E%E5%A4%A7%E5%AD%A6%E5%87%BA%E7%89%88%E7%A4%BE_1.html" target="_blank">\u6e05\u534e\u5927\u5b66\u51fa\u7248\u793e</a>\n              </span>\n      <em>|</em>      <span class="p-bi-date">\n        2009-10      </span>\n    </div>\n        <div class="p-shop hide" data-score="4" data-reputation="0" data-shopid="" data-done="1"></div>\n    <div class="p-commit"><strong>\u5df2\u6709<a target="_blank" href="http://item.jd.com/10080298.html#comments-list">1400</a>\u4eba\u8bc4\u4ef7</strong></div>\n    <div class="p-shopnum">\n      <span class="curr-shop">\u4eac\u4e1c\u81ea\u8425</span>\n    </div>\n    <div class="p-operate">\n      <a class="p-o-btn focus J_focus" data-sku="10080298" href="javascript:;">\n        <i></i>\u5173\u6ce8\n      </a>\n      <a class="p-o-btn addcart" target="_blank" href="http://gate.jd.com/InitCart.aspx?pid=10080298&amp;pcount=1&amp;ptype=1">\n        <i></i>\u52a0\u5165\u8d2d\u7269\u8f66\n      </a>\n    </div>\n    <div class="p-stock" data-isdeliveryable="5" style="display: none;"></div>\n    <div class="p-service">\u7531 \u4eac\u4e1c \u53d1\u8d27</div>\n    <div class="p-summary">\n      <a href="http://item.jd.com/10080298.html#recommend-editor" target="_blank">\u66f4\u591a&gt;</a>\n    </div>\n    <div class="p-addtocart">\n      <a data-sku="10080298" href="http://gate.jd.com/InitCart.aspx?pid=10080298&amp;pcount=1&amp;ptype=1"><i></i>\u52a0\u5165\u8d2d\u7269\u8f66</a>\n    </div>\n  </div>\n                                        <div class="tab-content-item j-sku-item" data-sku="11322663" venderid="1000004111" jdzy_shop_id="1000004111" ts_venderid="">\n  <div class="p-img">\n    <a target="_blank" href="http://item.jd.com/11322663.html">\n                    <img width="200" height="200" data-img="1" data-lazy-img="//img13.360buyimg.com/n7/g13/M06/0C/06/rBEhUlI5JEcIAAAAAALbze1MS64AADRoQKQLZoAAtvl748.jpg">\n          </a>\n      </div>\n  <div class="p-price">\n    <strong class="J_price"><em></em><i></i></strong>\n    <div class="p-icons J-pro-icons">\n          </div>\n  </div>\n  <div class="p-name">\n    <a target="_blank" title="" href="http://item.jd.com/11322663.html">\n      <em>O\'Reilly\uff1a\u6570\u636e\u4e4b\u9b45\uff08\u4eac\u4e1c\u5957\u88c5\u51713\u518c\uff09</em>\n      <i class="promo-words"></i>\n    </a>\n  </div>\n      <div class="p-bookdetails">\n      <span class="p-bi-name">\n                  <span class="author_type_1" style="display: ;">\n                                                       [\u7f8e]                <a title="\u5e03\u62c9\u5fb7\u65af\u57fa" href="http://book.jd.com/writer/%E5%B8%83%E6%8B%89%E5%BE%B7%E6%96%AF%E5%9F%BA_1.html" target="_blank"> \u5e03\u62c9\u5fb7\u65af\u57fa </a>                                                        \uff0c               [\u7f8e]                <a title="\u514b\u52d2" href="http://book.jd.com/writer/%E5%85%8B%E5%8B%92_1.html" target="_blank"> \u514b\u52d2 </a>                                        \u8457          </span>\n                            <span class="author_type_2" style="display: none;">\n                                                                     <a title="\u4e8e\u4ed5\u742a" href="http://book.jd.com/writer/%E4%BA%8E%E4%BB%95%E7%90%AA_1.html" target="_blank"> \u4e8e\u4ed5\u742a </a>                                                        \uff0c                             <a title="\u5218\u745e\u796f" href="http://book.jd.com/writer/%E5%88%98%E7%91%9E%E7%A5%AF_1.html" target="_blank"> \u5218\u745e\u796f </a>                                        \u8bd1          </span>\n                        </span>\n      <em>|</em>      <span class="p-bi-store">\n                  <a title="\u6e05\u534e\u5927\u5b66\u51fa\u7248\u793e" href="http://book.jd.com/publish/%E6%B8%85%E5%8D%8E%E5%A4%A7%E5%AD%A6%E5%87%BA%E7%89%88%E7%A4%BE_1.html" target="_blank">\u6e05\u534e\u5927\u5b66\u51fa\u7248\u793e</a>\n              </span>\n      <em>|</em>      <span class="p-bi-date">\n        2009-10      </span>\n    </div>\n        <div class="p-shop hide" data-score="4" data-reputation="0" data-shopid="" data-done="1"></div>\n    <div class="p-commit"><strong>\u5df2\u6709<a target="_blank" href="http://item.jd.com/11322663.html#comments-list">4484</a>\u4eba\u8bc4\u4ef7</strong></div>\n    <div class="p-shopnum">\n      <span class="curr-shop">\u4eac\u4e1c\u81ea\u8425</span>\n    </div>\n    <div class="p-operate">\n      <a class="p-o-btn focus J_focus" data-sku="11322663" href="javascript:;">\n        <i></i>\u5173\u6ce8\n      </a>\n      <a class="p-o-btn addcart" target="_blank" href="http://gate.jd.com/InitCart.aspx?pid=11322663&amp;pcount=1&amp;ptype=1">\n        <i></i>\u52a0\u5165\u8d2d\u7269\u8f66\n      </a>\n    </div>\n    <div class="p-stock" data-isdeliveryable="5" style="display: none;"></div>\n    <div class="p-service">\u7531 \u4eac\u4e1c \u53d1\u8d27</div>\n    <div class="p-summary">\n      <a href="http://item.jd.com/11322663.html#recommend-editor" target="_blank">\u66f4\u591a&gt;</a>\n    </div>\n    <div class="p-addtocart">\n      <a data-sku="11322663" href="http://gate.jd.com/InitCart.aspx?pid=11322663&amp;pcount=1&amp;ptype=1"><i></i>\u52a0\u5165\u8d2d\u7269\u8f66</a>\n    </div>\n  </div>\n                                  </div>\n              </div>\n            </div>']
2016-01-18 16:52:00 [jd] INFO: !!!!!!!!!!!!!!!!!!!!!!!!
2016-01-18 16:52:00 [jd] INFO: !!!!!!!!!!!!!!!!!!!!!!!!
2016-01-18 16:52:00 [jd] INFO: [u'<div class="gl-i-wrap">\n              <div class="gl-i-tab">\n                <div class="gl-i-tab-trigger">\n                  <span title="O\'Reilly\uff1a\u5b66\u4e60OpenCV\uff08\u4e2d\u6587\u7248\uff09" class="item selected">\u5355\u4ef6</span>\n                                      <span title="O\'Reilly\uff1a\u6570\u636e\u4e4b\u9b45\uff08\u4eac\u4e1c\u5957\u88c5\u51713\u518c\uff09" class="item">\u5957\u88c53\u4ef6</span>\n                                  </div>\n                <div class="gl-i-tab-content">\n                                        <div class="tab-content-item tab-cnt-i-selected j-sku-item" data-sku="10080298" venderid="1000004111" jdzy_shop_id="1000004111" ts_venderid="">\n  <div class="p-img">\n    <a target="_blank" href="http://item.jd.com/10080298.html">\n                    <img width="200" height="200" data-img="1" data-lazy-img="//img13.360buyimg.com/n7/jfs/t1438/301/113414529/248440/5f293254/555bff7aNf7cd14ef.jpg">\n          </a>\n      </div>\n  <div class="p-price">\n    <strong class="J_price"><em></em><i></i></strong>\n    <div class="p-icons J-pro-icons">\n          </div>\n  </div>\n  <div class="p-name">\n    <a target="_blank" title="" href="http://item.jd.com/10080298.html">\n      <em>O\'Reilly\uff1a\u5b66\u4e60OpenCV\uff08\u4e2d\u6587\u7248\uff09</em>\n      <i class="promo-words"></i>\n    </a>\n  </div>\n      <div class="p-bookdetails">\n      <span class="p-bi-name">\n                  <span class="author_type_1" style="display: ;">\n                                                       [\u7f8e]                <a title="\u5e03\u62c9\u5fb7\u65af\u57fa" href="http://book.jd.com/writer/%E5%B8%83%E6%8B%89%E5%BE%B7%E6%96%AF%E5%9F%BA_1.html" target="_blank"> \u5e03\u62c9\u5fb7\u65af\u57fa </a>                                                        \uff0c               [\u7f8e]                <a title="\u514b\u52d2" href="http://book.jd.com/writer/%E5%85%8B%E5%8B%92_1.html" target="_blank"> \u514b\u52d2 </a>                                        \u8457          </span>\n                            <span class="author_type_2" style="display: none;">\n                                                                     <a title="\u4e8e\u4ed5\u742a" href="http://book.jd.com/writer/%E4%BA%8E%E4%BB%95%E7%90%AA_1.html" target="_blank"> \u4e8e\u4ed5\u742a </a>                                                        \uff0c                             <a title="\u5218\u745e\u796f" href="http://book.jd.com/writer/%E5%88%98%E7%91%9E%E7%A5%AF_1.html" target="_blank"> \u5218\u745e\u796f </a>                                        \u8bd1          </span>\n                        </span>\n      <em>|</em>      <span class="p-bi-store">\n                  <a title="\u6e05\u534e\u5927\u5b66\u51fa\u7248\u793e" href="http://book.jd.com/publish/%E6%B8%85%E5%8D%8E%E5%A4%A7%E5%AD%A6%E5%87%BA%E7%89%88%E7%A4%BE_1.html" target="_blank">\u6e05\u534e\u5927\u5b66\u51fa\u7248\u793e</a>\n              </span>\n      <em>|</em>      <span class="p-bi-date">\n        2009-10      </span>\n    </div>\n        <div class="p-shop hide" data-score="4" data-reputation="0" data-shopid="" data-done="1"></div>\n    <div class="p-commit"><strong>\u5df2\u6709<a target="_blank" href="http://item.jd.com/10080298.html#comments-list">1400</a>\u4eba\u8bc4\u4ef7</strong></div>\n    <div class="p-shopnum">\n      <span class="curr-shop">\u4eac\u4e1c\u81ea\u8425</span>\n    </div>\n    <div class="p-operate">\n      <a class="p-o-btn focus J_focus" data-sku="10080298" href="javascript:;">\n        <i></i>\u5173\u6ce8\n      </a>\n      <a class="p-o-btn addcart" target="_blank" href="http://gate.jd.com/InitCart.aspx?pid=10080298&amp;pcount=1&amp;ptype=1">\n        <i></i>\u52a0\u5165\u8d2d\u7269\u8f66\n      </a>\n    </div>\n    <div class="p-stock" data-isdeliveryable="5" style="display: none;"></div>\n    <div class="p-service">\u7531 \u4eac\u4e1c \u53d1\u8d27</div>\n    <div class="p-summary">\n      <a href="http://item.jd.com/10080298.html#recommend-editor" target="_blank">\u66f4\u591a&gt;</a>\n    </div>\n    <div class="p-addtocart">\n      <a data-sku="10080298" href="http://gate.jd.com/InitCart.aspx?pid=10080298&amp;pcount=1&amp;ptype=1"><i></i>\u52a0\u5165\u8d2d\u7269\u8f66</a>\n    </div>\n  </div>\n                                        <div class="tab-content-item j-sku-item" data-sku="11322663" venderid="1000004111" jdzy_shop_id="1000004111" ts_venderid="">\n  <div class="p-img">\n    <a target="_blank" href="http://item.jd.com/11322663.html">\n                    <img width="200" height="200" data-img="1" data-lazy-img="//img13.360buyimg.com/n7/g13/M06/0C/06/rBEhUlI5JEcIAAAAAALbze1MS64AADRoQKQLZoAAtvl748.jpg">\n          </a>\n      </div>\n  <div class="p-price">\n    <strong class="J_price"><em></em><i></i></strong>\n    <div class="p-icons J-pro-icons">\n          </div>\n  </div>\n  <div class="p-name">\n    <a target="_blank" title="" href="http://item.jd.com/11322663.html">\n      <em>O\'Reilly\uff1a\u6570\u636e\u4e4b\u9b45\uff08\u4eac\u4e1c\u5957\u88c5\u51713\u518c\uff09</em>\n      <i class="promo-words"></i>\n    </a>\n  </div>\n      <div class="p-bookdetails">\n      <span class="p-bi-name">\n                  <span class="author_type_1" style="display: ;">\n                                                       [\u7f8e]                <a title="\u5e03\u62c9\u5fb7\u65af\u57fa" href="http://book.jd.com/writer/%E5%B8%83%E6%8B%89%E5%BE%B7%E6%96%AF%E5%9F%BA_1.html" target="_blank"> \u5e03\u62c9\u5fb7\u65af\u57fa </a>                                                        \uff0c               [\u7f8e]                <a title="\u514b\u52d2" href="http://book.jd.com/writer/%E5%85%8B%E5%8B%92_1.html" target="_blank"> \u514b\u52d2 </a>                                        \u8457          </span>\n                            <span class="author_type_2" style="display: none;">\n                                                                     <a title="\u4e8e\u4ed5\u742a" href="http://book.jd.com/writer/%E4%BA%8E%E4%BB%95%E7%90%AA_1.html" target="_blank"> \u4e8e\u4ed5\u742a </a>                                                        \uff0c                             <a title="\u5218\u745e\u796f" href="http://book.jd.com/writer/%E5%88%98%E7%91%9E%E7%A5%AF_1.html" target="_blank"> \u5218\u745e\u796f </a>                                        \u8bd1          </span>\n                        </span>\n      <em>|</em>      <span class="p-bi-store">\n                  <a title="\u6e05\u534e\u5927\u5b66\u51fa\u7248\u793e" href="http://book.jd.com/publish/%E6%B8%85%E5%8D%8E%E5%A4%A7%E5%AD%A6%E5%87%BA%E7%89%88%E7%A4%BE_1.html" target="_blank">\u6e05\u534e\u5927\u5b66\u51fa\u7248\u793e</a>\n              </span>\n      <em>|</em>      <span class="p-bi-date">\n        2009-10      </span>\n    </div>\n        <div class="p-shop hide" data-score="4" data-reputation="0" data-shopid="" data-done="1"></div>\n    <div class="p-commit"><strong>\u5df2\u6709<a target="_blank" href="http://item.jd.com/11322663.html#comments-list">4484</a>\u4eba\u8bc4\u4ef7</strong></div>\n    <div class="p-shopnum">\n      <span class="curr-shop">\u4eac\u4e1c\u81ea\u8425</span>\n    </div>\n    <div class="p-operate">\n      <a class="p-o-btn focus J_focus" data-sku="11322663" href="javascript:;">\n        <i></i>\u5173\u6ce8\n      </a>\n      <a class="p-o-btn addcart" target="_blank" href="http://gate.jd.com/InitCart.aspx?pid=11322663&amp;pcount=1&amp;ptype=1">\n        <i></i>\u52a0\u5165\u8d2d\u7269\u8f66\n      </a>\n    </div>\n    <div class="p-stock" data-isdeliveryable="5" style="display: none;"></div>\n    <div class="p-service">\u7531 \u4eac\u4e1c \u53d1\u8d27</div>\n    <div class="p-summary">\n      <a href="http://item.jd.com/11322663.html#recommend-editor" target="_blank">\u66f4\u591a&gt;</a>\n    </div>\n    <div class="p-addtocart">\n      <a data-sku="11322663" href="http://gate.jd.com/InitCart.aspx?pid=11322663&amp;pcount=1&amp;ptype=1"><i></i>\u52a0\u5165\u8d2d\u7269\u8f66</a>\n    </div>\n  </div>\n                                  </div>\n              </div>\n            </div>']
2016-01-18 16:52:00 [jd] INFO: !!!!!!!!!!!!!!!!!!!!!!!!
2016-01-18 16:52:00 [jd] INFO: !!!!!!!!!!!!!!!!!!!!!!!!
2016-01-18 16:52:00 [jd] INFO: [u'<div class="gl-i-wrap">\n              <div class="gl-i-tab">\n                <div class="gl-i-tab-trigger">\n                  <span title="O\'Reilly\uff1a\u5b66\u4e60OpenCV\uff08\u4e2d\u6587\u7248\uff09" class="item selected">\u5355\u4ef6</span>\n                                      <span title="O\'Reilly\uff1a\u6570\u636e\u4e4b\u9b45\uff08\u4eac\u4e1c\u5957\u88c5\u51713\u518c\uff09" class="item">\u5957\u88c53\u4ef6</span>\n                                  </div>\n                <div class="gl-i-tab-content">\n                                        <div class="tab-content-item tab-cnt-i-selected j-sku-item" data-sku="10080298" venderid="1000004111" jdzy_shop_id="1000004111" ts_venderid="">\n  <div class="p-img">\n    <a target="_blank" href="http://item.jd.com/10080298.html">\n                    <img width="200" height="200" data-img="1" data-lazy-img="//img13.360buyimg.com/n7/jfs/t1438/301/113414529/248440/5f293254/555bff7aNf7cd14ef.jpg">\n          </a>\n      </div>\n  <div class="p-price">\n    <strong class="J_price"><em></em><i></i></strong>\n    <div class="p-icons J-pro-icons">\n          </div>\n  </div>\n  <div class="p-name">\n    <a target="_blank" title="" href="http://item.jd.com/10080298.html">\n      <em>O\'Reilly\uff1a\u5b66\u4e60OpenCV\uff08\u4e2d\u6587\u7248\uff09</em>\n      <i class="promo-words"></i>\n    </a>\n  </div>\n      <div class="p-bookdetails">\n      <span class="p-bi-name">\n                  <span class="author_type_1" style="display: ;">\n                                                       [\u7f8e]                <a title="\u5e03\u62c9\u5fb7\u65af\u57fa" href="http://book.jd.com/writer/%E5%B8%83%E6%8B%89%E5%BE%B7%E6%96%AF%E5%9F%BA_1.html" target="_blank"> \u5e03\u62c9\u5fb7\u65af\u57fa </a>                                                        \uff0c               [\u7f8e]                <a title="\u514b\u52d2" href="http://book.jd.com/writer/%E5%85%8B%E5%8B%92_1.html" target="_blank"> \u514b\u52d2 </a>                                        \u8457          </span>\n                            <span class="author_type_2" style="display: none;">\n                                                                     <a title="\u4e8e\u4ed5\u742a" href="http://book.jd.com/writer/%E4%BA%8E%E4%BB%95%E7%90%AA_1.html" target="_blank"> \u4e8e\u4ed5\u742a </a>                                                        \uff0c                             <a title="\u5218\u745e\u796f" href="http://book.jd.com/writer/%E5%88%98%E7%91%9E%E7%A5%AF_1.html" target="_blank"> \u5218\u745e\u796f </a>                                        \u8bd1          </span>\n                        </span>\n      <em>|</em>      <span class="p-bi-store">\n                  <a title="\u6e05\u534e\u5927\u5b66\u51fa\u7248\u793e" href="http://book.jd.com/publish/%E6%B8%85%E5%8D%8E%E5%A4%A7%E5%AD%A6%E5%87%BA%E7%89%88%E7%A4%BE_1.html" target="_blank">\u6e05\u534e\u5927\u5b66\u51fa\u7248\u793e</a>\n              </span>\n      <em>|</em>      <span class="p-bi-date">\n        2009-10      </span>\n    </div>\n        <div class="p-shop hide" data-score="4" data-reputation="0" data-shopid="" data-done="1"></div>\n    <div class="p-commit"><strong>\u5df2\u6709<a target="_blank" href="http://item.jd.com/10080298.html#comments-list">1400</a>\u4eba\u8bc4\u4ef7</strong></div>\n    <div class="p-shopnum">\n      <span class="curr-shop">\u4eac\u4e1c\u81ea\u8425</span>\n    </div>\n    <div class="p-operate">\n      <a class="p-o-btn focus J_focus" data-sku="10080298" href="javascript:;">\n        <i></i>\u5173\u6ce8\n      </a>\n      <a class="p-o-btn addcart" target="_blank" href="http://gate.jd.com/InitCart.aspx?pid=10080298&amp;pcount=1&amp;ptype=1">\n        <i></i>\u52a0\u5165\u8d2d\u7269\u8f66\n      </a>\n    </div>\n    <div class="p-stock" data-isdeliveryable="5" style="display: none;"></div>\n    <div class="p-service">\u7531 \u4eac\u4e1c \u53d1\u8d27</div>\n    <div class="p-summary">\n      <a href="http://item.jd.com/10080298.html#recommend-editor" target="_blank">\u66f4\u591a&gt;</a>\n    </div>\n    <div class="p-addtocart">\n      <a data-sku="10080298" href="http://gate.jd.com/InitCart.aspx?pid=10080298&amp;pcount=1&amp;ptype=1"><i></i>\u52a0\u5165\u8d2d\u7269\u8f66</a>\n    </div>\n  </div>\n                                        <div class="tab-content-item j-sku-item" data-sku="11322663" venderid="1000004111" jdzy_shop_id="1000004111" ts_venderid="">\n  <div class="p-img">\n    <a target="_blank" href="http://item.jd.com/11322663.html">\n                    <img width="200" height="200" data-img="1" data-lazy-img="//img13.360buyimg.com/n7/g13/M06/0C/06/rBEhUlI5JEcIAAAAAALbze1MS64AADRoQKQLZoAAtvl748.jpg">\n          </a>\n      </div>\n  <div class="p-price">\n    <strong class="J_price"><em></em><i></i></strong>\n    <div class="p-icons J-pro-icons">\n          </div>\n  </div>\n  <div class="p-name">\n    <a target="_blank" title="" href="http://item.jd.com/11322663.html">\n      <em>O\'Reilly\uff1a\u6570\u636e\u4e4b\u9b45\uff08\u4eac\u4e1c\u5957\u88c5\u51713\u518c\uff09</em>\n      <i class="promo-words"></i>\n    </a>\n  </div>\n      <div class="p-bookdetails">\n      <span class="p-bi-name">\n                  <span class="author_type_1" style="display: ;">\n                                                       [\u7f8e]                <a title="\u5e03\u62c9\u5fb7\u65af\u57fa" href="http://book.jd.com/writer/%E5%B8%83%E6%8B%89%E5%BE%B7%E6%96%AF%E5%9F%BA_1.html" target="_blank"> \u5e03\u62c9\u5fb7\u65af\u57fa </a>                                                        \uff0c               [\u7f8e]                <a title="\u514b\u52d2" href="http://book.jd.com/writer/%E5%85%8B%E5%8B%92_1.html" target="_blank"> \u514b\u52d2 </a>                                        \u8457          </span>\n                            <span class="author_type_2" style="display: none;">\n                                                                     <a title="\u4e8e\u4ed5\u742a" href="http://book.jd.com/writer/%E4%BA%8E%E4%BB%95%E7%90%AA_1.html" target="_blank"> \u4e8e\u4ed5\u742a </a>                                                        \uff0c                             <a title="\u5218\u745e\u796f" href="http://book.jd.com/writer/%E5%88%98%E7%91%9E%E7%A5%AF_1.html" target="_blank"> \u5218\u745e\u796f </a>                                        \u8bd1          </span>\n                        </span>\n      <em>|</em>      <span class="p-bi-store">\n                  <a title="\u6e05\u534e\u5927\u5b66\u51fa\u7248\u793e" href="http://book.jd.com/publish/%E6%B8%85%E5%8D%8E%E5%A4%A7%E5%AD%A6%E5%87%BA%E7%89%88%E7%A4%BE_1.html" target="_blank">\u6e05\u534e\u5927\u5b66\u51fa\u7248\u793e</a>\n              </span>\n      <em>|</em>      <span class="p-bi-date">\n        2009-10      </span>\n    </div>\n        <div class="p-shop hide" data-score="4" data-reputation="0" data-shopid="" data-done="1"></div>\n    <div class="p-commit"><strong>\u5df2\u6709<a target="_blank" href="http://item.jd.com/11322663.html#comments-list">4484</a>\u4eba\u8bc4\u4ef7</strong></div>\n    <div class="p-shopnum">\n      <span class="curr-shop">\u4eac\u4e1c\u81ea\u8425</span>\n    </div>\n    <div class="p-operate">\n      <a class="p-o-btn focus J_focus" data-sku="11322663" href="javascript:;">\n        <i></i>\u5173\u6ce8\n      </a>\n      <a class="p-o-btn addcart" target="_blank" href="http://gate.jd.com/InitCart.aspx?pid=11322663&amp;pcount=1&amp;ptype=1">\n        <i></i>\u52a0\u5165\u8d2d\u7269\u8f66\n      </a>\n    </div>\n    <div class="p-stock" data-isdeliveryable="5" style="display: none;"></div>\n    <div class="p-service">\u7531 \u4eac\u4e1c \u53d1\u8d27</div>\n    <div class="p-summary">\n      <a href="http://item.jd.com/11322663.html#recommend-editor" target="_blank">\u66f4\u591a&gt;</a>\n    </div>\n    <div class="p-addtocart">\n      <a data-sku="11322663" href="http://gate.jd.com/InitCart.aspx?pid=11322663&amp;pcount=1&amp;ptype=1"><i></i>\u52a0\u5165\u8d2d\u7269\u8f66</a>\n    </div>\n  </div>\n                                  </div>\n              </div>\n            </div>']
2016-01-18 16:52:00 [jd] INFO: !!!!!!!!!!!!!!!!!!!!!!!!
2016-01-18 16:52:00 [jd] INFO: !!!!!!!!!!!!!!!!!!!!!!!!
2016-01-18 16:52:00 [jd] INFO: [u'<div class="gl-i-wrap">\n              <div class="gl-i-tab">\n                <div class="gl-i-tab-trigger">\n                  <span title="O\'Reilly\uff1a\u5b66\u4e60OpenCV\uff08\u4e2d\u6587\u7248\uff09" class="item selected">\u5355\u4ef6</span>\n                                      <span title="O\'Reilly\uff1a\u6570\u636e\u4e4b\u9b45\uff08\u4eac\u4e1c\u5957\u88c5\u51713\u518c\uff09" class="item">\u5957\u88c53\u4ef6</span>\n                                  </div>\n                <div class="gl-i-tab-content">\n                                        <div class="tab-content-item tab-cnt-i-selected j-sku-item" data-sku="10080298" venderid="1000004111" jdzy_shop_id="1000004111" ts_venderid="">\n  <div class="p-img">\n    <a target="_blank" href="http://item.jd.com/10080298.html">\n                    <img width="200" height="200" data-img="1" data-lazy-img="//img13.360buyimg.com/n7/jfs/t1438/301/113414529/248440/5f293254/555bff7aNf7cd14ef.jpg">\n          </a>\n      </div>\n  <div class="p-price">\n    <strong class="J_price"><em></em><i></i></strong>\n    <div class="p-icons J-pro-icons">\n          </div>\n  </div>\n  <div class="p-name">\n    <a target="_blank" title="" href="http://item.jd.com/10080298.html">\n      <em>O\'Reilly\uff1a\u5b66\u4e60OpenCV\uff08\u4e2d\u6587\u7248\uff09</em>\n      <i class="promo-words"></i>\n    </a>\n  </div>\n      <div class="p-bookdetails">\n      <span class="p-bi-name">\n                  <span class="author_type_1" style="display: ;">\n                                                       [\u7f8e]                <a title="\u5e03\u62c9\u5fb7\u65af\u57fa" href="http://book.jd.com/writer/%E5%B8%83%E6%8B%89%E5%BE%B7%E6%96%AF%E5%9F%BA_1.html" target="_blank"> \u5e03\u62c9\u5fb7\u65af\u57fa </a>                                                        \uff0c               [\u7f8e]                <a title="\u514b\u52d2" href="http://book.jd.com/writer/%E5%85%8B%E5%8B%92_1.html" target="_blank"> \u514b\u52d2 </a>                                        \u8457          </span>\n                            <span class="author_type_2" style="display: none;">\n                                                                     <a title="\u4e8e\u4ed5\u742a" href="http://book.jd.com/writer/%E4%BA%8E%E4%BB%95%E7%90%AA_1.html" target="_blank"> \u4e8e\u4ed5\u742a </a>                                                        \uff0c                             <a title="\u5218\u745e\u796f" href="http://book.jd.com/writer/%E5%88%98%E7%91%9E%E7%A5%AF_1.html" target="_blank"> \u5218\u745e\u796f </a>                                        \u8bd1          </span>\n                        </span>\n      <em>|</em>      <span class="p-bi-store">\n                  <a title="\u6e05\u534e\u5927\u5b66\u51fa\u7248\u793e" href="http://book.jd.com/publish/%E6%B8%85%E5%8D%8E%E5%A4%A7%E5%AD%A6%E5%87%BA%E7%89%88%E7%A4%BE_1.html" target="_blank">\u6e05\u534e\u5927\u5b66\u51fa\u7248\u793e</a>\n              </span>\n      <em>|</em>      <span class="p-bi-date">\n        2009-10      </span>\n    </div>\n        <div class="p-shop hide" data-score="4" data-reputation="0" data-shopid="" data-done="1"></div>\n    <div class="p-commit"><strong>\u5df2\u6709<a target="_blank" href="http://item.jd.com/10080298.html#comments-list">1400</a>\u4eba\u8bc4\u4ef7</strong></div>\n    <div class="p-shopnum">\n      <span class="curr-shop">\u4eac\u4e1c\u81ea\u8425</span>\n    </div>\n    <div class="p-operate">\n      <a class="p-o-btn focus J_focus" data-sku="10080298" href="javascript:;">\n        <i></i>\u5173\u6ce8\n      </a>\n      <a class="p-o-btn addcart" target="_blank" href="http://gate.jd.com/InitCart.aspx?pid=10080298&amp;pcount=1&amp;ptype=1">\n        <i></i>\u52a0\u5165\u8d2d\u7269\u8f66\n      </a>\n    </div>\n    <div class="p-stock" data-isdeliveryable="5" style="display: none;"></div>\n    <div class="p-service">\u7531 \u4eac\u4e1c \u53d1\u8d27</div>\n    <div class="p-summary">\n      <a href="http://item.jd.com/10080298.html#recommend-editor" target="_blank">\u66f4\u591a&gt;</a>\n    </div>\n    <div class="p-addtocart">\n      <a data-sku="10080298" href="http://gate.jd.com/InitCart.aspx?pid=10080298&amp;pcount=1&amp;ptype=1"><i></i>\u52a0\u5165\u8d2d\u7269\u8f66</a>\n    </div>\n  </div>\n                                        <div class="tab-content-item j-sku-item" data-sku="11322663" venderid="1000004111" jdzy_shop_id="1000004111" ts_venderid="">\n  <div class="p-img">\n    <a target="_blank" href="http://item.jd.com/11322663.html">\n                    <img width="200" height="200" data-img="1" data-lazy-img="//img13.360buyimg.com/n7/g13/M06/0C/06/rBEhUlI5JEcIAAAAAALbze1MS64AADRoQKQLZoAAtvl748.jpg">\n          </a>\n      </div>\n  <div class="p-price">\n    <strong class="J_price"><em></em><i></i></strong>\n    <div class="p-icons J-pro-icons">\n          </div>\n  </div>\n  <div class="p-name">\n    <a target="_blank" title="" href="http://item.jd.com/11322663.html">\n      <em>O\'Reilly\uff1a\u6570\u636e\u4e4b\u9b45\uff08\u4eac\u4e1c\u5957\u88c5\u51713\u518c\uff09</em>\n      <i class="promo-words"></i>\n    </a>\n  </div>\n      <div class="p-bookdetails">\n      <span class="p-bi-name">\n                  <span class="author_type_1" style="display: ;">\n                                                       [\u7f8e]                <a title="\u5e03\u62c9\u5fb7\u65af\u57fa" href="http://book.jd.com/writer/%E5%B8%83%E6%8B%89%E5%BE%B7%E6%96%AF%E5%9F%BA_1.html" target="_blank"> \u5e03\u62c9\u5fb7\u65af\u57fa </a>                                                        \uff0c               [\u7f8e]                <a title="\u514b\u52d2" href="http://book.jd.com/writer/%E5%85%8B%E5%8B%92_1.html" target="_blank"> \u514b\u52d2 </a>                                        \u8457          </span>\n                            <span class="author_type_2" style="display: none;">\n                                                                     <a title="\u4e8e\u4ed5\u742a" href="http://book.jd.com/writer/%E4%BA%8E%E4%BB%95%E7%90%AA_1.html" target="_blank"> \u4e8e\u4ed5\u742a </a>                                                        \uff0c                             <a title="\u5218\u745e\u796f" href="http://book.jd.com/writer/%E5%88%98%E7%91%9E%E7%A5%AF_1.html" target="_blank"> \u5218\u745e\u796f </a>                                        \u8bd1          </span>\n                        </span>\n      <em>|</em>      <span class="p-bi-store">\n                  <a title="\u6e05\u534e\u5927\u5b66\u51fa\u7248\u793e" href="http://book.jd.com/publish/%E6%B8%85%E5%8D%8E%E5%A4%A7%E5%AD%A6%E5%87%BA%E7%89%88%E7%A4%BE_1.html" target="_blank">\u6e05\u534e\u5927\u5b66\u51fa\u7248\u793e</a>\n              </span>\n      <em>|</em>      <span class="p-bi-date">\n        2009-10      </span>\n    </div>\n        <div class="p-shop hide" data-score="4" data-reputation="0" data-shopid="" data-done="1"></div>\n    <div class="p-commit"><strong>\u5df2\u6709<a target="_blank" href="http://item.jd.com/11322663.html#comments-list">4484</a>\u4eba\u8bc4\u4ef7</strong></div>\n    <div class="p-shopnum">\n      <span class="curr-shop">\u4eac\u4e1c\u81ea\u8425</span>\n    </div>\n    <div class="p-operate">\n      <a class="p-o-btn focus J_focus" data-sku="11322663" href="javascript:;">\n        <i></i>\u5173\u6ce8\n      </a>\n      <a class="p-o-btn addcart" target="_blank" href="http://gate.jd.com/InitCart.aspx?pid=11322663&amp;pcount=1&amp;ptype=1">\n        <i></i>\u52a0\u5165\u8d2d\u7269\u8f66\n      </a>\n    </div>\n    <div class="p-stock" data-isdeliveryable="5" style="display: none;"></div>\n    <div class="p-service">\u7531 \u4eac\u4e1c \u53d1\u8d27</div>\n    <div class="p-summary">\n      <a href="http://item.jd.com/11322663.html#recommend-editor" target="_blank">\u66f4\u591a&gt;</a>\n    </div>\n    <div class="p-addtocart">\n      <a data-sku="11322663" href="http://gate.jd.com/InitCart.aspx?pid=11322663&amp;pcount=1&amp;ptype=1"><i></i>\u52a0\u5165\u8d2d\u7269\u8f66</a>\n    </div>\n  </div>\n                                  </div>\n              </div>\n            </div>']
2016-01-18 16:52:00 [jd] INFO: !!!!!!!!!!!!!!!!!!!!!!!!
2016-01-18 16:52:00 [jd] INFO: --------------------------
2016-01-18 16:52:00 [jd] INFO: !!!!!!!!!!!!!!!!!!!!!!!!
2016-01-18 16:52:00 [jd] INFO: [u'<div class="gl-i-wrap j-sku-item" data-sku="1028096295" venderid="40964" jdzy_shop_id="38566" ts_venderid="1028096295">\n  <div class="p-img">\n    <a target="_blank" href="http://item.jd.com/1028096295.html">\n                    <img width="200" height="200" data-img="1" data-lazy-img="//img10.360buyimg.com/n7/g15/M07/00/0A/rBEhWFHpfg4IAAAAAAscl4G0ItwAABMdQHOdowACxyv807.jpg">\n          </a>\n      </div>\n  <div class="p-price">\n    <strong class="J_price"><em></em><i></i></strong>\n    <div class="p-icons J-pro-icons">\n          </div>\n  </div>\n  <div class="p-name">\n    <a target="_blank" title="" href="http://item.jd.com/1028096295.html">\n      <em>\u6570\u5b57\u56fe\u50cf\u5904\u7406(\u7b2c3\u7248)/\u56fd\u5916\u7535\u5b50\u4e0e\u901a\u4fe1\u6559\u6750\u7cfb\u5217</em>\n      <i class="promo-words"></i>\n    </a>\n  </div>\n      <div class="p-bookdetails">\n      <span class="p-bi-name">\n              </span>\n            <span class="p-bi-store">\n                  <a title="\u7535\u5b50\u5de5\u4e1a" href="http://book.jd.com/publish/%E7%94%B5%E5%AD%90%E5%B7%A5%E4%B8%9A_1.html" target="_blank">\u7535\u5b50\u5de5\u4e1a</a>\n              </span>\n      <em>|</em>      <span class="p-bi-date">\n        2011-06      </span>\n    </div>\n        <div class="p-shop hide" data-score="4" data-reputation="0" data-shopid="" data-done="1"></div>\n    <div class="p-commit"><strong>\u5df2\u6709<a target="_blank" href="http://item.jd.com/1028096295.html#comments-list">51</a>\u4eba\u8bc4\u4ef7</strong></div>\n    <div class="p-shopnum">\n      <span class="curr-shop">\u4eac\u4e1c\u81ea\u8425</span>\n    </div>\n    <div class="p-operate">\n      <a class="p-o-btn focus J_focus" data-sku="1028096295" href="javascript:;">\n        <i></i>\u5173\u6ce8\n      </a>\n      <a class="p-o-btn addcart" target="_blank" href="http://gate.jd.com/InitCart.aspx?pid=1028096295&amp;pcount=1&amp;ptype=1">\n        <i></i>\u52a0\u5165\u8d2d\u7269\u8f66\n      </a>\n    </div>\n    <div class="p-stock" data-isdeliveryable="5" style="display: none;"></div>\n    <div class="p-service">\u7531 \u4eac\u4e1c \u53d1\u8d27</div>\n    <div class="p-summary">\n      <a href="http://item.jd.com/1028096295.html#recommend-editor" target="_blank">\u66f4\u591a&gt;</a>\n    </div>\n    <div class="p-addtocart">\n      <a data-sku="1028096295" href="http://gate.jd.com/InitCart.aspx?pid=1028096295&amp;pcount=1&amp;ptype=1"><i></i>\u52a0\u5165\u8d2d\u7269\u8f66</a>\n    </div>\n  </div>']
2016-01-18 16:52:00 [jd] INFO: !!!!!!!!!!!!!!!!!!!!!!!!
2016-01-18 16:52:00 [jd] INFO: !!!!!!!!!!!!!!!!!!!!!!!!
2016-01-18 16:52:00 [jd] INFO: [u'<div class="gl-i-wrap j-sku-item" data-sku="1558306770" venderid="51031" jdzy_shop_id="47718" ts_venderid="1558306770">\n  <div class="p-img">\n    <a target="_blank" href="http://item.jd.com/1558306770.html">\n                    <img width="200" height="200" data-img="1" data-lazy-img="//img10.360buyimg.com/n7/jfs/t1141/355/884984753/210185/396391f/5552aa86Ne0273fa1.jpg">\n          </a>\n      </div>\n  <div class="p-price">\n    <strong class="J_price"><em></em><i></i></strong>\n    <div class="p-icons J-pro-icons">\n          </div>\n  </div>\n  <div class="p-name">\n    <a target="_blank" title="" href="http://item.jd.com/1558306770.html">\n      <em>Java\u8bed\u8a00\u7a0b\u5e8f\u8bbe\u8ba1\uff1a\u57fa\u7840\u7bc7\uff08\u539f\u4e66\u7b2c8\u7248\uff09java\u7a0b\u5e8f\u8bbe\u8ba1\u6559\u7a0b\u6559\u6750\u4e66\u7c4d \u7f8e\u56fd\u5f15\u8fdb\u7248</em>\n      <i class="promo-words"></i>\n    </a>\n  </div>\n      <div class="p-bookdetails">\n      <span class="p-bi-name">\n              </span>\n            <span class="p-bi-store">\n                  <a title="\u673a\u68b0\u5de5\u4e1a\u51fa\u7248\u793e" href="http://book.jd.com/publish/%E6%9C%BA%E6%A2%B0%E5%B7%A5%E4%B8%9A%E5%87%BA%E7%89%88%E7%A4%BE_1.html" target="_blank">\u673a\u68b0\u5de5\u4e1a\u51fa\u7248\u793e</a>\n              </span>\n      <em>|</em>      <span class="p-bi-date">\n        2014-12      </span>\n    </div>\n        <div class="p-shop hide" data-score="4" data-reputation="0" data-shopid="" data-done="1"></div>\n    <div class="p-commit"><strong>\u5df2\u6709<a target="_blank" href="http://item.jd.com/1558306770.html#comments-list">0</a>\u4eba\u8bc4\u4ef7</strong></div>\n    <div class="p-shopnum">\n      <span class="curr-shop">\u4eac\u4e1c\u81ea\u8425</span>\n    </div>\n    <div class="p-operate">\n      <a class="p-o-btn focus J_focus" data-sku="1558306770" href="javascript:;">\n        <i></i>\u5173\u6ce8\n      </a>\n      <a class="p-o-btn addcart" target="_blank" href="http://gate.jd.com/InitCart.aspx?pid=1558306770&amp;pcount=1&amp;ptype=1">\n        <i></i>\u52a0\u5165\u8d2d\u7269\u8f66\n      </a>\n    </div>\n    <div class="p-stock" data-isdeliveryable="5" style="display: none;"></div>\n    <div class="p-service">\u7531 \u4eac\u4e1c \u53d1\u8d27</div>\n    <div class="p-summary">\n      <a href="http://item.jd.com/1558306770.html#recommend-editor" target="_blank">\u66f4\u591a&gt;</a>\n    </div>\n    <div class="p-addtocart">\n      <a data-sku="1558306770" href="http://gate.jd.com/InitCart.aspx?pid=1558306770&amp;pcount=1&amp;ptype=1"><i></i>\u52a0\u5165\u8d2d\u7269\u8f66</a>\n    </div>\n  </div>']
2016-01-18 16:52:00 [jd] INFO: !!!!!!!!!!!!!!!!!!!!!!!!
2016-01-18 16:52:00 [jd] INFO: !!!!!!!!!!!!!!!!!!!!!!!!
2016-01-18 16:52:00 [jd] INFO: [u'<div class="gl-i-wrap j-sku-item" data-sku="1496315187" venderid="40964" jdzy_shop_id="38566" ts_venderid="1496315187">\n  <div class="p-img">\n    <a target="_blank" href="http://item.jd.com/1496315187.html">\n                    <img width="200" height="200" data-img="1" data-lazy-img="//img12.360buyimg.com/n7/jfs/t910/141/272738443/127408/65466f10/55127359N65d0d501.jpg">\n          </a>\n      </div>\n  <div class="p-price">\n    <strong class="J_price"><em></em><i></i></strong>\n    <div class="p-icons J-pro-icons">\n          </div>\n  </div>\n  <div class="p-name">\n    <a target="_blank" title="" href="http://item.jd.com/1496315187.html">\n      <em>Java\u7279\u79cd\u5175  \u9644\u5149\u76d8\u4e0a</em>\n      <i class="promo-words"></i>\n    </a>\n  </div>\n      <div class="p-bookdetails">\n      <span class="p-bi-name">\n              </span>\n            <span class="p-bi-store">\n                  <a title="\u7535\u5b50\u5de5\u4e1a\u51fa\u7248\u793e" href="http://book.jd.com/publish/%E7%94%B5%E5%AD%90%E5%B7%A5%E4%B8%9A%E5%87%BA%E7%89%88%E7%A4%BE_1.html" target="_blank">\u7535\u5b50\u5de5\u4e1a\u51fa\u7248\u793e</a>\n              </span>\n      <em>|</em>      <span class="p-bi-date">\n        2014-12      </span>\n    </div>\n        <div class="p-shop hide" data-score="4" data-reputation="0" data-shopid="" data-done="1"></div>\n    <div class="p-commit"><strong>\u5df2\u6709<a target="_blank" href="http://item.jd.com/1496315187.html#comments-list">4</a>\u4eba\u8bc4\u4ef7</strong></div>\n    <div class="p-shopnum">\n      <span class="curr-shop">\u4eac\u4e1c\u81ea\u8425</span>\n    </div>\n    <div class="p-operate">\n      <a class="p-o-btn focus J_focus" data-sku="1496315187" href="javascript:;">\n        <i></i>\u5173\u6ce8\n      </a>\n      <a class="p-o-btn addcart" target="_blank" href="http://gate.jd.com/InitCart.aspx?pid=1496315187&amp;pcount=1&amp;ptype=1">\n        <i></i>\u52a0\u5165\u8d2d\u7269\u8f66\n      </a>\n    </div>\n    <div class="p-stock" data-isdeliveryable="5" style="display: none;"></div>\n    <div class="p-service">\u7531 \u4eac\u4e1c \u53d1\u8d27</div>\n    <div class="p-summary">\n      <a href="http://item.jd.com/1496315187.html#recommend-editor" target="_blank">\u66f4\u591a&gt;</a>\n    </div>\n    <div class="p-addtocart">\n      <a data-sku="1496315187" href="http://gate.jd.com/InitCart.aspx?pid=1496315187&amp;pcount=1&amp;ptype=1"><i></i>\u52a0\u5165\u8d2d\u7269\u8f66</a>\n    </div>\n  </div>']
2016-01-18 16:52:00 [jd] INFO: !!!!!!!!!!!!!!!!!!!!!!!!
2016-01-18 16:52:00 [jd] INFO: !!!!!!!!!!!!!!!!!!!!!!!!
2016-01-18 16:52:00 [jd] INFO: [u'<div class="gl-i-wrap j-sku-item" data-sku="1492308970" venderid="80727" jdzy_shop_id="77538" ts_venderid="1492308970">\n  <div class="p-img">\n    <a target="_blank" href="http://item.jd.com/1492308970.html">\n                    <img width="200" height="200" data-img="1" data-lazy-img="//img10.360buyimg.com/n7/jfs/t910/178/239257781/164794/5217d953/550f656eNfa51dcb9.jpg">\n          </a>\n      </div>\n  <div class="p-price">\n    <strong class="J_price"><em></em><i></i></strong>\n    <div class="p-icons J-pro-icons">\n          </div>\n  </div>\n  <div class="p-name">\n    <a target="_blank" title="" href="http://item.jd.com/1492308970.html">\n      <em>\u5b9e\u6218Java\u865a\u62df\u673a\u2014\u2014JVM\u6545\u969c\u8bca\u65ad\u4e0e\u6027\u80fd\u4f18\u5316 9787121256127</em>\n      <i class="promo-words"></i>\n    </a>\n  </div>\n      <div class="p-bookdetails">\n      <span class="p-bi-name">\n              </span>\n            <span class="p-bi-store">\n                  <a title="\u7535\u5b50\u5de5\u4e1a\u51fa\u7248\u793e" href="http://book.jd.com/publish/%E7%94%B5%E5%AD%90%E5%B7%A5%E4%B8%9A%E5%87%BA%E7%89%88%E7%A4%BE_1.html" target="_blank">\u7535\u5b50\u5de5\u4e1a\u51fa\u7248\u793e</a>\n              </span>\n      <em>|</em>      <span class="p-bi-date">\n        2014-12      </span>\n    </div>\n        <div class="p-shop hide" data-score="4" data-reputation="0" data-shopid="" data-done="1"></div>\n    <div class="p-commit"><strong>\u5df2\u6709<a target="_blank" href="http://item.jd.com/1492308970.html#comments-list">1</a>\u4eba\u8bc4\u4ef7</strong></div>\n    <div class="p-shopnum">\n      <span class="curr-shop">\u4eac\u4e1c\u81ea\u8425</span>\n    </div>\n    <div class="p-operate">\n      <a class="p-o-btn focus J_focus" data-sku="1492308970" href="javascript:;">\n        <i></i>\u5173\u6ce8\n      </a>\n      <a class="p-o-btn addcart" target="_blank" href="http://gate.jd.com/InitCart.aspx?pid=1492308970&amp;pcount=1&amp;ptype=1">\n        <i></i>\u52a0\u5165\u8d2d\u7269\u8f66\n      </a>\n    </div>\n    <div class="p-stock" data-isdeliveryable="5" style="display: none;"></div>\n    <div class="p-service">\u7531 \u4eac\u4e1c \u53d1\u8d27</div>\n    <div class="p-summary">\n      <a href="http://item.jd.com/1492308970.html#recommend-editor" target="_blank">\u66f4\u591a&gt;</a>\n    </div>\n    <div class="p-addtocart">\n      <a data-sku="1492308970" href="http://gate.jd.com/InitCart.aspx?pid=1492308970&amp;pcount=1&amp;ptype=1"><i></i>\u52a0\u5165\u8d2d\u7269\u8f66</a>\n    </div>\n  </div>']
2016-01-18 16:52:00 [jd] INFO: !!!!!!!!!!!!!!!!!!!!!!!!
2016-01-18 16:52:00 [jd] INFO: !!!!!!!!!!!!!!!!!!!!!!!!
2016-01-18 16:52:00 [jd] INFO: [u'<div class="gl-i-wrap">\n              <div class="gl-i-tab">\n                <div class="gl-i-tab-trigger">\n                  <span title="\u534e\u7ae0\u7a0b\u5e8f\u5458\u4e66\u5e93\uff1aJava\u5b89\u5168\u7f16\u7801\u6807\u51c6" class="item selected">\u5355\u4ef6</span>\n                                      <span title="Java\u9ad8\u7ea7\u4e3b\u9898\uff1aJava\u5b89\u5168\u7f16\u7801\u6807\u51c6+\u6df1\u5165\u7406\u89e3Java\u865a\u62df\u673a\uff08\u7b2c2\u7248\uff09\uff08\u4eac\u4e1c\u5957\u88c5\u51712\u518c\uff09" class="item">\u5957\u88c52\u4ef6</span>\n                                  </div>\n                <div class="gl-i-tab-content">\n                                        <div class="tab-content-item tab-cnt-i-selected j-sku-item" data-sku="11265553" venderid="1000004052" jdzy_shop_id="1000004052" ts_venderid="">\n  <div class="p-img">\n    <a target="_blank" href="http://item.jd.com/11265553.html">\n                    <img width="200" height="200" data-img="1" data-lazy-img="//img13.360buyimg.com/n7/g13/M04/03/04/rBEhU1HNZ0wIAAAAAAGWVCkV0p0AAAnWwLDFMgAAZZs672.jpg">\n          </a>\n      </div>\n  <div class="p-price">\n    <strong class="J_price"><em></em><i></i></strong>\n    <div class="p-icons J-pro-icons">\n          </div>\n  </div>\n  <div class="p-name">\n    <a target="_blank" title="" href="http://item.jd.com/11265553.html">\n      <em>\u534e\u7ae0\u7a0b\u5e8f\u5458\u4e66\u5e93\uff1aJava\u5b89\u5168\u7f16\u7801\u6807\u51c6</em>\n      <i class="promo-words"></i>\n    </a>\n  </div>\n      <div class="p-bookdetails">\n      <span class="p-bi-name">\n                  <span class="author_type_1" style="display: ;">\n                                                                     <a title="Fred Long" href="http://book.jd.com/writer/Fred%20Long_1.html" target="_blank"> Fred Long </a>                                                        \uff0c                             <a title="Dhruv Mohindra" href="http://book.jd.com/writer/Dhruv%20Mohindra_1.html" target="_blank"> Dhruv Mohindra </a>                                           \u7b49            \u8457          </span>\n                            <span class="author_type_2" style="display: none;">\n                                                                     <a title="\u8ba1\u6587\u67ef" href="http://book.jd.com/writer/%E8%AE%A1%E6%96%87%E6%9F%AF_1.html" target="_blank"> \u8ba1\u6587\u67ef </a>                                                        \uff0c                             <a title="\u6768\u6653\u6625" href="http://book.jd.com/writer/%E6%9D%A8%E6%99%93%E6%98%A5_1.html" target="_blank"> \u6768\u6653\u6625 </a>                                        \u8bd1          </span>\n                        </span>\n      <em>|</em>      <span class="p-bi-store">\n                  <a title="\u673a\u68b0\u5de5\u4e1a\u51fa\u7248\u793e" href="http://book.jd.com/publish/%E6%9C%BA%E6%A2%B0%E5%B7%A5%E4%B8%9A%E5%87%BA%E7%89%88%E7%A4%BE_1.html" target="_blank">\u673a\u68b0\u5de5\u4e1a\u51fa\u7248\u793e</a>\n              </span>\n      <em>|</em>      <span class="p-bi-date">\n        2013-06      </span>\n    </div>\n        <div class="p-shop hide" data-score="4" data-reputation="0" data-shopid="" data-done="1"></div>\n    <div class="p-commit"><strong>\u5df2\u6709<a target="_blank" href="http://item.jd.com/11265553.html#comments-list">84</a>\u4eba\u8bc4\u4ef7</strong></div>\n    <div class="p-shopnum">\n      <span class="curr-shop">\u4eac\u4e1c\u81ea\u8425</span>\n    </div>\n    <div class="p-operate">\n      <a class="p-o-btn focus J_focus" data-sku="11265553" href="javascript:;">\n        <i></i>\u5173\u6ce8\n      </a>\n      <a class="p-o-btn addcart" target="_blank" href="http://gate.jd.com/InitCart.aspx?pid=11265553&amp;pcount=1&amp;ptype=1">\n        <i></i>\u52a0\u5165\u8d2d\u7269\u8f66\n      </a>\n    </div>\n    <div class="p-stock" data-isdeliveryable="5" style="display: none;"></div>\n    <div class="p-service">\u7531 \u4eac\u4e1c \u53d1\u8d27</div>\n    <div class="p-summary">\n      <a href="http://item.jd.com/11265553.html#recommend-editor" target="_blank">\u66f4\u591a&gt;</a>\n    </div>\n    <div class="p-addtocart">\n      <a data-sku="11265553" href="http://gate.jd.com/InitCart.aspx?pid=11265553&amp;pcount=1&amp;ptype=1"><i></i>\u52a0\u5165\u8d2d\u7269\u8f66</a>\n    </div>\n  </div>\n                                        <div class="tab-content-item j-sku-item" data-sku="11312110" venderid="1000004052" jdzy_shop_id="1000004052" ts_venderid="">\n  <div class="p-img">\n    <a target="_blank" href="http://item.jd.com/11312110.html">\n                    <img width="200" height="200" data-img="1" data-lazy-img="//img10.360buyimg.com/n7/g14/M03/0E/0D/rBEhV1Im1n8IAAAAAAcHltD_3_8AAC0FgC-1WoABweu831.jpg">\n          </a>\n      </div>\n  <div class="p-price">\n    <strong class="J_price"><em></em><i></i></strong>\n    <div class="p-icons J-pro-icons">\n          </div>\n  </div>\n  <div class="p-name">\n    <a target="_blank" title="" href="http://item.jd.com/11312110.html">\n      <em>Java\u9ad8\u7ea7\u4e3b\u9898\uff1aJava\u5b89\u5168\u7f16\u7801\u6807\u51c6+\u6df1\u5165\u7406\u89e3Java\u865a\u62df\u673a\uff08\u7b2c2\u7248\uff09\uff08\u4eac\u4e1c\u5957\u88c5\u51712\u518c\uff09</em>\n      <i class="promo-words"></i>\n    </a>\n  </div>\n      <div class="p-bookdetails">\n      <span class="p-bi-name">\n                  <span class="author_type_1" style="display: ;">\n                                                                     <a title="Fred Long" href="http://book.jd.com/writer/Fred%20Long_1.html" target="_blank"> Fred Long </a>                                                        \uff0c                             <a title="Dhruv Mohindra" href="http://book.jd.com/writer/Dhruv%20Mohindra_1.html" target="_blank"> Dhruv Mohindra </a>                                           \u7b49            \u8457          </span>\n                            <span class="author_type_2" style="display: none;">\n                                                                     <a title="\u8ba1\u6587\u67ef" href="http://book.jd.com/writer/%E8%AE%A1%E6%96%87%E6%9F%AF_1.html" target="_blank"> \u8ba1\u6587\u67ef </a>                                                        \uff0c                             <a title="\u6768\u6653\u6625" href="http://book.jd.com/writer/%E6%9D%A8%E6%99%93%E6%98%A5_1.html" target="_blank"> \u6768\u6653\u6625 </a>                                        \u8bd1          </span>\n                        </span>\n      <em>|</em>      <span class="p-bi-store">\n                  <a title="\u673a\u68b0\u5de5\u4e1a\u51fa\u7248\u793e" href="http://book.jd.com/publish/%E6%9C%BA%E6%A2%B0%E5%B7%A5%E4%B8%9A%E5%87%BA%E7%89%88%E7%A4%BE_1.html" target="_blank">\u673a\u68b0\u5de5\u4e1a\u51fa\u7248\u793e</a>\n              </span>\n      <em>|</em>      <span class="p-bi-date">\n        2013-06      </span>\n    </div>\n        <div class="p-shop hide" data-score="4" data-reputation="0" data-shopid="" data-done="1"></div>\n    <div class="p-commit"><strong>\u5df2\u6709<a target="_blank" href="http://item.jd.com/11312110.html#comments-list">3392</a>\u4eba\u8bc4\u4ef7</strong></div>\n    <div class="p-shopnum">\n      <span class="curr-shop">\u4eac\u4e1c\u81ea\u8425</span>\n    </div>\n    <div class="p-operate">\n      <a class="p-o-btn focus J_focus" data-sku="11312110" href="javascript:;">\n        <i></i>\u5173\u6ce8\n      </a>\n      <a class="p-o-btn addcart" target="_blank" href="http://gate.jd.com/InitCart.aspx?pid=11312110&amp;pcount=1&amp;ptype=1">\n        <i></i>\u52a0\u5165\u8d2d\u7269\u8f66\n      </a>\n    </div>\n    <div class="p-stock" data-isdeliveryable="5" style="display: none;"></div>\n    <div class="p-service">\u7531 \u4eac\u4e1c \u53d1\u8d27</div>\n    <div class="p-summary">\n      <a href="http://item.jd.com/11312110.html#recommend-editor" target="_blank">\u66f4\u591a&gt;</a>\n    </div>\n    <div class="p-addtocart">\n      <a data-sku="11312110" href="http://gate.jd.com/InitCart.aspx?pid=11312110&amp;pcount=1&amp;ptype=1"><i></i>\u52a0\u5165\u8d2d\u7269\u8f66</a>\n    </div>\n  </div>\n                                  </div>\n              </div>\n            </div>']
2016-01-18 16:52:00 [jd] INFO: !!!!!!!!!!!!!!!!!!!!!!!!
2016-01-18 16:52:00 [jd] INFO: !!!!!!!!!!!!!!!!!!!!!!!!
2016-01-18 16:52:00 [jd] INFO: [u'<div class="gl-i-wrap">\n              <div class="gl-i-tab">\n                <div class="gl-i-tab-trigger">\n                  <span title="\u534e\u7ae0\u7a0b\u5e8f\u5458\u4e66\u5e93\uff1aJava\u5b89\u5168\u7f16\u7801\u6807\u51c6" class="item selected">\u5355\u4ef6</span>\n                                      <span title="Java\u9ad8\u7ea7\u4e3b\u9898\uff1aJava\u5b89\u5168\u7f16\u7801\u6807\u51c6+\u6df1\u5165\u7406\u89e3Java\u865a\u62df\u673a\uff08\u7b2c2\u7248\uff09\uff08\u4eac\u4e1c\u5957\u88c5\u51712\u518c\uff09" class="item">\u5957\u88c52\u4ef6</span>\n                                  </div>\n                <div class="gl-i-tab-content">\n                                        <div class="tab-content-item tab-cnt-i-selected j-sku-item" data-sku="11265553" venderid="1000004052" jdzy_shop_id="1000004052" ts_venderid="">\n  <div class="p-img">\n    <a target="_blank" href="http://item.jd.com/11265553.html">\n                    <img width="200" height="200" data-img="1" data-lazy-img="//img13.360buyimg.com/n7/g13/M04/03/04/rBEhU1HNZ0wIAAAAAAGWVCkV0p0AAAnWwLDFMgAAZZs672.jpg">\n          </a>\n      </div>\n  <div class="p-price">\n    <strong class="J_price"><em></em><i></i></strong>\n    <div class="p-icons J-pro-icons">\n          </div>\n  </div>\n  <div class="p-name">\n    <a target="_blank" title="" href="http://item.jd.com/11265553.html">\n      <em>\u534e\u7ae0\u7a0b\u5e8f\u5458\u4e66\u5e93\uff1aJava\u5b89\u5168\u7f16\u7801\u6807\u51c6</em>\n      <i class="promo-words"></i>\n    </a>\n  </div>\n      <div class="p-bookdetails">\n      <span class="p-bi-name">\n                  <span class="author_type_1" style="display: ;">\n                                                                     <a title="Fred Long" href="http://book.jd.com/writer/Fred%20Long_1.html" target="_blank"> Fred Long </a>                                                        \uff0c                             <a title="Dhruv Mohindra" href="http://book.jd.com/writer/Dhruv%20Mohindra_1.html" target="_blank"> Dhruv Mohindra </a>                                           \u7b49            \u8457          </span>\n                            <span class="author_type_2" style="display: none;">\n                                                                     <a title="\u8ba1\u6587\u67ef" href="http://book.jd.com/writer/%E8%AE%A1%E6%96%87%E6%9F%AF_1.html" target="_blank"> \u8ba1\u6587\u67ef </a>                                                        \uff0c                             <a title="\u6768\u6653\u6625" href="http://book.jd.com/writer/%E6%9D%A8%E6%99%93%E6%98%A5_1.html" target="_blank"> \u6768\u6653\u6625 </a>                                        \u8bd1          </span>\n                        </span>\n      <em>|</em>      <span class="p-bi-store">\n                  <a title="\u673a\u68b0\u5de5\u4e1a\u51fa\u7248\u793e" href="http://book.jd.com/publish/%E6%9C%BA%E6%A2%B0%E5%B7%A5%E4%B8%9A%E5%87%BA%E7%89%88%E7%A4%BE_1.html" target="_blank">\u673a\u68b0\u5de5\u4e1a\u51fa\u7248\u793e</a>\n              </span>\n      <em>|</em>      <span class="p-bi-date">\n        2013-06      </span>\n    </div>\n        <div class="p-shop hide" data-score="4" data-reputation="0" data-shopid="" data-done="1"></div>\n    <div class="p-commit"><strong>\u5df2\u6709<a target="_blank" href="http://item.jd.com/11265553.html#comments-list">84</a>\u4eba\u8bc4\u4ef7</strong></div>\n    <div class="p-shopnum">\n      <span class="curr-shop">\u4eac\u4e1c\u81ea\u8425</span>\n    </div>\n    <div class="p-operate">\n      <a class="p-o-btn focus J_focus" data-sku="11265553" href="javascript:;">\n        <i></i>\u5173\u6ce8\n      </a>\n      <a class="p-o-btn addcart" target="_blank" href="http://gate.jd.com/InitCart.aspx?pid=11265553&amp;pcount=1&amp;ptype=1">\n        <i></i>\u52a0\u5165\u8d2d\u7269\u8f66\n      </a>\n    </div>\n    <div class="p-stock" data-isdeliveryable="5" style="display: none;"></div>\n    <div class="p-service">\u7531 \u4eac\u4e1c \u53d1\u8d27</div>\n    <div class="p-summary">\n      <a href="http://item.jd.com/11265553.html#recommend-editor" target="_blank">\u66f4\u591a&gt;</a>\n    </div>\n    <div class="p-addtocart">\n      <a data-sku="11265553" href="http://gate.jd.com/InitCart.aspx?pid=11265553&amp;pcount=1&amp;ptype=1"><i></i>\u52a0\u5165\u8d2d\u7269\u8f66</a>\n    </div>\n  </div>\n                                        <div class="tab-content-item j-sku-item" data-sku="11312110" venderid="1000004052" jdzy_shop_id="1000004052" ts_venderid="">\n  <div class="p-img">\n    <a target="_blank" href="http://item.jd.com/11312110.html">\n                    <img width="200" height="200" data-img="1" data-lazy-img="//img10.360buyimg.com/n7/g14/M03/0E/0D/rBEhV1Im1n8IAAAAAAcHltD_3_8AAC0FgC-1WoABweu831.jpg">\n          </a>\n      </div>\n  <div class="p-price">\n    <strong class="J_price"><em></em><i></i></strong>\n    <div class="p-icons J-pro-icons">\n          </div>\n  </div>\n  <div class="p-name">\n    <a target="_blank" title="" href="http://item.jd.com/11312110.html">\n      <em>Java\u9ad8\u7ea7\u4e3b\u9898\uff1aJava\u5b89\u5168\u7f16\u7801\u6807\u51c6+\u6df1\u5165\u7406\u89e3Java\u865a\u62df\u673a\uff08\u7b2c2\u7248\uff09\uff08\u4eac\u4e1c\u5957\u88c5\u51712\u518c\uff09</em>\n      <i class="promo-words"></i>\n    </a>\n  </div>\n      <div class="p-bookdetails">\n      <span class="p-bi-name">\n                  <span class="author_type_1" style="display: ;">\n                                                                     <a title="Fred Long" href="http://book.jd.com/writer/Fred%20Long_1.html" target="_blank"> Fred Long </a>                                                        \uff0c                             <a title="Dhruv Mohindra" href="http://book.jd.com/writer/Dhruv%20Mohindra_1.html" target="_blank"> Dhruv Mohindra </a>                                           \u7b49            \u8457          </span>\n                            <span class="author_type_2" style="display: none;">\n                                                                     <a title="\u8ba1\u6587\u67ef" href="http://book.jd.com/writer/%E8%AE%A1%E6%96%87%E6%9F%AF_1.html" target="_blank"> \u8ba1\u6587\u67ef </a>                                                        \uff0c                             <a title="\u6768\u6653\u6625" href="http://book.jd.com/writer/%E6%9D%A8%E6%99%93%E6%98%A5_1.html" target="_blank"> \u6768\u6653\u6625 </a>                                        \u8bd1          </span>\n                        </span>\n      <em>|</em>      <span class="p-bi-store">\n                  <a title="\u673a\u68b0\u5de5\u4e1a\u51fa\u7248\u793e" href="http://book.jd.com/publish/%E6%9C%BA%E6%A2%B0%E5%B7%A5%E4%B8%9A%E5%87%BA%E7%89%88%E7%A4%BE_1.html" target="_blank">\u673a\u68b0\u5de5\u4e1a\u51fa\u7248\u793e</a>\n              </span>\n      <em>|</em>      <span class="p-bi-date">\n        2013-06      </span>\n    </div>\n        <div class="p-shop hide" data-score="4" data-reputation="0" data-shopid="" data-done="1"></div>\n    <div class="p-commit"><strong>\u5df2\u6709<a target="_blank" href="http://item.jd.com/11312110.html#comments-list">3392</a>\u4eba\u8bc4\u4ef7</strong></div>\n    <div class="p-shopnum">\n      <span class="curr-shop">\u4eac\u4e1c\u81ea\u8425</span>\n    </div>\n    <div class="p-operate">\n      <a class="p-o-btn focus J_focus" data-sku="11312110" href="javascript:;">\n        <i></i>\u5173\u6ce8\n      </a>\n      <a class="p-o-btn addcart" target="_blank" href="http://gate.jd.com/InitCart.aspx?pid=11312110&amp;pcount=1&amp;ptype=1">\n        <i></i>\u52a0\u5165\u8d2d\u7269\u8f66\n      </a>\n    </div>\n    <div class="p-stock" data-isdeliveryable="5" style="display: none;"></div>\n    <div class="p-service">\u7531 \u4eac\u4e1c \u53d1\u8d27</div>\n    <div class="p-summary">\n      <a href="http://item.jd.com/11312110.html#recommend-editor" target="_blank">\u66f4\u591a&gt;</a>\n    </div>\n    <div class="p-addtocart">\n      <a data-sku="11312110" href="http://gate.jd.com/InitCart.aspx?pid=11312110&amp;pcount=1&amp;ptype=1"><i></i>\u52a0\u5165\u8d2d\u7269\u8f66</a>\n    </div>\n  </div>\n                                  </div>\n              </div>\n            </div>']
2016-01-18 16:52:00 [jd] INFO: !!!!!!!!!!!!!!!!!!!!!!!!
2016-01-18 16:52:00 [jd] INFO: !!!!!!!!!!!!!!!!!!!!!!!!
2016-01-18 16:52:00 [jd] INFO: [u'<div class="gl-i-wrap">\n              <div class="gl-i-tab">\n                <div class="gl-i-tab-trigger">\n                  <span title="\u534e\u7ae0\u7a0b\u5e8f\u5458\u4e66\u5e93\uff1aJava\u5b89\u5168\u7f16\u7801\u6807\u51c6" class="item selected">\u5355\u4ef6</span>\n                                      <span title="Java\u9ad8\u7ea7\u4e3b\u9898\uff1aJava\u5b89\u5168\u7f16\u7801\u6807\u51c6+\u6df1\u5165\u7406\u89e3Java\u865a\u62df\u673a\uff08\u7b2c2\u7248\uff09\uff08\u4eac\u4e1c\u5957\u88c5\u51712\u518c\uff09" class="item">\u5957\u88c52\u4ef6</span>\n                                  </div>\n                <div class="gl-i-tab-content">\n                                        <div class="tab-content-item tab-cnt-i-selected j-sku-item" data-sku="11265553" venderid="1000004052" jdzy_shop_id="1000004052" ts_venderid="">\n  <div class="p-img">\n    <a target="_blank" href="http://item.jd.com/11265553.html">\n                    <img width="200" height="200" data-img="1" data-lazy-img="//img13.360buyimg.com/n7/g13/M04/03/04/rBEhU1HNZ0wIAAAAAAGWVCkV0p0AAAnWwLDFMgAAZZs672.jpg">\n          </a>\n      </div>\n  <div class="p-price">\n    <strong class="J_price"><em></em><i></i></strong>\n    <div class="p-icons J-pro-icons">\n          </div>\n  </div>\n  <div class="p-name">\n    <a target="_blank" title="" href="http://item.jd.com/11265553.html">\n      <em>\u534e\u7ae0\u7a0b\u5e8f\u5458\u4e66\u5e93\uff1aJava\u5b89\u5168\u7f16\u7801\u6807\u51c6</em>\n      <i class="promo-words"></i>\n    </a>\n  </div>\n      <div class="p-bookdetails">\n      <span class="p-bi-name">\n                  <span class="author_type_1" style="display: ;">\n                                                                     <a title="Fred Long" href="http://book.jd.com/writer/Fred%20Long_1.html" target="_blank"> Fred Long </a>                                                        \uff0c                             <a title="Dhruv Mohindra" href="http://book.jd.com/writer/Dhruv%20Mohindra_1.html" target="_blank"> Dhruv Mohindra </a>                                           \u7b49            \u8457          </span>\n                            <span class="author_type_2" style="display: none;">\n                                                                     <a title="\u8ba1\u6587\u67ef" href="http://book.jd.com/writer/%E8%AE%A1%E6%96%87%E6%9F%AF_1.html" target="_blank"> \u8ba1\u6587\u67ef </a>                                                        \uff0c                             <a title="\u6768\u6653\u6625" href="http://book.jd.com/writer/%E6%9D%A8%E6%99%93%E6%98%A5_1.html" target="_blank"> \u6768\u6653\u6625 </a>                                        \u8bd1          </span>\n                        </span>\n      <em>|</em>      <span class="p-bi-store">\n                  <a title="\u673a\u68b0\u5de5\u4e1a\u51fa\u7248\u793e" href="http://book.jd.com/publish/%E6%9C%BA%E6%A2%B0%E5%B7%A5%E4%B8%9A%E5%87%BA%E7%89%88%E7%A4%BE_1.html" target="_blank">\u673a\u68b0\u5de5\u4e1a\u51fa\u7248\u793e</a>\n              </span>\n      <em>|</em>      <span class="p-bi-date">\n        2013-06      </span>\n    </div>\n        <div class="p-shop hide" data-score="4" data-reputation="0" data-shopid="" data-done="1"></div>\n    <div class="p-commit"><strong>\u5df2\u6709<a target="_blank" href="http://item.jd.com/11265553.html#comments-list">84</a>\u4eba\u8bc4\u4ef7</strong></div>\n    <div class="p-shopnum">\n      <span class="curr-shop">\u4eac\u4e1c\u81ea\u8425</span>\n    </div>\n    <div class="p-operate">\n      <a class="p-o-btn focus J_focus" data-sku="11265553" href="javascript:;">\n        <i></i>\u5173\u6ce8\n      </a>\n      <a class="p-o-btn addcart" target="_blank" href="http://gate.jd.com/InitCart.aspx?pid=11265553&amp;pcount=1&amp;ptype=1">\n        <i></i>\u52a0\u5165\u8d2d\u7269\u8f66\n      </a>\n    </div>\n    <div class="p-stock" data-isdeliveryable="5" style="display: none;"></div>\n    <div class="p-service">\u7531 \u4eac\u4e1c \u53d1\u8d27</div>\n    <div class="p-summary">\n      <a href="http://item.jd.com/11265553.html#recommend-editor" target="_blank">\u66f4\u591a&gt;</a>\n    </div>\n    <div class="p-addtocart">\n      <a data-sku="11265553" href="http://gate.jd.com/InitCart.aspx?pid=11265553&amp;pcount=1&amp;ptype=1"><i></i>\u52a0\u5165\u8d2d\u7269\u8f66</a>\n    </div>\n  </div>\n                                        <div class="tab-content-item j-sku-item" data-sku="11312110" venderid="1000004052" jdzy_shop_id="1000004052" ts_venderid="">\n  <div class="p-img">\n    <a target="_blank" href="http://item.jd.com/11312110.html">\n                    <img width="200" height="200" data-img="1" data-lazy-img="//img10.360buyimg.com/n7/g14/M03/0E/0D/rBEhV1Im1n8IAAAAAAcHltD_3_8AAC0FgC-1WoABweu831.jpg">\n          </a>\n      </div>\n  <div class="p-price">\n    <strong class="J_price"><em></em><i></i></strong>\n    <div class="p-icons J-pro-icons">\n          </div>\n  </div>\n  <div class="p-name">\n    <a target="_blank" title="" href="http://item.jd.com/11312110.html">\n      <em>Java\u9ad8\u7ea7\u4e3b\u9898\uff1aJava\u5b89\u5168\u7f16\u7801\u6807\u51c6+\u6df1\u5165\u7406\u89e3Java\u865a\u62df\u673a\uff08\u7b2c2\u7248\uff09\uff08\u4eac\u4e1c\u5957\u88c5\u51712\u518c\uff09</em>\n      <i class="promo-words"></i>\n    </a>\n  </div>\n      <div class="p-bookdetails">\n      <span class="p-bi-name">\n                  <span class="author_type_1" style="display: ;">\n                                                                     <a title="Fred Long" href="http://book.jd.com/writer/Fred%20Long_1.html" target="_blank"> Fred Long </a>                                                        \uff0c                             <a title="Dhruv Mohindra" href="http://book.jd.com/writer/Dhruv%20Mohindra_1.html" target="_blank"> Dhruv Mohindra </a>                                           \u7b49            \u8457          </span>\n                            <span class="author_type_2" style="display: none;">\n                                                                     <a title="\u8ba1\u6587\u67ef" href="http://book.jd.com/writer/%E8%AE%A1%E6%96%87%E6%9F%AF_1.html" target="_blank"> \u8ba1\u6587\u67ef </a>                                                        \uff0c                             <a title="\u6768\u6653\u6625" href="http://book.jd.com/writer/%E6%9D%A8%E6%99%93%E6%98%A5_1.html" target="_blank"> \u6768\u6653\u6625 </a>                                        \u8bd1          </span>\n                        </span>\n      <em>|</em>      <span class="p-bi-store">\n                  <a title="\u673a\u68b0\u5de5\u4e1a\u51fa\u7248\u793e" href="http://book.jd.com/publish/%E6%9C%BA%E6%A2%B0%E5%B7%A5%E4%B8%9A%E5%87%BA%E7%89%88%E7%A4%BE_1.html" target="_blank">\u673a\u68b0\u5de5\u4e1a\u51fa\u7248\u793e</a>\n              </span>\n      <em>|</em>      <span class="p-bi-date">\n        2013-06      </span>\n    </div>\n        <div class="p-shop hide" data-score="4" data-reputation="0" data-shopid="" data-done="1"></div>\n    <div class="p-commit"><strong>\u5df2\u6709<a target="_blank" href="http://item.jd.com/11312110.html#comments-list">3392</a>\u4eba\u8bc4\u4ef7</strong></div>\n    <div class="p-shopnum">\n      <span class="curr-shop">\u4eac\u4e1c\u81ea\u8425</span>\n    </div>\n    <div class="p-operate">\n      <a class="p-o-btn focus J_focus" data-sku="11312110" href="javascript:;">\n        <i></i>\u5173\u6ce8\n      </a>\n      <a class="p-o-btn addcart" target="_blank" href="http://gate.jd.com/InitCart.aspx?pid=11312110&amp;pcount=1&amp;ptype=1">\n        <i></i>\u52a0\u5165\u8d2d\u7269\u8f66\n      </a>\n    </div>\n    <div class="p-stock" data-isdeliveryable="5" style="display: none;"></div>\n    <div class="p-service">\u7531 \u4eac\u4e1c \u53d1\u8d27</div>\n    <div class="p-summary">\n      <a href="http://item.jd.com/11312110.html#recommend-editor" target="_blank">\u66f4\u591a&gt;</a>\n    </div>\n    <div class="p-addtocart">\n      <a data-sku="11312110" href="http://gate.jd.com/InitCart.aspx?pid=11312110&amp;pcount=1&amp;ptype=1"><i></i>\u52a0\u5165\u8d2d\u7269\u8f66</a>\n    </div>\n  </div>\n                                  </div>\n              </div>\n            </div>']
2016-01-18 16:52:00 [jd] INFO: !!!!!!!!!!!!!!!!!!!!!!!!
2016-01-18 16:52:00 [jd] INFO: !!!!!!!!!!!!!!!!!!!!!!!!
2016-01-18 16:52:00 [jd] INFO: [u'<div class="gl-i-wrap">\n              <div class="gl-i-tab">\n                <div class="gl-i-tab-trigger">\n                  <span title="\u534e\u7ae0\u7a0b\u5e8f\u5458\u4e66\u5e93\uff1aJava\u5b89\u5168\u7f16\u7801\u6807\u51c6" class="item selected">\u5355\u4ef6</span>\n                                      <span title="Java\u9ad8\u7ea7\u4e3b\u9898\uff1aJava\u5b89\u5168\u7f16\u7801\u6807\u51c6+\u6df1\u5165\u7406\u89e3Java\u865a\u62df\u673a\uff08\u7b2c2\u7248\uff09\uff08\u4eac\u4e1c\u5957\u88c5\u51712\u518c\uff09" class="item">\u5957\u88c52\u4ef6</span>\n                                  </div>\n                <div class="gl-i-tab-content">\n                                        <div class="tab-content-item tab-cnt-i-selected j-sku-item" data-sku="11265553" venderid="1000004052" jdzy_shop_id="1000004052" ts_venderid="">\n  <div class="p-img">\n    <a target="_blank" href="http://item.jd.com/11265553.html">\n                    <img width="200" height="200" data-img="1" data-lazy-img="//img13.360buyimg.com/n7/g13/M04/03/04/rBEhU1HNZ0wIAAAAAAGWVCkV0p0AAAnWwLDFMgAAZZs672.jpg">\n          </a>\n      </div>\n  <div class="p-price">\n    <strong class="J_price"><em></em><i></i></strong>\n    <div class="p-icons J-pro-icons">\n          </div>\n  </div>\n  <div class="p-name">\n    <a target="_blank" title="" href="http://item.jd.com/11265553.html">\n      <em>\u534e\u7ae0\u7a0b\u5e8f\u5458\u4e66\u5e93\uff1aJava\u5b89\u5168\u7f16\u7801\u6807\u51c6</em>\n      <i class="promo-words"></i>\n    </a>\n  </div>\n      <div class="p-bookdetails">\n      <span class="p-bi-name">\n                  <span class="author_type_1" style="display: ;">\n                                                                     <a title="Fred Long" href="http://book.jd.com/writer/Fred%20Long_1.html" target="_blank"> Fred Long </a>                                                        \uff0c                             <a title="Dhruv Mohindra" href="http://book.jd.com/writer/Dhruv%20Mohindra_1.html" target="_blank"> Dhruv Mohindra </a>                                           \u7b49            \u8457          </span>\n                            <span class="author_type_2" style="display: none;">\n                                                                     <a title="\u8ba1\u6587\u67ef" href="http://book.jd.com/writer/%E8%AE%A1%E6%96%87%E6%9F%AF_1.html" target="_blank"> \u8ba1\u6587\u67ef </a>                                                        \uff0c                             <a title="\u6768\u6653\u6625" href="http://book.jd.com/writer/%E6%9D%A8%E6%99%93%E6%98%A5_1.html" target="_blank"> \u6768\u6653\u6625 </a>                                        \u8bd1          </span>\n                        </span>\n      <em>|</em>      <span class="p-bi-store">\n                  <a title="\u673a\u68b0\u5de5\u4e1a\u51fa\u7248\u793e" href="http://book.jd.com/publish/%E6%9C%BA%E6%A2%B0%E5%B7%A5%E4%B8%9A%E5%87%BA%E7%89%88%E7%A4%BE_1.html" target="_blank">\u673a\u68b0\u5de5\u4e1a\u51fa\u7248\u793e</a>\n              </span>\n      <em>|</em>      <span class="p-bi-date">\n        2013-06      </span>\n    </div>\n        <div class="p-shop hide" data-score="4" data-reputation="0" data-shopid="" data-done="1"></div>\n    <div class="p-commit"><strong>\u5df2\u6709<a target="_blank" href="http://item.jd.com/11265553.html#comments-list">84</a>\u4eba\u8bc4\u4ef7</strong></div>\n    <div class="p-shopnum">\n      <span class="curr-shop">\u4eac\u4e1c\u81ea\u8425</span>\n    </div>\n    <div class="p-operate">\n      <a class="p-o-btn focus J_focus" data-sku="11265553" href="javascript:;">\n        <i></i>\u5173\u6ce8\n      </a>\n      <a class="p-o-btn addcart" target="_blank" href="http://gate.jd.com/InitCart.aspx?pid=11265553&amp;pcount=1&amp;ptype=1">\n        <i></i>\u52a0\u5165\u8d2d\u7269\u8f66\n      </a>\n    </div>\n    <div class="p-stock" data-isdeliveryable="5" style="display: none;"></div>\n    <div class="p-service">\u7531 \u4eac\u4e1c \u53d1\u8d27</div>\n    <div class="p-summary">\n      <a href="http://item.jd.com/11265553.html#recommend-editor" target="_blank">\u66f4\u591a&gt;</a>\n    </div>\n    <div class="p-addtocart">\n      <a data-sku="11265553" href="http://gate.jd.com/InitCart.aspx?pid=11265553&amp;pcount=1&amp;ptype=1"><i></i>\u52a0\u5165\u8d2d\u7269\u8f66</a>\n    </div>\n  </div>\n                                        <div class="tab-content-item j-sku-item" data-sku="11312110" venderid="1000004052" jdzy_shop_id="1000004052" ts_venderid="">\n  <div class="p-img">\n    <a target="_blank" href="http://item.jd.com/11312110.html">\n                    <img width="200" height="200" data-img="1" data-lazy-img="//img10.360buyimg.com/n7/g14/M03/0E/0D/rBEhV1Im1n8IAAAAAAcHltD_3_8AAC0FgC-1WoABweu831.jpg">\n          </a>\n      </div>\n  <div class="p-price">\n    <strong class="J_price"><em></em><i></i></strong>\n    <div class="p-icons J-pro-icons">\n          </div>\n  </div>\n  <div class="p-name">\n    <a target="_blank" title="" href="http://item.jd.com/11312110.html">\n      <em>Java\u9ad8\u7ea7\u4e3b\u9898\uff1aJava\u5b89\u5168\u7f16\u7801\u6807\u51c6+\u6df1\u5165\u7406\u89e3Java\u865a\u62df\u673a\uff08\u7b2c2\u7248\uff09\uff08\u4eac\u4e1c\u5957\u88c5\u51712\u518c\uff09</em>\n      <i class="promo-words"></i>\n    </a>\n  </div>\n      <div class="p-bookdetails">\n      <span class="p-bi-name">\n                  <span class="author_type_1" style="display: ;">\n                                                                     <a title="Fred Long" href="http://book.jd.com/writer/Fred%20Long_1.html" target="_blank"> Fred Long </a>                                                        \uff0c                             <a title="Dhruv Mohindra" href="http://book.jd.com/writer/Dhruv%20Mohindra_1.html" target="_blank"> Dhruv Mohindra </a>                                           \u7b49            \u8457          </span>\n                            <span class="author_type_2" style="display: none;">\n                                                                     <a title="\u8ba1\u6587\u67ef" href="http://book.jd.com/writer/%E8%AE%A1%E6%96%87%E6%9F%AF_1.html" target="_blank"> \u8ba1\u6587\u67ef </a>                                                        \uff0c                             <a title="\u6768\u6653\u6625" href="http://book.jd.com/writer/%E6%9D%A8%E6%99%93%E6%98%A5_1.html" target="_blank"> \u6768\u6653\u6625 </a>                                        \u8bd1          </span>\n                        </span>\n      <em>|</em>      <span class="p-bi-store">\n                  <a title="\u673a\u68b0\u5de5\u4e1a\u51fa\u7248\u793e" href="http://book.jd.com/publish/%E6%9C%BA%E6%A2%B0%E5%B7%A5%E4%B8%9A%E5%87%BA%E7%89%88%E7%A4%BE_1.html" target="_blank">\u673a\u68b0\u5de5\u4e1a\u51fa\u7248\u793e</a>\n              </span>\n      <em>|</em>      <span class="p-bi-date">\n        2013-06      </span>\n    </div>\n        <div class="p-shop hide" data-score="4" data-reputation="0" data-shopid="" data-done="1"></div>\n    <div class="p-commit"><strong>\u5df2\u6709<a target="_blank" href="http://item.jd.com/11312110.html#comments-list">3392</a>\u4eba\u8bc4\u4ef7</strong></div>\n    <div class="p-shopnum">\n      <span class="curr-shop">\u4eac\u4e1c\u81ea\u8425</span>\n    </div>\n    <div class="p-operate">\n      <a class="p-o-btn focus J_focus" data-sku="11312110" href="javascript:;">\n        <i></i>\u5173\u6ce8\n      </a>\n      <a class="p-o-btn addcart" target="_blank" href="http://gate.jd.com/InitCart.aspx?pid=11312110&amp;pcount=1&amp;ptype=1">\n        <i></i>\u52a0\u5165\u8d2d\u7269\u8f66\n      </a>\n    </div>\n    <div class="p-stock" data-isdeliveryable="5" style="display: none;"></div>\n    <div class="p-service">\u7531 \u4eac\u4e1c \u53d1\u8d27</div>\n    <div class="p-summary">\n      <a href="http://item.jd.com/11312110.html#recommend-editor" target="_blank">\u66f4\u591a&gt;</a>\n    </div>\n    <div class="p-addtocart">\n      <a data-sku="11312110" href="http://gate.jd.com/InitCart.aspx?pid=11312110&amp;pcount=1&amp;ptype=1"><i></i>\u52a0\u5165\u8d2d\u7269\u8f66</a>\n    </div>\n  </div>\n                                  </div>\n              </div>\n            </div>']
2016-01-18 16:52:00 [jd] INFO: !!!!!!!!!!!!!!!!!!!!!!!!
2016-01-18 16:52:00 [jd] INFO: !!!!!!!!!!!!!!!!!!!!!!!!
2016-01-18 16:52:00 [jd] INFO: [u'<div class="gl-i-wrap">\n              <div class="gl-i-tab">\n                <div class="gl-i-tab-trigger">\n                  <span title="\u534e\u7ae0\u7a0b\u5e8f\u5458\u4e66\u5e93\uff1aJava\u5b89\u5168\u7f16\u7801\u6807\u51c6" class="item selected">\u5355\u4ef6</span>\n                                      <span title="Java\u9ad8\u7ea7\u4e3b\u9898\uff1aJava\u5b89\u5168\u7f16\u7801\u6807\u51c6+\u6df1\u5165\u7406\u89e3Java\u865a\u62df\u673a\uff08\u7b2c2\u7248\uff09\uff08\u4eac\u4e1c\u5957\u88c5\u51712\u518c\uff09" class="item">\u5957\u88c52\u4ef6</span>\n                                  </div>\n                <div class="gl-i-tab-content">\n                                        <div class="tab-content-item tab-cnt-i-selected j-sku-item" data-sku="11265553" venderid="1000004052" jdzy_shop_id="1000004052" ts_venderid="">\n  <div class="p-img">\n    <a target="_blank" href="http://item.jd.com/11265553.html">\n                    <img width="200" height="200" data-img="1" data-lazy-img="//img13.360buyimg.com/n7/g13/M04/03/04/rBEhU1HNZ0wIAAAAAAGWVCkV0p0AAAnWwLDFMgAAZZs672.jpg">\n          </a>\n      </div>\n  <div class="p-price">\n    <strong class="J_price"><em></em><i></i></strong>\n    <div class="p-icons J-pro-icons">\n          </div>\n  </div>\n  <div class="p-name">\n    <a target="_blank" title="" href="http://item.jd.com/11265553.html">\n      <em>\u534e\u7ae0\u7a0b\u5e8f\u5458\u4e66\u5e93\uff1aJava\u5b89\u5168\u7f16\u7801\u6807\u51c6</em>\n      <i class="promo-words"></i>\n    </a>\n  </div>\n      <div class="p-bookdetails">\n      <span class="p-bi-name">\n                  <span class="author_type_1" style="display: ;">\n                                                                     <a title="Fred Long" href="http://book.jd.com/writer/Fred%20Long_1.html" target="_blank"> Fred Long </a>                                                        \uff0c                             <a title="Dhruv Mohindra" href="http://book.jd.com/writer/Dhruv%20Mohindra_1.html" target="_blank"> Dhruv Mohindra </a>                                           \u7b49            \u8457          </span>\n                            <span class="author_type_2" style="display: none;">\n                                                                     <a title="\u8ba1\u6587\u67ef" href="http://book.jd.com/writer/%E8%AE%A1%E6%96%87%E6%9F%AF_1.html" target="_blank"> \u8ba1\u6587\u67ef </a>                                                        \uff0c                             <a title="\u6768\u6653\u6625" href="http://book.jd.com/writer/%E6%9D%A8%E6%99%93%E6%98%A5_1.html" target="_blank"> \u6768\u6653\u6625 </a>                                        \u8bd1          </span>\n                        </span>\n      <em>|</em>      <span class="p-bi-store">\n                  <a title="\u673a\u68b0\u5de5\u4e1a\u51fa\u7248\u793e" href="http://book.jd.com/publish/%E6%9C%BA%E6%A2%B0%E5%B7%A5%E4%B8%9A%E5%87%BA%E7%89%88%E7%A4%BE_1.html" target="_blank">\u673a\u68b0\u5de5\u4e1a\u51fa\u7248\u793e</a>\n              </span>\n      <em>|</em>      <span class="p-bi-date">\n        2013-06      </span>\n    </div>\n        <div class="p-shop hide" data-score="4" data-reputation="0" data-shopid="" data-done="1"></div>\n    <div class="p-commit"><strong>\u5df2\u6709<a target="_blank" href="http://item.jd.com/11265553.html#comments-list">84</a>\u4eba\u8bc4\u4ef7</strong></div>\n    <div class="p-shopnum">\n      <span class="curr-shop">\u4eac\u4e1c\u81ea\u8425</span>\n    </div>\n    <div class="p-operate">\n      <a class="p-o-btn focus J_focus" data-sku="11265553" href="javascript:;">\n        <i></i>\u5173\u6ce8\n      </a>\n      <a class="p-o-btn addcart" target="_blank" href="http://gate.jd.com/InitCart.aspx?pid=11265553&amp;pcount=1&amp;ptype=1">\n        <i></i>\u52a0\u5165\u8d2d\u7269\u8f66\n      </a>\n    </div>\n    <div class="p-stock" data-isdeliveryable="5" style="display: none;"></div>\n    <div class="p-service">\u7531 \u4eac\u4e1c \u53d1\u8d27</div>\n    <div class="p-summary">\n      <a href="http://item.jd.com/11265553.html#recommend-editor" target="_blank">\u66f4\u591a&gt;</a>\n    </div>\n    <div class="p-addtocart">\n      <a data-sku="11265553" href="http://gate.jd.com/InitCart.aspx?pid=11265553&amp;pcount=1&amp;ptype=1"><i></i>\u52a0\u5165\u8d2d\u7269\u8f66</a>\n    </div>\n  </div>\n                                        <div class="tab-content-item j-sku-item" data-sku="11312110" venderid="1000004052" jdzy_shop_id="1000004052" ts_venderid="">\n  <div class="p-img">\n    <a target="_blank" href="http://item.jd.com/11312110.html">\n                    <img width="200" height="200" data-img="1" data-lazy-img="//img10.360buyimg.com/n7/g14/M03/0E/0D/rBEhV1Im1n8IAAAAAAcHltD_3_8AAC0FgC-1WoABweu831.jpg">\n          </a>\n      </div>\n  <div class="p-price">\n    <strong class="J_price"><em></em><i></i></strong>\n    <div class="p-icons J-pro-icons">\n          </div>\n  </div>\n  <div class="p-name">\n    <a target="_blank" title="" href="http://item.jd.com/11312110.html">\n      <em>Java\u9ad8\u7ea7\u4e3b\u9898\uff1aJava\u5b89\u5168\u7f16\u7801\u6807\u51c6+\u6df1\u5165\u7406\u89e3Java\u865a\u62df\u673a\uff08\u7b2c2\u7248\uff09\uff08\u4eac\u4e1c\u5957\u88c5\u51712\u518c\uff09</em>\n      <i class="promo-words"></i>\n    </a>\n  </div>\n      <div class="p-bookdetails">\n      <span class="p-bi-name">\n                  <span class="author_type_1" style="display: ;">\n                                                                     <a title="Fred Long" href="http://book.jd.com/writer/Fred%20Long_1.html" target="_blank"> Fred Long </a>                                                        \uff0c                             <a title="Dhruv Mohindra" href="http://book.jd.com/writer/Dhruv%20Mohindra_1.html" target="_blank"> Dhruv Mohindra </a>                                           \u7b49            \u8457          </span>\n                            <span class="author_type_2" style="display: none;">\n                                                                     <a title="\u8ba1\u6587\u67ef" href="http://book.jd.com/writer/%E8%AE%A1%E6%96%87%E6%9F%AF_1.html" target="_blank"> \u8ba1\u6587\u67ef </a>                                                        \uff0c                             <a title="\u6768\u6653\u6625" href="http://book.jd.com/writer/%E6%9D%A8%E6%99%93%E6%98%A5_1.html" target="_blank"> \u6768\u6653\u6625 </a>                                        \u8bd1          </span>\n                        </span>\n      <em>|</em>      <span class="p-bi-store">\n                  <a title="\u673a\u68b0\u5de5\u4e1a\u51fa\u7248\u793e" href="http://book.jd.com/publish/%E6%9C%BA%E6%A2%B0%E5%B7%A5%E4%B8%9A%E5%87%BA%E7%89%88%E7%A4%BE_1.html" target="_blank">\u673a\u68b0\u5de5\u4e1a\u51fa\u7248\u793e</a>\n              </span>\n      <em>|</em>      <span class="p-bi-date">\n        2013-06      </span>\n    </div>\n        <div class="p-shop hide" data-score="4" data-reputation="0" data-shopid="" data-done="1"></div>\n    <div class="p-commit"><strong>\u5df2\u6709<a target="_blank" href="http://item.jd.com/11312110.html#comments-list">3392</a>\u4eba\u8bc4\u4ef7</strong></div>\n    <div class="p-shopnum">\n      <span class="curr-shop">\u4eac\u4e1c\u81ea\u8425</span>\n    </div>\n    <div class="p-operate">\n      <a class="p-o-btn focus J_focus" data-sku="11312110" href="javascript:;">\n        <i></i>\u5173\u6ce8\n      </a>\n      <a class="p-o-btn addcart" target="_blank" href="http://gate.jd.com/InitCart.aspx?pid=11312110&amp;pcount=1&amp;ptype=1">\n        <i></i>\u52a0\u5165\u8d2d\u7269\u8f66\n      </a>\n    </div>\n    <div class="p-stock" data-isdeliveryable="5" style="display: none;"></div>\n    <div class="p-service">\u7531 \u4eac\u4e1c \u53d1\u8d27</div>\n    <div class="p-summary">\n      <a href="http://item.jd.com/11312110.html#recommend-editor" target="_blank">\u66f4\u591a&gt;</a>\n    </div>\n    <div class="p-addtocart">\n      <a data-sku="11312110" href="http://gate.jd.com/InitCart.aspx?pid=11312110&amp;pcount=1&amp;ptype=1"><i></i>\u52a0\u5165\u8d2d\u7269\u8f66</a>\n    </div>\n  </div>\n                                  </div>\n              </div>\n            </div>']
2016-01-18 16:52:00 [jd] INFO: !!!!!!!!!!!!!!!!!!!!!!!!
2016-01-18 16:52:00 [jd] INFO: !!!!!!!!!!!!!!!!!!!!!!!!
2016-01-18 16:52:00 [jd] INFO: [u'<div class="gl-i-wrap">\n              <div class="gl-i-tab">\n                <div class="gl-i-tab-trigger">\n                  <span title="\u534e\u7ae0\u7a0b\u5e8f\u5458\u4e66\u5e93\uff1aJava\u5b89\u5168\u7f16\u7801\u6807\u51c6" class="item selected">\u5355\u4ef6</span>\n                                      <span title="Java\u9ad8\u7ea7\u4e3b\u9898\uff1aJava\u5b89\u5168\u7f16\u7801\u6807\u51c6+\u6df1\u5165\u7406\u89e3Java\u865a\u62df\u673a\uff08\u7b2c2\u7248\uff09\uff08\u4eac\u4e1c\u5957\u88c5\u51712\u518c\uff09" class="item">\u5957\u88c52\u4ef6</span>\n                                  </div>\n                <div class="gl-i-tab-content">\n                                        <div class="tab-content-item tab-cnt-i-selected j-sku-item" data-sku="11265553" venderid="1000004052" jdzy_shop_id="1000004052" ts_venderid="">\n  <div class="p-img">\n    <a target="_blank" href="http://item.jd.com/11265553.html">\n                    <img width="200" height="200" data-img="1" data-lazy-img="//img13.360buyimg.com/n7/g13/M04/03/04/rBEhU1HNZ0wIAAAAAAGWVCkV0p0AAAnWwLDFMgAAZZs672.jpg">\n          </a>\n      </div>\n  <div class="p-price">\n    <strong class="J_price"><em></em><i></i></strong>\n    <div class="p-icons J-pro-icons">\n          </div>\n  </div>\n  <div class="p-name">\n    <a target="_blank" title="" href="http://item.jd.com/11265553.html">\n      <em>\u534e\u7ae0\u7a0b\u5e8f\u5458\u4e66\u5e93\uff1aJava\u5b89\u5168\u7f16\u7801\u6807\u51c6</em>\n      <i class="promo-words"></i>\n    </a>\n  </div>\n      <div class="p-bookdetails">\n      <span class="p-bi-name">\n                  <span class="author_type_1" style="display: ;">\n                                                                     <a title="Fred Long" href="http://book.jd.com/writer/Fred%20Long_1.html" target="_blank"> Fred Long </a>                                                        \uff0c                             <a title="Dhruv Mohindra" href="http://book.jd.com/writer/Dhruv%20Mohindra_1.html" target="_blank"> Dhruv Mohindra </a>                                           \u7b49            \u8457          </span>\n                            <span class="author_type_2" style="display: none;">\n                                                                     <a title="\u8ba1\u6587\u67ef" href="http://book.jd.com/writer/%E8%AE%A1%E6%96%87%E6%9F%AF_1.html" target="_blank"> \u8ba1\u6587\u67ef </a>                                                        \uff0c                             <a title="\u6768\u6653\u6625" href="http://book.jd.com/writer/%E6%9D%A8%E6%99%93%E6%98%A5_1.html" target="_blank"> \u6768\u6653\u6625 </a>                                        \u8bd1          </span>\n                        </span>\n      <em>|</em>      <span class="p-bi-store">\n                  <a title="\u673a\u68b0\u5de5\u4e1a\u51fa\u7248\u793e" href="http://book.jd.com/publish/%E6%9C%BA%E6%A2%B0%E5%B7%A5%E4%B8%9A%E5%87%BA%E7%89%88%E7%A4%BE_1.html" target="_blank">\u673a\u68b0\u5de5\u4e1a\u51fa\u7248\u793e</a>\n              </span>\n      <em>|</em>      <span class="p-bi-date">\n        2013-06      </span>\n    </div>\n        <div class="p-shop hide" data-score="4" data-reputation="0" data-shopid="" data-done="1"></div>\n    <div class="p-commit"><strong>\u5df2\u6709<a target="_blank" href="http://item.jd.com/11265553.html#comments-list">84</a>\u4eba\u8bc4\u4ef7</strong></div>\n    <div class="p-shopnum">\n      <span class="curr-shop">\u4eac\u4e1c\u81ea\u8425</span>\n    </div>\n    <div class="p-operate">\n      <a class="p-o-btn focus J_focus" data-sku="11265553" href="javascript:;">\n        <i></i>\u5173\u6ce8\n      </a>\n      <a class="p-o-btn addcart" target="_blank" href="http://gate.jd.com/InitCart.aspx?pid=11265553&amp;pcount=1&amp;ptype=1">\n        <i></i>\u52a0\u5165\u8d2d\u7269\u8f66\n      </a>\n    </div>\n    <div class="p-stock" data-isdeliveryable="5" style="display: none;"></div>\n    <div class="p-service">\u7531 \u4eac\u4e1c \u53d1\u8d27</div>\n    <div class="p-summary">\n      <a href="http://item.jd.com/11265553.html#recommend-editor" target="_blank">\u66f4\u591a&gt;</a>\n    </div>\n    <div class="p-addtocart">\n      <a data-sku="11265553" href="http://gate.jd.com/InitCart.aspx?pid=11265553&amp;pcount=1&amp;ptype=1"><i></i>\u52a0\u5165\u8d2d\u7269\u8f66</a>\n    </div>\n  </div>\n                                        <div class="tab-content-item j-sku-item" data-sku="11312110" venderid="1000004052" jdzy_shop_id="1000004052" ts_venderid="">\n  <div class="p-img">\n    <a target="_blank" href="http://item.jd.com/11312110.html">\n                    <img width="200" height="200" data-img="1" data-lazy-img="//img10.360buyimg.com/n7/g14/M03/0E/0D/rBEhV1Im1n8IAAAAAAcHltD_3_8AAC0FgC-1WoABweu831.jpg">\n          </a>\n      </div>\n  <div class="p-price">\n    <strong class="J_price"><em></em><i></i></strong>\n    <div class="p-icons J-pro-icons">\n          </div>\n  </div>\n  <div class="p-name">\n    <a target="_blank" title="" href="http://item.jd.com/11312110.html">\n      <em>Java\u9ad8\u7ea7\u4e3b\u9898\uff1aJava\u5b89\u5168\u7f16\u7801\u6807\u51c6+\u6df1\u5165\u7406\u89e3Java\u865a\u62df\u673a\uff08\u7b2c2\u7248\uff09\uff08\u4eac\u4e1c\u5957\u88c5\u51712\u518c\uff09</em>\n      <i class="promo-words"></i>\n    </a>\n  </div>\n      <div class="p-bookdetails">\n      <span class="p-bi-name">\n                  <span class="author_type_1" style="display: ;">\n                                                                     <a title="Fred Long" href="http://book.jd.com/writer/Fred%20Long_1.html" target="_blank"> Fred Long </a>                                                        \uff0c                             <a title="Dhruv Mohindra" href="http://book.jd.com/writer/Dhruv%20Mohindra_1.html" target="_blank"> Dhruv Mohindra </a>                                           \u7b49            \u8457          </span>\n                            <span class="author_type_2" style="display: none;">\n                                                                     <a title="\u8ba1\u6587\u67ef" href="http://book.jd.com/writer/%E8%AE%A1%E6%96%87%E6%9F%AF_1.html" target="_blank"> \u8ba1\u6587\u67ef </a>                                                        \uff0c                             <a title="\u6768\u6653\u6625" href="http://book.jd.com/writer/%E6%9D%A8%E6%99%93%E6%98%A5_1.html" target="_blank"> \u6768\u6653\u6625 </a>                                        \u8bd1          </span>\n                        </span>\n      <em>|</em>      <span class="p-bi-store">\n                  <a title="\u673a\u68b0\u5de5\u4e1a\u51fa\u7248\u793e" href="http://book.jd.com/publish/%E6%9C%BA%E6%A2%B0%E5%B7%A5%E4%B8%9A%E5%87%BA%E7%89%88%E7%A4%BE_1.html" target="_blank">\u673a\u68b0\u5de5\u4e1a\u51fa\u7248\u793e</a>\n              </span>\n      <em>|</em>      <span class="p-bi-date">\n        2013-06      </span>\n    </div>\n        <div class="p-shop hide" data-score="4" data-reputation="0" data-shopid="" data-done="1"></div>\n    <div class="p-commit"><strong>\u5df2\u6709<a target="_blank" href="http://item.jd.com/11312110.html#comments-list">3392</a>\u4eba\u8bc4\u4ef7</strong></div>\n    <div class="p-shopnum">\n      <span class="curr-shop">\u4eac\u4e1c\u81ea\u8425</span>\n    </div>\n    <div class="p-operate">\n      <a class="p-o-btn focus J_focus" data-sku="11312110" href="javascript:;">\n        <i></i>\u5173\u6ce8\n      </a>\n      <a class="p-o-btn addcart" target="_blank" href="http://gate.jd.com/InitCart.aspx?pid=11312110&amp;pcount=1&amp;ptype=1">\n        <i></i>\u52a0\u5165\u8d2d\u7269\u8f66\n      </a>\n    </div>\n    <div class="p-stock" data-isdeliveryable="5" style="display: none;"></div>\n    <div class="p-service">\u7531 \u4eac\u4e1c \u53d1\u8d27</div>\n    <div class="p-summary">\n      <a href="http://item.jd.com/11312110.html#recommend-editor" target="_blank">\u66f4\u591a&gt;</a>\n    </div>\n    <div class="p-addtocart">\n      <a data-sku="11312110" href="http://gate.jd.com/InitCart.aspx?pid=11312110&amp;pcount=1&amp;ptype=1"><i></i>\u52a0\u5165\u8d2d\u7269\u8f66</a>\n    </div>\n  </div>\n                                  </div>\n              </div>\n            </div>']
2016-01-18 16:52:00 [jd] INFO: !!!!!!!!!!!!!!!!!!!!!!!!
2016-01-18 16:52:00 [jd] INFO: !!!!!!!!!!!!!!!!!!!!!!!!
2016-01-18 16:52:00 [jd] INFO: [u'<div class="gl-i-wrap j-sku-item" data-sku="1394398542" venderid="51031" jdzy_shop_id="47718" ts_venderid="1394398542">\n  <div class="p-img">\n    <a target="_blank" href="http://item.jd.com/1394398542.html">\n                    <img width="200" height="200" data-img="1" data-lazy-img="//img12.360buyimg.com/n7/jfs/t2344/125/942296026/296629/e6e96f7f/56396db7N12d8bd0d.jpg">\n          </a>\n      </div>\n  <div class="p-price">\n    <strong class="J_price"><em></em><i></i></strong>\n    <div class="p-icons J-pro-icons">\n          </div>\n  </div>\n  <div class="p-name">\n    <a target="_blank" title="" href="http://item.jd.com/1394398542.html">\n      <em>java\u7f16\u7a0b\u601d\u60f3(\u7b2c4\u7248) \u57c3\u514b\u5c14\u8457 java\u7a0b\u5e8f\u8bbe\u8ba1\u6559\u7a0b \u673a\u68b0\u5de5\u4e1a\u51fa\u7248\u793e</em>\n      <i class="promo-words"></i>\n    </a>\n  </div>\n      <div class="p-bookdetails">\n      <span class="p-bi-name">\n              </span>\n            <span class="p-bi-store">\n                  <a title="\u673a\u68b0\u5de5\u4e1a\u51fa\u7248\u793e" href="http://book.jd.com/publish/%E6%9C%BA%E6%A2%B0%E5%B7%A5%E4%B8%9A%E5%87%BA%E7%89%88%E7%A4%BE_1.html" target="_blank">\u673a\u68b0\u5de5\u4e1a\u51fa\u7248\u793e</a>\n              </span>\n      <em>|</em>      <span class="p-bi-date">\n        2014-12      </span>\n    </div>\n        <div class="p-shop hide" data-score="4" data-reputation="0" data-shopid="" data-done="1"></div>\n    <div class="p-commit"><strong>\u5df2\u6709<a target="_blank" href="http://item.jd.com/1394398542.html#comments-list">0</a>\u4eba\u8bc4\u4ef7</strong></div>\n    <div class="p-shopnum">\n      <span class="curr-shop">\u4eac\u4e1c\u81ea\u8425</span>\n    </div>\n    <div class="p-operate">\n      <a class="p-o-btn focus J_focus" data-sku="1394398542" href="javascript:;">\n        <i></i>\u5173\u6ce8\n      </a>\n      <a class="p-o-btn addcart" target="_blank" href="http://gate.jd.com/InitCart.aspx?pid=1394398542&amp;pcount=1&amp;ptype=1">\n        <i></i>\u52a0\u5165\u8d2d\u7269\u8f66\n      </a>\n    </div>\n    <div class="p-stock" data-isdeliveryable="5" style="display: none;"></div>\n    <div class="p-service">\u7531 \u4eac\u4e1c \u53d1\u8d27</div>\n    <div class="p-summary">\n      <a href="http://item.jd.com/1394398542.html#recommend-editor" target="_blank">\u66f4\u591a&gt;</a>\n    </div>\n    <div class="p-addtocart">\n      <a data-sku="1394398542" href="http://gate.jd.com/InitCart.aspx?pid=1394398542&amp;pcount=1&amp;ptype=1"><i></i>\u52a0\u5165\u8d2d\u7269\u8f66</a>\n    </div>\n  </div>']
2016-01-18 16:52:00 [jd] INFO: !!!!!!!!!!!!!!!!!!!!!!!!
2016-01-18 16:52:00 [jd] INFO: !!!!!!!!!!!!!!!!!!!!!!!!
2016-01-18 16:52:00 [jd] INFO: [u'<div class="gl-i-wrap j-sku-item" data-sku="1257259160" venderid="80721" jdzy_shop_id="77541" ts_venderid="1257259160">\n  <div class="p-img">\n    <a target="_blank" href="http://item.jd.com/1257259160.html">\n                    <img width="200" height="200" data-img="1" data-lazy-img="//img10.360buyimg.com/n7/jfs/t229/332/564447144/123557/33ce7436/53ed951aNcb6e9970.jpg">\n          </a>\n      </div>\n  <div class="p-price">\n    <strong class="J_price"><em></em><i></i></strong>\n    <div class="p-icons J-pro-icons">\n          </div>\n  </div>\n  <div class="p-name">\n    <a target="_blank" title="" href="http://item.jd.com/1257259160.html">\n      <em>\u96f6\u57fa\u7840\u5b66Java \u7b2c4\u7248  java\u8bed\u8a00\u7a0b\u5e8f\u8bbe\u8ba1  \u9644\u8d60DVD</em>\n      <i class="promo-words"></i>\n    </a>\n  </div>\n      <div class="p-bookdetails">\n      <span class="p-bi-name">\n              </span>\n            <span class="p-bi-store">\n                  <a title="\u673a\u68b0\u5de5\u4e1a" href="http://book.jd.com/publish/%E6%9C%BA%E6%A2%B0%E5%B7%A5%E4%B8%9A_1.html" target="_blank">\u673a\u68b0\u5de5\u4e1a</a>\n              </span>\n      <em>|</em>      <span class="p-bi-date">\n        2014-12      </span>\n    </div>\n        <div class="p-shop hide" data-score="4" data-reputation="0" data-shopid="" data-done="1"></div>\n    <div class="p-commit"><strong>\u5df2\u6709<a target="_blank" href="http://item.jd.com/1257259160.html#comments-list">0</a>\u4eba\u8bc4\u4ef7</strong></div>\n    <div class="p-shopnum">\n      <span class="curr-shop">\u4eac\u4e1c\u81ea\u8425</span>\n    </div>\n    <div class="p-operate">\n      <a class="p-o-btn focus J_focus" data-sku="1257259160" href="javascript:;">\n        <i></i>\u5173\u6ce8\n      </a>\n      <a class="p-o-btn addcart" target="_blank" href="http://gate.jd.com/InitCart.aspx?pid=1257259160&amp;pcount=1&amp;ptype=1">\n        <i></i>\u52a0\u5165\u8d2d\u7269\u8f66\n      </a>\n    </div>\n    <div class="p-stock" data-isdeliveryable="5" style="display: none;"></div>\n    <div class="p-service">\u7531 \u4eac\u4e1c \u53d1\u8d27</div>\n    <div class="p-summary">\n      <a href="http://item.jd.com/1257259160.html#recommend-editor" target="_blank">\u66f4\u591a&gt;</a>\n    </div>\n    <div class="p-addtocart">\n      <a data-sku="1257259160" href="http://gate.jd.com/InitCart.aspx?pid=1257259160&amp;pcount=1&amp;ptype=1"><i></i>\u52a0\u5165\u8d2d\u7269\u8f66</a>\n    </div>\n  </div>']
2016-01-18 16:52:00 [jd] INFO: !!!!!!!!!!!!!!!!!!!!!!!!
2016-01-18 16:52:00 [jd] INFO: !!!!!!!!!!!!!!!!!!!!!!!!
2016-01-18 16:52:00 [jd] INFO: [u'<div class="gl-i-wrap j-sku-item" data-sku="1521523892" venderid="80727" jdzy_shop_id="77538" ts_venderid="1521523892">\n  <div class="p-img">\n    <a target="_blank" href="http://item.jd.com/1521523892.html">\n                    <img width="200" height="200" data-img="1" data-lazy-img="//img12.360buyimg.com/n7/jfs/t709/10/1256429237/255326/77bf5d79/552dd679N1a040c79.jpg">\n          </a>\n      </div>\n  <div class="p-price">\n    <strong class="J_price"><em></em><i></i></strong>\n    <div class="p-icons J-pro-icons">\n          </div>\n  </div>\n  <div class="p-name">\n    <a target="_blank" title="" href="http://item.jd.com/1521523892.html">\n      <em>Java\u5165\u95e8123\u2014\u2014\u4e00\u4e2a\u8001\u9e1f\u7684Java\u5b66\u4e60\u5fc3\u5f97\uff08\u4e8c\u7ef4\u7801\u7248) 9787302394686</em>\n      <i class="promo-words"></i>\n    </a>\n  </div>\n      <div class="p-bookdetails">\n      <span class="p-bi-name">\n              </span>\n            <span class="p-bi-store">\n                  <a title="\u6e05\u534e\u5927\u5b66\u51fa\u7248\u793e" href="http://book.jd.com/publish/%E6%B8%85%E5%8D%8E%E5%A4%A7%E5%AD%A6%E5%87%BA%E7%89%88%E7%A4%BE_1.html" target="_blank">\u6e05\u534e\u5927\u5b66\u51fa\u7248\u793e</a>\n              </span>\n      <em>|</em>      <span class="p-bi-date">\n        2014-12      </span>\n    </div>\n        <div class="p-shop hide" data-score="4" data-reputation="0" data-shopid="" data-done="1"></div>\n    <div class="p-commit"><strong>\u5df2\u6709<a target="_blank" href="http://item.jd.com/1521523892.html#comments-list">0</a>\u4eba\u8bc4\u4ef7</strong></div>\n    <div class="p-shopnum">\n      <span class="curr-shop">\u4eac\u4e1c\u81ea\u8425</span>\n    </div>\n    <div class="p-operate">\n      <a class="p-o-btn focus J_focus" data-sku="1521523892" href="javascript:;">\n        <i></i>\u5173\u6ce8\n      </a>\n      <a class="p-o-btn addcart" target="_blank" href="http://gate.jd.com/InitCart.aspx?pid=1521523892&amp;pcount=1&amp;ptype=1">\n        <i></i>\u52a0\u5165\u8d2d\u7269\u8f66\n      </a>\n    </div>\n    <div class="p-stock" data-isdeliveryable="5" style="display: none;"></div>\n    <div class="p-service">\u7531 \u4eac\u4e1c \u53d1\u8d27</div>\n    <div class="p-summary">\n      <a href="http://item.jd.com/1521523892.html#recommend-editor" target="_blank">\u66f4\u591a&gt;</a>\n    </div>\n    <div class="p-addtocart">\n      <a data-sku="1521523892" href="http://gate.jd.com/InitCart.aspx?pid=1521523892&amp;pcount=1&amp;ptype=1"><i></i>\u52a0\u5165\u8d2d\u7269\u8f66</a>\n    </div>\n  </div>']
2016-01-18 16:52:00 [jd] INFO: !!!!!!!!!!!!!!!!!!!!!!!!
2016-01-18 16:52:00 [jd] INFO: !!!!!!!!!!!!!!!!!!!!!!!!
2016-01-18 16:52:00 [jd] INFO: [u'<div class="gl-i-wrap j-sku-item" data-sku="1226644329" venderid="80727" jdzy_shop_id="77538" ts_venderid="1226644329">\n  <div class="p-img">\n    <a target="_blank" href="http://item.jd.com/1226644329.html">\n                    <img width="200" height="200" data-img="1" data-lazy-img="//img14.360buyimg.com/n7/jfs/t166/281/2391986571/182350/2a5281a9/53ce1444N0576e825.jpg">\n          </a>\n      </div>\n  <div class="p-price">\n    <strong class="J_price"><em></em><i></i></strong>\n    <div class="p-icons J-pro-icons">\n          </div>\n  </div>\n  <div class="p-name">\n    <a target="_blank" title="" href="http://item.jd.com/1226644329.html">\n      <em>\u96f6\u57fa\u7840\u5b66Java \u7b2c4\u7248  java\u8bed\u8a00\u7a0b\u5e8f\u8bbe\u8ba1  \u9644\u8d60DVD</em>\n      <i class="promo-words"></i>\n    </a>\n  </div>\n      <div class="p-bookdetails">\n      <span class="p-bi-name">\n              </span>\n            <span class="p-bi-store">\n                  <a title="\u673a\u68b0\u5de5\u4e1a\u51fa\u7248\u793e" href="http://book.jd.com/publish/%E6%9C%BA%E6%A2%B0%E5%B7%A5%E4%B8%9A%E5%87%BA%E7%89%88%E7%A4%BE_1.html" target="_blank">\u673a\u68b0\u5de5\u4e1a\u51fa\u7248\u793e</a>\n              </span>\n      <em>|</em>      <span class="p-bi-date">\n        2014-12      </span>\n    </div>\n        <div class="p-shop hide" data-score="4" data-reputation="0" data-shopid="" data-done="1"></div>\n    <div class="p-commit"><strong>\u5df2\u6709<a target="_blank" href="http://item.jd.com/1226644329.html#comments-list">0</a>\u4eba\u8bc4\u4ef7</strong></div>\n    <div class="p-shopnum">\n      <span class="curr-shop">\u4eac\u4e1c\u81ea\u8425</span>\n    </div>\n    <div class="p-operate">\n      <a class="p-o-btn focus J_focus" data-sku="1226644329" href="javascript:;">\n        <i></i>\u5173\u6ce8\n      </a>\n      <a class="p-o-btn addcart" target="_blank" href="http://gate.jd.com/InitCart.aspx?pid=1226644329&amp;pcount=1&amp;ptype=1">\n        <i></i>\u52a0\u5165\u8d2d\u7269\u8f66\n      </a>\n    </div>\n    <div class="p-stock" data-isdeliveryable="5" style="display: none;"></div>\n    <div class="p-service">\u7531 \u4eac\u4e1c \u53d1\u8d27</div>\n    <div class="p-summary">\n      <a href="http://item.jd.com/1226644329.html#recommend-editor" target="_blank">\u66f4\u591a&gt;</a>\n    </div>\n    <div class="p-addtocart">\n      <a data-sku="1226644329" href="http://gate.jd.com/InitCart.aspx?pid=1226644329&amp;pcount=1&amp;ptype=1"><i></i>\u52a0\u5165\u8d2d\u7269\u8f66</a>\n    </div>\n  </div>']
2016-01-18 16:52:00 [jd] INFO: !!!!!!!!!!!!!!!!!!!!!!!!
2016-01-18 16:52:00 [jd] INFO: !!!!!!!!!!!!!!!!!!!!!!!!
2016-01-18 16:52:00 [jd] INFO: [u'<div class="gl-i-wrap j-sku-item" data-sku="1481696209" venderid="77597" jdzy_shop_id="74141" ts_venderid="1481696209">\n  <div class="p-img">\n    <a target="_blank" href="http://item.jd.com/1481696209.html">\n                    <img width="200" height="200" data-img="1" data-lazy-img="//img14.360buyimg.com/n7/jfs/t937/200/162361406/324707/fbc7f31d/5502a598Nbd369e14.jpg">\n          </a>\n      </div>\n  <div class="p-price">\n    <strong class="J_price"><em></em><i></i></strong>\n    <div class="p-icons J-pro-icons">\n          </div>\n  </div>\n  <div class="p-name">\n    <a target="_blank" title="" href="http://item.jd.com/1481696209.html">\n      <em>\u6b63\u7248\u73b0\u8d27 Java\u4ece\u5165\u95e8\u5230\u7cbe\u901a\uff08\u7b2c3\u7248\uff09\u7f16\u7a0b\u601d\u60f3\u6838\u5fc3\u6559\u7a0b \u7535\u8111\u7f16\u7a0b\u8ba1\u7b97\u673a\u6559\u7a0b \u4e66\u7c4d</em>\n      <i class="promo-words"></i>\n    </a>\n  </div>\n      <div class="p-bookdetails">\n      <span class="p-bi-name">\n              </span>\n            <span class="p-bi-store">\n                  <a title="\u6e05\u534e\u5927\u5b66\u51fa\u7248\u793e" href="http://book.jd.com/publish/%E6%B8%85%E5%8D%8E%E5%A4%A7%E5%AD%A6%E5%87%BA%E7%89%88%E7%A4%BE_1.html" target="_blank">\u6e05\u534e\u5927\u5b66\u51fa\u7248\u793e</a>\n              </span>\n      <em>|</em>      <span class="p-bi-date">\n        2014-12      </span>\n    </div>\n        <div class="p-shop hide" data-score="4" data-reputation="0" data-shopid="" data-done="1"></div>\n    <div class="p-commit"><strong>\u5df2\u6709<a target="_blank" href="http://item.jd.com/1481696209.html#comments-list">5</a>\u4eba\u8bc4\u4ef7</strong></div>\n    <div class="p-shopnum">\n      <span class="curr-shop">\u4eac\u4e1c\u81ea\u8425</span>\n    </div>\n    <div class="p-operate">\n      <a class="p-o-btn focus J_focus" data-sku="1481696209" href="javascript:;">\n        <i></i>\u5173\u6ce8\n      </a>\n      <a class="p-o-btn addcart" target="_blank" href="http://gate.jd.com/InitCart.aspx?pid=1481696209&amp;pcount=1&amp;ptype=1">\n        <i></i>\u52a0\u5165\u8d2d\u7269\u8f66\n      </a>\n    </div>\n    <div class="p-stock" data-isdeliveryable="5" style="display: none;"></div>\n    <div class="p-service">\u7531 \u4eac\u4e1c \u53d1\u8d27</div>\n    <div class="p-summary">\n      <a href="http://item.jd.com/1481696209.html#recommend-editor" target="_blank">\u66f4\u591a&gt;</a>\n    </div>\n    <div class="p-addtocart">\n      <a data-sku="1481696209" href="http://gate.jd.com/InitCart.aspx?pid=1481696209&amp;pcount=1&amp;ptype=1"><i></i>\u52a0\u5165\u8d2d\u7269\u8f66</a>\n    </div>\n  </div>']
2016-01-18 16:52:00 [jd] INFO: !!!!!!!!!!!!!!!!!!!!!!!!
2016-01-18 16:52:00 [jd] INFO: !!!!!!!!!!!!!!!!!!!!!!!!
2016-01-18 16:52:00 [jd] INFO: [u'<div class="gl-i-wrap j-sku-item" data-sku="1492966862" venderid="51587" jdzy_shop_id="48858" ts_venderid="1492966862">\n  <div class="p-img">\n    <a target="_blank" href="http://item.jd.com/1492966862.html">\n                    <img width="200" height="200" data-img="1" data-lazy-img="//img12.360buyimg.com/n7/jfs/t907/100/253042959/295517/30dfdfbf/550fc2eeN95c620fa.jpg">\n          </a>\n      </div>\n  <div class="p-price">\n    <strong class="J_price"><em></em><i></i></strong>\n    <div class="p-icons J-pro-icons">\n          </div>\n  </div>\n  <div class="p-name">\n    <a target="_blank" title="" href="http://item.jd.com/1492966862.html">\n      <em>\u533a\u57df\u5305\u90ae \u5b9e\u6218Java\u865a\u62df\u673a JVM\u6545\u969c\u8bca\u65ad\u4e0e\u6027\u80fd\u4f18\u5316+\u6df1\u5165\u7406\u89e3Java\u865a\u62df\u673a2\u672c</em>\n      <i class="promo-words"></i>\n    </a>\n  </div>\n      <div class="p-bookdetails">\n      <span class="p-bi-name">\n              </span>\n            <span class="p-bi-store">\n                  <a title="\u7535\u5b50\u5de5\u4e1a\u51fa\u7248\u793e" href="http://book.jd.com/publish/%E7%94%B5%E5%AD%90%E5%B7%A5%E4%B8%9A%E5%87%BA%E7%89%88%E7%A4%BE_1.html" target="_blank">\u7535\u5b50\u5de5\u4e1a\u51fa\u7248\u793e</a>\n              </span>\n      <em>|</em>      <span class="p-bi-date">\n        2014-12      </span>\n    </div>\n        <div class="p-shop hide" data-score="4" data-reputation="0" data-shopid="" data-done="1"></div>\n    <div class="p-commit"><strong>\u5df2\u6709<a target="_blank" href="http://item.jd.com/1492966862.html#comments-list">1</a>\u4eba\u8bc4\u4ef7</strong></div>\n    <div class="p-shopnum">\n      <span class="curr-shop">\u4eac\u4e1c\u81ea\u8425</span>\n    </div>\n    <div class="p-operate">\n      <a class="p-o-btn focus J_focus" data-sku="1492966862" href="javascript:;">\n        <i></i>\u5173\u6ce8\n      </a>\n      <a class="p-o-btn addcart" target="_blank" href="http://gate.jd.com/InitCart.aspx?pid=1492966862&amp;pcount=1&amp;ptype=1">\n        <i></i>\u52a0\u5165\u8d2d\u7269\u8f66\n      </a>\n    </div>\n    <div class="p-stock" data-isdeliveryable="5" style="display: none;"></div>\n    <div class="p-service">\u7531 \u4eac\u4e1c \u53d1\u8d27</div>\n    <div class="p-summary">\n      <a href="http://item.jd.com/1492966862.html#recommend-editor" target="_blank">\u66f4\u591a&gt;</a>\n    </div>\n    <div class="p-addtocart">\n      <a data-sku="1492966862" href="http://gate.jd.com/InitCart.aspx?pid=1492966862&amp;pcount=1&amp;ptype=1"><i></i>\u52a0\u5165\u8d2d\u7269\u8f66</a>\n    </div>\n  </div>']
2016-01-18 16:52:00 [jd] INFO: !!!!!!!!!!!!!!!!!!!!!!!!
2016-01-18 16:52:00 [jd] INFO: !!!!!!!!!!!!!!!!!!!!!!!!
2016-01-18 16:52:00 [jd] INFO: [u'<div class="gl-i-wrap j-sku-item" data-sku="1373646901" venderid="51031" jdzy_shop_id="47718" ts_venderid="1373646901">\n  <div class="p-img">\n    <a target="_blank" href="http://item.jd.com/1373646901.html">\n                    <img width="200" height="200" data-img="1" data-lazy-img="//img11.360buyimg.com/n7/jfs/t604/49/239984966/234922/25406a62/54588cd4Nae54e6b6.jpg">\n          </a>\n      </div>\n  <div class="p-price">\n    <strong class="J_price"><em></em><i></i></strong>\n    <div class="p-icons J-pro-icons">\n          </div>\n  </div>\n  <div class="p-name">\n    <a target="_blank" title="" href="http://item.jd.com/1373646901.html">\n      <em>Java 7\u5e76\u53d1\u7f16\u7a0b\u5b9e\u6218\u624b\u518c java\u7f16\u7a0b Java 7\u591a\u7ebf\u7a0b\u5e94\u7528\u7a0b\u5e8f\u5f00\u53d1 \u4e66\u7c4d</em>\n      <i class="promo-words"></i>\n    </a>\n  </div>\n      <div class="p-bookdetails">\n      <span class="p-bi-name">\n              </span>\n            <span class="p-bi-store">\n                  <a title="\u4eba\u6c11\u90ae\u7535\u51fa\u7248\u793e" href="http://book.jd.com/publish/%E4%BA%BA%E6%B0%91%E9%82%AE%E7%94%B5%E5%87%BA%E7%89%88%E7%A4%BE_1.html" target="_blank">\u4eba\u6c11\u90ae\u7535\u51fa\u7248\u793e</a>\n              </span>\n      <em>|</em>      <span class="p-bi-date">\n        2014-12      </span>\n    </div>\n        <div class="p-shop hide" data-score="4" data-reputation="0" data-shopid="" data-done="1"></div>\n    <div class="p-commit"><strong>\u5df2\u6709<a target="_blank" href="http://item.jd.com/1373646901.html#comments-list">10</a>\u4eba\u8bc4\u4ef7</strong></div>\n    <div class="p-shopnum">\n      <span class="curr-shop">\u4eac\u4e1c\u81ea\u8425</span>\n    </div>\n    <div class="p-operate">\n      <a class="p-o-btn focus J_focus" data-sku="1373646901" href="javascript:;">\n        <i></i>\u5173\u6ce8\n      </a>\n      <a class="p-o-btn addcart" target="_blank" href="http://gate.jd.com/InitCart.aspx?pid=1373646901&amp;pcount=1&amp;ptype=1">\n        <i></i>\u52a0\u5165\u8d2d\u7269\u8f66\n      </a>\n    </div>\n    <div class="p-stock" data-isdeliveryable="5" style="display: none;"></div>\n    <div class="p-service">\u7531 \u4eac\u4e1c \u53d1\u8d27</div>\n    <div class="p-summary">\n      <a href="http://item.jd.com/1373646901.html#recommend-editor" target="_blank">\u66f4\u591a&gt;</a>\n    </div>\n    <div class="p-addtocart">\n      <a data-sku="1373646901" href="http://gate.jd.com/InitCart.aspx?pid=1373646901&amp;pcount=1&amp;ptype=1"><i></i>\u52a0\u5165\u8d2d\u7269\u8f66</a>\n    </div>\n  </div>']
2016-01-18 16:52:00 [jd] INFO: !!!!!!!!!!!!!!!!!!!!!!!!
2016-01-18 16:52:00 [jd] INFO: !!!!!!!!!!!!!!!!!!!!!!!!
2016-01-18 16:52:00 [jd] INFO: [u'<div class="gl-i-wrap">\n              <div class="gl-i-tab">\n                <div class="gl-i-tab-trigger">\n                  <span title="Java\u865a\u62df\u673a\u5e76\u53d1\u7f16\u7a0b" class="item selected">\u5355\u4ef6</span>\n                                      <span title="Java\u865a\u62df\u673a\u5957\u88c5\uff08\u4eac\u4e1c\u5957\u88c5\u51712\u518c\uff09" class="item">\u5957\u88c52\u4ef6</span>\n                                  </div>\n                <div class="gl-i-tab-content">\n                                        <div class="tab-content-item tab-cnt-i-selected j-sku-item" data-sku="11231128" venderid="1000004052" jdzy_shop_id="1000004052" ts_venderid="">\n  <div class="p-img">\n    <a target="_blank" href="http://item.jd.com/11231128.html">\n                    <img width="200" height="200" data-img="1" data-lazy-img="//img13.360buyimg.com/n7/g12/M00/03/18/rBEQYVGLP8gIAAAAAAMKjEgekzIAAAvEwPPFOUAAwqk209.jpg">\n          </a>\n      </div>\n  <div class="p-price">\n    <strong class="J_price"><em></em><i></i></strong>\n    <div class="p-icons J-pro-icons">\n          </div>\n  </div>\n  <div class="p-name">\n    <a target="_blank" title="" href="http://item.jd.com/11231128.html">\n      <em>Java\u865a\u62df\u673a\u5e76\u53d1\u7f16\u7a0b</em>\n      <i class="promo-words"></i>\n    </a>\n  </div>\n      <div class="p-bookdetails">\n      <span class="p-bi-name">\n                  <span class="author_type_1" style="display: ;">\n                                                                     <a title="Venkat Subramaniam" href="http://book.jd.com/writer/Venkat%20Subramaniam_1.html" target="_blank"> Venkat Subramaniam </a>                                        \u8457          </span>\n                        </span>\n      <em>|</em>      <span class="p-bi-store">\n                  <a title="\u673a\u68b0\u5de5\u4e1a\u51fa\u7248\u793e" href="http://book.jd.com/publish/%E6%9C%BA%E6%A2%B0%E5%B7%A5%E4%B8%9A%E5%87%BA%E7%89%88%E7%A4%BE_1.html" target="_blank">\u673a\u68b0\u5de5\u4e1a\u51fa\u7248\u793e</a>\n              </span>\n      <em>|</em>      <span class="p-bi-date">\n        2013-05      </span>\n    </div>\n        <div class="p-shop hide" data-score="4" data-reputation="0" data-shopid="" data-done="1"></div>\n    <div class="p-commit"><strong>\u5df2\u6709<a target="_blank" href="http://item.jd.com/11231128.html#comments-list">206</a>\u4eba\u8bc4\u4ef7</strong></div>\n    <div class="p-shopnum">\n      <span class="curr-shop">\u4eac\u4e1c\u81ea\u8425</span>\n    </div>\n    <div class="p-operate">\n      <a class="p-o-btn focus J_focus" data-sku="11231128" href="javascript:;">\n        <i></i>\u5173\u6ce8\n      </a>\n      <a class="p-o-btn addcart" target="_blank" href="http://gate.jd.com/InitCart.aspx?pid=11231128&amp;pcount=1&amp;ptype=1">\n        <i></i>\u52a0\u5165\u8d2d\u7269\u8f66\n      </a>\n    </div>\n    <div class="p-stock" data-isdeliveryable="5" style="display: none;"></div>\n    <div class="p-service">\u7531 \u4eac\u4e1c \u53d1\u8d27</div>\n    <div class="p-summary">\n      <a href="http://item.jd.com/11231128.html#recommend-editor" target="_blank">\u66f4\u591a&gt;</a>\n    </div>\n    <div class="p-addtocart">\n      <a data-sku="11231128" href="http://gate.jd.com/InitCart.aspx?pid=11231128&amp;pcount=1&amp;ptype=1"><i></i>\u52a0\u5165\u8d2d\u7269\u8f66</a>\n    </div>\n  </div>\n                                        <div class="tab-content-item j-sku-item" data-sku="11311997" venderid="1000004052" jdzy_shop_id="1000004052" ts_venderid="">\n  <div class="p-img">\n    <a target="_blank" href="http://item.jd.com/11311997.html">\n                    <img width="200" height="200" data-img="1" data-lazy-img="//img12.360buyimg.com/n7/g14/M03/0E/0D/rBEhVVIm1nQIAAAAAAcwEUzMuNoAAC0FQForAwABzAp321.jpg">\n          </a>\n      </div>\n  <div class="p-price">\n    <strong class="J_price"><em></em><i></i></strong>\n    <div class="p-icons J-pro-icons">\n          </div>\n  </div>\n  <div class="p-name">\n    <a target="_blank" title="" href="http://item.jd.com/11311997.html">\n      <em>Java\u865a\u62df\u673a\u5957\u88c5\uff08\u4eac\u4e1c\u5957\u88c5\u51712\u518c\uff09</em>\n      <i class="promo-words"></i>\n    </a>\n  </div>\n      <div class="p-bookdetails">\n      <span class="p-bi-name">\n                  <span class="author_type_1" style="display: ;">\n                                                                     <a title="Venkat Subramaniam" href="http://book.jd.com/writer/Venkat%20Subramaniam_1.html" target="_blank"> Venkat Subramaniam </a>                                        \u8457          </span>\n                        </span>\n      <em>|</em>      <span class="p-bi-store">\n                  <a title="\u673a\u68b0\u5de5\u4e1a\u51fa\u7248\u793e" href="http://book.jd.com/publish/%E6%9C%BA%E6%A2%B0%E5%B7%A5%E4%B8%9A%E5%87%BA%E7%89%88%E7%A4%BE_1.html" target="_blank">\u673a\u68b0\u5de5\u4e1a\u51fa\u7248\u793e</a>\n              </span>\n      <em>|</em>      <span class="p-bi-date">\n        2013-05      </span>\n    </div>\n        <div class="p-shop hide" data-score="4" data-reputation="0" data-shopid="" data-done="1"></div>\n    <div class="p-commit"><strong>\u5df2\u6709<a target="_blank" href="http://item.jd.com/11311997.html#comments-list">3514</a>\u4eba\u8bc4\u4ef7</strong></div>\n    <div class="p-shopnum">\n      <span class="curr-shop">\u4eac\u4e1c\u81ea\u8425</span>\n    </div>\n    <div class="p-operate">\n      <a class="p-o-btn focus J_focus" data-sku="11311997" href="javascript:;">\n        <i></i>\u5173\u6ce8\n      </a>\n      <a class="p-o-btn addcart" target="_blank" href="http://gate.jd.com/InitCart.aspx?pid=11311997&amp;pcount=1&amp;ptype=1">\n        <i></i>\u52a0\u5165\u8d2d\u7269\u8f66\n      </a>\n    </div>\n    <div class="p-stock" data-isdeliveryable="5" style="display: none;"></div>\n    <div class="p-service">\u7531 \u4eac\u4e1c \u53d1\u8d27</div>\n    <div class="p-summary">\n      <a href="http://item.jd.com/11311997.html#recommend-editor" target="_blank">\u66f4\u591a&gt;</a>\n    </div>\n    <div class="p-addtocart">\n      <a data-sku="11311997" href="http://gate.jd.com/InitCart.aspx?pid=11311997&amp;pcount=1&amp;ptype=1"><i></i>\u52a0\u5165\u8d2d\u7269\u8f66</a>\n    </div>\n  </div>\n                                  </div>\n              </div>\n            </div>']
2016-01-18 16:52:00 [jd] INFO: !!!!!!!!!!!!!!!!!!!!!!!!
2016-01-18 16:52:00 [jd] INFO: !!!!!!!!!!!!!!!!!!!!!!!!
2016-01-18 16:52:00 [jd] INFO: [u'<div class="gl-i-wrap">\n              <div class="gl-i-tab">\n                <div class="gl-i-tab-trigger">\n                  <span title="Java\u865a\u62df\u673a\u5e76\u53d1\u7f16\u7a0b" class="item selected">\u5355\u4ef6</span>\n                                      <span title="Java\u865a\u62df\u673a\u5957\u88c5\uff08\u4eac\u4e1c\u5957\u88c5\u51712\u518c\uff09" class="item">\u5957\u88c52\u4ef6</span>\n                                  </div>\n                <div class="gl-i-tab-content">\n                                        <div class="tab-content-item tab-cnt-i-selected j-sku-item" data-sku="11231128" venderid="1000004052" jdzy_shop_id="1000004052" ts_venderid="">\n  <div class="p-img">\n    <a target="_blank" href="http://item.jd.com/11231128.html">\n                    <img width="200" height="200" data-img="1" data-lazy-img="//img13.360buyimg.com/n7/g12/M00/03/18/rBEQYVGLP8gIAAAAAAMKjEgekzIAAAvEwPPFOUAAwqk209.jpg">\n          </a>\n      </div>\n  <div class="p-price">\n    <strong class="J_price"><em></em><i></i></strong>\n    <div class="p-icons J-pro-icons">\n          </div>\n  </div>\n  <div class="p-name">\n    <a target="_blank" title="" href="http://item.jd.com/11231128.html">\n      <em>Java\u865a\u62df\u673a\u5e76\u53d1\u7f16\u7a0b</em>\n      <i class="promo-words"></i>\n    </a>\n  </div>\n      <div class="p-bookdetails">\n      <span class="p-bi-name">\n                  <span class="author_type_1" style="display: ;">\n                                                                     <a title="Venkat Subramaniam" href="http://book.jd.com/writer/Venkat%20Subramaniam_1.html" target="_blank"> Venkat Subramaniam </a>                                        \u8457          </span>\n                        </span>\n      <em>|</em>      <span class="p-bi-store">\n                  <a title="\u673a\u68b0\u5de5\u4e1a\u51fa\u7248\u793e" href="http://book.jd.com/publish/%E6%9C%BA%E6%A2%B0%E5%B7%A5%E4%B8%9A%E5%87%BA%E7%89%88%E7%A4%BE_1.html" target="_blank">\u673a\u68b0\u5de5\u4e1a\u51fa\u7248\u793e</a>\n              </span>\n      <em>|</em>      <span class="p-bi-date">\n        2013-05      </span>\n    </div>\n        <div class="p-shop hide" data-score="4" data-reputation="0" data-shopid="" data-done="1"></div>\n    <div class="p-commit"><strong>\u5df2\u6709<a target="_blank" href="http://item.jd.com/11231128.html#comments-list">206</a>\u4eba\u8bc4\u4ef7</strong></div>\n    <div class="p-shopnum">\n      <span class="curr-shop">\u4eac\u4e1c\u81ea\u8425</span>\n    </div>\n    <div class="p-operate">\n      <a class="p-o-btn focus J_focus" data-sku="11231128" href="javascript:;">\n        <i></i>\u5173\u6ce8\n      </a>\n      <a class="p-o-btn addcart" target="_blank" href="http://gate.jd.com/InitCart.aspx?pid=11231128&amp;pcount=1&amp;ptype=1">\n        <i></i>\u52a0\u5165\u8d2d\u7269\u8f66\n      </a>\n    </div>\n    <div class="p-stock" data-isdeliveryable="5" style="display: none;"></div>\n    <div class="p-service">\u7531 \u4eac\u4e1c \u53d1\u8d27</div>\n    <div class="p-summary">\n      <a href="http://item.jd.com/11231128.html#recommend-editor" target="_blank">\u66f4\u591a&gt;</a>\n    </div>\n    <div class="p-addtocart">\n      <a data-sku="11231128" href="http://gate.jd.com/InitCart.aspx?pid=11231128&amp;pcount=1&amp;ptype=1"><i></i>\u52a0\u5165\u8d2d\u7269\u8f66</a>\n    </div>\n  </div>\n                                        <div class="tab-content-item j-sku-item" data-sku="11311997" venderid="1000004052" jdzy_shop_id="1000004052" ts_venderid="">\n  <div class="p-img">\n    <a target="_blank" href="http://item.jd.com/11311997.html">\n                    <img width="200" height="200" data-img="1" data-lazy-img="//img12.360buyimg.com/n7/g14/M03/0E/0D/rBEhVVIm1nQIAAAAAAcwEUzMuNoAAC0FQForAwABzAp321.jpg">\n          </a>\n      </div>\n  <div class="p-price">\n    <strong class="J_price"><em></em><i></i></strong>\n    <div class="p-icons J-pro-icons">\n          </div>\n  </div>\n  <div class="p-name">\n    <a target="_blank" title="" href="http://item.jd.com/11311997.html">\n      <em>Java\u865a\u62df\u673a\u5957\u88c5\uff08\u4eac\u4e1c\u5957\u88c5\u51712\u518c\uff09</em>\n      <i class="promo-words"></i>\n    </a>\n  </div>\n      <div class="p-bookdetails">\n      <span class="p-bi-name">\n                  <span class="author_type_1" style="display: ;">\n                                                                     <a title="Venkat Subramaniam" href="http://book.jd.com/writer/Venkat%20Subramaniam_1.html" target="_blank"> Venkat Subramaniam </a>                                        \u8457          </span>\n                        </span>\n      <em>|</em>      <span class="p-bi-store">\n                  <a title="\u673a\u68b0\u5de5\u4e1a\u51fa\u7248\u793e" href="http://book.jd.com/publish/%E6%9C%BA%E6%A2%B0%E5%B7%A5%E4%B8%9A%E5%87%BA%E7%89%88%E7%A4%BE_1.html" target="_blank">\u673a\u68b0\u5de5\u4e1a\u51fa\u7248\u793e</a>\n              </span>\n      <em>|</em>      <span class="p-bi-date">\n        2013-05      </span>\n    </div>\n        <div class="p-shop hide" data-score="4" data-reputation="0" data-shopid="" data-done="1"></div>\n    <div class="p-commit"><strong>\u5df2\u6709<a target="_blank" href="http://item.jd.com/11311997.html#comments-list">3514</a>\u4eba\u8bc4\u4ef7</strong></div>\n    <div class="p-shopnum">\n      <span class="curr-shop">\u4eac\u4e1c\u81ea\u8425</span>\n    </div>\n    <div class="p-operate">\n      <a class="p-o-btn focus J_focus" data-sku="11311997" href="javascript:;">\n        <i></i>\u5173\u6ce8\n      </a>\n      <a class="p-o-btn addcart" target="_blank" href="http://gate.jd.com/InitCart.aspx?pid=11311997&amp;pcount=1&amp;ptype=1">\n        <i></i>\u52a0\u5165\u8d2d\u7269\u8f66\n      </a>\n    </div>\n    <div class="p-stock" data-isdeliveryable="5" style="display: none;"></div>\n    <div class="p-service">\u7531 \u4eac\u4e1c \u53d1\u8d27</div>\n    <div class="p-summary">\n      <a href="http://item.jd.com/11311997.html#recommend-editor" target="_blank">\u66f4\u591a&gt;</a>\n    </div>\n    <div class="p-addtocart">\n      <a data-sku="11311997" href="http://gate.jd.com/InitCart.aspx?pid=11311997&amp;pcount=1&amp;ptype=1"><i></i>\u52a0\u5165\u8d2d\u7269\u8f66</a>\n    </div>\n  </div>\n                                  </div>\n              </div>\n            </div>']
2016-01-18 16:52:00 [jd] INFO: !!!!!!!!!!!!!!!!!!!!!!!!
2016-01-18 16:52:00 [jd] INFO: !!!!!!!!!!!!!!!!!!!!!!!!
2016-01-18 16:52:00 [jd] INFO: [u'<div class="gl-i-wrap">\n              <div class="gl-i-tab">\n                <div class="gl-i-tab-trigger">\n                  <span title="Java\u865a\u62df\u673a\u5e76\u53d1\u7f16\u7a0b" class="item selected">\u5355\u4ef6</span>\n                                      <span title="Java\u865a\u62df\u673a\u5957\u88c5\uff08\u4eac\u4e1c\u5957\u88c5\u51712\u518c\uff09" class="item">\u5957\u88c52\u4ef6</span>\n                                  </div>\n                <div class="gl-i-tab-content">\n                                        <div class="tab-content-item tab-cnt-i-selected j-sku-item" data-sku="11231128" venderid="1000004052" jdzy_shop_id="1000004052" ts_venderid="">\n  <div class="p-img">\n    <a target="_blank" href="http://item.jd.com/11231128.html">\n                    <img width="200" height="200" data-img="1" data-lazy-img="//img13.360buyimg.com/n7/g12/M00/03/18/rBEQYVGLP8gIAAAAAAMKjEgekzIAAAvEwPPFOUAAwqk209.jpg">\n          </a>\n      </div>\n  <div class="p-price">\n    <strong class="J_price"><em></em><i></i></strong>\n    <div class="p-icons J-pro-icons">\n          </div>\n  </div>\n  <div class="p-name">\n    <a target="_blank" title="" href="http://item.jd.com/11231128.html">\n      <em>Java\u865a\u62df\u673a\u5e76\u53d1\u7f16\u7a0b</em>\n      <i class="promo-words"></i>\n    </a>\n  </div>\n      <div class="p-bookdetails">\n      <span class="p-bi-name">\n                  <span class="author_type_1" style="display: ;">\n                                                                     <a title="Venkat Subramaniam" href="http://book.jd.com/writer/Venkat%20Subramaniam_1.html" target="_blank"> Venkat Subramaniam </a>                                        \u8457          </span>\n                        </span>\n      <em>|</em>      <span class="p-bi-store">\n                  <a title="\u673a\u68b0\u5de5\u4e1a\u51fa\u7248\u793e" href="http://book.jd.com/publish/%E6%9C%BA%E6%A2%B0%E5%B7%A5%E4%B8%9A%E5%87%BA%E7%89%88%E7%A4%BE_1.html" target="_blank">\u673a\u68b0\u5de5\u4e1a\u51fa\u7248\u793e</a>\n              </span>\n      <em>|</em>      <span class="p-bi-date">\n        2013-05      </span>\n    </div>\n        <div class="p-shop hide" data-score="4" data-reputation="0" data-shopid="" data-done="1"></div>\n    <div class="p-commit"><strong>\u5df2\u6709<a target="_blank" href="http://item.jd.com/11231128.html#comments-list">206</a>\u4eba\u8bc4\u4ef7</strong></div>\n    <div class="p-shopnum">\n      <span class="curr-shop">\u4eac\u4e1c\u81ea\u8425</span>\n    </div>\n    <div class="p-operate">\n      <a class="p-o-btn focus J_focus" data-sku="11231128" href="javascript:;">\n        <i></i>\u5173\u6ce8\n      </a>\n      <a class="p-o-btn addcart" target="_blank" href="http://gate.jd.com/InitCart.aspx?pid=11231128&amp;pcount=1&amp;ptype=1">\n        <i></i>\u52a0\u5165\u8d2d\u7269\u8f66\n      </a>\n    </div>\n    <div class="p-stock" data-isdeliveryable="5" style="display: none;"></div>\n    <div class="p-service">\u7531 \u4eac\u4e1c \u53d1\u8d27</div>\n    <div class="p-summary">\n      <a href="http://item.jd.com/11231128.html#recommend-editor" target="_blank">\u66f4\u591a&gt;</a>\n    </div>\n    <div class="p-addtocart">\n      <a data-sku="11231128" href="http://gate.jd.com/InitCart.aspx?pid=11231128&amp;pcount=1&amp;ptype=1"><i></i>\u52a0\u5165\u8d2d\u7269\u8f66</a>\n    </div>\n  </div>\n                                        <div class="tab-content-item j-sku-item" data-sku="11311997" venderid="1000004052" jdzy_shop_id="1000004052" ts_venderid="">\n  <div class="p-img">\n    <a target="_blank" href="http://item.jd.com/11311997.html">\n                    <img width="200" height="200" data-img="1" data-lazy-img="//img12.360buyimg.com/n7/g14/M03/0E/0D/rBEhVVIm1nQIAAAAAAcwEUzMuNoAAC0FQForAwABzAp321.jpg">\n          </a>\n      </div>\n  <div class="p-price">\n    <strong class="J_price"><em></em><i></i></strong>\n    <div class="p-icons J-pro-icons">\n          </div>\n  </div>\n  <div class="p-name">\n    <a target="_blank" title="" href="http://item.jd.com/11311997.html">\n      <em>Java\u865a\u62df\u673a\u5957\u88c5\uff08\u4eac\u4e1c\u5957\u88c5\u51712\u518c\uff09</em>\n      <i class="promo-words"></i>\n    </a>\n  </div>\n      <div class="p-bookdetails">\n      <span class="p-bi-name">\n                  <span class="author_type_1" style="display: ;">\n                                                                     <a title="Venkat Subramaniam" href="http://book.jd.com/writer/Venkat%20Subramaniam_1.html" target="_blank"> Venkat Subramaniam </a>                                        \u8457          </span>\n                        </span>\n      <em>|</em>      <span class="p-bi-store">\n                  <a title="\u673a\u68b0\u5de5\u4e1a\u51fa\u7248\u793e" href="http://book.jd.com/publish/%E6%9C%BA%E6%A2%B0%E5%B7%A5%E4%B8%9A%E5%87%BA%E7%89%88%E7%A4%BE_1.html" target="_blank">\u673a\u68b0\u5de5\u4e1a\u51fa\u7248\u793e</a>\n              </span>\n      <em>|</em>      <span class="p-bi-date">\n        2013-05      </span>\n    </div>\n        <div class="p-shop hide" data-score="4" data-reputation="0" data-shopid="" data-done="1"></div>\n    <div class="p-commit"><strong>\u5df2\u6709<a target="_blank" href="http://item.jd.com/11311997.html#comments-list">3514</a>\u4eba\u8bc4\u4ef7</strong></div>\n    <div class="p-shopnum">\n      <span class="curr-shop">\u4eac\u4e1c\u81ea\u8425</span>\n    </div>\n    <div class="p-operate">\n      <a class="p-o-btn focus J_focus" data-sku="11311997" href="javascript:;">\n        <i></i>\u5173\u6ce8\n      </a>\n      <a class="p-o-btn addcart" target="_blank" href="http://gate.jd.com/InitCart.aspx?pid=11311997&amp;pcount=1&amp;ptype=1">\n        <i></i>\u52a0\u5165\u8d2d\u7269\u8f66\n      </a>\n    </div>\n    <div class="p-stock" data-isdeliveryable="5" style="display: none;"></div>\n    <div class="p-service">\u7531 \u4eac\u4e1c \u53d1\u8d27</div>\n    <div class="p-summary">\n      <a href="http://item.jd.com/11311997.html#recommend-editor" target="_blank">\u66f4\u591a&gt;</a>\n    </div>\n    <div class="p-addtocart">\n      <a data-sku="11311997" href="http://gate.jd.com/InitCart.aspx?pid=11311997&amp;pcount=1&amp;ptype=1"><i></i>\u52a0\u5165\u8d2d\u7269\u8f66</a>\n    </div>\n  </div>\n                                  </div>\n              </div>\n            </div>']
2016-01-18 16:52:00 [jd] INFO: !!!!!!!!!!!!!!!!!!!!!!!!
2016-01-18 16:52:00 [jd] INFO: !!!!!!!!!!!!!!!!!!!!!!!!
2016-01-18 16:52:00 [jd] INFO: [u'<div class="gl-i-wrap">\n              <div class="gl-i-tab">\n                <div class="gl-i-tab-trigger">\n                  <span title="Java\u865a\u62df\u673a\u5e76\u53d1\u7f16\u7a0b" class="item selected">\u5355\u4ef6</span>\n                                      <span title="Java\u865a\u62df\u673a\u5957\u88c5\uff08\u4eac\u4e1c\u5957\u88c5\u51712\u518c\uff09" class="item">\u5957\u88c52\u4ef6</span>\n                                  </div>\n                <div class="gl-i-tab-content">\n                                        <div class="tab-content-item tab-cnt-i-selected j-sku-item" data-sku="11231128" venderid="1000004052" jdzy_shop_id="1000004052" ts_venderid="">\n  <div class="p-img">\n    <a target="_blank" href="http://item.jd.com/11231128.html">\n                    <img width="200" height="200" data-img="1" data-lazy-img="//img13.360buyimg.com/n7/g12/M00/03/18/rBEQYVGLP8gIAAAAAAMKjEgekzIAAAvEwPPFOUAAwqk209.jpg">\n          </a>\n      </div>\n  <div class="p-price">\n    <strong class="J_price"><em></em><i></i></strong>\n    <div class="p-icons J-pro-icons">\n          </div>\n  </div>\n  <div class="p-name">\n    <a target="_blank" title="" href="http://item.jd.com/11231128.html">\n      <em>Java\u865a\u62df\u673a\u5e76\u53d1\u7f16\u7a0b</em>\n      <i class="promo-words"></i>\n    </a>\n  </div>\n      <div class="p-bookdetails">\n      <span class="p-bi-name">\n                  <span class="author_type_1" style="display: ;">\n                                                                     <a title="Venkat Subramaniam" href="http://book.jd.com/writer/Venkat%20Subramaniam_1.html" target="_blank"> Venkat Subramaniam </a>                                        \u8457          </span>\n                        </span>\n      <em>|</em>      <span class="p-bi-store">\n                  <a title="\u673a\u68b0\u5de5\u4e1a\u51fa\u7248\u793e" href="http://book.jd.com/publish/%E6%9C%BA%E6%A2%B0%E5%B7%A5%E4%B8%9A%E5%87%BA%E7%89%88%E7%A4%BE_1.html" target="_blank">\u673a\u68b0\u5de5\u4e1a\u51fa\u7248\u793e</a>\n              </span>\n      <em>|</em>      <span class="p-bi-date">\n        2013-05      </span>\n    </div>\n        <div class="p-shop hide" data-score="4" data-reputation="0" data-shopid="" data-done="1"></div>\n    <div class="p-commit"><strong>\u5df2\u6709<a target="_blank" href="http://item.jd.com/11231128.html#comments-list">206</a>\u4eba\u8bc4\u4ef7</strong></div>\n    <div class="p-shopnum">\n      <span class="curr-shop">\u4eac\u4e1c\u81ea\u8425</span>\n    </div>\n    <div class="p-operate">\n      <a class="p-o-btn focus J_focus" data-sku="11231128" href="javascript:;">\n        <i></i>\u5173\u6ce8\n      </a>\n      <a class="p-o-btn addcart" target="_blank" href="http://gate.jd.com/InitCart.aspx?pid=11231128&amp;pcount=1&amp;ptype=1">\n        <i></i>\u52a0\u5165\u8d2d\u7269\u8f66\n      </a>\n    </div>\n    <div class="p-stock" data-isdeliveryable="5" style="display: none;"></div>\n    <div class="p-service">\u7531 \u4eac\u4e1c \u53d1\u8d27</div>\n    <div class="p-summary">\n      <a href="http://item.jd.com/11231128.html#recommend-editor" target="_blank">\u66f4\u591a&gt;</a>\n    </div>\n    <div class="p-addtocart">\n      <a data-sku="11231128" href="http://gate.jd.com/InitCart.aspx?pid=11231128&amp;pcount=1&amp;ptype=1"><i></i>\u52a0\u5165\u8d2d\u7269\u8f66</a>\n    </div>\n  </div>\n                                        <div class="tab-content-item j-sku-item" data-sku="11311997" venderid="1000004052" jdzy_shop_id="1000004052" ts_venderid="">\n  <div class="p-img">\n    <a target="_blank" href="http://item.jd.com/11311997.html">\n                    <img width="200" height="200" data-img="1" data-lazy-img="//img12.360buyimg.com/n7/g14/M03/0E/0D/rBEhVVIm1nQIAAAAAAcwEUzMuNoAAC0FQForAwABzAp321.jpg">\n          </a>\n      </div>\n  <div class="p-price">\n    <strong class="J_price"><em></em><i></i></strong>\n    <div class="p-icons J-pro-icons">\n          </div>\n  </div>\n  <div class="p-name">\n    <a target="_blank" title="" href="http://item.jd.com/11311997.html">\n      <em>Java\u865a\u62df\u673a\u5957\u88c5\uff08\u4eac\u4e1c\u5957\u88c5\u51712\u518c\uff09</em>\n      <i class="promo-words"></i>\n    </a>\n  </div>\n      <div class="p-bookdetails">\n      <span class="p-bi-name">\n                  <span class="author_type_1" style="display: ;">\n                                                                     <a title="Venkat Subramaniam" href="http://book.jd.com/writer/Venkat%20Subramaniam_1.html" target="_blank"> Venkat Subramaniam </a>                                        \u8457          </span>\n                        </span>\n      <em>|</em>      <span class="p-bi-store">\n                  <a title="\u673a\u68b0\u5de5\u4e1a\u51fa\u7248\u793e" href="http://book.jd.com/publish/%E6%9C%BA%E6%A2%B0%E5%B7%A5%E4%B8%9A%E5%87%BA%E7%89%88%E7%A4%BE_1.html" target="_blank">\u673a\u68b0\u5de5\u4e1a\u51fa\u7248\u793e</a>\n              </span>\n      <em>|</em>      <span class="p-bi-date">\n        2013-05      </span>\n    </div>\n        <div class="p-shop hide" data-score="4" data-reputation="0" data-shopid="" data-done="1"></div>\n    <div class="p-commit"><strong>\u5df2\u6709<a target="_blank" href="http://item.jd.com/11311997.html#comments-list">3514</a>\u4eba\u8bc4\u4ef7</strong></div>\n    <div class="p-shopnum">\n      <span class="curr-shop">\u4eac\u4e1c\u81ea\u8425</span>\n    </div>\n    <div class="p-operate">\n      <a class="p-o-btn focus J_focus" data-sku="11311997" href="javascript:;">\n        <i></i>\u5173\u6ce8\n      </a>\n      <a class="p-o-btn addcart" target="_blank" href="http://gate.jd.com/InitCart.aspx?pid=11311997&amp;pcount=1&amp;ptype=1">\n        <i></i>\u52a0\u5165\u8d2d\u7269\u8f66\n      </a>\n    </div>\n    <div class="p-stock" data-isdeliveryable="5" style="display: none;"></div>\n    <div class="p-service">\u7531 \u4eac\u4e1c \u53d1\u8d27</div>\n    <div class="p-summary">\n      <a href="http://item.jd.com/11311997.html#recommend-editor" target="_blank">\u66f4\u591a&gt;</a>\n    </div>\n    <div class="p-addtocart">\n      <a data-sku="11311997" href="http://gate.jd.com/InitCart.aspx?pid=11311997&amp;pcount=1&amp;ptype=1"><i></i>\u52a0\u5165\u8d2d\u7269\u8f66</a>\n    </div>\n  </div>\n                                  </div>\n              </div>\n            </div>']
2016-01-18 16:52:00 [jd] INFO: !!!!!!!!!!!!!!!!!!!!!!!!
2016-01-18 16:52:00 [jd] INFO: !!!!!!!!!!!!!!!!!!!!!!!!
2016-01-18 16:52:00 [jd] INFO: [u'<div class="gl-i-wrap">\n              <div class="gl-i-tab">\n                <div class="gl-i-tab-trigger">\n                  <span title="Java\u865a\u62df\u673a\u5e76\u53d1\u7f16\u7a0b" class="item selected">\u5355\u4ef6</span>\n                                      <span title="Java\u865a\u62df\u673a\u5957\u88c5\uff08\u4eac\u4e1c\u5957\u88c5\u51712\u518c\uff09" class="item">\u5957\u88c52\u4ef6</span>\n                                  </div>\n                <div class="gl-i-tab-content">\n                                        <div class="tab-content-item tab-cnt-i-selected j-sku-item" data-sku="11231128" venderid="1000004052" jdzy_shop_id="1000004052" ts_venderid="">\n  <div class="p-img">\n    <a target="_blank" href="http://item.jd.com/11231128.html">\n                    <img width="200" height="200" data-img="1" data-lazy-img="//img13.360buyimg.com/n7/g12/M00/03/18/rBEQYVGLP8gIAAAAAAMKjEgekzIAAAvEwPPFOUAAwqk209.jpg">\n          </a>\n      </div>\n  <div class="p-price">\n    <strong class="J_price"><em></em><i></i></strong>\n    <div class="p-icons J-pro-icons">\n          </div>\n  </div>\n  <div class="p-name">\n    <a target="_blank" title="" href="http://item.jd.com/11231128.html">\n      <em>Java\u865a\u62df\u673a\u5e76\u53d1\u7f16\u7a0b</em>\n      <i class="promo-words"></i>\n    </a>\n  </div>\n      <div class="p-bookdetails">\n      <span class="p-bi-name">\n                  <span class="author_type_1" style="display: ;">\n                                                                     <a title="Venkat Subramaniam" href="http://book.jd.com/writer/Venkat%20Subramaniam_1.html" target="_blank"> Venkat Subramaniam </a>                                        \u8457          </span>\n                        </span>\n      <em>|</em>      <span class="p-bi-store">\n                  <a title="\u673a\u68b0\u5de5\u4e1a\u51fa\u7248\u793e" href="http://book.jd.com/publish/%E6%9C%BA%E6%A2%B0%E5%B7%A5%E4%B8%9A%E5%87%BA%E7%89%88%E7%A4%BE_1.html" target="_blank">\u673a\u68b0\u5de5\u4e1a\u51fa\u7248\u793e</a>\n              </span>\n      <em>|</em>      <span class="p-bi-date">\n        2013-05      </span>\n    </div>\n        <div class="p-shop hide" data-score="4" data-reputation="0" data-shopid="" data-done="1"></div>\n    <div class="p-commit"><strong>\u5df2\u6709<a target="_blank" href="http://item.jd.com/11231128.html#comments-list">206</a>\u4eba\u8bc4\u4ef7</strong></div>\n    <div class="p-shopnum">\n      <span class="curr-shop">\u4eac\u4e1c\u81ea\u8425</span>\n    </div>\n    <div class="p-operate">\n      <a class="p-o-btn focus J_focus" data-sku="11231128" href="javascript:;">\n        <i></i>\u5173\u6ce8\n      </a>\n      <a class="p-o-btn addcart" target="_blank" href="http://gate.jd.com/InitCart.aspx?pid=11231128&amp;pcount=1&amp;ptype=1">\n        <i></i>\u52a0\u5165\u8d2d\u7269\u8f66\n      </a>\n    </div>\n    <div class="p-stock" data-isdeliveryable="5" style="display: none;"></div>\n    <div class="p-service">\u7531 \u4eac\u4e1c \u53d1\u8d27</div>\n    <div class="p-summary">\n      <a href="http://item.jd.com/11231128.html#recommend-editor" target="_blank">\u66f4\u591a&gt;</a>\n    </div>\n    <div class="p-addtocart">\n      <a data-sku="11231128" href="http://gate.jd.com/InitCart.aspx?pid=11231128&amp;pcount=1&amp;ptype=1"><i></i>\u52a0\u5165\u8d2d\u7269\u8f66</a>\n    </div>\n  </div>\n                                        <div class="tab-content-item j-sku-item" data-sku="11311997" venderid="1000004052" jdzy_shop_id="1000004052" ts_venderid="">\n  <div class="p-img">\n    <a target="_blank" href="http://item.jd.com/11311997.html">\n                    <img width="200" height="200" data-img="1" data-lazy-img="//img12.360buyimg.com/n7/g14/M03/0E/0D/rBEhVVIm1nQIAAAAAAcwEUzMuNoAAC0FQForAwABzAp321.jpg">\n          </a>\n      </div>\n  <div class="p-price">\n    <strong class="J_price"><em></em><i></i></strong>\n    <div class="p-icons J-pro-icons">\n          </div>\n  </div>\n  <div class="p-name">\n    <a target="_blank" title="" href="http://item.jd.com/11311997.html">\n      <em>Java\u865a\u62df\u673a\u5957\u88c5\uff08\u4eac\u4e1c\u5957\u88c5\u51712\u518c\uff09</em>\n      <i class="promo-words"></i>\n    </a>\n  </div>\n      <div class="p-bookdetails">\n      <span class="p-bi-name">\n                  <span class="author_type_1" style="display: ;">\n                                                                     <a title="Venkat Subramaniam" href="http://book.jd.com/writer/Venkat%20Subramaniam_1.html" target="_blank"> Venkat Subramaniam </a>                                        \u8457          </span>\n                        </span>\n      <em>|</em>      <span class="p-bi-store">\n                  <a title="\u673a\u68b0\u5de5\u4e1a\u51fa\u7248\u793e" href="http://book.jd.com/publish/%E6%9C%BA%E6%A2%B0%E5%B7%A5%E4%B8%9A%E5%87%BA%E7%89%88%E7%A4%BE_1.html" target="_blank">\u673a\u68b0\u5de5\u4e1a\u51fa\u7248\u793e</a>\n              </span>\n      <em>|</em>      <span class="p-bi-date">\n        2013-05      </span>\n    </div>\n        <div class="p-shop hide" data-score="4" data-reputation="0" data-shopid="" data-done="1"></div>\n    <div class="p-commit"><strong>\u5df2\u6709<a target="_blank" href="http://item.jd.com/11311997.html#comments-list">3514</a>\u4eba\u8bc4\u4ef7</strong></div>\n    <div class="p-shopnum">\n      <span class="curr-shop">\u4eac\u4e1c\u81ea\u8425</span>\n    </div>\n    <div class="p-operate">\n      <a class="p-o-btn focus J_focus" data-sku="11311997" href="javascript:;">\n        <i></i>\u5173\u6ce8\n      </a>\n      <a class="p-o-btn addcart" target="_blank" href="http://gate.jd.com/InitCart.aspx?pid=11311997&amp;pcount=1&amp;ptype=1">\n        <i></i>\u52a0\u5165\u8d2d\u7269\u8f66\n      </a>\n    </div>\n    <div class="p-stock" data-isdeliveryable="5" style="display: none;"></div>\n    <div class="p-service">\u7531 \u4eac\u4e1c \u53d1\u8d27</div>\n    <div class="p-summary">\n      <a href="http://item.jd.com/11311997.html#recommend-editor" target="_blank">\u66f4\u591a&gt;</a>\n    </div>\n    <div class="p-addtocart">\n      <a data-sku="11311997" href="http://gate.jd.com/InitCart.aspx?pid=11311997&amp;pcount=1&amp;ptype=1"><i></i>\u52a0\u5165\u8d2d\u7269\u8f66</a>\n    </div>\n  </div>\n                                  </div>\n              </div>\n            </div>']
2016-01-18 16:52:00 [jd] INFO: !!!!!!!!!!!!!!!!!!!!!!!!
2016-01-18 16:52:00 [jd] INFO: !!!!!!!!!!!!!!!!!!!!!!!!
2016-01-18 16:52:00 [jd] INFO: [u'<div class="gl-i-wrap">\n              <div class="gl-i-tab">\n                <div class="gl-i-tab-trigger">\n                  <span title="Java\u865a\u62df\u673a\u5e76\u53d1\u7f16\u7a0b" class="item selected">\u5355\u4ef6</span>\n                                      <span title="Java\u865a\u62df\u673a\u5957\u88c5\uff08\u4eac\u4e1c\u5957\u88c5\u51712\u518c\uff09" class="item">\u5957\u88c52\u4ef6</span>\n                                  </div>\n                <div class="gl-i-tab-content">\n                                        <div class="tab-content-item tab-cnt-i-selected j-sku-item" data-sku="11231128" venderid="1000004052" jdzy_shop_id="1000004052" ts_venderid="">\n  <div class="p-img">\n    <a target="_blank" href="http://item.jd.com/11231128.html">\n                    <img width="200" height="200" data-img="1" data-lazy-img="//img13.360buyimg.com/n7/g12/M00/03/18/rBEQYVGLP8gIAAAAAAMKjEgekzIAAAvEwPPFOUAAwqk209.jpg">\n          </a>\n      </div>\n  <div class="p-price">\n    <strong class="J_price"><em></em><i></i></strong>\n    <div class="p-icons J-pro-icons">\n          </div>\n  </div>\n  <div class="p-name">\n    <a target="_blank" title="" href="http://item.jd.com/11231128.html">\n      <em>Java\u865a\u62df\u673a\u5e76\u53d1\u7f16\u7a0b</em>\n      <i class="promo-words"></i>\n    </a>\n  </div>\n      <div class="p-bookdetails">\n      <span class="p-bi-name">\n                  <span class="author_type_1" style="display: ;">\n                                                                     <a title="Venkat Subramaniam" href="http://book.jd.com/writer/Venkat%20Subramaniam_1.html" target="_blank"> Venkat Subramaniam </a>                                        \u8457          </span>\n                        </span>\n      <em>|</em>      <span class="p-bi-store">\n                  <a title="\u673a\u68b0\u5de5\u4e1a\u51fa\u7248\u793e" href="http://book.jd.com/publish/%E6%9C%BA%E6%A2%B0%E5%B7%A5%E4%B8%9A%E5%87%BA%E7%89%88%E7%A4%BE_1.html" target="_blank">\u673a\u68b0\u5de5\u4e1a\u51fa\u7248\u793e</a>\n              </span>\n      <em>|</em>      <span class="p-bi-date">\n        2013-05      </span>\n    </div>\n        <div class="p-shop hide" data-score="4" data-reputation="0" data-shopid="" data-done="1"></div>\n    <div class="p-commit"><strong>\u5df2\u6709<a target="_blank" href="http://item.jd.com/11231128.html#comments-list">206</a>\u4eba\u8bc4\u4ef7</strong></div>\n    <div class="p-shopnum">\n      <span class="curr-shop">\u4eac\u4e1c\u81ea\u8425</span>\n    </div>\n    <div class="p-operate">\n      <a class="p-o-btn focus J_focus" data-sku="11231128" href="javascript:;">\n        <i></i>\u5173\u6ce8\n      </a>\n      <a class="p-o-btn addcart" target="_blank" href="http://gate.jd.com/InitCart.aspx?pid=11231128&amp;pcount=1&amp;ptype=1">\n        <i></i>\u52a0\u5165\u8d2d\u7269\u8f66\n      </a>\n    </div>\n    <div class="p-stock" data-isdeliveryable="5" style="display: none;"></div>\n    <div class="p-service">\u7531 \u4eac\u4e1c \u53d1\u8d27</div>\n    <div class="p-summary">\n      <a href="http://item.jd.com/11231128.html#recommend-editor" target="_blank">\u66f4\u591a&gt;</a>\n    </div>\n    <div class="p-addtocart">\n      <a data-sku="11231128" href="http://gate.jd.com/InitCart.aspx?pid=11231128&amp;pcount=1&amp;ptype=1"><i></i>\u52a0\u5165\u8d2d\u7269\u8f66</a>\n    </div>\n  </div>\n                                        <div class="tab-content-item j-sku-item" data-sku="11311997" venderid="1000004052" jdzy_shop_id="1000004052" ts_venderid="">\n  <div class="p-img">\n    <a target="_blank" href="http://item.jd.com/11311997.html">\n                    <img width="200" height="200" data-img="1" data-lazy-img="//img12.360buyimg.com/n7/g14/M03/0E/0D/rBEhVVIm1nQIAAAAAAcwEUzMuNoAAC0FQForAwABzAp321.jpg">\n          </a>\n      </div>\n  <div class="p-price">\n    <strong class="J_price"><em></em><i></i></strong>\n    <div class="p-icons J-pro-icons">\n          </div>\n  </div>\n  <div class="p-name">\n    <a target="_blank" title="" href="http://item.jd.com/11311997.html">\n      <em>Java\u865a\u62df\u673a\u5957\u88c5\uff08\u4eac\u4e1c\u5957\u88c5\u51712\u518c\uff09</em>\n      <i class="promo-words"></i>\n    </a>\n  </div>\n      <div class="p-bookdetails">\n      <span class="p-bi-name">\n                  <span class="author_type_1" style="display: ;">\n                                                                     <a title="Venkat Subramaniam" href="http://book.jd.com/writer/Venkat%20Subramaniam_1.html" target="_blank"> Venkat Subramaniam </a>                                        \u8457          </span>\n                        </span>\n      <em>|</em>      <span class="p-bi-store">\n                  <a title="\u673a\u68b0\u5de5\u4e1a\u51fa\u7248\u793e" href="http://book.jd.com/publish/%E6%9C%BA%E6%A2%B0%E5%B7%A5%E4%B8%9A%E5%87%BA%E7%89%88%E7%A4%BE_1.html" target="_blank">\u673a\u68b0\u5de5\u4e1a\u51fa\u7248\u793e</a>\n              </span>\n      <em>|</em>      <span class="p-bi-date">\n        2013-05      </span>\n    </div>\n        <div class="p-shop hide" data-score="4" data-reputation="0" data-shopid="" data-done="1"></div>\n    <div class="p-commit"><strong>\u5df2\u6709<a target="_blank" href="http://item.jd.com/11311997.html#comments-list">3514</a>\u4eba\u8bc4\u4ef7</strong></div>\n    <div class="p-shopnum">\n      <span class="curr-shop">\u4eac\u4e1c\u81ea\u8425</span>\n    </div>\n    <div class="p-operate">\n      <a class="p-o-btn focus J_focus" data-sku="11311997" href="javascript:;">\n        <i></i>\u5173\u6ce8\n      </a>\n      <a class="p-o-btn addcart" target="_blank" href="http://gate.jd.com/InitCart.aspx?pid=11311997&amp;pcount=1&amp;ptype=1">\n        <i></i>\u52a0\u5165\u8d2d\u7269\u8f66\n      </a>\n    </div>\n    <div class="p-stock" data-isdeliveryable="5" style="display: none;"></div>\n    <div class="p-service">\u7531 \u4eac\u4e1c \u53d1\u8d27</div>\n    <div class="p-summary">\n      <a href="http://item.jd.com/11311997.html#recommend-editor" target="_blank">\u66f4\u591a&gt;</a>\n    </div>\n    <div class="p-addtocart">\n      <a data-sku="11311997" href="http://gate.jd.com/InitCart.aspx?pid=11311997&amp;pcount=1&amp;ptype=1"><i></i>\u52a0\u5165\u8d2d\u7269\u8f66</a>\n    </div>\n  </div>\n                                  </div>\n              </div>\n            </div>']
2016-01-18 16:52:00 [jd] INFO: !!!!!!!!!!!!!!!!!!!!!!!!
2016-01-18 16:52:00 [jd] INFO: !!!!!!!!!!!!!!!!!!!!!!!!
2016-01-18 16:52:00 [jd] INFO: [u'<div class="gl-i-wrap">\n              <div class="gl-i-tab">\n                <div class="gl-i-tab-trigger">\n                  <span title="JAVA\u6838\u5fc3\u6280\u672f\u53772\uff1a\u9ad8\u7ea7\u7279\u5f81\uff08\u539f\u4e66\u7b2c8\u7248\uff09" class="item selected">\u5355\u4ef6</span>\n                                      <span title="JAVA\u6838\u5fc3\u6280\u672f\uff1a\u53771+\u53772\uff08\u539f\u4e66\u7b2c8\u7248\uff09\uff08\u4eac\u4e1c\u5957\u88c5\u51712\u518c\uff09" class="item">\u5957\u88c52\u4ef6</span>\n                                  </div>\n                <div class="gl-i-tab-content">\n                                        <div class="tab-content-item tab-cnt-i-selected j-sku-item" data-sku="10058907" venderid="0" jdzy_shop_id="0" ts_venderid="">\n  <div class="p-img">\n    <a target="_blank" href="http://item.jd.com/10058907.html">\n                    <img width="200" height="200" data-img="1" data-lazy-img="//img12.360buyimg.com/n7/11527/1788d8c9-ced5-406b-87e4-5820ba9711a3.jpg">\n          </a>\n      </div>\n  <div class="p-price">\n    <strong class="J_price"><em></em><i></i></strong>\n    <div class="p-icons J-pro-icons">\n          </div>\n  </div>\n  <div class="p-name">\n    <a target="_blank" title="" href="http://item.jd.com/10058907.html">\n      <em>JAVA\u6838\u5fc3\u6280\u672f\u53772\uff1a\u9ad8\u7ea7\u7279\u5f81\uff08\u539f\u4e66\u7b2c8\u7248\uff09</em>\n      <i class="promo-words"></i>\n    </a>\n  </div>\n      <div class="p-bookdetails">\n      <span class="p-bi-name">\n                  <span class="author_type_1" style="display: ;">\n                                                       [\u7f8e]                <a title="\u970d\u65af\u7279\u66fc" href="http://book.jd.com/writer/%E9%9C%8D%E6%96%AF%E7%89%B9%E6%9B%BC_1.html" target="_blank"> \u970d\u65af\u7279\u66fc </a>                                        \u8457          </span>\n                            <span class="author_type_2" style="display: none;">\n                                                                     <a title="\u9648\u660a\u9e4f" href="http://book.jd.com/writer/%E9%99%88%E6%98%8A%E9%B9%8F_1.html" target="_blank"> \u9648\u660a\u9e4f </a>                                        \u8bd1          </span>\n                        </span>\n      <em>|</em>      <span class="p-bi-store">\n                  <a title="\u673a\u68b0\u5de5\u4e1a\u51fa\u7248\u793e" href="http://book.jd.com/publish/%E6%9C%BA%E6%A2%B0%E5%B7%A5%E4%B8%9A%E5%87%BA%E7%89%88%E7%A4%BE_1.html" target="_blank">\u673a\u68b0\u5de5\u4e1a\u51fa\u7248\u793e</a>\n              </span>\n      <em>|</em>      <span class="p-bi-date">\n        2008-12      </span>\n    </div>\n        <div class="p-shop hide" data-score="4" data-reputation="0" data-shopid="" data-done="1"></div>\n    <div class="p-commit"><strong>\u5df2\u6709<a target="_blank" href="http://item.jd.com/10058907.html#comments-list">1796</a>\u4eba\u8bc4\u4ef7</strong></div>\n    <div class="p-shopnum">\n      <span class="curr-shop">\u4eac\u4e1c\u81ea\u8425</span>\n    </div>\n    <div class="p-operate">\n      <a class="p-o-btn focus J_focus" data-sku="10058907" href="javascript:;">\n        <i></i>\u5173\u6ce8\n      </a>\n      <a class="p-o-btn addcart" target="_blank" href="http://gate.jd.com/InitCart.aspx?pid=10058907&amp;pcount=1&amp;ptype=1">\n        <i></i>\u52a0\u5165\u8d2d\u7269\u8f66\n      </a>\n    </div>\n    <div class="p-stock" data-isdeliveryable="5" style="display: none;"></div>\n    <div class="p-service">\u7531 \u4eac\u4e1c \u53d1\u8d27</div>\n    <div class="p-summary">\n      <a href="http://item.jd.com/10058907.html#recommend-editor" target="_blank">\u66f4\u591a&gt;</a>\n    </div>\n    <div class="p-addtocart">\n      <a data-sku="10058907" href="http://gate.jd.com/InitCart.aspx?pid=10058907&amp;pcount=1&amp;ptype=1"><i></i>\u52a0\u5165\u8d2d\u7269\u8f66</a>\n    </div>\n  </div>\n                                        <div class="tab-content-item j-sku-item" data-sku="11230276" venderid="0" jdzy_shop_id="0" ts_venderid="">\n  <div class="p-img">\n    <a target="_blank" href="http://item.jd.com/11230276.html">\n                    <img width="200" height="200" data-img="1" data-lazy-img="//img11.360buyimg.com/n7/g14/M05/0D/15/rBEhVVIhQfAIAAAAAAUNgeOfL54AACrGAEBIPUABQ2Z482.jpg">\n          </a>\n      </div>\n  <div class="p-price">\n    <strong class="J_price"><em></em><i></i></strong>\n    <div class="p-icons J-pro-icons">\n          </div>\n  </div>\n  <div class="p-name">\n    <a target="_blank" title="" href="http://item.jd.com/11230276.html">\n      <em>JAVA\u6838\u5fc3\u6280\u672f\uff1a\u53771+\u53772\uff08\u539f\u4e66\u7b2c8\u7248\uff09\uff08\u4eac\u4e1c\u5957\u88c5\u51712\u518c\uff09</em>\n      <i class="promo-words"></i>\n    </a>\n  </div>\n      <div class="p-bookdetails">\n      <span class="p-bi-name">\n                  <span class="author_type_1" style="display: ;">\n                                                       [\u7f8e]                <a title="\u970d\u65af\u7279\u66fc" href="http://book.jd.com/writer/%E9%9C%8D%E6%96%AF%E7%89%B9%E6%9B%BC_1.html" target="_blank"> \u970d\u65af\u7279\u66fc </a>                                        \u8457          </span>\n                            <span class="author_type_2" style="display: none;">\n                                                                     <a title="\u9648\u660a\u9e4f" href="http://book.jd.com/writer/%E9%99%88%E6%98%8A%E9%B9%8F_1.html" target="_blank"> \u9648\u660a\u9e4f </a>                                        \u8bd1          </span>\n                        </span>\n      <em>|</em>      <span class="p-bi-store">\n                  <a title="\u673a\u68b0\u5de5\u4e1a\u51fa\u7248\u793e" href="http://book.jd.com/publish/%E6%9C%BA%E6%A2%B0%E5%B7%A5%E4%B8%9A%E5%87%BA%E7%89%88%E7%A4%BE_1.html" target="_blank">\u673a\u68b0\u5de5\u4e1a\u51fa\u7248\u793e</a>\n              </span>\n      <em>|</em>      <span class="p-bi-date">\n        2008-12      </span>\n    </div>\n        <div class="p-shop hide" data-score="4" data-reputation="0" data-shopid="" data-done="1"></div>\n    <div class="p-commit"><strong>\u5df2\u6709<a target="_blank" href="http://item.jd.com/11230276.html#comments-list">4419</a>\u4eba\u8bc4\u4ef7</strong></div>\n    <div class="p-shopnum">\n      <span class="curr-shop">\u4eac\u4e1c\u81ea\u8425</span>\n    </div>\n    <div class="p-operate">\n      <a class="p-o-btn focus J_focus" data-sku="11230276" href="javascript:;">\n        <i></i>\u5173\u6ce8\n      </a>\n      <a class="p-o-btn addcart" target="_blank" href="http://gate.jd.com/InitCart.aspx?pid=11230276&amp;pcount=1&amp;ptype=1">\n        <i></i>\u52a0\u5165\u8d2d\u7269\u8f66\n      </a>\n    </div>\n    <div class="p-stock" data-isdeliveryable="5" style="display: none;"></div>\n    <div class="p-service">\u7531 \u4eac\u4e1c \u53d1\u8d27</div>\n    <div class="p-summary">\n      <a href="http://item.jd.com/11230276.html#recommend-editor" target="_blank">\u66f4\u591a&gt;</a>\n    </div>\n    <div class="p-addtocart">\n      <a data-sku="11230276" href="http://gate.jd.com/InitCart.aspx?pid=11230276&amp;pcount=1&amp;ptype=1"><i></i>\u52a0\u5165\u8d2d\u7269\u8f66</a>\n    </div>\n  </div>\n                                  </div>\n              </div>\n            </div>']
2016-01-18 16:52:00 [jd] INFO: !!!!!!!!!!!!!!!!!!!!!!!!
2016-01-18 16:52:00 [jd] INFO: !!!!!!!!!!!!!!!!!!!!!!!!
2016-01-18 16:52:00 [jd] INFO: [u'<div class="gl-i-wrap">\n              <div class="gl-i-tab">\n                <div class="gl-i-tab-trigger">\n                  <span title="JAVA\u6838\u5fc3\u6280\u672f\u53772\uff1a\u9ad8\u7ea7\u7279\u5f81\uff08\u539f\u4e66\u7b2c8\u7248\uff09" class="item selected">\u5355\u4ef6</span>\n                                      <span title="JAVA\u6838\u5fc3\u6280\u672f\uff1a\u53771+\u53772\uff08\u539f\u4e66\u7b2c8\u7248\uff09\uff08\u4eac\u4e1c\u5957\u88c5\u51712\u518c\uff09" class="item">\u5957\u88c52\u4ef6</span>\n                                  </div>\n                <div class="gl-i-tab-content">\n                                        <div class="tab-content-item tab-cnt-i-selected j-sku-item" data-sku="10058907" venderid="0" jdzy_shop_id="0" ts_venderid="">\n  <div class="p-img">\n    <a target="_blank" href="http://item.jd.com/10058907.html">\n                    <img width="200" height="200" data-img="1" data-lazy-img="//img12.360buyimg.com/n7/11527/1788d8c9-ced5-406b-87e4-5820ba9711a3.jpg">\n          </a>\n      </div>\n  <div class="p-price">\n    <strong class="J_price"><em></em><i></i></strong>\n    <div class="p-icons J-pro-icons">\n          </div>\n  </div>\n  <div class="p-name">\n    <a target="_blank" title="" href="http://item.jd.com/10058907.html">\n      <em>JAVA\u6838\u5fc3\u6280\u672f\u53772\uff1a\u9ad8\u7ea7\u7279\u5f81\uff08\u539f\u4e66\u7b2c8\u7248\uff09</em>\n      <i class="promo-words"></i>\n    </a>\n  </div>\n      <div class="p-bookdetails">\n      <span class="p-bi-name">\n                  <span class="author_type_1" style="display: ;">\n                                                       [\u7f8e]                <a title="\u970d\u65af\u7279\u66fc" href="http://book.jd.com/writer/%E9%9C%8D%E6%96%AF%E7%89%B9%E6%9B%BC_1.html" target="_blank"> \u970d\u65af\u7279\u66fc </a>                                        \u8457          </span>\n                            <span class="author_type_2" style="display: none;">\n                                                                     <a title="\u9648\u660a\u9e4f" href="http://book.jd.com/writer/%E9%99%88%E6%98%8A%E9%B9%8F_1.html" target="_blank"> \u9648\u660a\u9e4f </a>                                        \u8bd1          </span>\n                        </span>\n      <em>|</em>      <span class="p-bi-store">\n                  <a title="\u673a\u68b0\u5de5\u4e1a\u51fa\u7248\u793e" href="http://book.jd.com/publish/%E6%9C%BA%E6%A2%B0%E5%B7%A5%E4%B8%9A%E5%87%BA%E7%89%88%E7%A4%BE_1.html" target="_blank">\u673a\u68b0\u5de5\u4e1a\u51fa\u7248\u793e</a>\n              </span>\n      <em>|</em>      <span class="p-bi-date">\n        2008-12      </span>\n    </div>\n        <div class="p-shop hide" data-score="4" data-reputation="0" data-shopid="" data-done="1"></div>\n    <div class="p-commit"><strong>\u5df2\u6709<a target="_blank" href="http://item.jd.com/10058907.html#comments-list">1796</a>\u4eba\u8bc4\u4ef7</strong></div>\n    <div class="p-shopnum">\n      <span class="curr-shop">\u4eac\u4e1c\u81ea\u8425</span>\n    </div>\n    <div class="p-operate">\n      <a class="p-o-btn focus J_focus" data-sku="10058907" href="javascript:;">\n        <i></i>\u5173\u6ce8\n      </a>\n      <a class="p-o-btn addcart" target="_blank" href="http://gate.jd.com/InitCart.aspx?pid=10058907&amp;pcount=1&amp;ptype=1">\n        <i></i>\u52a0\u5165\u8d2d\u7269\u8f66\n      </a>\n    </div>\n    <div class="p-stock" data-isdeliveryable="5" style="display: none;"></div>\n    <div class="p-service">\u7531 \u4eac\u4e1c \u53d1\u8d27</div>\n    <div class="p-summary">\n      <a href="http://item.jd.com/10058907.html#recommend-editor" target="_blank">\u66f4\u591a&gt;</a>\n    </div>\n    <div class="p-addtocart">\n      <a data-sku="10058907" href="http://gate.jd.com/InitCart.aspx?pid=10058907&amp;pcount=1&amp;ptype=1"><i></i>\u52a0\u5165\u8d2d\u7269\u8f66</a>\n    </div>\n  </div>\n                                        <div class="tab-content-item j-sku-item" data-sku="11230276" venderid="0" jdzy_shop_id="0" ts_venderid="">\n  <div class="p-img">\n    <a target="_blank" href="http://item.jd.com/11230276.html">\n                    <img width="200" height="200" data-img="1" data-lazy-img="//img11.360buyimg.com/n7/g14/M05/0D/15/rBEhVVIhQfAIAAAAAAUNgeOfL54AACrGAEBIPUABQ2Z482.jpg">\n          </a>\n      </div>\n  <div class="p-price">\n    <strong class="J_price"><em></em><i></i></strong>\n    <div class="p-icons J-pro-icons">\n          </div>\n  </div>\n  <div class="p-name">\n    <a target="_blank" title="" href="http://item.jd.com/11230276.html">\n      <em>JAVA\u6838\u5fc3\u6280\u672f\uff1a\u53771+\u53772\uff08\u539f\u4e66\u7b2c8\u7248\uff09\uff08\u4eac\u4e1c\u5957\u88c5\u51712\u518c\uff09</em>\n      <i class="promo-words"></i>\n    </a>\n  </div>\n      <div class="p-bookdetails">\n      <span class="p-bi-name">\n                  <span class="author_type_1" style="display: ;">\n                                                       [\u7f8e]                <a title="\u970d\u65af\u7279\u66fc" href="http://book.jd.com/writer/%E9%9C%8D%E6%96%AF%E7%89%B9%E6%9B%BC_1.html" target="_blank"> \u970d\u65af\u7279\u66fc </a>                                        \u8457          </span>\n                            <span class="author_type_2" style="display: none;">\n                                                                     <a title="\u9648\u660a\u9e4f" href="http://book.jd.com/writer/%E9%99%88%E6%98%8A%E9%B9%8F_1.html" target="_blank"> \u9648\u660a\u9e4f </a>                                        \u8bd1          </span>\n                        </span>\n      <em>|</em>      <span class="p-bi-store">\n                  <a title="\u673a\u68b0\u5de5\u4e1a\u51fa\u7248\u793e" href="http://book.jd.com/publish/%E6%9C%BA%E6%A2%B0%E5%B7%A5%E4%B8%9A%E5%87%BA%E7%89%88%E7%A4%BE_1.html" target="_blank">\u673a\u68b0\u5de5\u4e1a\u51fa\u7248\u793e</a>\n              </span>\n      <em>|</em>      <span class="p-bi-date">\n        2008-12      </span>\n    </div>\n        <div class="p-shop hide" data-score="4" data-reputation="0" data-shopid="" data-done="1"></div>\n    <div class="p-commit"><strong>\u5df2\u6709<a target="_blank" href="http://item.jd.com/11230276.html#comments-list">4419</a>\u4eba\u8bc4\u4ef7</strong></div>\n    <div class="p-shopnum">\n      <span class="curr-shop">\u4eac\u4e1c\u81ea\u8425</span>\n    </div>\n    <div class="p-operate">\n      <a class="p-o-btn focus J_focus" data-sku="11230276" href="javascript:;">\n        <i></i>\u5173\u6ce8\n      </a>\n      <a class="p-o-btn addcart" target="_blank" href="http://gate.jd.com/InitCart.aspx?pid=11230276&amp;pcount=1&amp;ptype=1">\n        <i></i>\u52a0\u5165\u8d2d\u7269\u8f66\n      </a>\n    </div>\n    <div class="p-stock" data-isdeliveryable="5" style="display: none;"></div>\n    <div class="p-service">\u7531 \u4eac\u4e1c \u53d1\u8d27</div>\n    <div class="p-summary">\n      <a href="http://item.jd.com/11230276.html#recommend-editor" target="_blank">\u66f4\u591a&gt;</a>\n    </div>\n    <div class="p-addtocart">\n      <a data-sku="11230276" href="http://gate.jd.com/InitCart.aspx?pid=11230276&amp;pcount=1&amp;ptype=1"><i></i>\u52a0\u5165\u8d2d\u7269\u8f66</a>\n    </div>\n  </div>\n                                  </div>\n              </div>\n            </div>']
2016-01-18 16:52:00 [jd] INFO: !!!!!!!!!!!!!!!!!!!!!!!!
2016-01-18 16:52:00 [jd] INFO: !!!!!!!!!!!!!!!!!!!!!!!!
2016-01-18 16:52:00 [jd] INFO: [u'<div class="gl-i-wrap">\n              <div class="gl-i-tab">\n                <div class="gl-i-tab-trigger">\n                  <span title="JAVA\u6838\u5fc3\u6280\u672f\u53772\uff1a\u9ad8\u7ea7\u7279\u5f81\uff08\u539f\u4e66\u7b2c8\u7248\uff09" class="item selected">\u5355\u4ef6</span>\n                                      <span title="JAVA\u6838\u5fc3\u6280\u672f\uff1a\u53771+\u53772\uff08\u539f\u4e66\u7b2c8\u7248\uff09\uff08\u4eac\u4e1c\u5957\u88c5\u51712\u518c\uff09" class="item">\u5957\u88c52\u4ef6</span>\n                                  </div>\n                <div class="gl-i-tab-content">\n                                        <div class="tab-content-item tab-cnt-i-selected j-sku-item" data-sku="10058907" venderid="0" jdzy_shop_id="0" ts_venderid="">\n  <div class="p-img">\n    <a target="_blank" href="http://item.jd.com/10058907.html">\n                    <img width="200" height="200" data-img="1" data-lazy-img="//img12.360buyimg.com/n7/11527/1788d8c9-ced5-406b-87e4-5820ba9711a3.jpg">\n          </a>\n      </div>\n  <div class="p-price">\n    <strong class="J_price"><em></em><i></i></strong>\n    <div class="p-icons J-pro-icons">\n          </div>\n  </div>\n  <div class="p-name">\n    <a target="_blank" title="" href="http://item.jd.com/10058907.html">\n      <em>JAVA\u6838\u5fc3\u6280\u672f\u53772\uff1a\u9ad8\u7ea7\u7279\u5f81\uff08\u539f\u4e66\u7b2c8\u7248\uff09</em>\n      <i class="promo-words"></i>\n    </a>\n  </div>\n      <div class="p-bookdetails">\n      <span class="p-bi-name">\n                  <span class="author_type_1" style="display: ;">\n                                                       [\u7f8e]                <a title="\u970d\u65af\u7279\u66fc" href="http://book.jd.com/writer/%E9%9C%8D%E6%96%AF%E7%89%B9%E6%9B%BC_1.html" target="_blank"> \u970d\u65af\u7279\u66fc </a>                                        \u8457          </span>\n                            <span class="author_type_2" style="display: none;">\n                                                                     <a title="\u9648\u660a\u9e4f" href="http://book.jd.com/writer/%E9%99%88%E6%98%8A%E9%B9%8F_1.html" target="_blank"> \u9648\u660a\u9e4f </a>                                        \u8bd1          </span>\n                        </span>\n      <em>|</em>      <span class="p-bi-store">\n                  <a title="\u673a\u68b0\u5de5\u4e1a\u51fa\u7248\u793e" href="http://book.jd.com/publish/%E6%9C%BA%E6%A2%B0%E5%B7%A5%E4%B8%9A%E5%87%BA%E7%89%88%E7%A4%BE_1.html" target="_blank">\u673a\u68b0\u5de5\u4e1a\u51fa\u7248\u793e</a>\n              </span>\n      <em>|</em>      <span class="p-bi-date">\n        2008-12      </span>\n    </div>\n        <div class="p-shop hide" data-score="4" data-reputation="0" data-shopid="" data-done="1"></div>\n    <div class="p-commit"><strong>\u5df2\u6709<a target="_blank" href="http://item.jd.com/10058907.html#comments-list">1796</a>\u4eba\u8bc4\u4ef7</strong></div>\n    <div class="p-shopnum">\n      <span class="curr-shop">\u4eac\u4e1c\u81ea\u8425</span>\n    </div>\n    <div class="p-operate">\n      <a class="p-o-btn focus J_focus" data-sku="10058907" href="javascript:;">\n        <i></i>\u5173\u6ce8\n      </a>\n      <a class="p-o-btn addcart" target="_blank" href="http://gate.jd.com/InitCart.aspx?pid=10058907&amp;pcount=1&amp;ptype=1">\n        <i></i>\u52a0\u5165\u8d2d\u7269\u8f66\n      </a>\n    </div>\n    <div class="p-stock" data-isdeliveryable="5" style="display: none;"></div>\n    <div class="p-service">\u7531 \u4eac\u4e1c \u53d1\u8d27</div>\n    <div class="p-summary">\n      <a href="http://item.jd.com/10058907.html#recommend-editor" target="_blank">\u66f4\u591a&gt;</a>\n    </div>\n    <div class="p-addtocart">\n      <a data-sku="10058907" href="http://gate.jd.com/InitCart.aspx?pid=10058907&amp;pcount=1&amp;ptype=1"><i></i>\u52a0\u5165\u8d2d\u7269\u8f66</a>\n    </div>\n  </div>\n                                        <div class="tab-content-item j-sku-item" data-sku="11230276" venderid="0" jdzy_shop_id="0" ts_venderid="">\n  <div class="p-img">\n    <a target="_blank" href="http://item.jd.com/11230276.html">\n                    <img width="200" height="200" data-img="1" data-lazy-img="//img11.360buyimg.com/n7/g14/M05/0D/15/rBEhVVIhQfAIAAAAAAUNgeOfL54AACrGAEBIPUABQ2Z482.jpg">\n          </a>\n      </div>\n  <div class="p-price">\n    <strong class="J_price"><em></em><i></i></strong>\n    <div class="p-icons J-pro-icons">\n          </div>\n  </div>\n  <div class="p-name">\n    <a target="_blank" title="" href="http://item.jd.com/11230276.html">\n      <em>JAVA\u6838\u5fc3\u6280\u672f\uff1a\u53771+\u53772\uff08\u539f\u4e66\u7b2c8\u7248\uff09\uff08\u4eac\u4e1c\u5957\u88c5\u51712\u518c\uff09</em>\n      <i class="promo-words"></i>\n    </a>\n  </div>\n      <div class="p-bookdetails">\n      <span class="p-bi-name">\n                  <span class="author_type_1" style="display: ;">\n                                                       [\u7f8e]                <a title="\u970d\u65af\u7279\u66fc" href="http://book.jd.com/writer/%E9%9C%8D%E6%96%AF%E7%89%B9%E6%9B%BC_1.html" target="_blank"> \u970d\u65af\u7279\u66fc </a>                                        \u8457          </span>\n                            <span class="author_type_2" style="display: none;">\n                                                                     <a title="\u9648\u660a\u9e4f" href="http://book.jd.com/writer/%E9%99%88%E6%98%8A%E9%B9%8F_1.html" target="_blank"> \u9648\u660a\u9e4f </a>                                        \u8bd1          </span>\n                        </span>\n      <em>|</em>      <span class="p-bi-store">\n                  <a title="\u673a\u68b0\u5de5\u4e1a\u51fa\u7248\u793e" href="http://book.jd.com/publish/%E6%9C%BA%E6%A2%B0%E5%B7%A5%E4%B8%9A%E5%87%BA%E7%89%88%E7%A4%BE_1.html" target="_blank">\u673a\u68b0\u5de5\u4e1a\u51fa\u7248\u793e</a>\n              </span>\n      <em>|</em>      <span class="p-bi-date">\n        2008-12      </span>\n    </div>\n        <div class="p-shop hide" data-score="4" data-reputation="0" data-shopid="" data-done="1"></div>\n    <div class="p-commit"><strong>\u5df2\u6709<a target="_blank" href="http://item.jd.com/11230276.html#comments-list">4419</a>\u4eba\u8bc4\u4ef7</strong></div>\n    <div class="p-shopnum">\n      <span class="curr-shop">\u4eac\u4e1c\u81ea\u8425</span>\n    </div>\n    <div class="p-operate">\n      <a class="p-o-btn focus J_focus" data-sku="11230276" href="javascript:;">\n        <i></i>\u5173\u6ce8\n      </a>\n      <a class="p-o-btn addcart" target="_blank" href="http://gate.jd.com/InitCart.aspx?pid=11230276&amp;pcount=1&amp;ptype=1">\n        <i></i>\u52a0\u5165\u8d2d\u7269\u8f66\n      </a>\n    </div>\n    <div class="p-stock" data-isdeliveryable="5" style="display: none;"></div>\n    <div class="p-service">\u7531 \u4eac\u4e1c \u53d1\u8d27</div>\n    <div class="p-summary">\n      <a href="http://item.jd.com/11230276.html#recommend-editor" target="_blank">\u66f4\u591a&gt;</a>\n    </div>\n    <div class="p-addtocart">\n      <a data-sku="11230276" href="http://gate.jd.com/InitCart.aspx?pid=11230276&amp;pcount=1&amp;ptype=1"><i></i>\u52a0\u5165\u8d2d\u7269\u8f66</a>\n    </div>\n  </div>\n                                  </div>\n              </div>\n            </div>']
2016-01-18 16:52:00 [jd] INFO: !!!!!!!!!!!!!!!!!!!!!!!!
2016-01-18 16:52:00 [jd] INFO: !!!!!!!!!!!!!!!!!!!!!!!!
2016-01-18 16:52:00 [jd] INFO: [u'<div class="gl-i-wrap">\n              <div class="gl-i-tab">\n                <div class="gl-i-tab-trigger">\n                  <span title="JAVA\u6838\u5fc3\u6280\u672f\u53772\uff1a\u9ad8\u7ea7\u7279\u5f81\uff08\u539f\u4e66\u7b2c8\u7248\uff09" class="item selected">\u5355\u4ef6</span>\n                                      <span title="JAVA\u6838\u5fc3\u6280\u672f\uff1a\u53771+\u53772\uff08\u539f\u4e66\u7b2c8\u7248\uff09\uff08\u4eac\u4e1c\u5957\u88c5\u51712\u518c\uff09" class="item">\u5957\u88c52\u4ef6</span>\n                                  </div>\n                <div class="gl-i-tab-content">\n                                        <div class="tab-content-item tab-cnt-i-selected j-sku-item" data-sku="10058907" venderid="0" jdzy_shop_id="0" ts_venderid="">\n  <div class="p-img">\n    <a target="_blank" href="http://item.jd.com/10058907.html">\n                    <img width="200" height="200" data-img="1" data-lazy-img="//img12.360buyimg.com/n7/11527/1788d8c9-ced5-406b-87e4-5820ba9711a3.jpg">\n          </a>\n      </div>\n  <div class="p-price">\n    <strong class="J_price"><em></em><i></i></strong>\n    <div class="p-icons J-pro-icons">\n          </div>\n  </div>\n  <div class="p-name">\n    <a target="_blank" title="" href="http://item.jd.com/10058907.html">\n      <em>JAVA\u6838\u5fc3\u6280\u672f\u53772\uff1a\u9ad8\u7ea7\u7279\u5f81\uff08\u539f\u4e66\u7b2c8\u7248\uff09</em>\n      <i class="promo-words"></i>\n    </a>\n  </div>\n      <div class="p-bookdetails">\n      <span class="p-bi-name">\n                  <span class="author_type_1" style="display: ;">\n                                                       [\u7f8e]                <a title="\u970d\u65af\u7279\u66fc" href="http://book.jd.com/writer/%E9%9C%8D%E6%96%AF%E7%89%B9%E6%9B%BC_1.html" target="_blank"> \u970d\u65af\u7279\u66fc </a>                                        \u8457          </span>\n                            <span class="author_type_2" style="display: none;">\n                                                                     <a title="\u9648\u660a\u9e4f" href="http://book.jd.com/writer/%E9%99%88%E6%98%8A%E9%B9%8F_1.html" target="_blank"> \u9648\u660a\u9e4f </a>                                        \u8bd1          </span>\n                        </span>\n      <em>|</em>      <span class="p-bi-store">\n                  <a title="\u673a\u68b0\u5de5\u4e1a\u51fa\u7248\u793e" href="http://book.jd.com/publish/%E6%9C%BA%E6%A2%B0%E5%B7%A5%E4%B8%9A%E5%87%BA%E7%89%88%E7%A4%BE_1.html" target="_blank">\u673a\u68b0\u5de5\u4e1a\u51fa\u7248\u793e</a>\n              </span>\n      <em>|</em>      <span class="p-bi-date">\n        2008-12      </span>\n    </div>\n        <div class="p-shop hide" data-score="4" data-reputation="0" data-shopid="" data-done="1"></div>\n    <div class="p-commit"><strong>\u5df2\u6709<a target="_blank" href="http://item.jd.com/10058907.html#comments-list">1796</a>\u4eba\u8bc4\u4ef7</strong></div>\n    <div class="p-shopnum">\n      <span class="curr-shop">\u4eac\u4e1c\u81ea\u8425</span>\n    </div>\n    <div class="p-operate">\n      <a class="p-o-btn focus J_focus" data-sku="10058907" href="javascript:;">\n        <i></i>\u5173\u6ce8\n      </a>\n      <a class="p-o-btn addcart" target="_blank" href="http://gate.jd.com/InitCart.aspx?pid=10058907&amp;pcount=1&amp;ptype=1">\n        <i></i>\u52a0\u5165\u8d2d\u7269\u8f66\n      </a>\n    </div>\n    <div class="p-stock" data-isdeliveryable="5" style="display: none;"></div>\n    <div class="p-service">\u7531 \u4eac\u4e1c \u53d1\u8d27</div>\n    <div class="p-summary">\n      <a href="http://item.jd.com/10058907.html#recommend-editor" target="_blank">\u66f4\u591a&gt;</a>\n    </div>\n    <div class="p-addtocart">\n      <a data-sku="10058907" href="http://gate.jd.com/InitCart.aspx?pid=10058907&amp;pcount=1&amp;ptype=1"><i></i>\u52a0\u5165\u8d2d\u7269\u8f66</a>\n    </div>\n  </div>\n                                        <div class="tab-content-item j-sku-item" data-sku="11230276" venderid="0" jdzy_shop_id="0" ts_venderid="">\n  <div class="p-img">\n    <a target="_blank" href="http://item.jd.com/11230276.html">\n                    <img width="200" height="200" data-img="1" data-lazy-img="//img11.360buyimg.com/n7/g14/M05/0D/15/rBEhVVIhQfAIAAAAAAUNgeOfL54AACrGAEBIPUABQ2Z482.jpg">\n          </a>\n      </div>\n  <div class="p-price">\n    <strong class="J_price"><em></em><i></i></strong>\n    <div class="p-icons J-pro-icons">\n          </div>\n  </div>\n  <div class="p-name">\n    <a target="_blank" title="" href="http://item.jd.com/11230276.html">\n      <em>JAVA\u6838\u5fc3\u6280\u672f\uff1a\u53771+\u53772\uff08\u539f\u4e66\u7b2c8\u7248\uff09\uff08\u4eac\u4e1c\u5957\u88c5\u51712\u518c\uff09</em>\n      <i class="promo-words"></i>\n    </a>\n  </div>\n      <div class="p-bookdetails">\n      <span class="p-bi-name">\n                  <span class="author_type_1" style="display: ;">\n                                                       [\u7f8e]                <a title="\u970d\u65af\u7279\u66fc" href="http://book.jd.com/writer/%E9%9C%8D%E6%96%AF%E7%89%B9%E6%9B%BC_1.html" target="_blank"> \u970d\u65af\u7279\u66fc </a>                                        \u8457          </span>\n                            <span class="author_type_2" style="display: none;">\n                                                                     <a title="\u9648\u660a\u9e4f" href="http://book.jd.com/writer/%E9%99%88%E6%98%8A%E9%B9%8F_1.html" target="_blank"> \u9648\u660a\u9e4f </a>                                        \u8bd1          </span>\n                        </span>\n      <em>|</em>      <span class="p-bi-store">\n                  <a title="\u673a\u68b0\u5de5\u4e1a\u51fa\u7248\u793e" href="http://book.jd.com/publish/%E6%9C%BA%E6%A2%B0%E5%B7%A5%E4%B8%9A%E5%87%BA%E7%89%88%E7%A4%BE_1.html" target="_blank">\u673a\u68b0\u5de5\u4e1a\u51fa\u7248\u793e</a>\n              </span>\n      <em>|</em>      <span class="p-bi-date">\n        2008-12      </span>\n    </div>\n        <div class="p-shop hide" data-score="4" data-reputation="0" data-shopid="" data-done="1"></div>\n    <div class="p-commit"><strong>\u5df2\u6709<a target="_blank" href="http://item.jd.com/11230276.html#comments-list">4419</a>\u4eba\u8bc4\u4ef7</strong></div>\n    <div class="p-shopnum">\n      <span class="curr-shop">\u4eac\u4e1c\u81ea\u8425</span>\n    </div>\n    <div class="p-operate">\n      <a class="p-o-btn focus J_focus" data-sku="11230276" href="javascript:;">\n        <i></i>\u5173\u6ce8\n      </a>\n      <a class="p-o-btn addcart" target="_blank" href="http://gate.jd.com/InitCart.aspx?pid=11230276&amp;pcount=1&amp;ptype=1">\n        <i></i>\u52a0\u5165\u8d2d\u7269\u8f66\n      </a>\n    </div>\n    <div class="p-stock" data-isdeliveryable="5" style="display: none;"></div>\n    <div class="p-service">\u7531 \u4eac\u4e1c \u53d1\u8d27</div>\n    <div class="p-summary">\n      <a href="http://item.jd.com/11230276.html#recommend-editor" target="_blank">\u66f4\u591a&gt;</a>\n    </div>\n    <div class="p-addtocart">\n      <a data-sku="11230276" href="http://gate.jd.com/InitCart.aspx?pid=11230276&amp;pcount=1&amp;ptype=1"><i></i>\u52a0\u5165\u8d2d\u7269\u8f66</a>\n    </div>\n  </div>\n                                  </div>\n              </div>\n            </div>']
2016-01-18 16:52:00 [jd] INFO: !!!!!!!!!!!!!!!!!!!!!!!!
2016-01-18 16:52:00 [jd] INFO: !!!!!!!!!!!!!!!!!!!!!!!!
2016-01-18 16:52:00 [jd] INFO: [u'<div class="gl-i-wrap">\n              <div class="gl-i-tab">\n                <div class="gl-i-tab-trigger">\n                  <span title="JAVA\u6838\u5fc3\u6280\u672f\u53772\uff1a\u9ad8\u7ea7\u7279\u5f81\uff08\u539f\u4e66\u7b2c8\u7248\uff09" class="item selected">\u5355\u4ef6</span>\n                                      <span title="JAVA\u6838\u5fc3\u6280\u672f\uff1a\u53771+\u53772\uff08\u539f\u4e66\u7b2c8\u7248\uff09\uff08\u4eac\u4e1c\u5957\u88c5\u51712\u518c\uff09" class="item">\u5957\u88c52\u4ef6</span>\n                                  </div>\n                <div class="gl-i-tab-content">\n                                        <div class="tab-content-item tab-cnt-i-selected j-sku-item" data-sku="10058907" venderid="0" jdzy_shop_id="0" ts_venderid="">\n  <div class="p-img">\n    <a target="_blank" href="http://item.jd.com/10058907.html">\n                    <img width="200" height="200" data-img="1" data-lazy-img="//img12.360buyimg.com/n7/11527/1788d8c9-ced5-406b-87e4-5820ba9711a3.jpg">\n          </a>\n      </div>\n  <div class="p-price">\n    <strong class="J_price"><em></em><i></i></strong>\n    <div class="p-icons J-pro-icons">\n          </div>\n  </div>\n  <div class="p-name">\n    <a target="_blank" title="" href="http://item.jd.com/10058907.html">\n      <em>JAVA\u6838\u5fc3\u6280\u672f\u53772\uff1a\u9ad8\u7ea7\u7279\u5f81\uff08\u539f\u4e66\u7b2c8\u7248\uff09</em>\n      <i class="promo-words"></i>\n    </a>\n  </div>\n      <div class="p-bookdetails">\n      <span class="p-bi-name">\n                  <span class="author_type_1" style="display: ;">\n                                                       [\u7f8e]                <a title="\u970d\u65af\u7279\u66fc" href="http://book.jd.com/writer/%E9%9C%8D%E6%96%AF%E7%89%B9%E6%9B%BC_1.html" target="_blank"> \u970d\u65af\u7279\u66fc </a>                                        \u8457          </span>\n                            <span class="author_type_2" style="display: none;">\n                                                                     <a title="\u9648\u660a\u9e4f" href="http://book.jd.com/writer/%E9%99%88%E6%98%8A%E9%B9%8F_1.html" target="_blank"> \u9648\u660a\u9e4f </a>                                        \u8bd1          </span>\n                        </span>\n      <em>|</em>      <span class="p-bi-store">\n                  <a title="\u673a\u68b0\u5de5\u4e1a\u51fa\u7248\u793e" href="http://book.jd.com/publish/%E6%9C%BA%E6%A2%B0%E5%B7%A5%E4%B8%9A%E5%87%BA%E7%89%88%E7%A4%BE_1.html" target="_blank">\u673a\u68b0\u5de5\u4e1a\u51fa\u7248\u793e</a>\n              </span>\n      <em>|</em>      <span class="p-bi-date">\n        2008-12      </span>\n    </div>\n        <div class="p-shop hide" data-score="4" data-reputation="0" data-shopid="" data-done="1"></div>\n    <div class="p-commit"><strong>\u5df2\u6709<a target="_blank" href="http://item.jd.com/10058907.html#comments-list">1796</a>\u4eba\u8bc4\u4ef7</strong></div>\n    <div class="p-shopnum">\n      <span class="curr-shop">\u4eac\u4e1c\u81ea\u8425</span>\n    </div>\n    <div class="p-operate">\n      <a class="p-o-btn focus J_focus" data-sku="10058907" href="javascript:;">\n        <i></i>\u5173\u6ce8\n      </a>\n      <a class="p-o-btn addcart" target="_blank" href="http://gate.jd.com/InitCart.aspx?pid=10058907&amp;pcount=1&amp;ptype=1">\n        <i></i>\u52a0\u5165\u8d2d\u7269\u8f66\n      </a>\n    </div>\n    <div class="p-stock" data-isdeliveryable="5" style="display: none;"></div>\n    <div class="p-service">\u7531 \u4eac\u4e1c \u53d1\u8d27</div>\n    <div class="p-summary">\n      <a href="http://item.jd.com/10058907.html#recommend-editor" target="_blank">\u66f4\u591a&gt;</a>\n    </div>\n    <div class="p-addtocart">\n      <a data-sku="10058907" href="http://gate.jd.com/InitCart.aspx?pid=10058907&amp;pcount=1&amp;ptype=1"><i></i>\u52a0\u5165\u8d2d\u7269\u8f66</a>\n    </div>\n  </div>\n                                        <div class="tab-content-item j-sku-item" data-sku="11230276" venderid="0" jdzy_shop_id="0" ts_venderid="">\n  <div class="p-img">\n    <a target="_blank" href="http://item.jd.com/11230276.html">\n                    <img width="200" height="200" data-img="1" data-lazy-img="//img11.360buyimg.com/n7/g14/M05/0D/15/rBEhVVIhQfAIAAAAAAUNgeOfL54AACrGAEBIPUABQ2Z482.jpg">\n          </a>\n      </div>\n  <div class="p-price">\n    <strong class="J_price"><em></em><i></i></strong>\n    <div class="p-icons J-pro-icons">\n          </div>\n  </div>\n  <div class="p-name">\n    <a target="_blank" title="" href="http://item.jd.com/11230276.html">\n      <em>JAVA\u6838\u5fc3\u6280\u672f\uff1a\u53771+\u53772\uff08\u539f\u4e66\u7b2c8\u7248\uff09\uff08\u4eac\u4e1c\u5957\u88c5\u51712\u518c\uff09</em>\n      <i class="promo-words"></i>\n    </a>\n  </div>\n      <div class="p-bookdetails">\n      <span class="p-bi-name">\n                  <span class="author_type_1" style="display: ;">\n                                                       [\u7f8e]                <a title="\u970d\u65af\u7279\u66fc" href="http://book.jd.com/writer/%E9%9C%8D%E6%96%AF%E7%89%B9%E6%9B%BC_1.html" target="_blank"> \u970d\u65af\u7279\u66fc </a>                                        \u8457          </span>\n                            <span class="author_type_2" style="display: none;">\n                                                                     <a title="\u9648\u660a\u9e4f" href="http://book.jd.com/writer/%E9%99%88%E6%98%8A%E9%B9%8F_1.html" target="_blank"> \u9648\u660a\u9e4f </a>                                        \u8bd1          </span>\n                        </span>\n      <em>|</em>      <span class="p-bi-store">\n                  <a title="\u673a\u68b0\u5de5\u4e1a\u51fa\u7248\u793e" href="http://book.jd.com/publish/%E6%9C%BA%E6%A2%B0%E5%B7%A5%E4%B8%9A%E5%87%BA%E7%89%88%E7%A4%BE_1.html" target="_blank">\u673a\u68b0\u5de5\u4e1a\u51fa\u7248\u793e</a>\n              </span>\n      <em>|</em>      <span class="p-bi-date">\n        2008-12      </span>\n    </div>\n        <div class="p-shop hide" data-score="4" data-reputation="0" data-shopid="" data-done="1"></div>\n    <div class="p-commit"><strong>\u5df2\u6709<a target="_blank" href="http://item.jd.com/11230276.html#comments-list">4419</a>\u4eba\u8bc4\u4ef7</strong></div>\n    <div class="p-shopnum">\n      <span class="curr-shop">\u4eac\u4e1c\u81ea\u8425</span>\n    </div>\n    <div class="p-operate">\n      <a class="p-o-btn focus J_focus" data-sku="11230276" href="javascript:;">\n        <i></i>\u5173\u6ce8\n      </a>\n      <a class="p-o-btn addcart" target="_blank" href="http://gate.jd.com/InitCart.aspx?pid=11230276&amp;pcount=1&amp;ptype=1">\n        <i></i>\u52a0\u5165\u8d2d\u7269\u8f66\n      </a>\n    </div>\n    <div class="p-stock" data-isdeliveryable="5" style="display: none;"></div>\n    <div class="p-service">\u7531 \u4eac\u4e1c \u53d1\u8d27</div>\n    <div class="p-summary">\n      <a href="http://item.jd.com/11230276.html#recommend-editor" target="_blank">\u66f4\u591a&gt;</a>\n    </div>\n    <div class="p-addtocart">\n      <a data-sku="11230276" href="http://gate.jd.com/InitCart.aspx?pid=11230276&amp;pcount=1&amp;ptype=1"><i></i>\u52a0\u5165\u8d2d\u7269\u8f66</a>\n    </div>\n  </div>\n                                  </div>\n              </div>\n            </div>']
2016-01-18 16:52:00 [jd] INFO: !!!!!!!!!!!!!!!!!!!!!!!!
2016-01-18 16:52:00 [jd] INFO: !!!!!!!!!!!!!!!!!!!!!!!!
2016-01-18 16:52:00 [jd] INFO: [u'<div class="gl-i-wrap">\n              <div class="gl-i-tab">\n                <div class="gl-i-tab-trigger">\n                  <span title="JAVA\u6838\u5fc3\u6280\u672f\u53772\uff1a\u9ad8\u7ea7\u7279\u5f81\uff08\u539f\u4e66\u7b2c8\u7248\uff09" class="item selected">\u5355\u4ef6</span>\n                                      <span title="JAVA\u6838\u5fc3\u6280\u672f\uff1a\u53771+\u53772\uff08\u539f\u4e66\u7b2c8\u7248\uff09\uff08\u4eac\u4e1c\u5957\u88c5\u51712\u518c\uff09" class="item">\u5957\u88c52\u4ef6</span>\n                                  </div>\n                <div class="gl-i-tab-content">\n                                        <div class="tab-content-item tab-cnt-i-selected j-sku-item" data-sku="10058907" venderid="0" jdzy_shop_id="0" ts_venderid="">\n  <div class="p-img">\n    <a target="_blank" href="http://item.jd.com/10058907.html">\n                    <img width="200" height="200" data-img="1" data-lazy-img="//img12.360buyimg.com/n7/11527/1788d8c9-ced5-406b-87e4-5820ba9711a3.jpg">\n          </a>\n      </div>\n  <div class="p-price">\n    <strong class="J_price"><em></em><i></i></strong>\n    <div class="p-icons J-pro-icons">\n          </div>\n  </div>\n  <div class="p-name">\n    <a target="_blank" title="" href="http://item.jd.com/10058907.html">\n      <em>JAVA\u6838\u5fc3\u6280\u672f\u53772\uff1a\u9ad8\u7ea7\u7279\u5f81\uff08\u539f\u4e66\u7b2c8\u7248\uff09</em>\n      <i class="promo-words"></i>\n    </a>\n  </div>\n      <div class="p-bookdetails">\n      <span class="p-bi-name">\n                  <span class="author_type_1" style="display: ;">\n                                                       [\u7f8e]                <a title="\u970d\u65af\u7279\u66fc" href="http://book.jd.com/writer/%E9%9C%8D%E6%96%AF%E7%89%B9%E6%9B%BC_1.html" target="_blank"> \u970d\u65af\u7279\u66fc </a>                                        \u8457          </span>\n                            <span class="author_type_2" style="display: none;">\n                                                                     <a title="\u9648\u660a\u9e4f" href="http://book.jd.com/writer/%E9%99%88%E6%98%8A%E9%B9%8F_1.html" target="_blank"> \u9648\u660a\u9e4f </a>                                        \u8bd1          </span>\n                        </span>\n      <em>|</em>      <span class="p-bi-store">\n                  <a title="\u673a\u68b0\u5de5\u4e1a\u51fa\u7248\u793e" href="http://book.jd.com/publish/%E6%9C%BA%E6%A2%B0%E5%B7%A5%E4%B8%9A%E5%87%BA%E7%89%88%E7%A4%BE_1.html" target="_blank">\u673a\u68b0\u5de5\u4e1a\u51fa\u7248\u793e</a>\n              </span>\n      <em>|</em>      <span class="p-bi-date">\n        2008-12      </span>\n    </div>\n        <div class="p-shop hide" data-score="4" data-reputation="0" data-shopid="" data-done="1"></div>\n    <div class="p-commit"><strong>\u5df2\u6709<a target="_blank" href="http://item.jd.com/10058907.html#comments-list">1796</a>\u4eba\u8bc4\u4ef7</strong></div>\n    <div class="p-shopnum">\n      <span class="curr-shop">\u4eac\u4e1c\u81ea\u8425</span>\n    </div>\n    <div class="p-operate">\n      <a class="p-o-btn focus J_focus" data-sku="10058907" href="javascript:;">\n        <i></i>\u5173\u6ce8\n      </a>\n      <a class="p-o-btn addcart" target="_blank" href="http://gate.jd.com/InitCart.aspx?pid=10058907&amp;pcount=1&amp;ptype=1">\n        <i></i>\u52a0\u5165\u8d2d\u7269\u8f66\n      </a>\n    </div>\n    <div class="p-stock" data-isdeliveryable="5" style="display: none;"></div>\n    <div class="p-service">\u7531 \u4eac\u4e1c \u53d1\u8d27</div>\n    <div class="p-summary">\n      <a href="http://item.jd.com/10058907.html#recommend-editor" target="_blank">\u66f4\u591a&gt;</a>\n    </div>\n    <div class="p-addtocart">\n      <a data-sku="10058907" href="http://gate.jd.com/InitCart.aspx?pid=10058907&amp;pcount=1&amp;ptype=1"><i></i>\u52a0\u5165\u8d2d\u7269\u8f66</a>\n    </div>\n  </div>\n                                        <div class="tab-content-item j-sku-item" data-sku="11230276" venderid="0" jdzy_shop_id="0" ts_venderid="">\n  <div class="p-img">\n    <a target="_blank" href="http://item.jd.com/11230276.html">\n                    <img width="200" height="200" data-img="1" data-lazy-img="//img11.360buyimg.com/n7/g14/M05/0D/15/rBEhVVIhQfAIAAAAAAUNgeOfL54AACrGAEBIPUABQ2Z482.jpg">\n          </a>\n      </div>\n  <div class="p-price">\n    <strong class="J_price"><em></em><i></i></strong>\n    <div class="p-icons J-pro-icons">\n          </div>\n  </div>\n  <div class="p-name">\n    <a target="_blank" title="" href="http://item.jd.com/11230276.html">\n      <em>JAVA\u6838\u5fc3\u6280\u672f\uff1a\u53771+\u53772\uff08\u539f\u4e66\u7b2c8\u7248\uff09\uff08\u4eac\u4e1c\u5957\u88c5\u51712\u518c\uff09</em>\n      <i class="promo-words"></i>\n    </a>\n  </div>\n      <div class="p-bookdetails">\n      <span class="p-bi-name">\n                  <span class="author_type_1" style="display: ;">\n                                                       [\u7f8e]                <a title="\u970d\u65af\u7279\u66fc" href="http://book.jd.com/writer/%E9%9C%8D%E6%96%AF%E7%89%B9%E6%9B%BC_1.html" target="_blank"> \u970d\u65af\u7279\u66fc </a>                                        \u8457          </span>\n                            <span class="author_type_2" style="display: none;">\n                                                                     <a title="\u9648\u660a\u9e4f" href="http://book.jd.com/writer/%E9%99%88%E6%98%8A%E9%B9%8F_1.html" target="_blank"> \u9648\u660a\u9e4f </a>                                        \u8bd1          </span>\n                        </span>\n      <em>|</em>      <span class="p-bi-store">\n                  <a title="\u673a\u68b0\u5de5\u4e1a\u51fa\u7248\u793e" href="http://book.jd.com/publish/%E6%9C%BA%E6%A2%B0%E5%B7%A5%E4%B8%9A%E5%87%BA%E7%89%88%E7%A4%BE_1.html" target="_blank">\u673a\u68b0\u5de5\u4e1a\u51fa\u7248\u793e</a>\n              </span>\n      <em>|</em>      <span class="p-bi-date">\n        2008-12      </span>\n    </div>\n        <div class="p-shop hide" data-score="4" data-reputation="0" data-shopid="" data-done="1"></div>\n    <div class="p-commit"><strong>\u5df2\u6709<a target="_blank" href="http://item.jd.com/11230276.html#comments-list">4419</a>\u4eba\u8bc4\u4ef7</strong></div>\n    <div class="p-shopnum">\n      <span class="curr-shop">\u4eac\u4e1c\u81ea\u8425</span>\n    </div>\n    <div class="p-operate">\n      <a class="p-o-btn focus J_focus" data-sku="11230276" href="javascript:;">\n        <i></i>\u5173\u6ce8\n      </a>\n      <a class="p-o-btn addcart" target="_blank" href="http://gate.jd.com/InitCart.aspx?pid=11230276&amp;pcount=1&amp;ptype=1">\n        <i></i>\u52a0\u5165\u8d2d\u7269\u8f66\n      </a>\n    </div>\n    <div class="p-stock" data-isdeliveryable="5" style="display: none;"></div>\n    <div class="p-service">\u7531 \u4eac\u4e1c \u53d1\u8d27</div>\n    <div class="p-summary">\n      <a href="http://item.jd.com/11230276.html#recommend-editor" target="_blank">\u66f4\u591a&gt;</a>\n    </div>\n    <div class="p-addtocart">\n      <a data-sku="11230276" href="http://gate.jd.com/InitCart.aspx?pid=11230276&amp;pcount=1&amp;ptype=1"><i></i>\u52a0\u5165\u8d2d\u7269\u8f66</a>\n    </div>\n  </div>\n                                  </div>\n              </div>\n            </div>']
2016-01-18 16:52:00 [jd] INFO: !!!!!!!!!!!!!!!!!!!!!!!!
2016-01-18 16:52:00 [jd] INFO: !!!!!!!!!!!!!!!!!!!!!!!!
2016-01-18 16:52:00 [jd] INFO: [u'<div class="gl-i-wrap j-sku-item" data-sku="1692663420" venderid="51031" jdzy_shop_id="47718" ts_venderid="1692663420">\n  <div class="p-img">\n    <a target="_blank" href="http://item.jd.com/1692663420.html">\n                    <img width="200" height="200" data-img="1" data-lazy-img="//img10.360buyimg.com/n7/jfs/t2338/300/986747451/264256/434a1639/56387821Ne5a6fafc.jpg">\n          </a>\n      </div>\n  <div class="p-price">\n    <strong class="J_price"><em></em><i></i></strong>\n    <div class="p-icons J-pro-icons">\n          </div>\n  </div>\n  <div class="p-name">\n    <a target="_blank" title="" href="http://item.jd.com/1692663420.html">\n      <em>\u5305\u90ae\u30102015\u65b0\u7248\u3011Java\u4ece\u5165\u95e8\u5230\u7cbe\u901a(\u7b2c2\u7248) java\u7f16\u7a0b\u601d\u60f3 java\u6838\u5fc3\u6280\u672f</em>\n      <i class="promo-words"></i>\n    </a>\n  </div>\n      <div class="p-bookdetails">\n      <span class="p-bi-name">\n              </span>\n            <span class="p-bi-store">\n                  <a title="\u4eba\u6c11\u90ae\u7535\u51fa\u7248\u793e" href="http://book.jd.com/publish/%E4%BA%BA%E6%B0%91%E9%82%AE%E7%94%B5%E5%87%BA%E7%89%88%E7%A4%BE_1.html" target="_blank">\u4eba\u6c11\u90ae\u7535\u51fa\u7248\u793e</a>\n              </span>\n      <em>|</em>      <span class="p-bi-date">\n        2015-01      </span>\n    </div>\n        <div class="p-shop hide" data-score="4" data-reputation="0" data-shopid="" data-done="1"></div>\n    <div class="p-commit"><strong>\u5df2\u6709<a target="_blank" href="http://item.jd.com/1692663420.html#comments-list">7</a>\u4eba\u8bc4\u4ef7</strong></div>\n    <div class="p-shopnum">\n      <span class="curr-shop">\u4eac\u4e1c\u81ea\u8425</span>\n    </div>\n    <div class="p-operate">\n      <a class="p-o-btn focus J_focus" data-sku="1692663420" href="javascript:;">\n        <i></i>\u5173\u6ce8\n      </a>\n      <a class="p-o-btn addcart" target="_blank" href="http://gate.jd.com/InitCart.aspx?pid=1692663420&amp;pcount=1&amp;ptype=1">\n        <i></i>\u52a0\u5165\u8d2d\u7269\u8f66\n      </a>\n    </div>\n    <div class="p-stock" data-isdeliveryable="5" style="display: none;"></div>\n    <div class="p-service">\u7531 \u4eac\u4e1c \u53d1\u8d27</div>\n    <div class="p-summary">\n      <a href="http://item.jd.com/1692663420.html#recommend-editor" target="_blank">\u66f4\u591a&gt;</a>\n    </div>\n    <div class="p-addtocart">\n      <a data-sku="1692663420" href="http://gate.jd.com/InitCart.aspx?pid=1692663420&amp;pcount=1&amp;ptype=1"><i></i>\u52a0\u5165\u8d2d\u7269\u8f66</a>\n    </div>\n  </div>']
2016-01-18 16:52:00 [jd] INFO: !!!!!!!!!!!!!!!!!!!!!!!!
2016-01-18 16:52:00 [jd] INFO: !!!!!!!!!!!!!!!!!!!!!!!!
2016-01-18 16:52:00 [jd] INFO: [u'<div class="gl-i-wrap j-sku-item" data-sku="1376881315" venderid="51031" jdzy_shop_id="47718" ts_venderid="1376881315">\n  <div class="p-img">\n    <a target="_blank" href="http://item.jd.com/1376881315.html">\n                    <img width="200" height="200" data-img="1" data-lazy-img="//img10.360buyimg.com/n7/jfs/t1888/68/904721424/212847/2aa24687/5639a845N038de262.jpg">\n          </a>\n      </div>\n  <div class="p-price">\n    <strong class="J_price"><em></em><i></i></strong>\n    <div class="p-icons J-pro-icons">\n          </div>\n  </div>\n  <div class="p-name">\n    <a target="_blank" title="" href="http://item.jd.com/1376881315.html">\n      <em>\u3010\u7279\u4ef7\u7279\u4fbf\u5b9c\u3011Effective Java\u4e2d\u6587\u7248(\u7b2c2\u7248) java\u4e4b\u7236\u7ecf\u5178\u597d\u4e66</em>\n      <i class="promo-words"></i>\n    </a>\n  </div>\n      <div class="p-bookdetails">\n      <span class="p-bi-name">\n              </span>\n            <span class="p-bi-store">\n                  <a title="\u673a\u68b0\u5de5\u4e1a\u51fa\u7248\u793e" href="http://book.jd.com/publish/%E6%9C%BA%E6%A2%B0%E5%B7%A5%E4%B8%9A%E5%87%BA%E7%89%88%E7%A4%BE_1.html" target="_blank">\u673a\u68b0\u5de5\u4e1a\u51fa\u7248\u793e</a>\n              </span>\n      <em>|</em>      <span class="p-bi-date">\n        2014-12      </span>\n    </div>\n        <div class="p-shop hide" data-score="4" data-reputation="0" data-shopid="" data-done="1"></div>\n    <div class="p-commit"><strong>\u5df2\u6709<a target="_blank" href="http://item.jd.com/1376881315.html#comments-list">8</a>\u4eba\u8bc4\u4ef7</strong></div>\n    <div class="p-shopnum">\n      <span class="curr-shop">\u4eac\u4e1c\u81ea\u8425</span>\n    </div>\n    <div class="p-operate">\n      <a class="p-o-btn focus J_focus" data-sku="1376881315" href="javascript:;">\n        <i></i>\u5173\u6ce8\n      </a>\n      <a class="p-o-btn addcart" target="_blank" href="http://gate.jd.com/InitCart.aspx?pid=1376881315&amp;pcount=1&amp;ptype=1">\n        <i></i>\u52a0\u5165\u8d2d\u7269\u8f66\n      </a>\n    </div>\n    <div class="p-stock" data-isdeliveryable="5" style="display: none;"></div>\n    <div class="p-service">\u7531 \u4eac\u4e1c \u53d1\u8d27</div>\n    <div class="p-summary">\n      <a href="http://item.jd.com/1376881315.html#recommend-editor" target="_blank">\u66f4\u591a&gt;</a>\n    </div>\n    <div class="p-addtocart">\n      <a data-sku="1376881315" href="http://gate.jd.com/InitCart.aspx?pid=1376881315&amp;pcount=1&amp;ptype=1"><i></i>\u52a0\u5165\u8d2d\u7269\u8f66</a>\n    </div>\n  </div>']
2016-01-18 16:52:00 [jd] INFO: !!!!!!!!!!!!!!!!!!!!!!!!
2016-01-18 16:52:01 [jd] INFO: ['skuids input error']
2016-01-18 16:52:01 [jd] INFO: XXXXXXXXXXXXXXXXX0
2016-01-18 16:52:01 [jd] INFO: ['skuids input error']
2016-01-18 16:52:01 [jd] INFO: XXXXXXXXXXXXXXXXX0
2016-01-18 16:52:01 [jd] INFO: ['[{', 'id', ':', 'J_10066423', ',', 'p', ':', '55.30', ',', 'm', ':', '65.80', '}]']
2016-01-18 16:52:01 [jd] INFO: XXXXXXXXXXXXXXXXX55.30
2016-01-18 16:52:01 [jd] INFO: ['[{', 'id', ':', 'J_10144196', ',', 'p', ':', '41.70', ',', 'm', ':', '49.80', '}]']
2016-01-18 16:52:01 [jd] INFO: XXXXXXXXXXXXXXXXX41.70
2016-01-18 16:52:01 [jd] INFO: ['[{', 'id', ':', 'J_11559101', ',', 'p', ':', '93.60', ',', 'm', ':', '108.00', '}]']
2016-01-18 16:52:01 [jd] INFO: XXXXXXXXXXXXXXXXX93.60
2016-01-18 16:52:01 [jd] INFO: ['[{', 'id', ':', 'J_11007799', ',', 'p', ':', '66.30', ',', 'm', ':', '78.00', '}]']
2016-01-18 16:52:01 [jd] INFO: XXXXXXXXXXXXXXXXX66.30
2016-01-18 16:52:01 [jd] INFO: ['[{', 'id', ':', 'J_11514816', ',', 'p', ':', '91.30', ',', 'm', ':', '109.00', '}]']
2016-01-18 16:52:01 [jd] INFO: XXXXXXXXXXXXXXXXX91.30
2016-01-18 16:52:01 [jd] INFO: ['[{', 'id', ':', 'J_11345721', ',', 'p', ':', '89.30', ',', 'm', ':', '119.00', '}]']
2016-01-18 16:52:01 [jd] INFO: XXXXXXXXXXXXXXXXX89.30
2016-01-18 16:52:01 [jd] INFO: ['skuids input error']
2016-01-18 16:52:01 [jd] INFO: XXXXXXXXXXXXXXXXX0
2016-01-18 16:52:01 [jd] INFO: ['[{', 'id', ':', 'J_11078102', ',', 'p', ':', '40.70', ',', 'm', ':', '59.80', '}]']
2016-01-18 16:52:01 [jd] INFO: XXXXXXXXXXXXXXXXX40.70
2016-01-18 16:52:01 [jd] INFO: ['[{', 'id', ':', 'J_11494704', ',', 'p', ':', '40.20', ',', 'm', ':', '49.00', '}]']
2016-01-18 16:52:01 [jd] INFO: XXXXXXXXXXXXXXXXX40.20
2016-01-18 16:52:01 [jd] INFO: ['[{', 'id', ':', 'J_11788303', ',', 'p', ':', '40.40', ',', 'm', ':', '49.00', '}]']
2016-01-18 16:52:01 [jd] INFO: XXXXXXXXXXXXXXXXX40.40
2016-01-18 16:52:01 [jd] INFO: ['[{', 'id', ':', 'J_11390426', ',', 'p', ':', '66.20', ',', 'm', ':', '78.00', '}]']
2016-01-18 16:52:01 [jd] INFO: XXXXXXXXXXXXXXXXX66.20
2016-01-18 16:52:01 [jd] INFO: ['[{', 'id', ':', 'J_11586638', ',', 'p', ':', '23.70', ',', 'm', ':', '28.00', '}]']
2016-01-18 16:52:01 [jd] INFO: XXXXXXXXXXXXXXXXX23.70
2016-01-18 16:52:01 [jd] INFO: ['[{', 'id', ':', 'J_11025556', ',', 'p', ':', '31.40', ',', 'm', ':', '35.00', '}]']
2016-01-18 16:52:01 [jd] INFO: XXXXXXXXXXXXXXXXX31.40
2016-01-18 16:52:01 [jd] INFO: ['[{', 'id', ':', 'J_1754785547', ',', 'p', ':', '59.20', ',', 'm', ':', '79.00', '}]']
2016-01-18 16:52:01 [jd] INFO: XXXXXXXXXXXXXXXXX59.20
2016-01-18 16:52:01 [jd] INFO: ['[{', 'id', ':', 'J_10145820', ',', 'p', ':', '50.30', ',', 'm', ':', '58.00', '}]']
2016-01-18 16:52:01 [jd] INFO: XXXXXXXXXXXXXXXXX50.30
2016-01-18 16:52:01 [jd] INFO: ['[{', 'id', ':', 'J_1376881315', ',', 'p', ':', '35.00', ',', 'm', ':', '52.00', '}]']
2016-01-18 16:52:01 [jd] INFO: XXXXXXXXXXXXXXXXX35.00
2016-01-18 16:52:01 [jd] INFO: ['[{', 'id', ':', 'J_10155760', ',', 'p', ':', '55.20', ',', 'm', ':', '62.00', '}]']
2016-01-18 16:52:01 [jd] INFO: XXXXXXXXXXXXXXXXX55.20
2016-01-18 16:52:01 [jd] INFO: ['[{', 'id', ':', 'J_10155439', ',', 'p', ':', '59.00', ',', 'm', ':', '118.00', '}]']
2016-01-18 16:52:01 [jd] INFO: XXXXXXXXXXXXXXXXX59.00
2016-01-18 16:52:01 [jd] INFO: ['[{', 'id', ':', 'J_10156037', ',', 'p', ':', '56.10', ',', 'm', ':', '66.00', '}]']
2016-01-18 16:52:01 [jd] INFO: XXXXXXXXXXXXXXXXX56.10
2016-01-18 16:52:01 [jd] INFO: ['[{', 'id', ':', 'J_11757878', ',', 'p', ':', '34.30', ',', 'm', ':', '39.00', '}]']
2016-01-18 16:52:01 [jd] INFO: XXXXXXXXXXXXXXXXX34.30
2016-01-18 16:52:01 [jd] INFO: ['[{', 'id', ':', 'J_10695732', ',', 'p', ':', '96.50', ',', 'm', ':', '108.00', '}]']
2016-01-18 16:52:01 [jd] INFO: XXXXXXXXXXXXXXXXX96.50
2016-01-18 16:52:01 [jd] INFO: ['[{', 'id', ':', 'J_10921117', ',', 'p', ':', '68.80', ',', 'm', ':', '79.00', '}]']
2016-01-18 16:52:01 [jd] INFO: XXXXXXXXXXXXXXXXX68.80
2016-01-18 16:52:01 [jd] INFO: ['[{', 'id', ':', 'J_11235280', ',', 'p', ':', '70.50', ',', 'm', ':', '79.80', '}]']
2016-01-18 16:52:01 [jd] INFO: XXXXXXXXXXXXXXXXX70.50
2016-01-18 16:52:01 [jd] INFO: ['[{', 'id', ':', 'J_11531642', ',', 'p', ':', '84.80', ',', 'm', ':', '99.80', '}]']
2016-01-18 16:52:01 [jd] INFO: XXXXXXXXXXXXXXXXX84.80
2016-01-18 16:52:01 [jd] INFO: ['[{', 'id', ':', 'J_11068000', ',', 'p', ':', '52.80', ',', 'm', ':', '59.80', '}]']
2016-01-18 16:52:01 [jd] INFO: XXXXXXXXXXXXXXXXX52.80
2016-01-18 16:52:01 [jd] INFO: ['[{', 'id', ':', 'J_11688317', ',', 'p', ':', '41.10', ',', 'm', ':', '49.00', '}]']
2016-01-18 16:52:01 [jd] INFO: XXXXXXXXXXXXXXXXX41.10
2016-01-18 16:52:01 [jd] INFO: ['[{', 'id', ':', 'J_11364554', ',', 'p', ':', '183.60', ',', 'm', ':', '216.00', '}]']
2016-01-18 16:52:01 [jd] INFO: XXXXXXXXXXXXXXXXX183.60
2016-01-18 16:52:01 [jd] INFO: ['[{', 'id', ':', 'J_11396597', ',', 'p', ':', '52.00', ',', 'm', ':', '59.80', '}]']
2016-01-18 16:52:01 [jd] INFO: XXXXXXXXXXXXXXXXX52.00
2016-01-18 16:52:01 [jd] INFO: ['[{', 'id', ':', 'J_10468565', ',', 'p', ':', '34.10', ',', 'm', ':', '39.00', '}]']
2016-01-18 16:52:01 [jd] INFO: XXXXXXXXXXXXXXXXX34.10
2016-01-18 16:52:01 [jd] INFO: ['[{', 'id', ':', 'J_10695723', ',', 'p', ':', '59.40', ',', 'm', ':', '99.00', '}]']
2016-01-18 16:52:01 [jd] INFO: XXXXXXXXXXXXXXXXX59.40
2016-01-18 16:52:01 [jd] INFO: ['[{', 'id', ':', 'J_10222738', ',', 'p', ':', '52.80', ',', 'm', ':', '65.00', '}]']
2016-01-18 16:52:01 [jd] INFO: XXXXXXXXXXXXXXXXX52.80
2016-01-18 16:52:01 [jd] INFO: ['[{', 'id', ':', 'J_10157197', ',', 'p', ':', '58.70', ',', 'm', ':', '69.00', '}]']
2016-01-18 16:52:01 [jd] INFO: XXXXXXXXXXXXXXXXX58.70
2016-01-18 16:52:01 [jd] INFO: ['[{', 'id', ':', 'J_10156682', ',', 'p', ':', '54.20', ',', 'm', ':', '59.80', '}]']
2016-01-18 16:52:01 [jd] INFO: XXXXXXXXXXXXXXXXX54.20
2016-01-18 16:52:01 [jd] INFO: ['[{', 'id', ':', 'J_10253191', ',', 'p', ':', '54.00', ',', 'm', ':', '108.00', '}]']
2016-01-18 16:52:01 [jd] INFO: XXXXXXXXXXXXXXXXX54.00
2016-01-18 16:52:01 [jd] INFO: ['[{', 'id', ':', 'J_10253339', ',', 'p', ':', '59.00', ',', 'm', ':', '118.00', '}]']
2016-01-18 16:52:01 [jd] INFO: XXXXXXXXXXXXXXXXX59.00
2016-01-18 16:52:01 [jd] INFO: ['[{', 'id', ':', 'J_10310894', ',', 'p', ':', '55.30', ',', 'm', ':', '66.00', '}]']
2016-01-18 16:52:01 [jd] INFO: XXXXXXXXXXXXXXXXX55.30
2016-01-18 16:52:01 [jd] INFO: ['[{', 'id', ':', 'J_10298860', ',', 'p', ':', '58.10', ',', 'm', ':', '65.00', '}]']
2016-01-18 16:52:01 [jd] INFO: XXXXXXXXXXXXXXXXX58.10
2016-01-18 16:52:01 [jd] INFO: ['[{', 'id', ':', 'J_10348954', ',', 'p', ':', '52.30', ',', 'm', ':', '55.00', '}]']
2016-01-18 16:52:01 [jd] INFO: XXXXXXXXXXXXXXXXX52.30
2016-01-18 16:52:01 [jd] INFO: ['[{', 'id', ':', 'J_10938408', ',', 'p', ':', '56.10', ',', 'm', ':', '59.00', '}]']
2016-01-18 16:52:01 [jd] INFO: XXXXXXXXXXXXXXXXX56.10
2016-01-18 16:52:01 [jd] INFO: ['[{', 'id', ':', 'J_10972539', ',', 'p', ':', '42.10', ',', 'm', ':', '79.00', '}]']
2016-01-18 16:52:01 [jd] INFO: XXXXXXXXXXXXXXXXX42.10
2016-01-18 16:52:01 [jd] INFO: ['[{', 'id', ':', 'J_10944444', ',', 'p', ':', '34.50', ',', 'm', ':', '69.00', '}]']
2016-01-18 16:52:01 [jd] INFO: XXXXXXXXXXXXXXXXX34.50
2016-01-18 16:52:01 [jd] INFO: ['[{', 'id', ':', 'J_11085664', ',', 'p', ':', '37.50', ',', 'm', ':', '75.00', '}]']
2016-01-18 16:52:01 [jd] INFO: XXXXXXXXXXXXXXXXX37.50
2016-01-18 16:52:01 [jd] INFO: ['[{', 'id', ':', 'J_10974435', ',', 'p', ':', '88.40', ',', 'm', ':', '99.00', '}]']
2016-01-18 16:52:01 [jd] INFO: XXXXXXXXXXXXXXXXX88.40
2016-01-18 16:52:01 [jd] INFO: ['[{', 'id', ':', 'J_11022764', ',', 'p', ':', '63.50', ',', 'm', ':', '119.00', '}]']
2016-01-18 16:52:01 [jd] INFO: XXXXXXXXXXXXXXXXX63.50
2016-01-18 16:52:01 [jd] INFO: ['[{', 'id', ':', 'J_11094557', ',', 'p', ':', '58.10', ',', 'm', ':', '65.00', '}]']
2016-01-18 16:52:01 [jd] INFO: XXXXXXXXXXXXXXXXX58.10
2016-01-18 16:52:01 [jd] INFO: ['[{', 'id', ':', 'J_10975517', ',', 'p', ':', '54.40', ',', 'm', ':', '65.00', '}]']
2016-01-18 16:52:01 [jd] INFO: XXXXXXXXXXXXXXXXX54.40
2016-01-18 16:52:01 [jd] INFO: ['[{', 'id', ':', 'J_11100256', ',', 'p', ':', '61.60', ',', 'm', ':', '69.00', '}]']
2016-01-18 16:52:01 [jd] INFO: XXXXXXXXXXXXXXXXX61.60
2016-01-18 16:52:01 [jd] INFO: ['[{', 'id', ':', 'J_11099996', ',', 'p', ':', '56.80', ',', 'm', ':', '59.80', '}]']
2016-01-18 16:52:01 [jd] INFO: XXXXXXXXXXXXXXXXX56.80
2016-01-18 16:52:01 [jd] INFO: ['[{', 'id', ':', 'J_1692663420', ',', 'p', ':', '48.80', ',', 'm', ':', '69.80', '}]']
2016-01-18 16:52:01 [jd] INFO: XXXXXXXXXXXXXXXXX48.80
2016-01-18 16:52:01 [jd] INFO: ['[{', 'id', ':', 'J_11195920', ',', 'p', ':', '70.70', ',', 'm', ':', '78.00', '}]']
2016-01-18 16:52:01 [jd] INFO: XXXXXXXXXXXXXXXXX70.70
2016-01-18 16:52:01 [jd] INFO: ['[{', 'id', ':', 'J_11831000', ',', 'p', ':', '112.60', ',', 'm', ':', '128.00', '}]']
2016-01-18 16:52:01 [jd] INFO: XXXXXXXXXXXXXXXXX112.60
2016-01-18 16:52:01 [jd] INFO: ['skuids input error']
2016-01-18 16:52:01 [jd] INFO: XXXXXXXXXXXXXXXXX0
2016-01-18 16:52:01 [jd] INFO: ['[{', 'id', ':', 'J_11583894', ',', 'p', ':', '58.70', ',', 'm', ':', '69.00', '}]']
2016-01-18 16:52:01 [jd] INFO: XXXXXXXXXXXXXXXXX58.70
2016-01-18 16:52:01 [jd] INFO: ['[{', 'id', ':', 'J_10041311748', ',', 'p', ':', '185.00', ',', 'm', ':', '258.00', '}]']
2016-01-18 16:52:01 [jd] INFO: XXXXXXXXXXXXXXXXX185.00
2016-01-18 16:52:01 [jd] INFO: ['[{', 'id', ':', 'J_10993153', ',', 'p', ':', '69.50', ',', 'm', ':', '79.00', '}]']
2016-01-18 16:52:01 [jd] INFO: XXXXXXXXXXXXXXXXX69.50
2016-01-18 16:52:01 [jd] INFO: ['[{', 'id', ':', 'J_11334161', ',', 'p', ':', '41.00', ',', 'm', ':', '49.00', '}]']
2016-01-18 16:52:01 [jd] INFO: XXXXXXXXXXXXXXXXX41.00
2016-01-18 16:52:01 [jd] INFO: ['[{', 'id', ':', 'J_11825215', ',', 'p', ':', '112.60', ',', 'm', ':', '128.00', '}]']
2016-01-18 16:52:01 [jd] INFO: XXXXXXXXXXXXXXXXX112.60
2016-01-18 16:52:01 [jd] INFO: ['[{', 'id', ':', 'J_10058940', ',', 'p', ':', '25.60', ',', 'm', ':', '29.00', '}]']
2016-01-18 16:52:01 [jd] INFO: XXXXXXXXXXXXXXXXX25.60
2016-01-18 16:52:01 [jd] INFO: ['[{', 'id', ':', 'J_10003289', ',', 'p', ':', '39.00', ',', 'm', ':', '48.00', '}]']
2016-01-18 16:52:01 [jd] INFO: XXXXXXXXXXXXXXXXX39.00
2016-01-18 16:52:01 [jd] INFO: ['[{', 'id', ':', 'J_10059523', ',', 'p', ':', '73.40', ',', 'm', ':', '89.00', '}]']
2016-01-18 16:52:01 [jd] INFO: XXXXXXXXXXXXXXXXX73.40
2016-01-18 16:52:01 [jd] INFO: ['[{', 'id', ':', 'J_10059668', ',', 'p', ':', '55.30', ',', 'm', ':', '66.00', '}]']
2016-01-18 16:52:01 [jd] INFO: XXXXXXXXXXXXXXXXX55.30
2016-01-18 16:52:01 [jd] INFO: ['[{', 'id', ':', 'J_10059995', ',', 'p', ':', '65.60', ',', 'm', ':', '69.00', '}]']
2016-01-18 16:52:01 [jd] INFO: XXXXXXXXXXXXXXXXX65.60
2016-01-18 16:52:01 [jd] INFO: ['[{', 'id', ':', 'J_10064345', ',', 'p', ':', '52.70', ',', 'm', ':', '59.00', '}]']
2016-01-18 16:52:01 [jd] INFO: XXXXXXXXXXXXXXXXX52.70
2016-01-18 16:52:01 [jd] INFO: ['[{', 'id', ':', 'J_10063724', ',', 'p', ':', '46.80', ',', 'm', ':', '55.00', '}]']
2016-01-18 16:52:01 [jd] INFO: XXXXXXXXXXXXXXXXX46.80
2016-01-18 16:52:01 [jd] INFO: ['[{', 'id', ':', 'J_10063732', ',', 'p', ':', '55.40', ',', 'm', ':', '59.00', '}]']
2016-01-18 16:52:01 [jd] INFO: XXXXXXXXXXXXXXXXX55.40
2016-01-18 16:52:01 [jd] INFO: ['[{', 'id', ':', 'J_10063882', ',', 'p', ':', '52.70', ',', 'm', ':', '59.00', '}]']
2016-01-18 16:52:01 [jd] INFO: XXXXXXXXXXXXXXXXX52.70
2016-01-18 16:52:01 [jd] INFO: ['[{', 'id', ':', 'J_10064252', ',', 'p', ':', '52.70', ',', 'm', ':', '59.00', '}]']
2016-01-18 16:52:01 [jd] INFO: XXXXXXXXXXXXXXXXX52.70
2016-01-18 16:52:01 [jd] INFO: ['[{', 'id', ':', 'J_10064487', ',', 'p', ':', '56.10', ',', 'm', ':', '59.00', '}]']
2016-01-18 16:52:01 [jd] INFO: XXXXXXXXXXXXXXXXX56.10
2016-01-18 16:52:01 [jd] INFO: ['[{', 'id', ':', 'J_10066415', ',', 'p', ':', '49.50', ',', 'm', ':', '99.00', '}]']
2016-01-18 16:52:01 [jd] INFO: XXXXXXXXXXXXXXXXX49.50
2016-01-18 16:52:01 [jd] INFO: ['[{', 'id', ':', 'J_10066470', ',', 'p', ':', '57.80', ',', 'm', ':', '69.00', '}]']
2016-01-18 16:52:01 [jd] INFO: XXXXXXXXXXXXXXXXX57.80
2016-01-18 16:52:01 [jd] INFO: ['[{', 'id', ':', 'J_10349908', ',', 'p', ':', '57.50', ',', 'm', ':', '65.00', '}]']
2016-01-18 16:52:01 [jd] INFO: XXXXXXXXXXXXXXXXX57.50
2016-01-18 16:52:01 [jd] INFO: ['[{', 'id', ':', 'J_10066746', ',', 'p', ':', '55.30', ',', 'm', ':', '66.00', '}]']
2016-01-18 16:52:01 [jd] INFO: XXXXXXXXXXXXXXXXX55.30
2016-01-18 16:52:01 [jd] INFO: ['[{', 'id', ':', 'J_10380573', ',', 'p', ':', '41.00', ',', 'm', ':', '49.00', '}]']
2016-01-18 16:52:01 [jd] INFO: XXXXXXXXXXXXXXXXX41.00
2016-01-18 16:52:01 [jd] INFO: ['[{', 'id', ':', 'J_10400338', ',', 'p', ':', '84.60', ',', 'm', ':', '99.50', '}]']
2016-01-18 16:52:01 [jd] INFO: XXXXXXXXXXXXXXXXX84.60
2016-01-18 16:52:01 [jd] INFO: ['[{', 'id', ':', 'J_10399317', ',', 'p', ':', '54.60', ',', 'm', ':', '59.00', '}]']
2016-01-18 16:52:01 [jd] INFO: XXXXXXXXXXXXXXXXX54.60
2016-01-18 16:52:01 [jd] INFO: ['[{', 'id', ':', 'J_10066579', ',', 'p', ':', '38.50', ',', 'm', ':', '46.00', '}]']
2016-01-18 16:52:01 [jd] INFO: XXXXXXXXXXXXXXXXX38.50
2016-01-18 16:52:01 [jd] INFO: ['[{', 'id', ':', 'J_10374007', ',', 'p', ':', '74.50', ',', 'm', ':', '89.00', '}]']
2016-01-18 16:52:01 [jd] INFO: XXXXXXXXXXXXXXXXX74.50
2016-01-18 16:52:01 [jd] INFO: ['[{', 'id', ':', 'J_10401020', ',', 'p', ':', '27.90', ',', 'm', ':', '69.80', '}]']
2016-01-18 16:52:01 [jd] INFO: XXXXXXXXXXXXXXXXX27.90
2016-01-18 16:52:01 [jd] INFO: ['[{', 'id', ':', 'J_10473045', ',', 'p', ':', '43.80', ',', 'm', ':', '49.00', '}]']
2016-01-18 16:52:01 [jd] INFO: XXXXXXXXXXXXXXXXX43.80
2016-01-18 16:52:01 [jd] INFO: ['[{', 'id', ':', 'J_10477015', ',', 'p', ':', '54.40', ',', 'm', ':', '65.00', '}]']
2016-01-18 16:52:01 [jd] INFO: XXXXXXXXXXXXXXXXX54.40
2016-01-18 16:52:01 [jd] INFO: ['[{', 'p', ':', '58.10', ',', 'm', ':', '65.00', ',', 'id', ':', 'J_10476911', '}]']
2016-01-18 16:52:01 [jd] INFO: XXXXXXXXXXXXXXXXX65.00
2016-01-18 16:52:01 [jd] INFO: ['[{', 'id', ':', 'J_10490700', ',', 'p', ':', '60.70', ',', 'm', ':', '69.00', '}]']
2016-01-18 16:52:01 [jd] INFO: XXXXXXXXXXXXXXXXX60.70
2016-01-18 16:52:01 [jd] INFO: ['[{', 'id', ':', 'J_10477918', ',', 'p', ':', '61.10', ',', 'm', ':', '69.80', '}]']
2016-01-18 16:52:01 [jd] INFO: XXXXXXXXXXXXXXXXX61.10
2016-01-18 16:52:01 [jd] INFO: ['[{', 'id', ':', 'J_10478269', ',', 'p', ':', '62.80', ',', 'm', ':', '75.00', '}]']
2016-01-18 16:52:01 [jd] INFO: XXXXXXXXXXXXXXXXX62.80
2016-01-18 16:52:01 [jd] INFO: ['[{', 'id', ':', 'J_11158396', ',', 'p', ':', '51.30', ',', 'm', ':', '59.00', '}]']
2016-01-18 16:52:01 [jd] INFO: XXXXXXXXXXXXXXXXX51.30
2016-01-18 16:52:01 [jd] INFO: ['[{', 'id', ':', 'J_11143980', ',', 'p', ':', '65.50', ',', 'm', ':', '79.00', '}]']
2016-01-18 16:52:01 [jd] INFO: XXXXXXXXXXXXXXXXX65.50
2016-01-18 16:52:01 [jd] INFO: ['[{', 'id', ':', 'J_11228633', ',', 'p', ':', '60.70', ',', 'm', ':', '69.00', '}]']
2016-01-18 16:52:01 [jd] INFO: XXXXXXXXXXXXXXXXX60.70
2016-01-18 16:52:01 [jd] INFO: ['[{', 'id', ':', 'J_11215710', ',', 'p', ':', '30.60', ',', 'm', ':', '35.00', '}]']
2016-01-18 16:52:01 [jd] INFO: XXXXXXXXXXXXXXXXX30.60
2016-01-18 16:52:01 [jd] INFO: ['skuids input error']
2016-01-18 16:52:01 [jd] INFO: XXXXXXXXXXXXXXXXX0
2016-01-18 16:52:01 [jd] INFO: ['[{', 'id', ':', 'J_11266265', ',', 'p', ':', '106.30', ',', 'm', ':', '119.00', '}]']
2016-01-18 16:52:01 [jd] INFO: XXXXXXXXXXXXXXXXX106.30
2016-01-18 16:52:01 [jd] INFO: ['[{', 'id', ':', 'J_11267580', ',', 'p', ':', '97.40', ',', 'm', ':', '109.00', '}]']
2016-01-18 16:52:01 [jd] INFO: XXXXXXXXXXXXXXXXX97.40
2016-01-18 16:52:01 [jd] INFO: ['[{', 'id', ':', 'J_10401561', ',', 'p', ':', '44.30', ',', 'm', ':', '96.00', '}]']
2016-01-18 16:52:01 [jd] INFO: XXXXXXXXXXXXXXXXX44.30
2016-01-18 16:52:01 [jd] INFO: ['[{', 'id', ':', 'J_11315544', ',', 'p', ':', '169.00', ',', 'm', ':', '208.00', '}]']
2016-01-18 16:52:01 [jd] INFO: XXXXXXXXXXXXXXXXX169.00
2016-01-18 16:52:01 [jd] INFO: ['[{', 'id', ':', 'J_11215733', ',', 'p', ':', '71.60', ',', 'm', ':', '79.00', '}]']
2016-01-18 16:52:01 [jd] INFO: XXXXXXXXXXXXXXXXX71.60
2016-01-18 16:52:02 [jd] INFO: ['[{', 'id', ':', 'J_10695602', ',', 'p', ':', '63.20', ',', 'm', ':', '79.00', '}]']
2016-01-18 16:52:02 [jd] INFO: XXXXXXXXXXXXXXXXX63.20
2016-01-18 16:52:02 [jd] INFO: ['[{', 'id', ':', 'J_11320549', ',', 'p', ':', '79.10', ',', 'm', ':', '89.80', '}]']
2016-01-18 16:52:02 [jd] INFO: XXXXXXXXXXXXXXXXX79.10
2016-01-18 16:52:02 [jd] INFO: ['[{', 'id', ':', 'J_10690740', ',', 'p', ':', '37.10', ',', 'm', ':', '99.00', '}]']
2016-01-18 16:52:02 [jd] INFO: XXXXXXXXXXXXXXXXX37.10
2016-01-18 16:52:02 [jd] INFO: ['[{', 'id', ':', 'J_11554276', ',', 'p', ':', '50.70', ',', 'm', ':', '59.90', '}]']
2016-01-18 16:52:02 [jd] INFO: XXXXXXXXXXXXXXXXX50.70
2016-01-18 16:52:02 [jd] INFO: ['[{', 'id', ':', 'J_11483650', ',', 'p', ':', '46.70', ',', 'm', ':', '59.80', '}]']
2016-01-18 16:52:02 [jd] INFO: XXXXXXXXXXXXXXXXX46.70
2016-01-18 16:52:02 [jd] INFO: ['[{', 'id', ':', 'J_11583896', ',', 'p', ':', '50.20', ',', 'm', ':', '59.00', '}]']
2016-01-18 16:52:02 [jd] INFO: XXXXXXXXXXXXXXXXX50.20
2016-01-18 16:52:02 [jd] INFO: ['[{', 'id', ':', 'J_11673259', ',', 'p', ':', '33.00', ',', 'm', ':', '39.00', '}]']
2016-01-18 16:52:02 [jd] INFO: XXXXXXXXXXXXXXXXX33.00
2016-01-18 16:52:02 [jd] INFO: ['[{', 'id', ':', 'J_10877510', ',', 'p', ':', '50.80', ',', 'm', ':', '59.80', '}]']
2016-01-18 16:52:02 [jd] INFO: XXXXXXXXXXXXXXXXX50.80
2016-01-18 16:52:02 [jd] INFO: ['[{', 'id', ':', 'J_11226044', ',', 'p', ':', '43.80', ',', 'm', ':', '49.00', '}]']
2016-01-18 16:52:02 [jd] INFO: XXXXXXXXXXXXXXXXX43.80
2016-01-18 16:52:02 [jd] INFO: ['[{', 'id', ':', 'J_1373646901', ',', 'p', ':', '47.00', ',', 'm', ':', '59.00', '}]']
2016-01-18 16:52:02 [jd] INFO: XXXXXXXXXXXXXXXXX47.00
2016-01-18 16:52:02 [jd] INFO: ['[{', 'id', ':', 'J_11788102', ',', 'p', ':', '49.50', ',', 'm', ':', '59.00', '}]']
2016-01-18 16:52:02 [jd] INFO: XXXXXXXXXXXXXXXXX49.50
2016-01-18 16:52:02 [jd] INFO: ['[{', 'id', ':', 'J_11449691', ',', 'p', ':', '49.30', ',', 'm', ':', '58.00', '}]']
2016-01-18 16:52:02 [jd] INFO: XXXXXXXXXXXXXXXXX49.30
2016-01-18 16:52:02 [jd] INFO: ['[{', 'id', ':', 'J_1492966862', ',', 'p', ':', '117.60', ',', 'm', ':', '158.00', '}]']
2016-01-18 16:52:02 [jd] INFO: XXXXXXXXXXXXXXXXX117.60
2016-01-18 16:52:02 [jd] INFO: ['[{', 'id', ':', 'J_11735703', ',', 'p', ':', '45.90', ',', 'm', ':', '54.00', '}]']
2016-01-18 16:52:02 [jd] INFO: XXXXXXXXXXXXXXXXX45.90
2016-01-18 16:52:02 [jd] INFO: ['[{', 'id', ':', 'J_11405200', ',', 'p', ':', '33.20', ',', 'm', ':', '39.00', '}]']
2016-01-18 16:52:02 [jd] INFO: XXXXXXXXXXXXXXXXX33.20
2016-01-18 16:52:02 [jd] INFO: ['[{', 'id', ':', 'J_11678876', ',', 'p', ':', '58.50', ',', 'm', ':', '72.00', '}]']
2016-01-18 16:52:02 [jd] INFO: XXXXXXXXXXXXXXXXX58.50
2016-01-18 16:52:02 [jd] INFO: ['[{', 'id', ':', 'J_1481696209', ',', 'p', ':', '39.50', ',', 'm', ':', '59.80', '}]']
2016-01-18 16:52:02 [jd] INFO: XXXXXXXXXXXXXXXXX39.50
2016-01-18 16:52:02 [jd] INFO: ['[{', 'id', ':', 'J_11666421', ',', 'p', ':', '95.20', ',', 'm', ':', '119.00', '}]']
2016-01-18 16:52:02 [jd] INFO: XXXXXXXXXXXXXXXXX95.20
2016-01-18 16:52:02 [jd] INFO: ['[{', 'id', ':', 'J_11597881', ',', 'p', ':', '33.80', ',', 'm', ':', '39.80', '}]']
2016-01-18 16:52:02 [jd] INFO: XXXXXXXXXXXXXXXXX33.80
2016-01-18 16:52:02 [jd] INFO: ['[{', 'id', ':', 'J_11737525', ',', 'p', ':', '33.20', ',', 'm', ':', '39.00', '}]']
2016-01-18 16:52:02 [jd] INFO: XXXXXXXXXXXXXXXXX33.20
2016-01-18 16:52:02 [jd] INFO: ['[{', 'id', ':', 'J_11757874', ',', 'p', ':', '34.30', ',', 'm', ':', '39.00', '}]']
2016-01-18 16:52:02 [jd] INFO: XXXXXXXXXXXXXXXXX34.30
2016-01-18 16:52:02 [jd] INFO: ['[{', 'id', ':', 'J_11365562', ',', 'p', ':', '78.30', ',', 'm', ':', '89.00', '}]']
2016-01-18 16:52:02 [jd] INFO: XXXXXXXXXXXXXXXXX78.30
2016-01-18 16:52:02 [jd] INFO: ['[{', 'id', ':', 'J_10954266', ',', 'p', ':', '55.50', ',', 'm', ':', '69.00', '}]']
2016-01-18 16:52:02 [jd] INFO: XXXXXXXXXXXXXXXXX55.50
2016-01-18 16:52:02 [jd] INFO: ['[{', 'id', ':', 'J_11825782', ',', 'p', ':', '112.60', ',', 'm', ':', '128.00', '}]']
2016-01-18 16:52:02 [jd] INFO: XXXXXXXXXXXXXXXXX112.60
2016-01-18 16:52:02 [jd] INFO: ['[{', 'id', ':', 'J_10995997', ',', 'p', ':', '56.90', ',', 'm', ':', '59.90', '}]']
2016-01-18 16:52:02 [jd] INFO: XXXXXXXXXXXXXXXXX56.90
2016-01-18 16:52:02 [jd] INFO: ['[{', 'id', ':', 'J_11686232', ',', 'p', ':', '48.70', ',', 'm', ':', '59.00', '}]']
2016-01-18 16:52:02 [jd] INFO: XXXXXXXXXXXXXXXXX48.70
2016-01-18 16:52:02 [jd] INFO: ['[{', 'id', ':', 'J_11372522', ',', 'p', ':', '77.40', ',', 'm', ':', '89.00', '}]']
2016-01-18 16:52:02 [jd] INFO: XXXXXXXXXXXXXXXXX77.40
2016-01-18 16:52:02 [jd] INFO: ['[{', 'id', ':', 'J_10854658', ',', 'p', ':', '22.40', ',', 'm', ':', '59.80', '}]']
2016-01-18 16:52:02 [jd] INFO: XXXXXXXXXXXXXXXXX22.40
2016-01-18 16:52:02 [jd] INFO: ['[{', 'id', ':', 'J_11268157', ',', 'p', ':', '83.30', ',', 'm', ':', '98.00', '}]']
2016-01-18 16:52:02 [jd] INFO: XXXXXXXXXXXXXXXXX83.30
2016-01-18 16:52:02 [jd] INFO: ['[{', 'id', ':', 'J_11597883', ',', 'p', ':', '61.70', ',', 'm', ':', '69.80', '}]']
2016-01-18 16:52:02 [jd] INFO: XXXXXXXXXXXXXXXXX61.70
2016-01-18 16:52:02 [jd] INFO: ['[{', 'id', ':', 'J_10705165', ',', 'p', ':', '66.00', ',', 'm', ':', '75.00', '}]']
2016-01-18 16:52:02 [jd] INFO: XXXXXXXXXXXXXXXXX66.00
2016-01-18 16:52:02 [jd] INFO: ['[{', 'id', ':', 'J_10066826', ',', 'p', ':', '82.90', ',', 'm', ':', '99.00', '}]']
2016-01-18 16:52:02 [jd] INFO: XXXXXXXXXXXXXXXXX82.90
2016-01-18 16:52:02 [jd] INFO: ['[{', 'id', ':', 'J_11494929', ',', 'p', ':', '64.60', ',', 'm', ':', '76.00', '}]']
2016-01-18 16:52:02 [jd] INFO: XXXXXXXXXXXXXXXXX64.60
2016-01-18 16:52:02 [jd] INFO: ['[{', 'id', ':', 'J_11592496', ',', 'p', ':', '70.50', ',', 'm', ':', '79.80', '}]']
2016-01-18 16:52:02 [jd] INFO: XXXXXXXXXXXXXXXXX70.50
2016-01-18 16:52:02 [jd] INFO: ['[{', 'id', ':', 'J_10066883', ',', 'p', ':', '62.80', ',', 'm', ':', '75.00', '}]']
2016-01-18 16:52:02 [jd] INFO: XXXXXXXXXXXXXXXXX62.80
2016-01-18 16:52:02 [jd] INFO: ['[{', 'id', ':', 'J_10067414', ',', 'p', ':', '57.80', ',', 'm', ':', '69.00', '}]']
2016-01-18 16:52:02 [jd] INFO: XXXXXXXXXXXXXXXXX57.80
2016-01-18 16:52:02 [jd] INFO: ['[{', 'id', ':', 'J_10067396', ',', 'p', ':', '66.80', ',', 'm', ':', '79.80', '}]']
2016-01-18 16:52:02 [jd] INFO: XXXXXXXXXXXXXXXXX66.80
2016-01-18 16:52:02 [jd] INFO: ['[{', 'id', ':', 'J_10067768', ',', 'p', ':', '57.80', ',', 'm', ':', '69.00', '}]']
2016-01-18 16:52:02 [jd] INFO: XXXXXXXXXXXXXXXXX57.80
2016-01-18 16:52:02 [jd] INFO: ['[{', 'id', ':', 'J_10067520', ',', 'p', ':', '57.80', ',', 'm', ':', '69.00', '}]']
2016-01-18 16:52:02 [jd] INFO: XXXXXXXXXXXXXXXXX57.80
2016-01-18 16:52:02 [jd] INFO: ['[{', 'id', ':', 'J_10078868', ',', 'p', ':', '33.60', ',', 'm', ':', '39.00', '}]']
2016-01-18 16:52:02 [jd] INFO: XXXXXXXXXXXXXXXXX33.60
2016-01-18 16:52:02 [jd] INFO: ['[{', 'id', ':', 'J_10078863', ',', 'p', ':', '24.50', ',', 'm', ':', '28.00', '}]']
2016-01-18 16:52:02 [jd] INFO: XXXXXXXXXXXXXXXXX24.50
2016-01-18 16:52:02 [jd] INFO: ['[{', 'id', ':', 'J_10078486', ',', 'p', ':', '18.00', ',', 'm', ':', '39.00', '}]']
2016-01-18 16:52:02 [jd] INFO: XXXXXXXXXXXXXXXXX18.00
2016-01-18 16:52:02 [jd] INFO: ['[{', 'id', ':', 'J_10079109', ',', 'p', ':', '50.90', ',', 'm', ':', '59.90', '}]']
2016-01-18 16:52:02 [jd] INFO: XXXXXXXXXXXXXXXXX50.90
2016-01-18 16:52:02 [jd] INFO: ['[{', 'id', ':', 'J_10079271', ',', 'p', ':', '91.50', ',', 'm', ':', '98.00', '}]']
2016-01-18 16:52:02 [jd] INFO: XXXXXXXXXXXXXXXXX91.50
2016-01-18 16:52:02 [jd] INFO: ['[{', 'id', ':', 'J_10079680', ',', 'p', ':', '51.60', ',', 'm', ':', '59.80', '}]']
2016-01-18 16:52:02 [jd] INFO: XXXXXXXXXXXXXXXXX51.60
2016-01-18 16:52:02 [jd] INFO: ['[{', 'id', ':', 'J_10079927', ',', 'p', ':', '67.80', ',', 'm', ':', '79.80', '}]']
2016-01-18 16:52:02 [jd] INFO: XXXXXXXXXXXXXXXXX67.80
2016-01-18 16:52:02 [jd] INFO: ['[{', 'id', ':', 'J_10501157', ',', 'p', ':', '74.50', ',', 'm', ':', '89.00', '}]']
2016-01-18 16:52:02 [jd] INFO: XXXXXXXXXXXXXXXXX74.50
2016-01-18 16:52:02 [jd] INFO: ['[{', 'id', ':', 'J_10505081', ',', 'p', ':', '59.50', ',', 'm', ':', '69.00', '}]']
2016-01-18 16:52:02 [jd] INFO: XXXXXXXXXXXXXXXXX59.50
2016-01-18 16:52:02 [jd] INFO: ['[{', 'id', ':', 'J_10538729', ',', 'p', ':', '83.60', ',', 'm', ':', '99.80', '}]']
2016-01-18 16:52:02 [jd] INFO: XXXXXXXXXXXXXXXXX83.60
2016-01-18 16:52:02 [jd] INFO: ['[{', 'id', ':', 'J_10545459', ',', 'p', ':', '56.30', ',', 'm', ':', '63.00', '}]']
2016-01-18 16:52:02 [jd] INFO: XXXXXXXXXXXXXXXXX56.30
2016-01-18 16:52:02 [jd] INFO: ['[{', 'id', ':', 'J_10079404', ',', 'p', ':', '15.90', ',', 'm', ':', '39.80', '}]']
2016-01-18 16:52:02 [jd] INFO: XXXXXXXXXXXXXXXXX15.90
2016-01-18 16:52:02 [jd] INFO: ['[{', 'id', ':', 'J_10591299', ',', 'p', ':', '82.90', ',', 'm', ':', '99.00', '}]']
2016-01-18 16:52:02 [jd] INFO: XXXXXXXXXXXXXXXXX82.90
2016-01-18 16:52:02 [jd] INFO: ['[{', 'id', ':', 'J_10616754', ',', 'p', ':', '56.10', ',', 'm', ':', '59.00', '}]']
2016-01-18 16:52:02 [jd] INFO: XXXXXXXXXXXXXXXXX56.10
2016-01-18 16:52:02 [jd] INFO: ['[{', 'id', ':', 'J_10616756', ',', 'p', ':', '61.80', ',', 'm', ':', '65.00', '}]']
2016-01-18 16:52:02 [jd] INFO: XXXXXXXXXXXXXXXXX61.80
2016-01-18 16:52:02 [jd] INFO: ['[{', 'id', ':', 'J_10690722', ',', 'p', ':', '89.80', ',', 'm', ':', '99.00', '}]']
2016-01-18 16:52:02 [jd] INFO: XXXXXXXXXXXXXXXXX89.80
2016-01-18 16:52:02 [jd] INFO: ['[{', 'id', ':', 'J_10687322', ',', 'p', ':', '23.40', ',', 'm', ':', '39.00', '}]']
2016-01-18 16:52:02 [jd] INFO: XXXXXXXXXXXXXXXXX23.40
2016-01-18 16:52:02 [jd] INFO: ['[{', 'id', ':', 'J_10687326', ',', 'p', ':', '58.50', ',', 'm', ':', '69.80', '}]']
2016-01-18 16:52:02 [jd] INFO: XXXXXXXXXXXXXXXXX58.50
2016-01-18 16:52:02 [jd] INFO: ['[{', 'id', ':', 'J_11370752', ',', 'p', ':', '110.20', ',', 'm', ':', '129.60', '}]']
2016-01-18 16:52:02 [jd] INFO: XXXXXXXXXXXXXXXXX110.20
2016-01-18 16:52:02 [jd] INFO: ['[{', 'id', ':', 'J_11860575', ',', 'p', ':', '53.20', ',', 'm', ':', '59.80', '}]']
2016-01-18 16:52:02 [jd] INFO: XXXXXXXXXXXXXXXXX53.20
2016-01-18 16:52:02 [jd] INFO: ['[{', 'id', ':', 'J_11858311', ',', 'p', ':', '60.70', ',', 'm', ':', '69.00', '}]']
2016-01-18 16:52:02 [jd] INFO: XXXXXXXXXXXXXXXXX60.70
2016-01-18 16:52:02 [jd] INFO: ['[{', 'id', ':', 'J_10475911', ',', 'p', ':', '56.10', ',', 'm', ':', '59.00', '}]']
2016-01-18 16:52:02 [jd] INFO: XXXXXXXXXXXXXXXXX56.10
2016-01-18 16:52:02 [jd] INFO: ['[{', 'id', ':', 'J_1521523892', ',', 'p', ':', '63.00', ',', 'm', ':', '79.80', '}]']
2016-01-18 16:52:02 [jd] INFO: XXXXXXXXXXXXXXXXX63.00
2016-01-18 16:52:02 [jd] INFO: ['[{', 'id', ':', 'J_10306897', ',', 'p', ':', '58.70', ',', 'm', ':', '69.00', '}]']
2016-01-18 16:52:02 [jd] INFO: XXXXXXXXXXXXXXXXX58.70
2016-01-18 16:52:02 [jd] INFO: ['[{', 'id', ':', 'J_1257259160', ',', 'p', ':', '59.50', ',', 'm', ':', '79.00', '}]']
2016-01-18 16:52:02 [jd] INFO: XXXXXXXXXXXXXXXXX59.50
2016-01-18 16:52:02 [jd] INFO: ['[{', 'id', ':', 'J_10100458', ',', 'p', ':', '84.90', ',', 'm', ':', '98.00', '}]']
2016-01-18 16:52:02 [jd] INFO: XXXXXXXXXXXXXXXXX84.90
2016-01-18 16:52:02 [jd] INFO: ['[{', 'id', ':', 'J_1226644329', ',', 'p', ':', '63.20', ',', 'm', ':', '79.00', '}]']
2016-01-18 16:52:02 [jd] INFO: XXXXXXXXXXXXXXXXX63.20
2016-01-18 16:52:02 [jd] INFO: ['[{', 'id', ':', 'J_10746087', ',', 'p', ':', '54.90', ',', 'm', ':', '65.00', '}]']
2016-01-18 16:52:02 [jd] INFO: XXXXXXXXXXXXXXXXX54.90
2016-01-18 16:52:02 [jd] INFO: ['[{', 'id', ':', 'J_11619195', ',', 'p', ':', '118.20', ',', 'm', ':', '139.00', '}]']
2016-01-18 16:52:02 [jd] INFO: XXXXXXXXXXXXXXXXX118.20
2016-01-18 16:52:02 [jd] INFO: ['[{', 'id', ':', 'J_11615002', ',', 'p', ':', '50.20', ',', 'm', ':', '59.00', '}]']
2016-01-18 16:52:02 [jd] INFO: XXXXXXXXXXXXXXXXX50.20
2016-01-18 16:52:02 [jd] INFO: ['[{', 'id', ':', 'J_11478491', ',', 'p', ':', '37.80', ',', 'm', ':', '44.50', '}]']
2016-01-18 16:52:02 [jd] INFO: XXXXXXXXXXXXXXXXX37.80
2016-01-18 16:52:02 [jd] INFO: ['[{', 'id', ':', 'J_11551720', ',', 'p', ':', '40.30', ',', 'm', ':', '48.80', '}]']
2016-01-18 16:52:02 [jd] INFO: XXXXXXXXXXXXXXXXX40.30
2016-01-18 16:52:02 [jd] INFO: ['[{', 'id', ':', 'J_11099999', ',', 'p', ':', '50.20', ',', 'm', ':', '59.00', '}]']
2016-01-18 16:52:02 [jd] INFO: XXXXXXXXXXXXXXXXX50.20
2016-01-18 16:52:02 [jd] INFO: ['[{', 'id', ':', 'J_11531628', ',', 'p', ':', '84.80', ',', 'm', ':', '99.80', '}]']
2016-01-18 16:52:02 [jd] INFO: XXXXXXXXXXXXXXXXX84.80
2016-01-18 16:52:02 [jd] INFO: ['[{', 'id', ':', 'J_11675424', ',', 'p', ':', '134.70', ',', 'm', ':', '179.60', '}]']
2016-01-18 16:52:02 [jd] INFO: XXXXXXXXXXXXXXXXX134.70
2016-01-18 16:52:02 [jd] INFO: ['[{', 'id', ':', 'J_10058149', ',', 'p', ':', '70.50', ',', 'm', ':', '79.00', '}]']
2016-01-18 16:52:02 [jd] INFO: XXXXXXXXXXXXXXXXX70.50
2016-01-18 16:52:02 [jd] INFO: ['[{', 'id', ':', 'J_11407830', ',', 'p', ':', '92.20', ',', 'm', ':', '109.00', '}]']
2016-01-18 16:52:02 [jd] INFO: XXXXXXXXXXXXXXXXX92.20
2016-01-18 16:52:02 [jd] INFO: ['[{', 'id', ':', 'J_11269625', ',', 'p', ':', '75.70', ',', 'm', ':', '89.00', '}]']
2016-01-18 16:52:02 [jd] INFO: XXXXXXXXXXXXXXXXX75.70
2016-01-18 16:52:02 [jd] INFO: ['[{', 'id', ':', 'J_11775285', ',', 'p', ':', '63.20', ',', 'm', ':', '79.00', '}]']
2016-01-18 16:52:02 [jd] INFO: XXXXXXXXXXXXXXXXX63.20
2016-01-18 16:52:02 [jd] INFO: ['[{', 'id', ':', 'J_11343640', ',', 'p', ':', '61.60', ',', 'm', ':', '69.80', '}]']
2016-01-18 16:52:02 [jd] INFO: XXXXXXXXXXXXXXXXX61.60
2016-01-18 16:52:02 [jd] INFO: ['[{', 'id', ':', 'J_11800589', ',', 'p', ':', '61.40', ',', 'm', ':', '69.00', '}]']
2016-01-18 16:52:02 [jd] INFO: XXXXXXXXXXXXXXXXX61.40
2016-01-18 16:52:02 [jd] INFO: ['[{', 'id', ':', 'J_11113845', ',', 'p', ':', '39.50', ',', 'm', ':', '79.00', '}]']
2016-01-18 16:52:02 [jd] INFO: XXXXXXXXXXXXXXXXX39.50
2016-01-18 16:52:02 [jd] INFO: ['[{', 'id', ':', 'J_11599588', ',', 'p', ':', '71.20', ',', 'm', ':', '89.00', '}]']
2016-01-18 16:52:02 [jd] INFO: XXXXXXXXXXXXXXXXX71.20
2016-01-18 16:52:02 [jd] INFO: ['[{', 'id', ':', 'J_10401559', ',', 'p', ':', '84.30', ',', 'm', ':', '96.00', '}]']
2016-01-18 16:52:02 [jd] INFO: XXXXXXXXXXXXXXXXX84.30
2016-01-18 16:52:02 [jd] INFO: ['[{', 'id', ':', 'J_11414279', ',', 'p', ':', '51.30', ',', 'm', ':', '59.00', '}]']
2016-01-18 16:52:02 [jd] INFO: XXXXXXXXXXXXXXXXX51.30
2016-01-18 16:52:02 [jd] INFO: ['[{', 'id', ':', 'J_11204878', ',', 'p', ':', '73.10', ',', 'm', ':', '86.00', '}]']
2016-01-18 16:52:02 [jd] INFO: XXXXXXXXXXXXXXXXX73.10
2016-01-18 16:52:02 [jd] INFO: ['[{', 'id', ':', 'J_11721937', ',', 'p', ':', '64.20', ',', 'm', ':', '79.00', '}]']
2016-01-18 16:52:02 [jd] INFO: XXXXXXXXXXXXXXXXX64.20
2016-01-18 16:52:02 [jd] INFO: ['[{', 'id', ':', 'J_11313001', ',', 'p', ':', '68.70', ',', 'm', ':', '79.00', '}]']
2016-01-18 16:52:02 [jd] INFO: XXXXXXXXXXXXXXXXX68.70
2016-01-18 16:52:02 [jd] INFO: ['[{', 'id', ':', 'J_10982140', ',', 'p', ':', '85.30', ',', 'm', ':', '98.00', '}]']
2016-01-18 16:52:02 [jd] INFO: XXXXXXXXXXXXXXXXX85.30
2016-01-18 16:52:02 [jd] INFO: ['[{', 'id', ':', 'J_11674495', ',', 'p', ':', '50.90', ',', 'm', ':', '59.80', '}]']
2016-01-18 16:52:02 [jd] INFO: XXXXXXXXXXXXXXXXX50.90
2016-01-18 16:52:02 [jd] INFO: ['[{', 'id', ':', 'J_1394398542', ',', 'p', ':', '73.80', ',', 'm', ':', '108.00', '}]']
2016-01-18 16:52:02 [jd] INFO: XXXXXXXXXXXXXXXXX73.80
2016-01-18 16:52:02 [jd] INFO: ['[{', 'id', ':', 'J_11778521', ',', 'p', ':', '32.30', ',', 'm', ':', '38.00', '}]']
2016-01-18 16:52:02 [jd] INFO: XXXXXXXXXXXXXXXXX32.30
2016-01-18 16:52:02 [jd] INFO: ['[{', 'id', ':', 'J_11204852', ',', 'p', ':', '64.60', ',', 'm', ':', '76.00', '}]']
2016-01-18 16:52:02 [jd] INFO: XXXXXXXXXXXXXXXXX64.60
2016-01-18 16:52:02 [jd] INFO: ['[{', 'id', ':', 'J_1043526450', ',', 'p', ':', '64.10', ',', 'm', ':', '89.00', '}]']
2016-01-18 16:52:02 [jd] INFO: XXXXXXXXXXXXXXXXX64.10
2016-01-18 16:52:02 [jd] INFO: ['[{', 'id', ':', 'J_11365561', ',', 'p', ':', '55.50', ',', 'm', ':', '69.00', '}]']
2016-01-18 16:52:02 [jd] INFO: XXXXXXXXXXXXXXXXX55.50
2016-01-18 16:52:02 [jd] INFO: ['[{', 'id', ':', 'J_11398601', ',', 'p', ':', '50.20', ',', 'm', ':', '59.00', '}]']
2016-01-18 16:52:02 [jd] INFO: XXXXXXXXXXXXXXXXX50.20
2016-01-18 16:52:02 [jd] INFO: ['[{', 'id', ':', 'J_11320552', ',', 'p', ':', '64.20', ',', 'm', ':', '89.80', '}]']
2016-01-18 16:52:02 [jd] INFO: XXXXXXXXXXXXXXXXX64.20
2016-01-18 16:52:02 [jd] INFO: ['[{', 'id', ':', 'J_11356406', ',', 'p', ':', '77.40', ',', 'm', ':', '89.00', '}]']
2016-01-18 16:52:02 [jd] INFO: XXXXXXXXXXXXXXXXX77.40
2016-01-18 16:52:02 [jd] INFO: ['[{', 'id', ':', 'J_11821339', ',', 'p', ':', '67.20', ',', 'm', ':', '79.00', '}]']
2016-01-18 16:52:02 [jd] INFO: XXXXXXXXXXXXXXXXX67.20
2016-01-18 16:52:02 [jd] INFO: ['[{', 'id', ':', 'J_11675423', ',', 'p', ':', '134.70', ',', 'm', ':', '179.60', '}]']
2016-01-18 16:52:02 [jd] INFO: XXXXXXXXXXXXXXXXX134.70
2016-01-18 16:52:02 [jd] INFO: ['[{', 'id', ':', 'J_10080292', ',', 'p', ':', '47.60', ',', 'm', ':', '56.00', '}]']
2016-01-18 16:52:02 [jd] INFO: XXXXXXXXXXXXXXXXX47.60
2016-01-18 16:52:02 [jd] INFO: ['skuids input error']
2016-01-18 16:52:02 [jd] INFO: XXXXXXXXXXXXXXXXX0
2016-01-18 16:52:02 [jd] INFO: ['[{', 'id', ':', 'J_10080826', ',', 'p', ':', '25.60', ',', 'm', ':', '59.80', '}]']
2016-01-18 16:52:02 [jd] INFO: XXXXXXXXXXXXXXXXX25.60
2016-01-18 16:52:02 [jd] INFO: ['[{', 'id', ':', 'J_10080628', ',', 'p', ':', '84.20', ',', 'm', ':', '99.00', '}]']
2016-01-18 16:52:02 [jd] INFO: XXXXXXXXXXXXXXXXX84.20
2016-01-18 16:52:02 [jd] INFO: ['[{', 'id', ':', 'J_10080309', ',', 'p', ':', '75.70', ',', 'm', ':', '89.00', '}]']
2016-01-18 16:52:02 [jd] INFO: XXXXXXXXXXXXXXXXX75.70
2016-01-18 16:52:02 [jd] INFO: ['[{', 'id', ':', 'J_10080683', ',', 'p', ':', '61.10', ',', 'm', ':', '66.00', '}]']
2016-01-18 16:52:02 [jd] INFO: XXXXXXXXXXXXXXXXX61.10
2016-01-18 16:52:02 [jd] INFO: ['[{', 'id', ':', 'J_10100810', ',', 'p', ':', '55.30', ',', 'm', ':', '65.00', '}]']
2016-01-18 16:52:02 [jd] INFO: XXXXXXXXXXXXXXXXX55.30
2016-01-18 16:52:02 [jd] INFO: ['[{', 'id', ':', 'J_10094286', ',', 'p', ':', '78.60', ',', 'm', ':', '88.00', '}]']
2016-01-18 16:52:02 [jd] INFO: XXXXXXXXXXXXXXXXX78.60
2016-01-18 16:52:02 [jd] INFO: ['[{', 'id', ':', 'J_10100256', ',', 'p', ':', '60.50', ',', 'm', ':', '69.80', '}]']
2016-01-18 16:52:02 [jd] INFO: XXXXXXXXXXXXXXXXX60.50
2016-01-18 16:52:02 [jd] INFO: ['[{', 'id', ':', 'J_10123025', ',', 'p', ':', '53.40', ',', 'm', ':', '59.80', '}]']
2016-01-18 16:52:02 [jd] INFO: XXXXXXXXXXXXXXXXX53.40
2016-01-18 16:52:03 [jd] INFO: ['[{', 'id', ':', 'J_10697182', ',', 'p', ':', '55.50', ',', 'm', ':', '69.00', '}]']
2016-01-18 16:52:03 [jd] INFO: XXXXXXXXXXXXXXXXX55.50
2016-01-18 16:52:03 [jd] INFO: ['[{', 'id', ':', 'J_10132427', ',', 'p', ':', '51.80', ',', 'm', ':', '58.00', '}]']
2016-01-18 16:52:03 [jd] INFO: XXXXXXXXXXXXXXXXX51.80
2016-01-18 16:52:03 [jd] INFO: ['[{', 'id', ':', 'J_10133344', ',', 'p', ':', '63.20', ',', 'm', ':', '68.00', '}]']
2016-01-18 16:52:03 [jd] INFO: XXXXXXXXXXXXXXXXX63.20
2016-01-18 16:52:03 [jd] INFO: ['[{', 'id', ':', 'J_10133832', ',', 'p', ':', '51.80', ',', 'm', ':', '58.00', '}]']
2016-01-18 16:52:03 [jd] INFO: XXXXXXXXXXXXXXXXX51.80
2016-01-18 16:52:03 [jd] INFO: ['[{', 'id', ':', 'J_10710568', ',', 'p', ':', '58.50', ',', 'm', ':', '69.80', '}]']
2016-01-18 16:52:03 [jd] INFO: XXXXXXXXXXXXXXXXX58.50
2016-01-18 16:52:03 [jd] INFO: ['[{', 'id', ':', 'J_10701705', ',', 'p', ':', '34.20', ',', 'm', ':', '79.80', '}]']
2016-01-18 16:52:03 [jd] INFO: XXXXXXXXXXXXXXXXX34.20
2016-01-18 16:52:03 [jd] INFO: ['[{', 'id', ':', 'J_10701707', ',', 'p', ':', '31.90', ',', 'm', ':', '79.80', '}]']
2016-01-18 16:52:03 [jd] INFO: XXXXXXXXXXXXXXXXX31.90
2016-01-18 16:52:03 [jd] INFO: ['[{', 'id', ':', 'J_10710567', ',', 'p', ':', '41.70', ',', 'm', ':', '49.80', '}]']
2016-01-18 16:52:03 [jd] INFO: XXXXXXXXXXXXXXXXX41.70
2016-01-18 16:52:03 [jd] INFO: ['[{', 'id', ':', 'J_10710578', ',', 'p', ':', '38.50', ',', 'm', ':', '46.00', '}]']
2016-01-18 16:52:03 [jd] INFO: XXXXXXXXXXXXXXXXX38.50
2016-01-18 16:52:03 [jd] INFO: ['[{', 'id', ':', 'J_10742424', ',', 'p', ':', '61.20', ',', 'm', ':', '69.00', '}]']
2016-01-18 16:52:03 [jd] INFO: XXXXXXXXXXXXXXXXX61.20
2016-01-18 16:52:03 [jd] INFO: ['[{', 'id', ':', 'J_10745983', ',', 'p', ':', '52.40', ',', 'm', ':', '59.00', '}]']
2016-01-18 16:52:03 [jd] INFO: XXXXXXXXXXXXXXXXX52.40
2016-01-18 16:52:03 [jd] INFO: ['[{', 'id', ':', 'J_10746313', ',', 'p', ':', '53.10', ',', 'm', ':', '59.80', '}]']
2016-01-18 16:52:03 [jd] INFO: XXXXXXXXXXXXXXXXX53.10
2016-01-18 16:52:03 [jd] INFO: ['[{', 'id', ':', 'J_10779574', ',', 'p', ':', '54.40', ',', 'm', ':', '64.00', '}]']
2016-01-18 16:52:03 [jd] INFO: XXXXXXXXXXXXXXXXX54.40
2016-01-18 16:52:03 [jd] INFO: ['[{', 'id', ':', 'J_10797773', ',', 'p', ':', '67.20', ',', 'm', ':', '79.00', '}]']
2016-01-18 16:52:03 [jd] INFO: XXXXXXXXXXXXXXXXX67.20
2016-01-18 16:52:03 [jd] INFO: ['[{', 'id', ':', 'J_10746596', ',', 'p', ':', '57.70', ',', 'm', ':', '65.00', '}]']
2016-01-18 16:52:03 [jd] INFO: XXXXXXXXXXXXXXXXX57.70
2016-01-18 16:52:03 [jd] INFO: ['[{', 'id', ':', 'J_10746565', ',', 'p', ':', '55.90', ',', 'm', ':', '59.00', '}]']
2016-01-18 16:52:03 [jd] INFO: XXXXXXXXXXXXXXXXX55.90
2016-01-18 16:52:03 [jd] INFO: ['[{', 'id', ':', 'J_10804901', ',', 'p', ':', '75.20', ',', 'm', ':', '89.80', '}]']
2016-01-18 16:52:03 [jd] INFO: XXXXXXXXXXXXXXXXX75.20
2016-01-18 16:52:03 [jd] INFO: ['[{', 'id', ':', 'J_10804900', ',', 'p', ':', '44.90', ',', 'm', ':', '89.80', '}]']
2016-01-18 16:52:03 [jd] INFO: XXXXXXXXXXXXXXXXX44.90
2016-01-18 16:52:03 [jd] INFO: ['[{', 'p', ':', '52.00', ',', 'm', ':', '69.80', ',', 'id', ':', 'J_1253691521', '}]']
2016-01-18 16:52:03 [jd] INFO: XXXXXXXXXXXXXXXXX69.80
2016-01-18 16:52:03 [jd] INFO: ['[{', 'id', ':', 'J_1539331675', ',', 'p', ':', '59.80', ',', 'm', ':', '59.80', '}]']
2016-01-18 16:52:03 [jd] INFO: XXXXXXXXXXXXXXXXX59.80
2016-01-18 16:52:03 [jd] INFO: ['[{', 'id', ':', 'J_11346397', ',', 'p', ':', '62.70', ',', 'm', ':', '69.00', '}]']
2016-01-18 16:52:03 [jd] INFO: XXXXXXXXXXXXXXXXX62.70
2016-01-18 16:52:03 [jd] INFO: ['[{', 'id', ':', 'J_10814897', ',', 'p', ':', '56.60', ',', 'm', ':', '65.00', '}]']
2016-01-18 16:52:03 [jd] INFO: XXXXXXXXXXXXXXXXX56.60
2016-01-18 16:52:03 [jd] INFO: ['[{', 'id', ':', 'J_1492308970', ',', 'p', ':', '63.00', ',', 'm', ':', '79.00', '}]']
2016-01-18 16:52:03 [jd] INFO: XXXXXXXXXXXXXXXXX63.00
2016-01-18 16:52:03 [jd] INFO: ['[{', 'id', ':', 'J_11465883', ',', 'p', ':', '62.70', ',', 'm', ':', '69.00', '}]']
2016-01-18 16:52:03 [jd] INFO: XXXXXXXXXXXXXXXXX62.70
2016-01-18 16:52:03 [jd] INFO: ['[{', 'id', ':', 'J_10980252', ',', 'p', ':', '47.20', ',', 'm', ':', '59.00', '}]']
2016-01-18 16:52:03 [jd] INFO: XXXXXXXXXXXXXXXXX47.20
2016-01-18 16:52:03 [jd] INFO: ['[{', 'id', ':', 'J_10746257', ',', 'p', ':', '62.60', ',', 'm', ':', '79.00', '}]']
2016-01-18 16:52:03 [jd] INFO: XXXXXXXXXXXXXXXXX62.60
2016-01-18 16:52:03 [jd] INFO: ['[{', 'id', ':', 'J_1558306770', ',', 'p', ':', '53.80', ',', 'm', ':', '75.00', '}]']
2016-01-18 16:52:03 [jd] INFO: XXXXXXXXXXXXXXXXX53.80
2016-01-18 16:52:03 [jd] INFO: ['[{', 'id', ':', 'J_1496315187', ',', 'p', ':', '53.50', ',', 'm', ':', '79.00', '}]']
2016-01-18 16:52:03 [jd] INFO: XXXXXXXXXXXXXXXXX53.50
2016-01-18 16:52:03 [jd] INFO: ['[{', 'id', ':', 'J_10079184', ',', 'p', ':', '45.70', ',', 'm', ':', '49.00', '}]']
2016-01-18 16:52:03 [jd] INFO: XXXXXXXXXXXXXXXXX45.70
2016-01-18 16:52:03 [jd] INFO: ['[{', 'id', ':', 'J_11186951', ',', 'p', ':', '63.40', ',', 'm', ':', '79.00', '}]']
2016-01-18 16:52:03 [jd] INFO: XXXXXXXXXXXXXXXXX63.40
2016-01-18 16:52:03 [jd] INFO: ['[{', 'id', ':', 'J_11671874', ',', 'p', ':', '57.60', ',', 'm', ':', '68.00', '}]']
2016-01-18 16:52:03 [jd] INFO: XXXXXXXXXXXXXXXXX57.60
2016-01-18 16:52:03 [jd] INFO: ['[{', 'id', ':', 'J_10255674', ',', 'p', ':', '58.30', ',', 'm', ':', '69.00', '}]']
2016-01-18 16:52:03 [jd] INFO: XXXXXXXXXXXXXXXXX58.30
2016-01-18 16:52:03 [jd] INFO: ['[{', 'id', ':', 'J_11687609', ',', 'p', ':', '67.80', ',', 'm', ':', '79.80', '}]']
2016-01-18 16:52:03 [jd] INFO: XXXXXXXXXXXXXXXXX67.80
2016-01-18 16:52:03 [jd] INFO: ['[{', 'id', ':', 'J_11343650', ',', 'p', ':', '59.30', ',', 'm', ':', '69.80', '}]']
2016-01-18 16:52:03 [jd] INFO: XXXXXXXXXXXXXXXXX59.30
2016-01-18 16:52:03 [jd] INFO: ['[{', 'id', ':', 'J_10080110', ',', 'p', ':', '72.40', ',', 'm', ':', '79.80', '}]']
2016-01-18 16:52:03 [jd] INFO: XXXXXXXXXXXXXXXXX72.40
2016-01-18 16:52:03 [jd] INFO: ['[{', 'id', ':', 'J_11358580', ',', 'p', ':', '67.80', ',', 'm', ':', '79.00', '}]']
2016-01-18 16:52:03 [jd] INFO: XXXXXXXXXXXXXXXXX67.80
2016-01-18 16:52:03 [jd] INFO: ['[{', 'id', ':', 'J_11078100', ',', 'p', ':', '61.60', ',', 'm', ':', '69.80', '}]']
2016-01-18 16:52:03 [jd] INFO: XXXXXXXXXXXXXXXXX61.60
2016-01-18 16:52:03 [jd] INFO: ['[{', 'id', ':', 'J_10311441', ',', 'p', ':', '67.20', ',', 'm', ':', '79.00', '}]']
2016-01-18 16:52:03 [jd] INFO: XXXXXXXXXXXXXXXXX67.20
2016-01-18 16:52:03 [jd] INFO: ['[{', 'id', ':', 'J_10067435', ',', 'p', ':', '63.70', ',', 'm', ':', '75.00', '}]']
2016-01-18 16:52:03 [jd] INFO: XXXXXXXXXXXXXXXXX63.70
2016-01-18 16:52:03 [jd] INFO: ['[{', 'id', ':', 'J_11525283', ',', 'p', ':', '67.20', ',', 'm', ':', '79.00', '}]']
2016-01-18 16:52:03 [jd] INFO: XXXXXXXXXXXXXXXXX67.20
2016-01-18 16:52:03 [jd] INFO: ['[{', 'id', ':', 'J_11741166', ',', 'p', ':', '66.80', ',', 'm', ':', '85.00', '}]']
2016-01-18 16:52:03 [jd] INFO: XXXXXXXXXXXXXXXXX66.80
2016-01-18 16:52:03 [jd] INFO: ['[{', 'id', ':', 'J_11324152', ',', 'p', ':', '54.90', ',', 'm', ':', '69.00', '}]']
2016-01-18 16:52:03 [jd] INFO: XXXXXXXXXXXXXXXXX54.90
2016-01-18 16:52:03 [jd] INFO: ['[{', 'id', ':', 'J_11256776', ',', 'p', ':', '67.80', ',', 'm', ':', '79.80', '}]']
2016-01-18 16:52:03 [jd] INFO: XXXXXXXXXXXXXXXXX67.80
2016-01-18 16:52:03 [jd] INFO: ['[{', 'id', ':', 'J_11449803', ',', 'p', ':', '51.80', ',', 'm', ':', '65.00', '}]']
2016-01-18 16:52:03 [jd] INFO: XXXXXXXXXXXXXXXXX51.80
2016-01-18 16:52:03 [jd] INFO: ['[{', 'id', ':', 'J_11155648', ',', 'p', ':', '41.50', ',', 'm', ':', '49.00', '}]']
2016-01-18 16:52:03 [jd] INFO: XXXXXXXXXXXXXXXXX41.50
2016-01-18 16:52:03 [jd] INFO: ['[{', 'id', ':', 'J_10143812', ',', 'p', ':', '83.30', ',', 'm', ':', '98.00', '}]']
2016-01-18 16:52:03 [jd] INFO: XXXXXXXXXXXXXXXXX83.30
2016-01-18 16:52:03 [jd] INFO: ['[{', 'id', ':', 'J_11294333', ',', 'p', ':', '86.10', ',', 'm', ':', '99.00', '}]']
2016-01-18 16:52:03 [jd] INFO: XXXXXXXXXXXXXXXXX86.10
2016-01-18 16:52:03 [jd] INFO: ['[{', 'id', ':', 'J_11825971', ',', 'p', ':', '112.60', ',', 'm', ':', '128.00', '}]']
2016-01-18 16:52:03 [jd] INFO: XXXXXXXXXXXXXXXXX112.60
2016-01-18 16:52:03 [jd] INFO: ['[{', 'id', ':', 'J_1417557860', ',', 'p', ':', '72.00', ',', 'm', ':', '96.00', '}]']
2016-01-18 16:52:03 [jd] INFO: XXXXXXXXXXXXXXXXX72.00
2016-01-18 16:52:03 [jd] INFO: ['[{', 'id', ':', 'J_11761109', ',', 'p', ':', '41.70', ',', 'm', ':', '49.00', '}]']
2016-01-18 16:52:03 [jd] INFO: XXXXXXXXXXXXXXXXX41.70
2016-01-18 16:52:03 [jd] INFO: ['[{', 'id', ':', 'J_11349422', ',', 'p', ':', '67.20', ',', 'm', ':', '79.00', '}]']
2016-01-18 16:52:03 [jd] INFO: XXXXXXXXXXXXXXXXX67.20
2016-01-18 16:52:03 [jd] INFO: ['[{', 'id', ':', 'J_11520818', ',', 'p', ':', '108.50', ',', 'm', ':', '128.00', '}]']
2016-01-18 16:52:03 [jd] INFO: XXXXXXXXXXXXXXXXX108.50
2016-01-18 16:52:03 [jd] INFO: ['[{', 'id', ':', 'J_11008704', ',', 'p', ':', '85.30', ',', 'm', ':', '98.00', '}]']
2016-01-18 16:52:03 [jd] INFO: XXXXXXXXXXXXXXXXX85.30
2016-01-18 16:52:03 [jd] INFO: ['[{', 'id', ':', 'J_11553443', ',', 'p', ':', '42.30', ',', 'm', ':', '49.80', '}]']
2016-01-18 16:52:03 [jd] INFO: XXXXXXXXXXXXXXXXX42.30
2016-01-18 16:52:03 [jd] INFO: ['[{', 'id', ':', 'J_10550863', ',', 'p', ':', '44.60', ',', 'm', ':', '52.00', '}]']
2016-01-18 16:52:03 [jd] INFO: XXXXXXXXXXXXXXXXX44.60
2016-01-18 16:52:03 [jd] INFO: ['[{', 'id', ':', 'J_11676682', ',', 'p', ':', '92.70', ',', 'm', ':', '109.00', '}]']
2016-01-18 16:52:03 [jd] INFO: XXXXXXXXXXXXXXXXX92.70
2016-01-18 16:52:03 [jd] INFO: ['[{', 'id', ':', 'J_11216937', ',', 'p', ':', '46.70', ',', 'm', ':', '55.00', '}]']
2016-01-18 16:52:03 [jd] INFO: XXXXXXXXXXXXXXXXX46.70
2016-01-18 16:52:03 [jd] INFO: ['[{', 'p', ':', '73.40', ',', 'm', ':', '89.00', ',', 'id', ':', 'J_10874481', '}]']
2016-01-18 16:52:03 [jd] INFO: XXXXXXXXXXXXXXXXX89.00
2016-01-18 16:52:03 [jd] INFO: ['[{', 'id', ':', 'J_10063390', ',', 'p', ':', '79.50', ',', 'm', ':', '89.00', '}]']
2016-01-18 16:52:03 [jd] INFO: XXXXXXXXXXXXXXXXX79.50
2016-01-18 16:52:03 [jd] INFO: ['[{', 'id', ':', 'J_11644150', ',', 'p', ':', '58.70', ',', 'm', ':', '69.00', '}]']
2016-01-18 16:52:03 [jd] INFO: XXXXXXXXXXXXXXXXX58.70
2016-01-18 16:52:03 [jd] INFO: ['[{', 'id', ':', 'J_11693896', ',', 'p', ':', '79.20', ',', 'm', ':', '99.00', '}]']
2016-01-18 16:52:03 [jd] INFO: XXXXXXXXXXXXXXXXX79.20
2016-01-18 16:52:03 [jd] INFO: ['[{', 'id', ':', 'J_11706272', ',', 'p', ':', '79.20', ',', 'm', ':', '99.00', '}]']
2016-01-18 16:52:03 [jd] INFO: XXXXXXXXXXXXXXXXX79.20
2016-01-18 16:52:03 [jd] INFO: ['[{', 'id', ':', 'J_11498791', ',', 'p', ':', '63.00', ',', 'm', ':', '79.00', '}]']
2016-01-18 16:52:03 [jd] INFO: XXXXXXXXXXXXXXXXX63.00
2016-01-18 16:52:03 [jd] INFO: ['[{', 'id', ':', 'J_10136445', ',', 'p', ':', '52.80', ',', 'm', ':', '65.00', '}]']
2016-01-18 16:52:03 [jd] INFO: XXXXXXXXXXXXXXXXX52.80
2016-01-18 16:52:03 [jd] INFO: ['[{', 'id', ':', 'J_11785190', ',', 'p', ':', '50.20', ',', 'm', ':', '59.00', '}]']
2016-01-18 16:52:03 [jd] INFO: XXXXXXXXXXXXXXXXX50.20
2016-01-18 16:52:03 [jd] INFO: ['[{', 'id', ':', 'J_10134294', ',', 'p', ':', '58.70', ',', 'm', ':', '69.00', '}]']
2016-01-18 16:52:03 [jd] INFO: XXXXXXXXXXXXXXXXX58.70
2016-01-18 16:52:03 [jd] INFO: ['[{', 'id', ':', 'J_11253426', ',', 'p', ':', '41.40', ',', 'm', ':', '49.00', '}]']
2016-01-18 16:52:03 [jd] INFO: XXXXXXXXXXXXXXXXX41.40
2016-01-18 16:52:03 [jd] INFO: ['[{', 'id', ':', 'J_10137821', ',', 'p', ':', '57.80', ',', 'm', ':', '69.00', '}]']
2016-01-18 16:52:03 [jd] INFO: XXXXXXXXXXXXXXXXX57.80
2016-01-18 16:52:03 [jd] INFO: ['[{', 'id', ':', 'J_10138844', ',', 'p', ':', '57.80', ',', 'm', ':', '69.00', '}]']
2016-01-18 16:52:03 [jd] INFO: XXXXXXXXXXXXXXXXX57.80
2016-01-18 16:52:03 [jd] INFO: ['[{', 'id', ':', 'J_10137938', ',', 'p', ':', '62.80', ',', 'm', ':', '75.00', '}]']
2016-01-18 16:52:03 [jd] INFO: XXXXXXXXXXXXXXXXX62.80
2016-01-18 16:52:03 [jd] INFO: ['[{', 'id', ':', 'J_10138678', ',', 'p', ':', '57.80', ',', 'm', ':', '69.00', '}]']
2016-01-18 16:52:03 [jd] INFO: XXXXXXXXXXXXXXXXX57.80
2016-01-18 16:52:03 [jd] INFO: ['[{', 'id', ':', 'J_10138102', ',', 'p', ':', '54.40', ',', 'm', ':', '65.00', '}]']
2016-01-18 16:52:03 [jd] INFO: XXXXXXXXXXXXXXXXX54.40
2016-01-18 16:52:03 [jd] INFO: ['[{', 'id', ':', 'J_10138915', ',', 'p', ':', '56.10', ',', 'm', ':', '59.00', '}]']
2016-01-18 16:52:03 [jd] INFO: XXXXXXXXXXXXXXXXX56.10
2016-01-18 16:52:03 [jd] INFO: ['[{', 'id', ':', 'J_10138429', ',', 'p', ':', '52.70', ',', 'm', ':', '59.00', '}]']
2016-01-18 16:52:03 [jd] INFO: XXXXXXXXXXXXXXXXX52.70
2016-01-18 16:52:03 [jd] INFO: ['[{', 'id', ':', 'J_10138979', ',', 'p', ':', '40.20', ',', 'm', ':', '45.00', '}]']
2016-01-18 16:52:03 [jd] INFO: XXXXXXXXXXXXXXXXX40.20
2016-01-18 16:52:03 [jd] INFO: ['[{', 'id', ':', 'J_10139255', ',', 'p', ':', '53.40', ',', 'm', ':', '59.80', '}]']
2016-01-18 16:52:03 [jd] INFO: XXXXXXXXXXXXXXXXX53.40
2016-01-18 16:52:03 [jd] INFO: ['[{', 'id', ':', 'J_10808066', ',', 'p', ':', '31.90', ',', 'm', ':', '59.80', '}]']
2016-01-18 16:52:03 [jd] INFO: XXXXXXXXXXXXXXXXX31.90
2016-01-18 16:52:03 [jd] INFO: ['[{', 'id', ':', 'J_10814910', ',', 'p', ':', '60.40', ',', 'm', ':', '68.00', '}]']
2016-01-18 16:52:03 [jd] INFO: XXXXXXXXXXXXXXXXX60.40
2016-01-18 16:52:03 [jd] INFO: ['[{', 'id', ':', 'J_10843146', ',', 'p', ':', '29.50', ',', 'm', ':', '59.00', '}]']
2016-01-18 16:52:03 [jd] INFO: XXXXXXXXXXXXXXXXX29.50
2016-01-18 16:52:03 [jd] INFO: ['[{', 'id', ':', 'J_10869175', ',', 'p', ':', '78.30', ',', 'm', ':', '89.00', '}]']
2016-01-18 16:52:03 [jd] INFO: XXXXXXXXXXXXXXXXX78.30
2016-01-18 16:52:03 [jd] INFO: ['[{', 'id', ':', 'J_10814895', ',', 'p', ':', '61.50', ',', 'm', ':', '65.00', '}]']
2016-01-18 16:52:03 [jd] INFO: XXXXXXXXXXXXXXXXX61.50
2016-01-18 16:52:03 [jd] INFO: ['[{', 'id', ':', 'J_10874074', ',', 'p', ':', '75.70', ',', 'm', ':', '89.00', '}]']
2016-01-18 16:52:03 [jd] INFO: XXXXXXXXXXXXXXXXX75.70
2016-01-18 16:52:03 [jd] INFO: ['[{', 'id', ':', 'J_10899967', ',', 'p', ':', '52.70', ',', 'm', ':', '59.00', '}]']
2016-01-18 16:52:03 [jd] INFO: XXXXXXXXXXXXXXXXX52.70
2016-01-18 16:52:03 [jd] INFO: ['[{', 'id', ':', 'J_10898799', ',', 'p', ':', '51.60', ',', 'm', ':', '59.00', '}]']
2016-01-18 16:52:03 [jd] INFO: XXXXXXXXXXXXXXXXX51.60
2016-01-18 16:52:03 [jd] INFO: ['[{', 'id', ':', 'J_10925136', ',', 'p', ':', '53.70', ',', 'm', ':', '58.00', '}]']
2016-01-18 16:52:03 [jd] INFO: XXXXXXXXXXXXXXXXX53.70
2016-01-18 16:52:03 [jd] INFO: ['[{', 'id', ':', 'J_11151620', ',', 'p', ':', '41.50', ',', 'm', ':', '44.50', '}]']
2016-01-18 16:52:03 [jd] INFO: XXXXXXXXXXXXXXXXX41.50
2016-01-18 16:52:03 [jd] INFO: ['[{', 'id', ':', 'J_10918727', ',', 'p', ':', '97.40', ',', 'm', ':', '109.00', '}]']
2016-01-18 16:52:03 [jd] INFO: XXXXXXXXXXXXXXXXX97.40
2016-01-18 16:52:03 [jd] INFO: ['[{', 'id', ':', 'J_11163173', ',', 'p', ':', '42.20', ',', 'm', ':', '49.80', '}]']
2016-01-18 16:52:03 [jd] INFO: XXXXXXXXXXXXXXXXX42.20
2016-01-18 16:52:03 [jd] INFO: ['[{', 'id', ':', 'J_11598663', ',', 'p', ':', '84.20', ',', 'm', ':', '99.00', '}]']
2016-01-18 16:52:03 [jd] INFO: XXXXXXXXXXXXXXXXX84.20
2016-01-18 16:52:03 [jd] INFO: ['[{', 'id', ':', 'J_11307260', ',', 'p', ':', '63.60', ',', 'm', ':', '79.00', '}]']
2016-01-18 16:52:03 [jd] INFO: XXXXXXXXXXXXXXXXX63.60
2016-01-18 16:52:03 [jd] INFO: ['[{', 'id', ':', 'J_10977150', ',', 'p', ':', '30.50', ',', 'm', ':', '35.00', '}]']
2016-01-18 16:52:03 [jd] INFO: XXXXXXXXXXXXXXXXX30.50
2016-01-18 16:52:03 [jd] INFO: ['[{', 'id', ':', 'J_11447848', ',', 'p', ':', '39.40', ',', 'm', ':', '49.00', '}]']
2016-01-18 16:52:03 [jd] INFO: XXXXXXXXXXXXXXXXX39.40
2016-01-18 16:52:03 [jd] INFO: ['[{', 'id', ':', 'J_11075718', ',', 'p', ':', '84.20', ',', 'm', ':', '99.00', '}]']
2016-01-18 16:52:03 [jd] INFO: XXXXXXXXXXXXXXXXX84.20
2016-01-18 16:52:03 [jd] INFO: ['[{', 'id', ':', 'J_10854653', ',', 'p', ':', '31.40', ',', 'm', ':', '68.00', '}]']
2016-01-18 16:52:03 [jd] INFO: XXXXXXXXXXXXXXXXX31.40
2016-01-18 16:52:03 [jd] INFO: ['[{', 'p', ':', '66.60', ',', 'm', ':', '82.00', ',', 'id', ':', 'J_11495324', '}]']
2016-01-18 16:52:03 [jd] INFO: XXXXXXXXXXXXXXXXX82.00
2016-01-18 16:52:03 [jd] INFO: ['[{', 'id', ':', 'J_1028096295', ',', 'p', ':', '56.00', ',', 'm', ':', '79.00', '}]']
2016-01-18 16:52:03 [jd] INFO: XXXXXXXXXXXXXXXXX56.00
2016-01-18 16:52:03 [jd] INFO: ['[{', 'id', ':', 'J_11544991', ',', 'p', ':', '68.30', ',', 'm', ':', '78.00', '}]']
2016-01-18 16:52:03 [jd] INFO: XXXXXXXXXXXXXXXXX68.30
2016-01-18 16:52:03 [jd] INFO: ['[{', 'id', ':', 'J_11553647', ',', 'p', ':', '55.20', ',', 'm', ':', '69.00', '}]']
2016-01-18 16:52:03 [jd] INFO: XXXXXXXXXXXXXXXXX55.20
2016-01-18 16:52:03 [jd] INFO: ['[{', 'id', ':', 'J_11703581', ',', 'p', ':', '63.20', ',', 'm', ':', '79.00', '}]']
2016-01-18 16:52:03 [jd] INFO: XXXXXXXXXXXXXXXXX63.20
2016-01-18 16:52:03 [jd] INFO: ['[{', 'id', ':', 'J_11409707', ',', 'p', ':', '96.60', ',', 'm', ':', '139.00', '}]']
2016-01-18 16:52:03 [jd] INFO: XXXXXXXXXXXXXXXXX96.60
2016-01-18 16:52:03 [jd] INFO: ['[{', 'id', ':', 'J_10922250', ',', 'p', ':', '51.30', ',', 'm', ':', '69.00', '}]']
2016-01-18 16:52:03 [jd] INFO: XXXXXXXXXXXXXXXXX51.30
2016-01-18 16:52:03 [jd] INFO: ['[{', 'id', ':', 'J_11670385', ',', 'p', ':', '67.20', ',', 'm', ':', '79.00', '}]']
2016-01-18 16:52:03 [jd] INFO: XXXXXXXXXXXXXXXXX67.20
2016-01-18 16:52:03 [jd] INFO: ['[{', 'id', ':', 'J_10066936', ',', 'p', ':', '67.40', ',', 'm', ':', '79.50', '}]']
2016-01-18 16:52:03 [jd] INFO: XXXXXXXXXXXXXXXXX67.40
2016-01-18 16:52:03 [jd] INFO: ['[{', 'id', ':', 'J_10080294', ',', 'p', ':', '84.80', ',', 'm', ':', '99.80', '}]']
2016-01-18 16:52:03 [jd] INFO: XXXXXXXXXXXXXXXXX84.80
2016-01-18 16:52:03 [jd] INFO: ['[{', 'id', ':', 'J_11789213', ',', 'p', ':', '61.80', ',', 'm', ':', '76.00', '}]']
2016-01-18 16:52:03 [jd] INFO: XXXXXXXXXXXXXXXXX61.80
2016-01-18 16:52:04 [jd] INFO: ['[{', 'id', ':', 'J_11701869', ',', 'p', ':', '55.20', ',', 'm', ':', '69.00', '}]']
2016-01-18 16:52:04 [jd] INFO: XXXXXXXXXXXXXXXXX55.20
2016-01-18 16:52:04 [jd] INFO: ['[{', 'id', ':', 'J_11078111', ',', 'p', ':', '59.90', ',', 'm', ':', '69.80', '}]']
2016-01-18 16:52:04 [jd] INFO: XXXXXXXXXXXXXXXXX59.90
2016-01-18 16:52:04 [jd] INFO: ['[{', 'id', ':', 'J_10058422', ',', 'p', ':', '62.70', ',', 'm', ':', '66.00', '}]']
2016-01-18 16:52:04 [jd] INFO: XXXXXXXXXXXXXXXXX62.70
2016-01-18 16:52:04 [jd] INFO: ['[{', 'id', ':', 'J_11615429', ',', 'p', ':', '59.30', ',', 'm', ':', '69.80', '}]']
2016-01-18 16:52:04 [jd] INFO: XXXXXXXXXXXXXXXXX59.30
2016-01-18 16:52:04 [jd] INFO: ['[{', 'p', ':', '54.50', ',', 'm', ':', '66.00', ',', 'id', ':', 'J_10058439', '}]']
2016-01-18 16:52:04 [jd] INFO: XXXXXXXXXXXXXXXXX66.00
2016-01-18 16:52:04 [jd] INFO: ['[{', 'id', ':', 'J_11631886', ',', 'p', ':', '58.70', ',', 'm', ':', '69.00', '}]']
2016-01-18 16:52:04 [jd] INFO: XXXXXXXXXXXXXXXXX58.70
2016-01-18 16:52:04 [jd] INFO: ['[{', 'id', ':', 'J_10058440', ',', 'p', ':', '64.60', ',', 'm', ':', '68.00', '}]']
2016-01-18 16:52:04 [jd] INFO: XXXXXXXXXXXXXXXXX64.60
2016-01-18 16:52:04 [jd] INFO: ['[{', 'id', ':', 'J_11663326', ',', 'p', ':', '37.80', ',', 'm', ':', '44.50', '}]']
2016-01-18 16:52:04 [jd] INFO: XXXXXXXXXXXXXXXXX37.80
2016-01-18 16:52:04 [jd] INFO: ['[{', 'id', ':', 'J_11689740', ',', 'p', ':', '81.70', ',', 'm', ':', '99.00', '}]']
2016-01-18 16:52:04 [jd] INFO: XXXXXXXXXXXXXXXXX81.70
2016-01-18 16:52:04 [jd] INFO: ['[{', 'id', ':', 'J_11542456', ',', 'p', ':', '75.60', ',', 'm', ':', '89.00', '}]']
2016-01-18 16:52:04 [jd] INFO: XXXXXXXXXXXXXXXXX75.60
2016-01-18 16:52:04 [jd] INFO: ['[{', 'id', ':', 'J_11826182', ',', 'p', ':', '55.20', ',', 'm', ':', '69.00', '}]']
2016-01-18 16:52:04 [jd] INFO: XXXXXXXXXXXXXXXXX55.20
2016-01-18 16:52:04 [jd] INFO: ['[{', 'id', ':', 'J_10582435', ',', 'p', ':', '56.10', ',', 'm', ':', '69.00', '}]']
2016-01-18 16:52:04 [jd] INFO: XXXXXXXXXXXXXXXXX56.10
2016-01-18 16:52:04 [jd] INFO: ['[{', 'id', ':', 'J_11613152', ',', 'p', ':', '63.30', ',', 'm', ':', '69.80', '}]']
2016-01-18 16:52:04 [jd] INFO: XXXXXXXXXXXXXXXXX63.30
2016-01-18 16:52:04 [jd] INFO: ['[{', 'id', ':', 'J_11045511', ',', 'p', ':', '107.00', ',', 'm', ':', '118.00', '}]']
2016-01-18 16:52:04 [jd] INFO: XXXXXXXXXXXXXXXXX107.00
2016-01-18 16:52:04 [jd] INFO: ['[{', 'id', ':', 'J_10142705', ',', 'p', ':', '54.40', ',', 'm', ':', '65.00', '}]']
2016-01-18 16:52:04 [jd] INFO: XXXXXXXXXXXXXXXXX54.40
2016-01-18 16:52:04 [jd] INFO: ['[{', 'id', ':', 'J_10142636', ',', 'p', ':', '57.80', ',', 'm', ':', '69.00', '}]']
2016-01-18 16:52:04 [jd] INFO: XXXXXXXXXXXXXXXXX57.80
2016-01-18 16:52:04 [jd] INFO: ['[{', 'id', ':', 'J_10143471', ',', 'p', ':', '60.30', ',', 'm', ':', '72.00', '}]']
2016-01-18 16:52:04 [jd] INFO: XXXXXXXXXXXXXXXXX60.30
2016-01-18 16:52:04 [jd] INFO: ['[{', 'id', ':', 'J_10143699', ',', 'p', ':', '62.80', ',', 'm', ':', '75.00', '}]']
2016-01-18 16:52:04 [jd] INFO: XXXXXXXXXXXXXXXXX62.80
2016-01-18 16:52:04 [jd] INFO: ['[{', 'id', ':', 'J_10144144', ',', 'p', ':', '57.80', ',', 'm', ':', '69.00', '}]']
2016-01-18 16:52:04 [jd] INFO: XXXXXXXXXXXXXXXXX57.80
2016-01-18 16:52:04 [jd] INFO: ['[{', 'id', ':', 'J_10143708', ',', 'p', ':', '55.30', ',', 'm', ':', '66.00', '}]']
2016-01-18 16:52:04 [jd] INFO: XXXXXXXXXXXXXXXXX55.30
2016-01-18 16:52:04 [jd] INFO: ['[{', 'id', ':', 'J_10143647', ',', 'p', ':', '51.90', ',', 'm', ':', '62.00', '}]']
2016-01-18 16:52:04 [jd] INFO: XXXXXXXXXXXXXXXXX51.90
2016-01-18 16:52:04 [jd] INFO: ['[{', 'id', ':', 'J_10144012', ',', 'p', ':', '58.80', ',', 'm', ':', '98.00', '}]']
2016-01-18 16:52:04 [jd] INFO: XXXXXXXXXXXXXXXXX58.80
2016-01-18 16:52:04 [jd] INFO: ['[{', 'id', ':', 'J_10925839', ',', 'p', ':', '45.20', ',', 'm', ':', '49.80', '}]']
2016-01-18 16:52:04 [jd] INFO: XXXXXXXXXXXXXXXXX45.20
2016-01-18 16:52:04 [jd] INFO: ['[{', 'id', ':', 'J_10927992', ',', 'p', ':', '33.90', ',', 'm', ':', '39.00', '}]']
2016-01-18 16:52:04 [jd] INFO: XXXXXXXXXXXXXXXXX33.90
2016-01-18 16:52:04 [jd] INFO: ['[{', 'id', ':', 'J_11103306', ',', 'p', ':', '108.70', ',', 'm', ':', '128.00', '}]']
2016-01-18 16:52:04 [jd] INFO: XXXXXXXXXXXXXXXXX108.70
2016-01-18 16:52:04 [jd] INFO: ['[{', 'id', ':', 'J_11778526', ',', 'p', ':', '52.70', ',', 'm', ':', '62.00', '}]']
2016-01-18 16:52:04 [jd] INFO: XXXXXXXXXXXXXXXXX52.70
2016-01-18 16:52:04 [jd] INFO: ['[{', 'id', ':', 'J_11478583', ',', 'p', ':', '40.20', ',', 'm', ':', '45.00', '}]']
2016-01-18 16:52:04 [jd] INFO: XXXXXXXXXXXXXXXXX40.20
2016-01-18 16:52:04 [jd] INFO: ['[{', 'id', ':', 'J_11053132', ',', 'p', ':', '63.60', ',', 'm', ':', '79.00', '}]']
2016-01-18 16:52:04 [jd] INFO: XXXXXXXXXXXXXXXXX63.60
2016-01-18 16:52:04 [jd] INFO: ['[{', 'id', ':', 'J_10704980', ',', 'p', ':', '63.70', ',', 'm', ':', '79.80', '}]']
2016-01-18 16:52:04 [jd] INFO: XXXXXXXXXXXXXXXXX63.70
2016-01-18 16:52:04 [jd] INFO: ['[{', 'id', ':', 'J_11253091', ',', 'p', ':', '55.10', ',', 'm', ':', '69.00', '}]']
2016-01-18 16:52:04 [jd] INFO: XXXXXXXXXXXXXXXXX55.10
2016-01-18 16:52:04 [jd] INFO: ['[{', 'id', ':', 'J_10100140', ',', 'p', ':', '69.10', ',', 'm', ':', '85.00', '}]']
2016-01-18 16:52:04 [jd] INFO: XXXXXXXXXXXXXXXXX69.10
2016-01-18 16:52:04 [jd] INFO: ['[{', 'id', ':', 'J_10878933', ',', 'p', ':', '62.60', ',', 'm', ':', '69.00', '}]']
2016-01-18 16:52:04 [jd] INFO: XXXXXXXXXXXXXXXXX62.60
2016-01-18 16:52:04 [jd] INFO: ['skuids input error']
2016-01-18 16:52:04 [jd] INFO: XXXXXXXXXXXXXXXXX0
2016-01-18 16:52:04 [jd] INFO: ['[{', 'id', ':', 'J_10058902', ',', 'p', ':', '45.30', ',', 'm', ':', '52.00', '}]']
2016-01-18 16:52:04 [jd] INFO: XXXXXXXXXXXXXXXXX45.30
2016-01-18 16:52:04 [jd] INFO: ['[{', 'id', ':', 'J_11740734', ',', 'p', ':', '47.20', ',', 'm', ':', '59.00', '}]']
2016-01-18 16:52:04 [jd] INFO: XXXXXXXXXXXXXXXXX47.20
2016-01-18 16:52:04 [jd] INFO: ['[{', 'id', ':', 'J_10100190', ',', 'p', ':', '52.30', ',', 'm', ':', '79.00', '}]']
2016-01-18 16:52:04 [jd] INFO: XXXXXXXXXXXXXXXXX52.30
2016-01-18 16:52:04 [jd] INFO: ['[{', 'id', ':', 'J_11753276', ',', 'p', ':', '67.20', ',', 'm', ':', '79.00', '}]']
2016-01-18 16:52:04 [jd] INFO: XXXXXXXXXXXXXXXXX67.20
2016-01-18 16:52:04 [jd] INFO: ['[{', 'id', ':', 'J_11520670', ',', 'p', ':', '66.40', ',', 'm', ':', '79.00', '}]']
2016-01-18 16:52:04 [jd] INFO: XXXXXXXXXXXXXXXXX66.40
2016-01-18 16:52:04 [scrapy] INFO: Closing spider (finished)
2016-01-18 16:52:04 [scrapy] INFO: Stored json feed (348 items) in: jd.json
2016-01-18 16:52:04 [scrapy] INFO: Dumping Scrapy stats:
{'downloader/request_bytes': 118479,
 'downloader/request_count': 357,
 'downloader/request_method_count/GET': 357,
 'downloader/response_bytes': 293474,
 'downloader/response_count': 357,
 'downloader/response_status_count/200': 356,
 'downloader/response_status_count/302': 1,
 'finish_reason': 'finished',
 'finish_time': datetime.datetime(2016, 1, 18, 8, 52, 4, 311000),
 'item_scraped_count': 348,
 'log_count/INFO': 875,
 'log_count/WARNING': 5,
 'request_depth_max': 3,
 'response_received_count': 356,
 'scheduler/dequeued': 357,
 'scheduler/dequeued/memory': 357,
 'scheduler/enqueued': 357,
 'scheduler/enqueued/memory': 357,
 'start_time': datetime.datetime(2016, 1, 18, 8, 51, 56, 95000)}
2016-01-18 16:52:04 [scrapy] INFO: Spider closed (finished)
